Model: /Users/labbaf/Documents/NN_Explainability/spexplain/neuron-activation/spexplain/data/models/imagenette/cnn-bench/P1.onnx
  input shape [1, 3, 64, 64], 12288 features, 2 ReLU layer(s), 10-class
Dataset: /Users/labbaf/Documents/NN_Explainability/spexplain/neuron-activation/spexplain/data/datasets/imagenette/imagenette_test100.csv (100/100 samples)
PGD: epsilon-frac=0.1 step-frac=0.1 num-steps=50
Output: /Users/labbaf/Documents/NN_Explainability/spexplain/neuron-activation/spexplain/data/neuron_activations/imagenette/cnn-bench/P1.txt

sample [1/100] orig=7 cf=0 -- 1706/2080 neurons fixed across 2 layer(s)
sample [2/100] orig=3 cf=7 -- 1767/2080 neurons fixed across 2 layer(s)
sample [3/100] orig=7 cf=5 -- 1771/2080 neurons fixed across 2 layer(s)
sample [4/100] orig=5 cf=4 -- 1591/2080 neurons fixed across 2 layer(s)
sample [5/100] orig=5 cf=7 -- 1753/2080 neurons fixed across 2 layer(s)
sample [6/100] orig=1 cf=7 -- 1699/2080 neurons fixed across 2 layer(s)
sample [7/100] orig=8 cf=0 -- 1750/2080 neurons fixed across 2 layer(s)
sample [8/100] orig=1 cf=7 -- 1470/2080 neurons fixed across 2 layer(s)
sample [9/100] orig=6 cf=7 -- 1604/2080 neurons fixed across 2 layer(s)
sample [10/100] orig=8 cf=6 -- 1619/2080 neurons fixed across 2 layer(s)
sample [11/100] orig=2 cf=6 -- 1612/2080 neurons fixed across 2 layer(s)
sample [12/100] orig=5 cf=7 -- 1766/2080 neurons fixed across 2 layer(s)
sample [13/100] orig=4 cf=6 -- 1667/2080 neurons fixed across 2 layer(s)
sample [14/100] orig=9 cf=1 -- 1766/2080 neurons fixed across 2 layer(s)
sample [15/100] orig=6 cf=9 -- 1694/2080 neurons fixed across 2 layer(s)
sample [16/100] orig=1 cf=7 -- 1615/2080 neurons fixed across 2 layer(s)
sample [17/100] orig=3 cf=2 -- 1687/2080 neurons fixed across 2 layer(s)
sample [18/100] orig=3 cf=7 -- 1669/2080 neurons fixed across 2 layer(s)
sample [19/100] orig=8 cf=4 -- 1613/2080 neurons fixed across 2 layer(s)
sample [20/100] orig=1 cf=0 -- 1529/2080 neurons fixed across 2 layer(s)
sample [21/100] orig=6 cf=7 -- 1683/2080 neurons fixed across 2 layer(s)
sample [22/100] orig=7 cf=1 -- 1579/2080 neurons fixed across 2 layer(s)
sample [23/100] orig=8 cf=4 -- 1526/2080 neurons fixed across 2 layer(s)
sample [24/100] orig=2 cf=0 -- 1657/2080 neurons fixed across 2 layer(s)
sample [25/100] orig=7 cf=1 -- 1530/2080 neurons fixed across 2 layer(s)
sample [26/100] orig=1 cf=0 -- 1660/2080 neurons fixed across 2 layer(s)
sample [27/100] orig=5 cf=0 -- 1599/2080 neurons fixed across 2 layer(s)
sample [28/100] orig=3 cf=7 -- 1756/2080 neurons fixed across 2 layer(s)
sample [29/100] orig=9 cf=7 -- 1444/2080 neurons fixed across 2 layer(s)
sample [30/100] orig=0 cf=7 -- 1637/2080 neurons fixed across 2 layer(s)
sample [31/100] orig=7 cf=0 -- 1571/2080 neurons fixed across 2 layer(s)
sample [32/100] orig=2 cf=8 -- 1668/2080 neurons fixed across 2 layer(s)
sample [33/100] orig=6 cf=5 -- 1757/2080 neurons fixed across 2 layer(s)
sample [34/100] orig=8 cf=4 -- 1611/2080 neurons fixed across 2 layer(s)
sample [35/100] orig=1 cf=2 -- 1638/2080 neurons fixed across 2 layer(s)
sample [36/100] orig=2 cf=4 -- 1707/2080 neurons fixed across 2 layer(s)
sample [37/100] orig=0 cf=7 -- 1681/2080 neurons fixed across 2 layer(s)
sample [38/100] orig=1 cf=7 -- 1560/2080 neurons fixed across 2 layer(s)
sample [39/100] orig=9 cf=5 -- 1734/2080 neurons fixed across 2 layer(s)
sample [40/100] orig=6 cf=0 -- 1639/2080 neurons fixed across 2 layer(s)
sample [41/100] orig=5 cf=0 -- 1725/2080 neurons fixed across 2 layer(s)
sample [42/100] orig=4 cf=5 -- 1570/2080 neurons fixed across 2 layer(s)
sample [43/100] orig=5 cf=7 -- 1692/2080 neurons fixed across 2 layer(s)
sample [44/100] orig=1 cf=5 -- 1647/2080 neurons fixed across 2 layer(s)
sample [45/100] orig=0 cf=7 -- 1785/2080 neurons fixed across 2 layer(s)
sample [46/100] orig=4 cf=1 -- 1541/2080 neurons fixed across 2 layer(s)
sample [47/100] orig=2 cf=5 -- 1607/2080 neurons fixed across 2 layer(s)
sample [48/100] orig=6 cf=4 -- 1636/2080 neurons fixed across 2 layer(s)
sample [49/100] orig=7 cf=1 -- 1678/2080 neurons fixed across 2 layer(s)
sample [50/100] orig=7 cf=9 -- 1577/2080 neurons fixed across 2 layer(s)
sample [51/100] orig=5 cf=1 -- 1653/2080 neurons fixed across 2 layer(s)
sample [52/100] orig=6 cf=4 -- 1687/2080 neurons fixed across 2 layer(s)
sample [53/100] orig=5 cf=7 -- 1750/2080 neurons fixed across 2 layer(s)
sample [54/100] orig=6 cf=4 -- 1673/2080 neurons fixed across 2 layer(s)
sample [55/100] orig=7 cf=5 -- 1687/2080 neurons fixed across 2 layer(s)
sample [56/100] orig=1 cf=7 -- 1500/2080 neurons fixed across 2 layer(s)
sample [57/100] orig=0 cf=1 -- 1548/2080 neurons fixed across 2 layer(s)
sample [58/100] orig=9 cf=4 -- 1470/2080 neurons fixed across 2 layer(s)
sample [59/100] orig=4 cf=0 -- 1620/2080 neurons fixed across 2 layer(s)
sample [60/100] orig=6 cf=0 -- 1664/2080 neurons fixed across 2 layer(s)
sample [61/100] orig=5 cf=0 -- 1708/2080 neurons fixed across 2 layer(s)
sample [62/100] orig=3 cf=1 -- 1631/2080 neurons fixed across 2 layer(s)
sample [63/100] orig=9 cf=1 -- 1557/2080 neurons fixed across 2 layer(s)
sample [64/100] orig=3 cf=7 -- 1624/2080 neurons fixed across 2 layer(s)
sample [65/100] orig=7 cf=0 -- 1618/2080 neurons fixed across 2 layer(s)
sample [66/100] orig=4 cf=1 -- 1598/2080 neurons fixed across 2 layer(s)
sample [67/100] orig=5 cf=7 -- 1770/2080 neurons fixed across 2 layer(s)
sample [68/100] orig=5 cf=0 -- 1724/2080 neurons fixed across 2 layer(s)
sample [69/100] orig=7 cf=8 -- 1577/2080 neurons fixed across 2 layer(s)
sample [70/100] orig=8 cf=7 -- 1772/2080 neurons fixed across 2 layer(s)
sample [71/100] orig=5 cf=4 -- 1736/2080 neurons fixed across 2 layer(s)
sample [72/100] orig=1 cf=7 -- 1682/2080 neurons fixed across 2 layer(s)
sample [73/100] orig=1 cf=7 -- 1563/2080 neurons fixed across 2 layer(s)
sample [74/100] orig=4 cf=9 -- 1559/2080 neurons fixed across 2 layer(s)
sample [75/100] orig=1 cf=7 -- 1669/2080 neurons fixed across 2 layer(s)
sample [76/100] orig=6 cf=0 -- 1657/2080 neurons fixed across 2 layer(s)
sample [77/100] orig=0 cf=7 -- 1765/2080 neurons fixed across 2 layer(s)
sample [78/100] orig=5 cf=0 -- 1616/2080 neurons fixed across 2 layer(s)
sample [79/100] orig=6 cf=1 -- 1678/2080 neurons fixed across 2 layer(s)
sample [80/100] orig=5 cf=7 -- 1632/2080 neurons fixed across 2 layer(s)
sample [81/100] orig=8 cf=7 -- 1770/2080 neurons fixed across 2 layer(s)
sample [82/100] orig=1 cf=2 -- 1630/2080 neurons fixed across 2 layer(s)
sample [83/100] orig=3 cf=1 -- 1526/2080 neurons fixed across 2 layer(s)
sample [84/100] orig=7 cf=8 -- 1489/2080 neurons fixed across 2 layer(s)
sample [85/100] orig=9 cf=1 -- 1600/2080 neurons fixed across 2 layer(s)
sample [86/100] orig=8 cf=0 -- 1575/2080 neurons fixed across 2 layer(s)
sample [87/100] orig=4 cf=0 -- 1571/2080 neurons fixed across 2 layer(s)
sample [88/100] orig=6 cf=1 -- 1664/2080 neurons fixed across 2 layer(s)
sample [89/100] orig=5 cf=7 -- 1767/2080 neurons fixed across 2 layer(s)
sample [90/100] orig=7 cf=0 -- 1706/2080 neurons fixed across 2 layer(s)
sample [91/100] orig=2 cf=7 -- 1491/2080 neurons fixed across 2 layer(s)
sample [92/100] orig=7 cf=6 -- 1669/2080 neurons fixed across 2 layer(s)
sample [93/100] orig=5 cf=4 -- 1636/2080 neurons fixed across 2 layer(s)
sample [94/100] orig=8 cf=9 -- 1707/2080 neurons fixed across 2 layer(s)
sample [95/100] orig=1 cf=7 -- 1756/2080 neurons fixed across 2 layer(s)
sample [96/100] orig=5 cf=0 -- 1602/2080 neurons fixed across 2 layer(s)
sample [97/100] orig=6 cf=8 -- 1583/2080 neurons fixed across 2 layer(s)
sample [98/100] orig=4 cf=0 -- 1719/2080 neurons fixed across 2 layer(s)
sample [99/100] orig=6 cf=4 -- 1702/2080 neurons fixed across 2 layer(s)
sample [100/100] orig=4 cf=8 -- 1549/2080 neurons fixed across 2 layer(s)

100/100 samples written to /Users/labbaf/Documents/NN_Explainability/spexplain/neuron-activation/spexplain/data/neuron_activations/imagenette/cnn-bench/P1.txt (0 failed to produce a counterfactual)
