Model: /Users/labbaf/Documents/NN_Explainability/spexplain/neuron-activation/spexplain/data/models/imagenette/cnn-bench/P2.onnx
  input shape [1, 3, 64, 64], 12288 features, 3 ReLU layer(s), 10-class
Dataset: /Users/labbaf/Documents/NN_Explainability/spexplain/neuron-activation/spexplain/data/datasets/imagenette/imagenette_test100.csv (100/100 samples)
PGD: epsilon-frac=0.1 step-frac=0.1 num-steps=50
Output: /Users/labbaf/Documents/NN_Explainability/spexplain/neuron-activation/spexplain/data/neuron_activations/imagenette/cnn-bench/P2.txt

sample [1/100] orig=7 cf=0 -- 2458/3104 neurons fixed across 3 layer(s)
sample [2/100] orig=3 cf=6 -- 2578/3104 neurons fixed across 3 layer(s)
sample [3/100] orig=7 cf=5 -- 2679/3104 neurons fixed across 3 layer(s)
sample [4/100] orig=5 cf=4 -- 2368/3104 neurons fixed across 3 layer(s)
sample [5/100] orig=5 cf=7 -- 2577/3104 neurons fixed across 3 layer(s)
sample [6/100] orig=1 cf=7 -- 2387/3104 neurons fixed across 3 layer(s)
sample [7/100] orig=0 cf=5 -- 2370/3104 neurons fixed across 3 layer(s)
sample [8/100] orig=1 cf=7 -- 2275/3104 neurons fixed across 3 layer(s)
sample [9/100] orig=6 cf=7 -- 2366/3104 neurons fixed across 3 layer(s)
sample [10/100] orig=8 cf=9 -- 2329/3104 neurons fixed across 3 layer(s)
sample [11/100] orig=2 cf=6 -- 2343/3104 neurons fixed across 3 layer(s)
sample [12/100] orig=5 cf=1 -- 2566/3104 neurons fixed across 3 layer(s)
sample [13/100] orig=4 cf=6 -- 2521/3104 neurons fixed across 3 layer(s)
sample [14/100] orig=9 cf=5 -- 2535/3104 neurons fixed across 3 layer(s)
sample [15/100] orig=6 cf=9 -- 2488/3104 neurons fixed across 3 layer(s)
sample [16/100] orig=1 cf=7 -- 2228/3104 neurons fixed across 3 layer(s)
sample [17/100] orig=5 cf=1 -- 2499/3104 neurons fixed across 3 layer(s)
sample [18/100] orig=3 cf=5 -- 2419/3104 neurons fixed across 3 layer(s)
sample [19/100] orig=8 cf=3 -- 2425/3104 neurons fixed across 3 layer(s)
sample [20/100] orig=8 cf=3 -- 2400/3104 neurons fixed across 3 layer(s)
sample [21/100] orig=7 cf=6 -- 2434/3104 neurons fixed across 3 layer(s)
sample [22/100] orig=7 cf=4 -- 2414/3104 neurons fixed across 3 layer(s)
sample [23/100] orig=8 cf=4 -- 2372/3104 neurons fixed across 3 layer(s)
sample [24/100] orig=2 cf=6 -- 2458/3104 neurons fixed across 3 layer(s)
sample [25/100] orig=3 cf=4 -- 2440/3104 neurons fixed across 3 layer(s)
sample [26/100] orig=0 cf=1 -- 2386/3104 neurons fixed across 3 layer(s)
sample [27/100] orig=5 cf=0 -- 2328/3104 neurons fixed across 3 layer(s)
sample [28/100] orig=6 cf=1 -- 2520/3104 neurons fixed across 3 layer(s)
sample [29/100] orig=9 cf=2 -- 2271/3104 neurons fixed across 3 layer(s)
sample [30/100] orig=0 cf=4 -- 2413/3104 neurons fixed across 3 layer(s)
sample [31/100] orig=7 cf=2 -- 2434/3104 neurons fixed across 3 layer(s)
sample [32/100] orig=8 cf=4 -- 2463/3104 neurons fixed across 3 layer(s)
sample [33/100] orig=6 cf=5 -- 2544/3104 neurons fixed across 3 layer(s)
sample [34/100] orig=8 cf=4 -- 2321/3104 neurons fixed across 3 layer(s)
sample [35/100] orig=1 cf=2 -- 2471/3104 neurons fixed across 3 layer(s)
sample [36/100] orig=2 cf=9 -- 2483/3104 neurons fixed across 3 layer(s)
sample [37/100] orig=0 cf=2 -- 2402/3104 neurons fixed across 3 layer(s)
sample [38/100] orig=1 cf=7 -- 2350/3104 neurons fixed across 3 layer(s)
sample [39/100] orig=9 cf=6 -- 2641/3104 neurons fixed across 3 layer(s)
sample [40/100] orig=3 cf=6 -- 2512/3104 neurons fixed across 3 layer(s)
sample [41/100] orig=5 cf=3 -- 2556/3104 neurons fixed across 3 layer(s)
sample [42/100] orig=4 cf=5 -- 2349/3104 neurons fixed across 3 layer(s)
sample [43/100] orig=5 cf=4 -- 2477/3104 neurons fixed across 3 layer(s)
sample [44/100] orig=3 cf=1 -- 2488/3104 neurons fixed across 3 layer(s)
sample [45/100] orig=0 cf=3 -- 2404/3104 neurons fixed across 3 layer(s)
sample [46/100] orig=1 cf=7 -- 2426/3104 neurons fixed across 3 layer(s)
sample [47/100] orig=2 cf=3 -- 2370/3104 neurons fixed across 3 layer(s)
sample [48/100] orig=6 cf=2 -- 2364/3104 neurons fixed across 3 layer(s)
sample [49/100] orig=7 cf=1 -- 2434/3104 neurons fixed across 3 layer(s)
sample [50/100] orig=2 cf=7 -- 2377/3104 neurons fixed across 3 layer(s)
sample [51/100] orig=5 cf=4 -- 2532/3104 neurons fixed across 3 layer(s)
sample [52/100] orig=6 cf=4 -- 2434/3104 neurons fixed across 3 layer(s)
sample [53/100] orig=5 cf=7 -- 2432/3104 neurons fixed across 3 layer(s)
sample [54/100] orig=3 cf=6 -- 2449/3104 neurons fixed across 3 layer(s)
sample [55/100] orig=7 cf=4 -- 2552/3104 neurons fixed across 3 layer(s)
sample [56/100] orig=9 cf=1 -- 2368/3104 neurons fixed across 3 layer(s)
sample [57/100] orig=1 cf=9 -- 2409/3104 neurons fixed across 3 layer(s)
sample [58/100] orig=9 cf=8 -- 2317/3104 neurons fixed across 3 layer(s)
sample [59/100] orig=8 cf=4 -- 2450/3104 neurons fixed across 3 layer(s)
sample [60/100] orig=6 cf=4 -- 2602/3104 neurons fixed across 3 layer(s)
sample [61/100] orig=5 cf=3 -- 2571/3104 neurons fixed across 3 layer(s)
sample [62/100] orig=3 cf=5 -- 2375/3104 neurons fixed across 3 layer(s)
sample [63/100] orig=9 cf=7 -- 2382/3104 neurons fixed across 3 layer(s)
sample [64/100] orig=3 cf=9 -- 2396/3104 neurons fixed across 3 layer(s)
sample [65/100] orig=7 cf=0 -- 2386/3104 neurons fixed across 3 layer(s)
sample [66/100] orig=1 cf=4 -- 2406/3104 neurons fixed across 3 layer(s)
sample [67/100] orig=5 cf=1 -- 2590/3104 neurons fixed across 3 layer(s)
sample [68/100] orig=3 cf=5 -- 2624/3104 neurons fixed across 3 layer(s)
sample [69/100] orig=7 cf=8 -- 2394/3104 neurons fixed across 3 layer(s)
sample [70/100] orig=1 cf=8 -- 2511/3104 neurons fixed across 3 layer(s)
sample [71/100] orig=5 cf=4 -- 2559/3104 neurons fixed across 3 layer(s)
sample [72/100] orig=1 cf=7 -- 2389/3104 neurons fixed across 3 layer(s)
sample [73/100] orig=1 cf=8 -- 2306/3104 neurons fixed across 3 layer(s)
sample [74/100] orig=4 cf=9 -- 2533/3104 neurons fixed across 3 layer(s)
sample [75/100] orig=1 cf=7 -- 2359/3104 neurons fixed across 3 layer(s)
sample [76/100] orig=6 cf=7 -- 2380/3104 neurons fixed across 3 layer(s)
sample [77/100] orig=0 cf=3 -- 2358/3104 neurons fixed across 3 layer(s)
sample [78/100] orig=5 cf=3 -- 2403/3104 neurons fixed across 3 layer(s)
sample [79/100] orig=6 cf=3 -- 2436/3104 neurons fixed across 3 layer(s)
sample [80/100] orig=5 cf=3 -- 2421/3104 neurons fixed across 3 layer(s)
sample [81/100] orig=6 cf=9 -- 2468/3104 neurons fixed across 3 layer(s)
sample [82/100] orig=1 cf=8 -- 2424/3104 neurons fixed across 3 layer(s)
sample [83/100] orig=7 cf=9 -- 2374/3104 neurons fixed across 3 layer(s)
sample [84/100] orig=2 cf=7 -- 2342/3104 neurons fixed across 3 layer(s)
sample [85/100] orig=9 cf=1 -- 2431/3104 neurons fixed across 3 layer(s)
sample [86/100] orig=0 cf=2 -- 2381/3104 neurons fixed across 3 layer(s)
sample [87/100] orig=4 cf=0 -- 2355/3104 neurons fixed across 3 layer(s)
sample [88/100] orig=6 cf=4 -- 2466/3104 neurons fixed across 3 layer(s)
sample [89/100] orig=5 cf=6 -- 2550/3104 neurons fixed across 3 layer(s)
sample [90/100] orig=7 cf=5 -- 2494/3104 neurons fixed across 3 layer(s)
sample [91/100] orig=2 cf=4 -- 2358/3104 neurons fixed across 3 layer(s)
sample [92/100] orig=6 cf=4 -- 2499/3104 neurons fixed across 3 layer(s)
sample [93/100] orig=4 cf=5 -- 2399/3104 neurons fixed across 3 layer(s)
sample [94/100] orig=9 cf=8 -- 2267/3104 neurons fixed across 3 layer(s)
sample [95/100] orig=1 cf=7 -- 2416/3104 neurons fixed across 3 layer(s)
sample [96/100] orig=5 cf=1 -- 2499/3104 neurons fixed across 3 layer(s)
sample [97/100] orig=3 cf=6 -- 2552/3104 neurons fixed across 3 layer(s)
sample [98/100] orig=4 cf=0 -- 2417/3104 neurons fixed across 3 layer(s)
sample [99/100] orig=3 cf=7 -- 2467/3104 neurons fixed across 3 layer(s)
sample [100/100] orig=4 cf=8 -- 2222/3104 neurons fixed across 3 layer(s)

100/100 samples written to /Users/labbaf/Documents/NN_Explainability/spexplain/neuron-activation/spexplain/data/neuron_activations/imagenette/cnn-bench/P2.txt (0 failed to produce a counterfactual)
