Model: /Users/labbaf/Documents/NN_Explainability/spexplain/neuron-activation/spexplain/data/models/imagenette/cnn-bench/P3.onnx
  input shape [1, 3, 64, 64], 12288 features, 4 ReLU layer(s), 10-class
Dataset: /Users/labbaf/Documents/NN_Explainability/spexplain/neuron-activation/spexplain/data/datasets/imagenette/imagenette_test100.csv (100/100 samples)
PGD: epsilon-frac=0.1 step-frac=0.1 num-steps=50
Output: /Users/labbaf/Documents/NN_Explainability/spexplain/neuron-activation/spexplain/data/neuron_activations/imagenette/cnn-bench/P3.txt

sample [1/100] orig=7 cf=0 -- 5195/7200 neurons fixed across 4 layer(s)
sample [2/100] orig=3 cf=6 -- 5342/7200 neurons fixed across 4 layer(s)
sample [3/100] orig=5 cf=7 -- 5714/7200 neurons fixed across 4 layer(s)
sample [4/100] orig=4 cf=5 -- 4991/7200 neurons fixed across 4 layer(s)
sample [5/100] orig=7 cf=1 -- 5702/7200 neurons fixed across 4 layer(s)
sample [6/100] orig=1 cf=4 -- 4979/7200 neurons fixed across 4 layer(s)
sample [7/100] orig=0 cf=8 -- 5123/7200 neurons fixed across 4 layer(s)
sample [8/100] orig=1 cf=9 -- 4685/7200 neurons fixed across 4 layer(s)
sample [9/100] orig=6 cf=9 -- 5253/7200 neurons fixed across 4 layer(s)
sample [10/100] orig=8 cf=9 -- 5032/7200 neurons fixed across 4 layer(s)
sample [11/100] orig=2 cf=6 -- 4812/7200 neurons fixed across 4 layer(s)
sample [12/100] orig=5 cf=7 -- 5311/7200 neurons fixed across 4 layer(s)
sample [13/100] orig=4 cf=6 -- 5295/7200 neurons fixed across 4 layer(s)
sample [14/100] orig=9 cf=3 -- 5657/7200 neurons fixed across 4 layer(s)
sample [15/100] orig=0 cf=2 -- 5406/7200 neurons fixed across 4 layer(s)
sample [16/100] orig=1 cf=6 -- 4827/7200 neurons fixed across 4 layer(s)
sample [17/100] orig=3 cf=5 -- 5233/7200 neurons fixed across 4 layer(s)
sample [18/100] orig=3 cf=0 -- 4943/7200 neurons fixed across 4 layer(s)
sample [19/100] orig=8 cf=1 -- 5217/7200 neurons fixed across 4 layer(s)
sample [20/100] orig=8 cf=5 -- 4818/7200 neurons fixed across 4 layer(s)
sample [21/100] orig=7 cf=5 -- 4995/7200 neurons fixed across 4 layer(s)
sample [22/100] orig=7 cf=4 -- 5096/7200 neurons fixed across 4 layer(s)
sample [23/100] orig=8 cf=9 -- 5022/7200 neurons fixed across 4 layer(s)
sample [24/100] orig=2 cf=3 -- 5097/7200 neurons fixed across 4 layer(s)
sample [25/100] orig=3 cf=7 -- 4930/7200 neurons fixed across 4 layer(s)
sample [26/100] orig=0 cf=1 -- 5084/7200 neurons fixed across 4 layer(s)
sample [27/100] orig=5 cf=3 -- 5036/7200 neurons fixed across 4 layer(s)
sample [28/100] orig=6 cf=0 -- 5258/7200 neurons fixed across 4 layer(s)
sample [29/100] orig=9 cf=2 -- 4674/7200 neurons fixed across 4 layer(s)
sample [30/100] orig=0 cf=4 -- 4732/7200 neurons fixed across 4 layer(s)
sample [31/100] orig=7 cf=2 -- 4912/7200 neurons fixed across 4 layer(s)
sample [32/100] orig=8 cf=0 -- 4817/7200 neurons fixed across 4 layer(s)
sample [33/100] orig=6 cf=5 -- 5571/7200 neurons fixed across 4 layer(s)
sample [34/100] orig=8 cf=9 -- 4892/7200 neurons fixed across 4 layer(s)
sample [35/100] orig=1 cf=2 -- 5018/7200 neurons fixed across 4 layer(s)
sample [36/100] orig=0 cf=5 -- 5306/7200 neurons fixed across 4 layer(s)
sample [37/100] orig=0 cf=8 -- 5059/7200 neurons fixed across 4 layer(s)
sample [38/100] orig=1 cf=8 -- 4850/7200 neurons fixed across 4 layer(s)
sample [39/100] orig=9 cf=6 -- 5695/7200 neurons fixed across 4 layer(s)
sample [40/100] orig=3 cf=6 -- 5206/7200 neurons fixed across 4 layer(s)
sample [41/100] orig=5 cf=8 -- 5745/7200 neurons fixed across 4 layer(s)
sample [42/100] orig=4 cf=5 -- 4836/7200 neurons fixed across 4 layer(s)
sample [43/100] orig=5 cf=7 -- 5043/7200 neurons fixed across 4 layer(s)
sample [44/100] orig=1 cf=5 -- 5107/7200 neurons fixed across 4 layer(s)
sample [45/100] orig=0 cf=8 -- 5092/7200 neurons fixed across 4 layer(s)
sample [46/100] orig=1 cf=4 -- 4871/7200 neurons fixed across 4 layer(s)
sample [47/100] orig=2 cf=6 -- 4796/7200 neurons fixed across 4 layer(s)
sample [48/100] orig=6 cf=4 -- 5094/7200 neurons fixed across 4 layer(s)
sample [49/100] orig=7 cf=2 -- 5128/7200 neurons fixed across 4 layer(s)
sample [50/100] orig=2 cf=7 -- 4960/7200 neurons fixed across 4 layer(s)
sample [51/100] orig=5 cf=1 -- 5386/7200 neurons fixed across 4 layer(s)
sample [52/100] orig=6 cf=7 -- 4869/7200 neurons fixed across 4 layer(s)
sample [53/100] orig=5 cf=0 -- 5169/7200 neurons fixed across 4 layer(s)
sample [54/100] orig=3 cf=4 -- 5135/7200 neurons fixed across 4 layer(s)
sample [55/100] orig=5 cf=7 -- 5261/7200 neurons fixed across 4 layer(s)
sample [56/100] orig=9 cf=1 -- 4910/7200 neurons fixed across 4 layer(s)
sample [57/100] orig=1 cf=9 -- 4976/7200 neurons fixed across 4 layer(s)
sample [58/100] orig=9 cf=7 -- 4541/7200 neurons fixed across 4 layer(s)
sample [59/100] orig=4 cf=0 -- 4937/7200 neurons fixed across 4 layer(s)
sample [60/100] orig=6 cf=0 -- 5225/7200 neurons fixed across 4 layer(s)
sample [61/100] orig=5 cf=0 -- 5222/7200 neurons fixed across 4 layer(s)
sample [62/100] orig=3 cf=1 -- 4883/7200 neurons fixed across 4 layer(s)
sample [63/100] orig=9 cf=2 -- 5089/7200 neurons fixed across 4 layer(s)
sample [64/100] orig=3 cf=7 -- 5023/7200 neurons fixed across 4 layer(s)
sample [65/100] orig=7 cf=0 -- 4952/7200 neurons fixed across 4 layer(s)
sample [66/100] orig=1 cf=4 -- 4851/7200 neurons fixed across 4 layer(s)
sample [67/100] orig=5 cf=1 -- 5487/7200 neurons fixed across 4 layer(s)
sample [68/100] orig=3 cf=5 -- 5755/7200 neurons fixed across 4 layer(s)
sample [69/100] orig=7 cf=8 -- 5033/7200 neurons fixed across 4 layer(s)
sample [70/100] orig=8 cf=5 -- 5282/7200 neurons fixed across 4 layer(s)
sample [71/100] orig=4 cf=5 -- 5425/7200 neurons fixed across 4 layer(s)
sample [72/100] orig=1 cf=0 -- 4874/7200 neurons fixed across 4 layer(s)
sample [73/100] orig=1 cf=5 -- 4821/7200 neurons fixed across 4 layer(s)
sample [74/100] orig=4 cf=9 -- 5227/7200 neurons fixed across 4 layer(s)
sample [75/100] orig=1 cf=7 -- 4911/7200 neurons fixed across 4 layer(s)
sample [76/100] orig=6 cf=4 -- 5025/7200 neurons fixed across 4 layer(s)
sample [77/100] orig=0 cf=8 -- 5078/7200 neurons fixed across 4 layer(s)
sample [78/100] orig=5 cf=3 -- 5125/7200 neurons fixed across 4 layer(s)
sample [79/100] orig=6 cf=0 -- 5056/7200 neurons fixed across 4 layer(s)
sample [80/100] orig=5 cf=3 -- 5087/7200 neurons fixed across 4 layer(s)
sample [81/100] orig=4 cf=9 -- 5311/7200 neurons fixed across 4 layer(s)
sample [82/100] orig=1 cf=0 -- 5162/7200 neurons fixed across 4 layer(s)
sample [83/100] orig=6 cf=4 -- 4878/7200 neurons fixed across 4 layer(s)
sample [84/100] orig=7 cf=2 -- 4884/7200 neurons fixed across 4 layer(s)
sample [85/100] orig=9 cf=3 -- 5210/7200 neurons fixed across 4 layer(s)
sample [86/100] orig=0 cf=8 -- 4927/7200 neurons fixed across 4 layer(s)
sample [87/100] orig=4 cf=7 -- 4967/7200 neurons fixed across 4 layer(s)
sample [88/100] orig=6 cf=4 -- 5177/7200 neurons fixed across 4 layer(s)
sample [89/100] orig=5 cf=6 -- 5353/7200 neurons fixed across 4 layer(s)
sample [90/100] orig=7 cf=6 -- 5508/7200 neurons fixed across 4 layer(s)
sample [91/100] orig=2 cf=6 -- 4734/7200 neurons fixed across 4 layer(s)
sample [92/100] orig=6 cf=7 -- 5253/7200 neurons fixed across 4 layer(s)
sample [93/100] orig=4 cf=0 -- 4893/7200 neurons fixed across 4 layer(s)
sample [94/100] orig=9 cf=8 -- 4805/7200 neurons fixed across 4 layer(s)
sample [95/100] orig=1 cf=6 -- 5119/7200 neurons fixed across 4 layer(s)
sample [96/100] orig=5 cf=0 -- 4936/7200 neurons fixed across 4 layer(s)
sample [97/100] orig=8 cf=9 -- 5132/7200 neurons fixed across 4 layer(s)
sample [98/100] orig=4 cf=5 -- 5393/7200 neurons fixed across 4 layer(s)
sample [99/100] orig=3 cf=7 -- 5146/7200 neurons fixed across 4 layer(s)
sample [100/100] orig=4 cf=0 -- 4678/7200 neurons fixed across 4 layer(s)

100/100 samples written to /Users/labbaf/Documents/NN_Explainability/spexplain/neuron-activation/spexplain/data/neuron_activations/imagenette/cnn-bench/P3.txt (0 failed to produce a counterfactual)
