Model: /Users/labbaf/Documents/NN_Explainability/spexplain/neuron-activation/spexplain/data/models/imagenette/cnn-bench/P4.onnx
  input shape [1, 3, 64, 64], 12288 features, 5 ReLU layer(s), 10-class
Dataset: /Users/labbaf/Documents/NN_Explainability/spexplain/neuron-activation/spexplain/data/datasets/imagenette/imagenette_test100.csv (100/100 samples)
PGD: epsilon-frac=0.1 step-frac=0.1 num-steps=50
Output: /Users/labbaf/Documents/NN_Explainability/spexplain/neuron-activation/spexplain/data/neuron_activations/imagenette/cnn-bench/P4.txt

sample [1/100] orig=7 cf=5 -- 11865/15392 neurons fixed across 5 layer(s)
sample [2/100] orig=3 cf=6 -- 12223/15392 neurons fixed across 5 layer(s)
sample [3/100] orig=3 cf=6 -- 12966/15392 neurons fixed across 5 layer(s)
sample [4/100] orig=4 cf=5 -- 11830/15392 neurons fixed across 5 layer(s)
sample [5/100] orig=5 cf=1 -- 12566/15392 neurons fixed across 5 layer(s)
sample [6/100] orig=1 cf=5 -- 11628/15392 neurons fixed across 5 layer(s)
sample [7/100] orig=0 cf=6 -- 11949/15392 neurons fixed across 5 layer(s)
sample [8/100] orig=1 cf=7 -- 10899/15392 neurons fixed across 5 layer(s)
sample [9/100] orig=6 cf=2 -- 12273/15392 neurons fixed across 5 layer(s)
sample [10/100] orig=8 cf=4 -- 11802/15392 neurons fixed across 5 layer(s)
sample [11/100] orig=2 cf=6 -- 11504/15392 neurons fixed across 5 layer(s)
sample [12/100] orig=5 cf=6 -- 12398/15392 neurons fixed across 5 layer(s)
sample [13/100] orig=4 cf=6 -- 11609/15392 neurons fixed across 5 layer(s)
sample [14/100] orig=2 cf=1 -- 13221/15392 neurons fixed across 5 layer(s)
sample [15/100] orig=2 cf=6 -- 11463/15392 neurons fixed across 5 layer(s)
sample [16/100] orig=1 cf=4 -- 11212/15392 neurons fixed across 5 layer(s)
sample [17/100] orig=5 cf=6 -- 11864/15392 neurons fixed across 5 layer(s)
sample [18/100] orig=0 cf=5 -- 11349/15392 neurons fixed across 5 layer(s)
sample [19/100] orig=8 cf=7 -- 11454/15392 neurons fixed across 5 layer(s)
sample [20/100] orig=1 cf=5 -- 11109/15392 neurons fixed across 5 layer(s)
sample [21/100] orig=7 cf=6 -- 11981/15392 neurons fixed across 5 layer(s)
sample [22/100] orig=7 cf=2 -- 11923/15392 neurons fixed across 5 layer(s)
sample [23/100] orig=8 cf=6 -- 11620/15392 neurons fixed across 5 layer(s)
sample [24/100] orig=2 cf=3 -- 11635/15392 neurons fixed across 5 layer(s)
sample [25/100] orig=3 cf=7 -- 11581/15392 neurons fixed across 5 layer(s)
sample [26/100] orig=0 cf=1 -- 11823/15392 neurons fixed across 5 layer(s)
sample [27/100] orig=5 cf=4 -- 11988/15392 neurons fixed across 5 layer(s)
sample [28/100] orig=6 cf=0 -- 11974/15392 neurons fixed across 5 layer(s)
sample [29/100] orig=9 cf=2 -- 11349/15392 neurons fixed across 5 layer(s)
sample [30/100] orig=0 cf=4 -- 11484/15392 neurons fixed across 5 layer(s)
sample [31/100] orig=7 cf=5 -- 11644/15392 neurons fixed across 5 layer(s)
sample [32/100] orig=8 cf=4 -- 11016/15392 neurons fixed across 5 layer(s)
sample [33/100] orig=6 cf=5 -- 12290/15392 neurons fixed across 5 layer(s)
sample [34/100] orig=8 cf=6 -- 11782/15392 neurons fixed across 5 layer(s)
sample [35/100] orig=1 cf=5 -- 11611/15392 neurons fixed across 5 layer(s)
sample [36/100] orig=2 cf=3 -- 12304/15392 neurons fixed across 5 layer(s)
sample [37/100] orig=0 cf=7 -- 11063/15392 neurons fixed across 5 layer(s)
sample [38/100] orig=1 cf=5 -- 11480/15392 neurons fixed across 5 layer(s)
sample [39/100] orig=9 cf=7 -- 12543/15392 neurons fixed across 5 layer(s)
sample [40/100] orig=3 cf=5 -- 11925/15392 neurons fixed across 5 layer(s)
sample [41/100] orig=5 cf=9 -- 12579/15392 neurons fixed across 5 layer(s)
sample [42/100] orig=4 cf=5 -- 11463/15392 neurons fixed across 5 layer(s)
sample [43/100] orig=5 cf=7 -- 12017/15392 neurons fixed across 5 layer(s)
sample [44/100] orig=1 cf=5 -- 12012/15392 neurons fixed across 5 layer(s)
sample [45/100] orig=0 cf=6 -- 11881/15392 neurons fixed across 5 layer(s)
sample [46/100] orig=1 cf=4 -- 11373/15392 neurons fixed across 5 layer(s)
sample [47/100] orig=2 cf=3 -- 11236/15392 neurons fixed across 5 layer(s)
sample [48/100] orig=6 cf=2 -- 12387/15392 neurons fixed across 5 layer(s)
sample [49/100] orig=2 cf=7 -- 11799/15392 neurons fixed across 5 layer(s)
sample [50/100] orig=2 cf=7 -- 11544/15392 neurons fixed across 5 layer(s)
sample [51/100] orig=5 cf=6 -- 11811/15392 neurons fixed across 5 layer(s)
sample [52/100] orig=6 cf=7 -- 11581/15392 neurons fixed across 5 layer(s)
sample [53/100] orig=5 cf=0 -- 12199/15392 neurons fixed across 5 layer(s)
sample [54/100] orig=6 cf=0 -- 11871/15392 neurons fixed across 5 layer(s)
sample [55/100] orig=7 cf=5 -- 12110/15392 neurons fixed across 5 layer(s)
sample [56/100] orig=1 cf=7 -- 11375/15392 neurons fixed across 5 layer(s)
sample [57/100] orig=1 cf=0 -- 11697/15392 neurons fixed across 5 layer(s)
sample [58/100] orig=9 cf=6 -- 10742/15392 neurons fixed across 5 layer(s)
sample [59/100] orig=8 cf=4 -- 11533/15392 neurons fixed across 5 layer(s)
sample [60/100] orig=2 cf=6 -- 11919/15392 neurons fixed across 5 layer(s)
sample [61/100] orig=5 cf=9 -- 12136/15392 neurons fixed across 5 layer(s)
sample [62/100] orig=3 cf=2 -- 12117/15392 neurons fixed across 5 layer(s)
sample [63/100] orig=9 cf=1 -- 11564/15392 neurons fixed across 5 layer(s)
sample [64/100] orig=3 cf=9 -- 12115/15392 neurons fixed across 5 layer(s)
sample [65/100] orig=7 cf=4 -- 11954/15392 neurons fixed across 5 layer(s)
sample [66/100] orig=1 cf=5 -- 11753/15392 neurons fixed across 5 layer(s)
sample [67/100] orig=5 cf=1 -- 12394/15392 neurons fixed across 5 layer(s)
sample [68/100] orig=3 cf=2 -- 12521/15392 neurons fixed across 5 layer(s)
sample [69/100] orig=2 cf=7 -- 11439/15392 neurons fixed across 5 layer(s)
sample [70/100] orig=8 cf=5 -- 12008/15392 neurons fixed across 5 layer(s)
sample [71/100] orig=5 cf=4 -- 12323/15392 neurons fixed across 5 layer(s)
sample [72/100] orig=1 cf=5 -- 11639/15392 neurons fixed across 5 layer(s)
sample [73/100] orig=8 cf=4 -- 11136/15392 neurons fixed across 5 layer(s)
sample [74/100] orig=4 cf=9 -- 11878/15392 neurons fixed across 5 layer(s)
sample [75/100] orig=1 cf=5 -- 11830/15392 neurons fixed across 5 layer(s)
sample [76/100] orig=6 cf=8 -- 12040/15392 neurons fixed across 5 layer(s)
sample [77/100] orig=0 cf=6 -- 11947/15392 neurons fixed across 5 layer(s)
sample [78/100] orig=5 cf=9 -- 11838/15392 neurons fixed across 5 layer(s)
sample [79/100] orig=6 cf=3 -- 11751/15392 neurons fixed across 5 layer(s)
sample [80/100] orig=5 cf=9 -- 11634/15392 neurons fixed across 5 layer(s)
sample [81/100] orig=6 cf=8 -- 12542/15392 neurons fixed across 5 layer(s)
sample [82/100] orig=3 cf=1 -- 12094/15392 neurons fixed across 5 layer(s)
sample [83/100] orig=3 cf=7 -- 11291/15392 neurons fixed across 5 layer(s)
sample [84/100] orig=2 cf=7 -- 11251/15392 neurons fixed across 5 layer(s)
sample [85/100] orig=9 cf=5 -- 11789/15392 neurons fixed across 5 layer(s)
sample [86/100] orig=0 cf=2 -- 11306/15392 neurons fixed across 5 layer(s)
sample [87/100] orig=4 cf=7 -- 11267/15392 neurons fixed across 5 layer(s)
sample [88/100] orig=6 cf=3 -- 12197/15392 neurons fixed across 5 layer(s)
sample [89/100] orig=5 cf=7 -- 12285/15392 neurons fixed across 5 layer(s)
sample [90/100] orig=7 cf=5 -- 12079/15392 neurons fixed across 5 layer(s)
sample [91/100] orig=2 cf=4 -- 10878/15392 neurons fixed across 5 layer(s)
sample [92/100] orig=6 cf=4 -- 11888/15392 neurons fixed across 5 layer(s)
sample [93/100] orig=4 cf=7 -- 12181/15392 neurons fixed across 5 layer(s)
sample [94/100] orig=8 cf=9 -- 11881/15392 neurons fixed across 5 layer(s)
sample [95/100] orig=1 cf=5 -- 11834/15392 neurons fixed across 5 layer(s)
sample [96/100] orig=5 cf=4 -- 11689/15392 neurons fixed across 5 layer(s)
sample [97/100] orig=8 cf=6 -- 11957/15392 neurons fixed across 5 layer(s)
sample [98/100] orig=4 cf=5 -- 11891/15392 neurons fixed across 5 layer(s)
sample [99/100] orig=3 cf=6 -- 12250/15392 neurons fixed across 5 layer(s)
sample [100/100] orig=4 cf=0 -- 11061/15392 neurons fixed across 5 layer(s)

100/100 samples written to /Users/labbaf/Documents/NN_Explainability/spexplain/neuron-activation/spexplain/data/neuron_activations/imagenette/cnn-bench/P4.txt (0 failed to produce a counterfactual)
