Model: /Users/labbaf/Documents/NN_Explainability/spexplain/neuron-activation/spexplain/data/models/imagenette/cnn-bench/P6.onnx
  input shape [1, 3, 64, 64], 12288 features, 7 ReLU layer(s), 10-class
Dataset: /Users/labbaf/Documents/NN_Explainability/spexplain/neuron-activation/spexplain/data/datasets/imagenette/imagenette_test100.csv (100/100 samples)
PGD: epsilon-frac=0.1 step-frac=0.1 num-steps=50
Output: /Users/labbaf/Documents/NN_Explainability/spexplain/neuron-activation/spexplain/data/neuron_activations/imagenette/cnn-bench/P6.txt

sample [1/100] orig=7 cf=5 -- 13923/17952 neurons fixed across 7 layer(s)
sample [2/100] orig=3 cf=6 -- 14308/17952 neurons fixed across 7 layer(s)
sample [3/100] orig=3 cf=5 -- 14727/17952 neurons fixed across 7 layer(s)
sample [4/100] orig=5 cf=4 -- 13948/17952 neurons fixed across 7 layer(s)
sample [5/100] orig=5 cf=7 -- 14609/17952 neurons fixed across 7 layer(s)
sample [6/100] orig=1 cf=5 -- 13783/17952 neurons fixed across 7 layer(s)
sample [7/100] orig=0 cf=3 -- 13740/17952 neurons fixed across 7 layer(s)
sample [8/100] orig=1 cf=7 -- 13177/17952 neurons fixed across 7 layer(s)
sample [9/100] orig=6 cf=2 -- 14365/17952 neurons fixed across 7 layer(s)
sample [10/100] orig=8 cf=4 -- 13926/17952 neurons fixed across 7 layer(s)
sample [11/100] orig=2 cf=6 -- 13805/17952 neurons fixed across 7 layer(s)
sample [12/100] orig=5 cf=7 -- 14373/17952 neurons fixed across 7 layer(s)
sample [13/100] orig=4 cf=6 -- 14152/17952 neurons fixed across 7 layer(s)
sample [14/100] orig=9 cf=3 -- 14989/17952 neurons fixed across 7 layer(s)
sample [15/100] orig=6 cf=2 -- 13414/17952 neurons fixed across 7 layer(s)
sample [16/100] orig=1 cf=7 -- 13465/17952 neurons fixed across 7 layer(s)
sample [17/100] orig=5 cf=3 -- 13937/17952 neurons fixed across 7 layer(s)
sample [18/100] orig=3 cf=0 -- 13867/17952 neurons fixed across 7 layer(s)
sample [19/100] orig=8 cf=5 -- 13978/17952 neurons fixed across 7 layer(s)
sample [20/100] orig=8 cf=3 -- 13658/17952 neurons fixed across 7 layer(s)
sample [21/100] orig=7 cf=6 -- 13975/17952 neurons fixed across 7 layer(s)
sample [22/100] orig=7 cf=2 -- 13676/17952 neurons fixed across 7 layer(s)
sample [23/100] orig=8 cf=4 -- 13540/17952 neurons fixed across 7 layer(s)
sample [24/100] orig=2 cf=4 -- 14043/17952 neurons fixed across 7 layer(s)
sample [25/100] orig=3 cf=8 -- 13974/17952 neurons fixed across 7 layer(s)
sample [26/100] orig=0 cf=1 -- 13893/17952 neurons fixed across 7 layer(s)
sample [27/100] orig=5 cf=7 -- 13896/17952 neurons fixed across 7 layer(s)
sample [28/100] orig=7 cf=6 -- 14403/17952 neurons fixed across 7 layer(s)
sample [29/100] orig=9 cf=8 -- 13637/17952 neurons fixed across 7 layer(s)
sample [30/100] orig=0 cf=4 -- 13638/17952 neurons fixed across 7 layer(s)
sample [31/100] orig=7 cf=5 -- 13483/17952 neurons fixed across 7 layer(s)
sample [32/100] orig=8 cf=1 -- 13661/17952 neurons fixed across 7 layer(s)
sample [33/100] orig=6 cf=3 -- 14496/17952 neurons fixed across 7 layer(s)
sample [34/100] orig=8 cf=0 -- 13499/17952 neurons fixed across 7 layer(s)
sample [35/100] orig=1 cf=2 -- 14064/17952 neurons fixed across 7 layer(s)
sample [36/100] orig=2 cf=9 -- 14118/17952 neurons fixed across 7 layer(s)
sample [37/100] orig=2 cf=0 -- 13627/17952 neurons fixed across 7 layer(s)
sample [38/100] orig=1 cf=2 -- 13904/17952 neurons fixed across 7 layer(s)
sample [39/100] orig=9 cf=7 -- 14714/17952 neurons fixed across 7 layer(s)
sample [40/100] orig=3 cf=5 -- 13934/17952 neurons fixed across 7 layer(s)
sample [41/100] orig=5 cf=3 -- 14625/17952 neurons fixed across 7 layer(s)
sample [42/100] orig=4 cf=5 -- 13476/17952 neurons fixed across 7 layer(s)
sample [43/100] orig=5 cf=4 -- 14282/17952 neurons fixed across 7 layer(s)
sample [44/100] orig=3 cf=5 -- 14112/17952 neurons fixed across 7 layer(s)
sample [45/100] orig=0 cf=5 -- 13745/17952 neurons fixed across 7 layer(s)
sample [46/100] orig=4 cf=0 -- 13334/17952 neurons fixed across 7 layer(s)
sample [47/100] orig=2 cf=3 -- 13491/17952 neurons fixed across 7 layer(s)
sample [48/100] orig=6 cf=4 -- 13968/17952 neurons fixed across 7 layer(s)
sample [49/100] orig=7 cf=2 -- 14250/17952 neurons fixed across 7 layer(s)
sample [50/100] orig=2 cf=7 -- 13738/17952 neurons fixed across 7 layer(s)
sample [51/100] orig=5 cf=1 -- 14364/17952 neurons fixed across 7 layer(s)
sample [52/100] orig=6 cf=7 -- 13468/17952 neurons fixed across 7 layer(s)
sample [53/100] orig=5 cf=4 -- 14098/17952 neurons fixed across 7 layer(s)
sample [54/100] orig=3 cf=4 -- 14075/17952 neurons fixed across 7 layer(s)
sample [55/100] orig=7 cf=5 -- 14062/17952 neurons fixed across 7 layer(s)
sample [56/100] orig=1 cf=5 -- 13835/17952 neurons fixed across 7 layer(s)
sample [57/100] orig=1 cf=2 -- 14157/17952 neurons fixed across 7 layer(s)
sample [58/100] orig=9 cf=7 -- 12860/17952 neurons fixed across 7 layer(s)
sample [59/100] orig=8 cf=4 -- 13896/17952 neurons fixed across 7 layer(s)
sample [60/100] orig=6 cf=7 -- 14151/17952 neurons fixed across 7 layer(s)
sample [61/100] orig=5 cf=3 -- 14182/17952 neurons fixed across 7 layer(s)
sample [62/100] orig=3 cf=2 -- 14259/17952 neurons fixed across 7 layer(s)
sample [63/100] orig=9 cf=3 -- 13965/17952 neurons fixed across 7 layer(s)
sample [64/100] orig=3 cf=9 -- 14259/17952 neurons fixed across 7 layer(s)
sample [65/100] orig=7 cf=5 -- 13543/17952 neurons fixed across 7 layer(s)
sample [66/100] orig=5 cf=3 -- 14229/17952 neurons fixed across 7 layer(s)
sample [67/100] orig=5 cf=1 -- 14544/17952 neurons fixed across 7 layer(s)
sample [68/100] orig=3 cf=5 -- 14869/17952 neurons fixed across 7 layer(s)
sample [69/100] orig=2 cf=7 -- 13912/17952 neurons fixed across 7 layer(s)
sample [70/100] orig=8 cf=5 -- 14236/17952 neurons fixed across 7 layer(s)
sample [71/100] orig=5 cf=4 -- 14508/17952 neurons fixed across 7 layer(s)
sample [72/100] orig=3 cf=1 -- 13997/17952 neurons fixed across 7 layer(s)
sample [73/100] orig=8 cf=5 -- 13812/17952 neurons fixed across 7 layer(s)
sample [74/100] orig=4 cf=0 -- 13750/17952 neurons fixed across 7 layer(s)
sample [75/100] orig=1 cf=8 -- 14335/17952 neurons fixed across 7 layer(s)
sample [76/100] orig=6 cf=4 -- 13737/17952 neurons fixed across 7 layer(s)
sample [77/100] orig=0 cf=3 -- 13695/17952 neurons fixed across 7 layer(s)
sample [78/100] orig=5 cf=3 -- 14080/17952 neurons fixed across 7 layer(s)
sample [79/100] orig=6 cf=3 -- 13865/17952 neurons fixed across 7 layer(s)
sample [80/100] orig=3 cf=5 -- 14083/17952 neurons fixed across 7 layer(s)
sample [81/100] orig=8 cf=4 -- 14284/17952 neurons fixed across 7 layer(s)
sample [82/100] orig=2 cf=1 -- 14196/17952 neurons fixed across 7 layer(s)
sample [83/100] orig=7 cf=5 -- 13333/17952 neurons fixed across 7 layer(s)
sample [84/100] orig=2 cf=7 -- 13539/17952 neurons fixed across 7 layer(s)
sample [85/100] orig=9 cf=3 -- 14336/17952 neurons fixed across 7 layer(s)
sample [86/100] orig=0 cf=2 -- 13627/17952 neurons fixed across 7 layer(s)
sample [87/100] orig=3 cf=4 -- 13616/17952 neurons fixed across 7 layer(s)
sample [88/100] orig=6 cf=4 -- 14499/17952 neurons fixed across 7 layer(s)
sample [89/100] orig=5 cf=7 -- 14236/17952 neurons fixed across 7 layer(s)
sample [90/100] orig=7 cf=5 -- 14311/17952 neurons fixed across 7 layer(s)
sample [91/100] orig=2 cf=6 -- 13723/17952 neurons fixed across 7 layer(s)
sample [92/100] orig=6 cf=5 -- 13860/17952 neurons fixed across 7 layer(s)
sample [93/100] orig=4 cf=7 -- 13913/17952 neurons fixed across 7 layer(s)
sample [94/100] orig=8 cf=9 -- 13394/17952 neurons fixed across 7 layer(s)
sample [95/100] orig=1 cf=3 -- 14121/17952 neurons fixed across 7 layer(s)
sample [96/100] orig=5 cf=6 -- 13519/17952 neurons fixed across 7 layer(s)
sample [97/100] orig=8 cf=6 -- 13988/17952 neurons fixed across 7 layer(s)
sample [98/100] orig=4 cf=5 -- 13916/17952 neurons fixed across 7 layer(s)
sample [99/100] orig=3 cf=7 -- 14226/17952 neurons fixed across 7 layer(s)
sample [100/100] orig=4 cf=6 -- 13447/17952 neurons fixed across 7 layer(s)

100/100 samples written to /Users/labbaf/Documents/NN_Explainability/spexplain/neuron-activation/spexplain/data/neuron_activations/imagenette/cnn-bench/P6.txt (0 failed to produce a counterfactual)
