Model: /Users/labbaf/Documents/NN_Explainability/spexplain/neuron-activation/spexplain/data/models/imagenette/cnn-bench/P8.onnx
  input shape [1, 3, 64, 64], 12288 features, 9 ReLU layer(s), 10-class
Dataset: /Users/labbaf/Documents/NN_Explainability/spexplain/neuron-activation/spexplain/data/datasets/imagenette/imagenette_test100.csv (100/100 samples)
PGD: epsilon-frac=0.1 step-frac=0.1 num-steps=50
Output: /Users/labbaf/Documents/NN_Explainability/spexplain/neuron-activation/spexplain/data/neuron_activations/imagenette/cnn-bench/P8.txt

sample [1/100] orig=7 cf=2 -- 31648/40992 neurons fixed across 9 layer(s)
sample [2/100] orig=3 cf=6 -- 30194/40992 neurons fixed across 9 layer(s)
sample [3/100] orig=6 cf=7 -- 31354/40992 neurons fixed across 9 layer(s)
sample [4/100] orig=5 cf=4 -- 29413/40992 neurons fixed across 9 layer(s)
sample [5/100] orig=5 cf=8 -- 31739/40992 neurons fixed across 9 layer(s)
sample [6/100] orig=1 cf=5 -- 29570/40992 neurons fixed across 9 layer(s)
sample [7/100] orig=0 cf=1 -- 30526/40992 neurons fixed across 9 layer(s)
sample [8/100] orig=1 cf=7 -- 27325/40992 neurons fixed across 9 layer(s)
sample [9/100] orig=6 cf=2 -- 31345/40992 neurons fixed across 9 layer(s)
sample [10/100] orig=8 cf=6 -- 29851/40992 neurons fixed across 9 layer(s)
sample [11/100] orig=2 cf=6 -- 29444/40992 neurons fixed across 9 layer(s)
sample [12/100] orig=5 cf=1 -- 30920/40992 neurons fixed across 9 layer(s)
sample [13/100] orig=4 cf=6 -- 30224/40992 neurons fixed across 9 layer(s)
sample [14/100] orig=9 cf=2 -- 32521/40992 neurons fixed across 9 layer(s)
sample [15/100] orig=6 cf=3 -- 29016/40992 neurons fixed across 9 layer(s)
sample [16/100] orig=1 cf=7 -- 28426/40992 neurons fixed across 9 layer(s)
sample [17/100] orig=1 cf=5 -- 29767/40992 neurons fixed across 9 layer(s)
sample [18/100] orig=5 cf=7 -- 28684/40992 neurons fixed across 9 layer(s)
sample [19/100] orig=8 cf=3 -- 28796/40992 neurons fixed across 9 layer(s)
sample [20/100] orig=5 cf=8 -- 28312/40992 neurons fixed across 9 layer(s)
sample [21/100] orig=7 cf=5 -- 29910/40992 neurons fixed across 9 layer(s)
sample [22/100] orig=7 cf=4 -- 28867/40992 neurons fixed across 9 layer(s)
sample [23/100] orig=8 cf=4 -- 29549/40992 neurons fixed across 9 layer(s)
sample [24/100] orig=2 cf=8 -- 29587/40992 neurons fixed across 9 layer(s)
sample [25/100] orig=7 cf=3 -- 29224/40992 neurons fixed across 9 layer(s)
sample [26/100] orig=0 cf=1 -- 29949/40992 neurons fixed across 9 layer(s)
sample [27/100] orig=5 cf=3 -- 28991/40992 neurons fixed across 9 layer(s)
sample [28/100] orig=6 cf=4 -- 30707/40992 neurons fixed across 9 layer(s)
sample [29/100] orig=9 cf=8 -- 28343/40992 neurons fixed across 9 layer(s)
sample [30/100] orig=0 cf=4 -- 28291/40992 neurons fixed across 9 layer(s)
sample [31/100] orig=7 cf=2 -- 30600/40992 neurons fixed across 9 layer(s)
sample [32/100] orig=8 cf=1 -- 29381/40992 neurons fixed across 9 layer(s)
sample [33/100] orig=6 cf=5 -- 31765/40992 neurons fixed across 9 layer(s)
sample [34/100] orig=8 cf=4 -- 29235/40992 neurons fixed across 9 layer(s)
sample [35/100] orig=1 cf=8 -- 29082/40992 neurons fixed across 9 layer(s)
sample [36/100] orig=2 cf=0 -- 29836/40992 neurons fixed across 9 layer(s)
sample [37/100] orig=8 cf=0 -- 28577/40992 neurons fixed across 9 layer(s)
sample [38/100] orig=1 cf=5 -- 28635/40992 neurons fixed across 9 layer(s)
sample [39/100] orig=9 cf=6 -- 31454/40992 neurons fixed across 9 layer(s)
sample [40/100] orig=3 cf=5 -- 29978/40992 neurons fixed across 9 layer(s)
sample [41/100] orig=5 cf=8 -- 31581/40992 neurons fixed across 9 layer(s)
sample [42/100] orig=4 cf=5 -- 27954/40992 neurons fixed across 9 layer(s)
sample [43/100] orig=5 cf=8 -- 30261/40992 neurons fixed across 9 layer(s)
sample [44/100] orig=1 cf=5 -- 29290/40992 neurons fixed across 9 layer(s)
sample [45/100] orig=0 cf=8 -- 29990/40992 neurons fixed across 9 layer(s)
sample [46/100] orig=1 cf=5 -- 29498/40992 neurons fixed across 9 layer(s)
sample [47/100] orig=2 cf=3 -- 28777/40992 neurons fixed across 9 layer(s)
sample [48/100] orig=6 cf=2 -- 30173/40992 neurons fixed across 9 layer(s)
sample [49/100] orig=7 cf=5 -- 29948/40992 neurons fixed across 9 layer(s)
sample [50/100] orig=2 cf=4 -- 29035/40992 neurons fixed across 9 layer(s)
sample [51/100] orig=5 cf=1 -- 31151/40992 neurons fixed across 9 layer(s)
sample [52/100] orig=6 cf=7 -- 28994/40992 neurons fixed across 9 layer(s)
sample [53/100] orig=5 cf=4 -- 30505/40992 neurons fixed across 9 layer(s)
sample [54/100] orig=3 cf=8 -- 29016/40992 neurons fixed across 9 layer(s)
sample [55/100] orig=7 cf=4 -- 30424/40992 neurons fixed across 9 layer(s)
sample [56/100] orig=9 cf=5 -- 29016/40992 neurons fixed across 9 layer(s)
sample [57/100] orig=1 cf=8 -- 29680/40992 neurons fixed across 9 layer(s)
sample [58/100] orig=9 cf=4 -- 26645/40992 neurons fixed across 9 layer(s)
sample [59/100] orig=8 cf=0 -- 28991/40992 neurons fixed across 9 layer(s)
sample [60/100] orig=6 cf=7 -- 30004/40992 neurons fixed across 9 layer(s)
sample [61/100] orig=5 cf=6 -- 29748/40992 neurons fixed across 9 layer(s)
sample [62/100] orig=3 cf=8 -- 29301/40992 neurons fixed across 9 layer(s)
sample [63/100] orig=9 cf=3 -- 29848/40992 neurons fixed across 9 layer(s)
sample [64/100] orig=3 cf=8 -- 29585/40992 neurons fixed across 9 layer(s)
sample [65/100] orig=7 cf=3 -- 29864/40992 neurons fixed across 9 layer(s)
sample [66/100] orig=8 cf=1 -- 29463/40992 neurons fixed across 9 layer(s)
sample [67/100] orig=5 cf=1 -- 31085/40992 neurons fixed across 9 layer(s)
sample [68/100] orig=3 cf=1 -- 31854/40992 neurons fixed across 9 layer(s)
sample [69/100] orig=7 cf=8 -- 29139/40992 neurons fixed across 9 layer(s)
sample [70/100] orig=8 cf=4 -- 30975/40992 neurons fixed across 9 layer(s)
sample [71/100] orig=5 cf=4 -- 30864/40992 neurons fixed across 9 layer(s)
sample [72/100] orig=1 cf=3 -- 29766/40992 neurons fixed across 9 layer(s)
sample [73/100] orig=8 cf=5 -- 27586/40992 neurons fixed across 9 layer(s)
sample [74/100] orig=4 cf=5 -- 29761/40992 neurons fixed across 9 layer(s)
sample [75/100] orig=1 cf=0 -- 29622/40992 neurons fixed across 9 layer(s)
sample [76/100] orig=6 cf=4 -- 29027/40992 neurons fixed across 9 layer(s)
sample [77/100] orig=0 cf=8 -- 29330/40992 neurons fixed across 9 layer(s)
sample [78/100] orig=5 cf=3 -- 28945/40992 neurons fixed across 9 layer(s)
sample [79/100] orig=6 cf=3 -- 30335/40992 neurons fixed across 9 layer(s)
sample [80/100] orig=3 cf=5 -- 29289/40992 neurons fixed across 9 layer(s)
sample [81/100] orig=8 cf=7 -- 30525/40992 neurons fixed across 9 layer(s)
sample [82/100] orig=2 cf=1 -- 30346/40992 neurons fixed across 9 layer(s)
sample [83/100] orig=4 cf=3 -- 29152/40992 neurons fixed across 9 layer(s)
sample [84/100] orig=2 cf=7 -- 27908/40992 neurons fixed across 9 layer(s)
sample [85/100] orig=9 cf=3 -- 30864/40992 neurons fixed across 9 layer(s)
sample [86/100] orig=8 cf=0 -- 28806/40992 neurons fixed across 9 layer(s)
sample [87/100] orig=4 cf=3 -- 28157/40992 neurons fixed across 9 layer(s)
sample [88/100] orig=4 cf=3 -- 31117/40992 neurons fixed across 9 layer(s)
sample [89/100] orig=5 cf=0 -- 30143/40992 neurons fixed across 9 layer(s)
sample [90/100] orig=7 cf=5 -- 29908/40992 neurons fixed across 9 layer(s)
sample [91/100] orig=2 cf=4 -- 28614/40992 neurons fixed across 9 layer(s)
sample [92/100] orig=6 cf=4 -- 29763/40992 neurons fixed across 9 layer(s)
sample [93/100] orig=4 cf=7 -- 29524/40992 neurons fixed across 9 layer(s)
sample [94/100] orig=8 cf=3 -- 28477/40992 neurons fixed across 9 layer(s)
sample [95/100] orig=1 cf=5 -- 29312/40992 neurons fixed across 9 layer(s)
sample [96/100] orig=5 cf=0 -- 29076/40992 neurons fixed across 9 layer(s)
sample [97/100] orig=8 cf=0 -- 30186/40992 neurons fixed across 9 layer(s)
sample [98/100] orig=4 cf=3 -- 30597/40992 neurons fixed across 9 layer(s)
sample [99/100] orig=3 cf=7 -- 30148/40992 neurons fixed across 9 layer(s)
sample [100/100] orig=4 cf=6 -- 28073/40992 neurons fixed across 9 layer(s)

100/100 samples written to /Users/labbaf/Documents/NN_Explainability/spexplain/neuron-activation/spexplain/data/neuron_activations/imagenette/cnn-bench/P8.txt (0 failed to produce a counterfactual)
