Model: /Users/labbaf/Documents/NN_Explainability/spexplain/neuron-activation/spexplain/data/models/imagenette/cnn-bench/S1.onnx
  input shape [1, 3, 64, 64], 12288 features, 2 ReLU layer(s), 10-class
Dataset: /Users/labbaf/Documents/NN_Explainability/spexplain/neuron-activation/spexplain/data/datasets/imagenette/imagenette_test100.csv (100/100 samples)
PGD: epsilon-frac=0.1 step-frac=0.1 num-steps=50
Output: /Users/labbaf/Documents/NN_Explainability/spexplain/neuron-activation/spexplain/data/neuron_activations/imagenette/cnn-bench/S1.txt

sample [1/100] orig=7 cf=0 -- 7043/8224 neurons fixed across 2 layer(s)
sample [2/100] orig=3 cf=7 -- 6826/8224 neurons fixed across 2 layer(s)
sample [3/100] orig=5 cf=4 -- 7094/8224 neurons fixed across 2 layer(s)
sample [4/100] orig=4 cf=1 -- 6805/8224 neurons fixed across 2 layer(s)
sample [5/100] orig=7 cf=1 -- 7223/8224 neurons fixed across 2 layer(s)
sample [6/100] orig=1 cf=7 -- 6622/8224 neurons fixed across 2 layer(s)
sample [7/100] orig=8 cf=0 -- 6772/8224 neurons fixed across 2 layer(s)
sample [8/100] orig=1 cf=7 -- 6132/8224 neurons fixed across 2 layer(s)
sample [9/100] orig=6 cf=2 -- 6901/8224 neurons fixed across 2 layer(s)
sample [10/100] orig=8 cf=9 -- 6684/8224 neurons fixed across 2 layer(s)
sample [11/100] orig=2 cf=6 -- 6677/8224 neurons fixed across 2 layer(s)
sample [12/100] orig=5 cf=7 -- 6961/8224 neurons fixed across 2 layer(s)
sample [13/100] orig=6 cf=1 -- 7178/8224 neurons fixed across 2 layer(s)
sample [14/100] orig=3 cf=9 -- 7534/8224 neurons fixed across 2 layer(s)
sample [15/100] orig=8 cf=6 -- 6630/8224 neurons fixed across 2 layer(s)
sample [16/100] orig=1 cf=7 -- 6353/8224 neurons fixed across 2 layer(s)
sample [17/100] orig=6 cf=1 -- 6908/8224 neurons fixed across 2 layer(s)
sample [18/100] orig=5 cf=7 -- 6618/8224 neurons fixed across 2 layer(s)
sample [19/100] orig=8 cf=4 -- 6547/8224 neurons fixed across 2 layer(s)
sample [20/100] orig=1 cf=0 -- 6445/8224 neurons fixed across 2 layer(s)
sample [21/100] orig=7 cf=6 -- 6707/8224 neurons fixed across 2 layer(s)
sample [22/100] orig=7 cf=1 -- 6693/8224 neurons fixed across 2 layer(s)
sample [23/100] orig=8 cf=4 -- 6749/8224 neurons fixed across 2 layer(s)
sample [24/100] orig=2 cf=0 -- 6830/8224 neurons fixed across 2 layer(s)
sample [25/100] orig=3 cf=1 -- 6932/8224 neurons fixed across 2 layer(s)
sample [26/100] orig=1 cf=0 -- 6639/8224 neurons fixed across 2 layer(s)
sample [27/100] orig=5 cf=4 -- 6554/8224 neurons fixed across 2 layer(s)
sample [28/100] orig=3 cf=4 -- 6974/8224 neurons fixed across 2 layer(s)
sample [29/100] orig=9 cf=8 -- 6999/8224 neurons fixed across 2 layer(s)
sample [30/100] orig=0 cf=4 -- 6564/8224 neurons fixed across 2 layer(s)
sample [31/100] orig=7 cf=1 -- 6828/8224 neurons fixed across 2 layer(s)
sample [32/100] orig=8 cf=7 -- 6242/8224 neurons fixed across 2 layer(s)
sample [33/100] orig=6 cf=5 -- 7067/8224 neurons fixed across 2 layer(s)
sample [34/100] orig=8 cf=4 -- 6628/8224 neurons fixed across 2 layer(s)
sample [35/100] orig=1 cf=2 -- 6583/8224 neurons fixed across 2 layer(s)
sample [36/100] orig=2 cf=5 -- 6961/8224 neurons fixed across 2 layer(s)
sample [37/100] orig=0 cf=7 -- 6287/8224 neurons fixed across 2 layer(s)
sample [38/100] orig=1 cf=7 -- 6267/8224 neurons fixed across 2 layer(s)
sample [39/100] orig=9 cf=5 -- 6926/8224 neurons fixed across 2 layer(s)
sample [40/100] orig=6 cf=0 -- 6907/8224 neurons fixed across 2 layer(s)
sample [41/100] orig=5 cf=1 -- 6868/8224 neurons fixed across 2 layer(s)
sample [42/100] orig=5 cf=4 -- 6449/8224 neurons fixed across 2 layer(s)
sample [43/100] orig=5 cf=7 -- 6824/8224 neurons fixed across 2 layer(s)
sample [44/100] orig=1 cf=7 -- 6636/8224 neurons fixed across 2 layer(s)
sample [45/100] orig=0 cf=6 -- 6556/8224 neurons fixed across 2 layer(s)
sample [46/100] orig=1 cf=4 -- 6446/8224 neurons fixed across 2 layer(s)
sample [47/100] orig=2 cf=3 -- 6516/8224 neurons fixed across 2 layer(s)
sample [48/100] orig=6 cf=4 -- 6904/8224 neurons fixed across 2 layer(s)
sample [49/100] orig=3 cf=7 -- 6699/8224 neurons fixed across 2 layer(s)
sample [50/100] orig=2 cf=1 -- 6766/8224 neurons fixed across 2 layer(s)
sample [51/100] orig=5 cf=4 -- 6730/8224 neurons fixed across 2 layer(s)
sample [52/100] orig=6 cf=2 -- 6717/8224 neurons fixed across 2 layer(s)
sample [53/100] orig=5 cf=0 -- 6722/8224 neurons fixed across 2 layer(s)
sample [54/100] orig=7 cf=1 -- 6964/8224 neurons fixed across 2 layer(s)
sample [55/100] orig=7 cf=1 -- 6969/8224 neurons fixed across 2 layer(s)
sample [56/100] orig=1 cf=7 -- 6767/8224 neurons fixed across 2 layer(s)
sample [57/100] orig=1 cf=9 -- 6791/8224 neurons fixed across 2 layer(s)
sample [58/100] orig=9 cf=4 -- 6398/8224 neurons fixed across 2 layer(s)
sample [59/100] orig=4 cf=0 -- 6864/8224 neurons fixed across 2 layer(s)
sample [60/100] orig=6 cf=0 -- 6899/8224 neurons fixed across 2 layer(s)
sample [61/100] orig=5 cf=4 -- 6790/8224 neurons fixed across 2 layer(s)
sample [62/100] orig=3 cf=1 -- 6927/8224 neurons fixed across 2 layer(s)
sample [63/100] orig=9 cf=1 -- 7027/8224 neurons fixed across 2 layer(s)
sample [64/100] orig=2 cf=5 -- 6753/8224 neurons fixed across 2 layer(s)
sample [65/100] orig=7 cf=0 -- 6869/8224 neurons fixed across 2 layer(s)
sample [66/100] orig=1 cf=4 -- 6796/8224 neurons fixed across 2 layer(s)
sample [67/100] orig=5 cf=4 -- 6772/8224 neurons fixed across 2 layer(s)
sample [68/100] orig=5 cf=2 -- 7129/8224 neurons fixed across 2 layer(s)
sample [69/100] orig=2 cf=1 -- 6860/8224 neurons fixed across 2 layer(s)
sample [70/100] orig=8 cf=7 -- 6884/8224 neurons fixed across 2 layer(s)
sample [71/100] orig=5 cf=4 -- 6826/8224 neurons fixed across 2 layer(s)
sample [72/100] orig=7 cf=1 -- 6911/8224 neurons fixed across 2 layer(s)
sample [73/100] orig=8 cf=1 -- 6538/8224 neurons fixed across 2 layer(s)
sample [74/100] orig=4 cf=9 -- 6689/8224 neurons fixed across 2 layer(s)
sample [75/100] orig=1 cf=7 -- 6539/8224 neurons fixed across 2 layer(s)
sample [76/100] orig=6 cf=1 -- 6850/8224 neurons fixed across 2 layer(s)
sample [77/100] orig=0 cf=4 -- 6595/8224 neurons fixed across 2 layer(s)
sample [78/100] orig=5 cf=0 -- 6574/8224 neurons fixed across 2 layer(s)
sample [79/100] orig=3 cf=2 -- 6790/8224 neurons fixed across 2 layer(s)
sample [80/100] orig=5 cf=1 -- 6733/8224 neurons fixed across 2 layer(s)
sample [81/100] orig=9 cf=5 -- 7097/8224 neurons fixed across 2 layer(s)
sample [82/100] orig=1 cf=2 -- 6790/8224 neurons fixed across 2 layer(s)
sample [83/100] orig=3 cf=7 -- 6528/8224 neurons fixed across 2 layer(s)
sample [84/100] orig=7 cf=8 -- 6704/8224 neurons fixed across 2 layer(s)
sample [85/100] orig=9 cf=1 -- 7111/8224 neurons fixed across 2 layer(s)
sample [86/100] orig=8 cf=7 -- 6456/8224 neurons fixed across 2 layer(s)
sample [87/100] orig=4 cf=7 -- 6519/8224 neurons fixed across 2 layer(s)
sample [88/100] orig=6 cf=9 -- 6795/8224 neurons fixed across 2 layer(s)
sample [89/100] orig=5 cf=7 -- 6859/8224 neurons fixed across 2 layer(s)
sample [90/100] orig=3 cf=7 -- 6982/8224 neurons fixed across 2 layer(s)
sample [91/100] orig=2 cf=7 -- 6306/8224 neurons fixed across 2 layer(s)
sample [92/100] orig=6 cf=4 -- 6769/8224 neurons fixed across 2 layer(s)
sample [93/100] orig=5 cf=4 -- 6607/8224 neurons fixed across 2 layer(s)
sample [94/100] orig=8 cf=9 -- 6314/8224 neurons fixed across 2 layer(s)
sample [95/100] orig=1 cf=7 -- 6715/8224 neurons fixed across 2 layer(s)
sample [96/100] orig=5 cf=0 -- 6478/8224 neurons fixed across 2 layer(s)
sample [97/100] orig=8 cf=6 -- 6554/8224 neurons fixed across 2 layer(s)
sample [98/100] orig=7 cf=0 -- 7008/8224 neurons fixed across 2 layer(s)
sample [99/100] orig=3 cf=2 -- 6843/8224 neurons fixed across 2 layer(s)
sample [100/100] orig=4 cf=0 -- 6610/8224 neurons fixed across 2 layer(s)

100/100 samples written to /Users/labbaf/Documents/NN_Explainability/spexplain/neuron-activation/spexplain/data/neuron_activations/imagenette/cnn-bench/S1.txt (0 failed to produce a counterfactual)
