Model: /Users/labbaf/Documents/NN_Explainability/spexplain/neuron-activation/spexplain/data/models/imagenette/cnn-bench/S2.onnx
  input shape [1, 3, 64, 64], 12288 features, 3 ReLU layer(s), 10-class
Dataset: /Users/labbaf/Documents/NN_Explainability/spexplain/neuron-activation/spexplain/data/datasets/imagenette/imagenette_test100.csv (100/100 samples)
PGD: epsilon-frac=0.1 step-frac=0.1 num-steps=50
Output: /Users/labbaf/Documents/NN_Explainability/spexplain/neuron-activation/spexplain/data/neuron_activations/imagenette/cnn-bench/S2.txt

sample [1/100] orig=7 cf=1 -- 9969/12320 neurons fixed across 3 layer(s)
sample [2/100] orig=3 cf=7 -- 9814/12320 neurons fixed across 3 layer(s)
sample [3/100] orig=7 cf=5 -- 10191/12320 neurons fixed across 3 layer(s)
sample [4/100] orig=5 cf=7 -- 9466/12320 neurons fixed across 3 layer(s)
sample [5/100] orig=5 cf=1 -- 10133/12320 neurons fixed across 3 layer(s)
sample [6/100] orig=1 cf=6 -- 9634/12320 neurons fixed across 3 layer(s)
sample [7/100] orig=0 cf=8 -- 10059/12320 neurons fixed across 3 layer(s)
sample [8/100] orig=1 cf=7 -- 8811/12320 neurons fixed across 3 layer(s)
sample [9/100] orig=6 cf=2 -- 10080/12320 neurons fixed across 3 layer(s)
sample [10/100] orig=8 cf=9 -- 10202/12320 neurons fixed across 3 layer(s)
sample [11/100] orig=2 cf=6 -- 9648/12320 neurons fixed across 3 layer(s)
sample [12/100] orig=5 cf=7 -- 9922/12320 neurons fixed across 3 layer(s)
sample [13/100] orig=6 cf=4 -- 10005/12320 neurons fixed across 3 layer(s)
sample [14/100] orig=9 cf=3 -- 10819/12320 neurons fixed across 3 layer(s)
sample [15/100] orig=6 cf=8 -- 9949/12320 neurons fixed across 3 layer(s)
sample [16/100] orig=1 cf=7 -- 9051/12320 neurons fixed across 3 layer(s)
sample [17/100] orig=3 cf=1 -- 9682/12320 neurons fixed across 3 layer(s)
sample [18/100] orig=3 cf=7 -- 9186/12320 neurons fixed across 3 layer(s)
sample [19/100] orig=8 cf=4 -- 9185/12320 neurons fixed across 3 layer(s)
sample [20/100] orig=8 cf=7 -- 9061/12320 neurons fixed across 3 layer(s)
sample [21/100] orig=6 cf=7 -- 9588/12320 neurons fixed across 3 layer(s)
sample [22/100] orig=7 cf=1 -- 9370/12320 neurons fixed across 3 layer(s)
sample [23/100] orig=8 cf=9 -- 9822/12320 neurons fixed across 3 layer(s)
sample [24/100] orig=2 cf=0 -- 9614/12320 neurons fixed across 3 layer(s)
sample [25/100] orig=3 cf=2 -- 9242/12320 neurons fixed across 3 layer(s)
sample [26/100] orig=1 cf=0 -- 9451/12320 neurons fixed across 3 layer(s)
sample [27/100] orig=5 cf=7 -- 9524/12320 neurons fixed across 3 layer(s)
sample [28/100] orig=6 cf=0 -- 9988/12320 neurons fixed across 3 layer(s)
sample [29/100] orig=9 cf=2 -- 9602/12320 neurons fixed across 3 layer(s)
sample [30/100] orig=0 cf=4 -- 9542/12320 neurons fixed across 3 layer(s)
sample [31/100] orig=7 cf=2 -- 9565/12320 neurons fixed across 3 layer(s)
sample [32/100] orig=8 cf=7 -- 9144/12320 neurons fixed across 3 layer(s)
sample [33/100] orig=6 cf=8 -- 10126/12320 neurons fixed across 3 layer(s)
sample [34/100] orig=8 cf=4 -- 9579/12320 neurons fixed across 3 layer(s)
sample [35/100] orig=1 cf=2 -- 9483/12320 neurons fixed across 3 layer(s)
sample [36/100] orig=2 cf=4 -- 9803/12320 neurons fixed across 3 layer(s)
sample [37/100] orig=0 cf=7 -- 9067/12320 neurons fixed across 3 layer(s)
sample [38/100] orig=1 cf=7 -- 9411/12320 neurons fixed across 3 layer(s)
sample [39/100] orig=9 cf=5 -- 9996/12320 neurons fixed across 3 layer(s)
sample [40/100] orig=6 cf=1 -- 9714/12320 neurons fixed across 3 layer(s)
sample [41/100] orig=5 cf=6 -- 10016/12320 neurons fixed across 3 layer(s)
sample [42/100] orig=4 cf=5 -- 9426/12320 neurons fixed across 3 layer(s)
sample [43/100] orig=5 cf=7 -- 9869/12320 neurons fixed across 3 layer(s)
sample [44/100] orig=1 cf=6 -- 9924/12320 neurons fixed across 3 layer(s)
sample [45/100] orig=0 cf=8 -- 9949/12320 neurons fixed across 3 layer(s)
sample [46/100] orig=5 cf=1 -- 9577/12320 neurons fixed across 3 layer(s)
sample [47/100] orig=2 cf=5 -- 9394/12320 neurons fixed across 3 layer(s)
sample [48/100] orig=6 cf=2 -- 10079/12320 neurons fixed across 3 layer(s)
sample [49/100] orig=7 cf=5 -- 9708/12320 neurons fixed across 3 layer(s)
sample [50/100] orig=2 cf=4 -- 9404/12320 neurons fixed across 3 layer(s)
sample [51/100] orig=5 cf=4 -- 9508/12320 neurons fixed across 3 layer(s)
sample [52/100] orig=6 cf=2 -- 9621/12320 neurons fixed across 3 layer(s)
sample [53/100] orig=5 cf=7 -- 9743/12320 neurons fixed across 3 layer(s)
sample [54/100] orig=4 cf=6 -- 9617/12320 neurons fixed across 3 layer(s)
sample [55/100] orig=7 cf=5 -- 9751/12320 neurons fixed across 3 layer(s)
sample [56/100] orig=1 cf=9 -- 9804/12320 neurons fixed across 3 layer(s)
sample [57/100] orig=1 cf=0 -- 9973/12320 neurons fixed across 3 layer(s)
sample [58/100] orig=9 cf=2 -- 9233/12320 neurons fixed across 3 layer(s)
sample [59/100] orig=4 cf=1 -- 9776/12320 neurons fixed across 3 layer(s)
sample [60/100] orig=6 cf=0 -- 9869/12320 neurons fixed across 3 layer(s)
sample [61/100] orig=5 cf=1 -- 9767/12320 neurons fixed across 3 layer(s)
sample [62/100] orig=3 cf=1 -- 10031/12320 neurons fixed across 3 layer(s)
sample [63/100] orig=9 cf=7 -- 9908/12320 neurons fixed across 3 layer(s)
sample [64/100] orig=3 cf=7 -- 9812/12320 neurons fixed across 3 layer(s)
sample [65/100] orig=7 cf=0 -- 9789/12320 neurons fixed across 3 layer(s)
sample [66/100] orig=1 cf=4 -- 9943/12320 neurons fixed across 3 layer(s)
sample [67/100] orig=5 cf=1 -- 9852/12320 neurons fixed across 3 layer(s)
sample [68/100] orig=5 cf=3 -- 10360/12320 neurons fixed across 3 layer(s)
sample [69/100] orig=7 cf=1 -- 9668/12320 neurons fixed across 3 layer(s)
sample [70/100] orig=8 cf=7 -- 10007/12320 neurons fixed across 3 layer(s)
sample [71/100] orig=5 cf=2 -- 9925/12320 neurons fixed across 3 layer(s)
sample [72/100] orig=1 cf=7 -- 9210/12320 neurons fixed across 3 layer(s)
sample [73/100] orig=8 cf=1 -- 9721/12320 neurons fixed across 3 layer(s)
sample [74/100] orig=4 cf=9 -- 9913/12320 neurons fixed across 3 layer(s)
sample [75/100] orig=1 cf=6 -- 9678/12320 neurons fixed across 3 layer(s)
sample [76/100] orig=6 cf=2 -- 9665/12320 neurons fixed across 3 layer(s)
sample [77/100] orig=0 cf=4 -- 9329/12320 neurons fixed across 3 layer(s)
sample [78/100] orig=5 cf=9 -- 9453/12320 neurons fixed across 3 layer(s)
sample [79/100] orig=3 cf=0 -- 9894/12320 neurons fixed across 3 layer(s)
sample [80/100] orig=5 cf=7 -- 9644/12320 neurons fixed across 3 layer(s)
sample [81/100] orig=8 cf=7 -- 10245/12320 neurons fixed across 3 layer(s)
sample [82/100] orig=1 cf=8 -- 10029/12320 neurons fixed across 3 layer(s)
sample [83/100] orig=3 cf=2 -- 9151/12320 neurons fixed across 3 layer(s)
sample [84/100] orig=7 cf=8 -- 9408/12320 neurons fixed across 3 layer(s)
sample [85/100] orig=9 cf=5 -- 10049/12320 neurons fixed across 3 layer(s)
sample [86/100] orig=8 cf=2 -- 9495/12320 neurons fixed across 3 layer(s)
sample [87/100] orig=4 cf=1 -- 9307/12320 neurons fixed across 3 layer(s)
sample [88/100] orig=6 cf=4 -- 10111/12320 neurons fixed across 3 layer(s)
sample [89/100] orig=5 cf=7 -- 9947/12320 neurons fixed across 3 layer(s)
sample [90/100] orig=7 cf=5 -- 10086/12320 neurons fixed across 3 layer(s)
sample [91/100] orig=2 cf=7 -- 9287/12320 neurons fixed across 3 layer(s)
sample [92/100] orig=6 cf=5 -- 9707/12320 neurons fixed across 3 layer(s)
sample [93/100] orig=4 cf=5 -- 9519/12320 neurons fixed across 3 layer(s)
sample [94/100] orig=8 cf=6 -- 9623/12320 neurons fixed across 3 layer(s)
sample [95/100] orig=1 cf=7 -- 9763/12320 neurons fixed across 3 layer(s)
sample [96/100] orig=5 cf=0 -- 9108/12320 neurons fixed across 3 layer(s)
sample [97/100] orig=8 cf=6 -- 9747/12320 neurons fixed across 3 layer(s)
sample [98/100] orig=4 cf=5 -- 9981/12320 neurons fixed across 3 layer(s)
sample [99/100] orig=3 cf=2 -- 9749/12320 neurons fixed across 3 layer(s)
sample [100/100] orig=4 cf=8 -- 9579/12320 neurons fixed across 3 layer(s)

100/100 samples written to /Users/labbaf/Documents/NN_Explainability/spexplain/neuron-activation/spexplain/data/neuron_activations/imagenette/cnn-bench/S2.txt (0 failed to produce a counterfactual)
