Model: /Users/labbaf/Documents/NN_Explainability/spexplain/neuron-activation/spexplain/data/models/imagenette/cnn-bench/S3.onnx
  input shape [1, 3, 64, 64], 12288 features, 4 ReLU layer(s), 10-class
Dataset: /Users/labbaf/Documents/NN_Explainability/spexplain/neuron-activation/spexplain/data/datasets/imagenette/imagenette_test100.csv (100/100 samples)
PGD: epsilon-frac=0.1 step-frac=0.1 num-steps=50
Output: /Users/labbaf/Documents/NN_Explainability/spexplain/neuron-activation/spexplain/data/neuron_activations/imagenette/cnn-bench/S3.txt

sample [1/100] orig=7 cf=0 -- 12733/16416 neurons fixed across 4 layer(s)
sample [2/100] orig=3 cf=4 -- 12470/16416 neurons fixed across 4 layer(s)
sample [3/100] orig=3 cf=6 -- 13515/16416 neurons fixed across 4 layer(s)
sample [4/100] orig=5 cf=4 -- 12413/16416 neurons fixed across 4 layer(s)
sample [5/100] orig=5 cf=8 -- 13484/16416 neurons fixed across 4 layer(s)
sample [6/100] orig=1 cf=5 -- 12145/16416 neurons fixed across 4 layer(s)
sample [7/100] orig=0 cf=5 -- 12313/16416 neurons fixed across 4 layer(s)
sample [8/100] orig=1 cf=7 -- 11620/16416 neurons fixed across 4 layer(s)
sample [9/100] orig=6 cf=2 -- 12928/16416 neurons fixed across 4 layer(s)
sample [10/100] orig=8 cf=9 -- 12788/16416 neurons fixed across 4 layer(s)
sample [11/100] orig=2 cf=6 -- 12356/16416 neurons fixed across 4 layer(s)
sample [12/100] orig=5 cf=0 -- 12735/16416 neurons fixed across 4 layer(s)
sample [13/100] orig=4 cf=6 -- 12889/16416 neurons fixed across 4 layer(s)
sample [14/100] orig=3 cf=9 -- 14298/16416 neurons fixed across 4 layer(s)
sample [15/100] orig=9 cf=2 -- 12278/16416 neurons fixed across 4 layer(s)
sample [16/100] orig=1 cf=5 -- 11797/16416 neurons fixed across 4 layer(s)
sample [17/100] orig=1 cf=5 -- 12337/16416 neurons fixed across 4 layer(s)
sample [18/100] orig=0 cf=5 -- 11708/16416 neurons fixed across 4 layer(s)
sample [19/100] orig=8 cf=5 -- 11929/16416 neurons fixed across 4 layer(s)
sample [20/100] orig=8 cf=5 -- 11775/16416 neurons fixed across 4 layer(s)
sample [21/100] orig=7 cf=6 -- 12586/16416 neurons fixed across 4 layer(s)
sample [22/100] orig=7 cf=1 -- 12029/16416 neurons fixed across 4 layer(s)
sample [23/100] orig=8 cf=4 -- 12698/16416 neurons fixed across 4 layer(s)
sample [24/100] orig=2 cf=0 -- 12194/16416 neurons fixed across 4 layer(s)
sample [25/100] orig=3 cf=2 -- 12256/16416 neurons fixed across 4 layer(s)
sample [26/100] orig=0 cf=1 -- 12260/16416 neurons fixed across 4 layer(s)
sample [27/100] orig=5 cf=7 -- 12235/16416 neurons fixed across 4 layer(s)
sample [28/100] orig=6 cf=1 -- 12857/16416 neurons fixed across 4 layer(s)
sample [29/100] orig=9 cf=8 -- 12346/16416 neurons fixed across 4 layer(s)
sample [30/100] orig=0 cf=4 -- 11904/16416 neurons fixed across 4 layer(s)
sample [31/100] orig=7 cf=1 -- 12277/16416 neurons fixed across 4 layer(s)
sample [32/100] orig=8 cf=1 -- 12246/16416 neurons fixed across 4 layer(s)
sample [33/100] orig=6 cf=7 -- 13111/16416 neurons fixed across 4 layer(s)
sample [34/100] orig=8 cf=9 -- 12354/16416 neurons fixed across 4 layer(s)
sample [35/100] orig=1 cf=2 -- 12350/16416 neurons fixed across 4 layer(s)
sample [36/100] orig=9 cf=5 -- 12195/16416 neurons fixed across 4 layer(s)
sample [37/100] orig=0 cf=2 -- 12051/16416 neurons fixed across 4 layer(s)
sample [38/100] orig=1 cf=5 -- 11917/16416 neurons fixed across 4 layer(s)
sample [39/100] orig=9 cf=3 -- 13345/16416 neurons fixed across 4 layer(s)
sample [40/100] orig=3 cf=6 -- 12803/16416 neurons fixed across 4 layer(s)
sample [41/100] orig=5 cf=9 -- 13185/16416 neurons fixed across 4 layer(s)
sample [42/100] orig=4 cf=5 -- 11691/16416 neurons fixed across 4 layer(s)
sample [43/100] orig=5 cf=7 -- 12728/16416 neurons fixed across 4 layer(s)
sample [44/100] orig=1 cf=5 -- 12547/16416 neurons fixed across 4 layer(s)
sample [45/100] orig=0 cf=7 -- 12125/16416 neurons fixed across 4 layer(s)
sample [46/100] orig=5 cf=1 -- 12251/16416 neurons fixed across 4 layer(s)
sample [47/100] orig=2 cf=6 -- 12352/16416 neurons fixed across 4 layer(s)
sample [48/100] orig=6 cf=8 -- 12879/16416 neurons fixed across 4 layer(s)
sample [49/100] orig=7 cf=1 -- 12423/16416 neurons fixed across 4 layer(s)
sample [50/100] orig=2 cf=0 -- 12145/16416 neurons fixed across 4 layer(s)
sample [51/100] orig=5 cf=1 -- 12749/16416 neurons fixed across 4 layer(s)
sample [52/100] orig=6 cf=2 -- 12601/16416 neurons fixed across 4 layer(s)
sample [53/100] orig=5 cf=0 -- 12288/16416 neurons fixed across 4 layer(s)
sample [54/100] orig=1 cf=7 -- 12479/16416 neurons fixed across 4 layer(s)
sample [55/100] orig=5 cf=7 -- 13173/16416 neurons fixed across 4 layer(s)
sample [56/100] orig=1 cf=9 -- 12871/16416 neurons fixed across 4 layer(s)
sample [57/100] orig=1 cf=8 -- 13040/16416 neurons fixed across 4 layer(s)
sample [58/100] orig=9 cf=4 -- 11436/16416 neurons fixed across 4 layer(s)
sample [59/100] orig=8 cf=4 -- 12346/16416 neurons fixed across 4 layer(s)
sample [60/100] orig=2 cf=4 -- 12601/16416 neurons fixed across 4 layer(s)
sample [61/100] orig=5 cf=4 -- 12725/16416 neurons fixed across 4 layer(s)
sample [62/100] orig=3 cf=5 -- 12457/16416 neurons fixed across 4 layer(s)
sample [63/100] orig=9 cf=2 -- 12713/16416 neurons fixed across 4 layer(s)
sample [64/100] orig=3 cf=0 -- 12812/16416 neurons fixed across 4 layer(s)
sample [65/100] orig=7 cf=4 -- 12513/16416 neurons fixed across 4 layer(s)
sample [66/100] orig=1 cf=5 -- 12611/16416 neurons fixed across 4 layer(s)
sample [67/100] orig=5 cf=1 -- 13014/16416 neurons fixed across 4 layer(s)
sample [68/100] orig=3 cf=5 -- 13536/16416 neurons fixed across 4 layer(s)
sample [69/100] orig=7 cf=0 -- 12128/16416 neurons fixed across 4 layer(s)
sample [70/100] orig=8 cf=6 -- 12901/16416 neurons fixed across 4 layer(s)
sample [71/100] orig=4 cf=5 -- 12606/16416 neurons fixed across 4 layer(s)
sample [72/100] orig=1 cf=5 -- 11856/16416 neurons fixed across 4 layer(s)
sample [73/100] orig=8 cf=1 -- 12230/16416 neurons fixed across 4 layer(s)
sample [74/100] orig=4 cf=0 -- 12225/16416 neurons fixed across 4 layer(s)
sample [75/100] orig=1 cf=5 -- 12353/16416 neurons fixed across 4 layer(s)
sample [76/100] orig=6 cf=2 -- 12397/16416 neurons fixed across 4 layer(s)
sample [77/100] orig=0 cf=5 -- 12029/16416 neurons fixed across 4 layer(s)
sample [78/100] orig=5 cf=3 -- 12406/16416 neurons fixed across 4 layer(s)
sample [79/100] orig=6 cf=3 -- 12644/16416 neurons fixed across 4 layer(s)
sample [80/100] orig=5 cf=1 -- 12630/16416 neurons fixed across 4 layer(s)
sample [81/100] orig=8 cf=7 -- 13015/16416 neurons fixed across 4 layer(s)
sample [82/100] orig=1 cf=8 -- 12753/16416 neurons fixed across 4 layer(s)
sample [83/100] orig=3 cf=2 -- 11914/16416 neurons fixed across 4 layer(s)
sample [84/100] orig=7 cf=8 -- 11872/16416 neurons fixed across 4 layer(s)
sample [85/100] orig=9 cf=5 -- 12913/16416 neurons fixed across 4 layer(s)
sample [86/100] orig=0 cf=2 -- 12057/16416 neurons fixed across 4 layer(s)
sample [87/100] orig=4 cf=7 -- 11991/16416 neurons fixed across 4 layer(s)
sample [88/100] orig=4 cf=6 -- 13215/16416 neurons fixed across 4 layer(s)
sample [89/100] orig=5 cf=7 -- 12792/16416 neurons fixed across 4 layer(s)
sample [90/100] orig=7 cf=5 -- 12878/16416 neurons fixed across 4 layer(s)
sample [91/100] orig=2 cf=6 -- 12034/16416 neurons fixed across 4 layer(s)
sample [92/100] orig=6 cf=4 -- 12614/16416 neurons fixed across 4 layer(s)
sample [93/100] orig=4 cf=5 -- 12274/16416 neurons fixed across 4 layer(s)
sample [94/100] orig=8 cf=9 -- 12363/16416 neurons fixed across 4 layer(s)
sample [95/100] orig=1 cf=3 -- 12692/16416 neurons fixed across 4 layer(s)
sample [96/100] orig=5 cf=0 -- 11919/16416 neurons fixed across 4 layer(s)
sample [97/100] orig=8 cf=6 -- 13018/16416 neurons fixed across 4 layer(s)
sample [98/100] orig=4 cf=3 -- 12695/16416 neurons fixed across 4 layer(s)
sample [99/100] orig=3 cf=7 -- 12791/16416 neurons fixed across 4 layer(s)
sample [100/100] orig=4 cf=6 -- 11865/16416 neurons fixed across 4 layer(s)

100/100 samples written to /Users/labbaf/Documents/NN_Explainability/spexplain/neuron-activation/spexplain/data/neuron_activations/imagenette/cnn-bench/S3.txt (0 failed to produce a counterfactual)
