Model: /Users/labbaf/Documents/NN_Explainability/spexplain/neuron-activation/spexplain/data/models/imagenette/cnn-bench/S4.onnx
  input shape [1, 3, 64, 64], 12288 features, 5 ReLU layer(s), 10-class
Dataset: /Users/labbaf/Documents/NN_Explainability/spexplain/neuron-activation/spexplain/data/datasets/imagenette/imagenette_test100.csv (100/100 samples)
PGD: epsilon-frac=0.1 step-frac=0.1 num-steps=50
Output: /Users/labbaf/Documents/NN_Explainability/spexplain/neuron-activation/spexplain/data/neuron_activations/imagenette/cnn-bench/S4.txt

sample [1/100] orig=7 cf=5 -- 15110/20512 neurons fixed across 5 layer(s)
sample [2/100] orig=3 cf=5 -- 14738/20512 neurons fixed across 5 layer(s)
sample [3/100] orig=7 cf=5 -- 16204/20512 neurons fixed across 5 layer(s)
sample [4/100] orig=5 cf=4 -- 15035/20512 neurons fixed across 5 layer(s)
sample [5/100] orig=5 cf=7 -- 15614/20512 neurons fixed across 5 layer(s)
sample [6/100] orig=1 cf=3 -- 15077/20512 neurons fixed across 5 layer(s)
sample [7/100] orig=0 cf=8 -- 15002/20512 neurons fixed across 5 layer(s)
sample [8/100] orig=1 cf=7 -- 13566/20512 neurons fixed across 5 layer(s)
sample [9/100] orig=6 cf=2 -- 15647/20512 neurons fixed across 5 layer(s)
sample [10/100] orig=8 cf=9 -- 15968/20512 neurons fixed across 5 layer(s)
sample [11/100] orig=2 cf=6 -- 15028/20512 neurons fixed across 5 layer(s)
sample [12/100] orig=5 cf=4 -- 15856/20512 neurons fixed across 5 layer(s)
sample [13/100] orig=4 cf=6 -- 15392/20512 neurons fixed across 5 layer(s)
sample [14/100] orig=3 cf=2 -- 17321/20512 neurons fixed across 5 layer(s)
sample [15/100] orig=8 cf=6 -- 14939/20512 neurons fixed across 5 layer(s)
sample [16/100] orig=1 cf=7 -- 14215/20512 neurons fixed across 5 layer(s)
sample [17/100] orig=1 cf=5 -- 14500/20512 neurons fixed across 5 layer(s)
sample [18/100] orig=0 cf=3 -- 14349/20512 neurons fixed across 5 layer(s)
sample [19/100] orig=8 cf=1 -- 14960/20512 neurons fixed across 5 layer(s)
sample [20/100] orig=3 cf=8 -- 14292/20512 neurons fixed across 5 layer(s)
sample [21/100] orig=7 cf=6 -- 15187/20512 neurons fixed across 5 layer(s)
sample [22/100] orig=7 cf=4 -- 14576/20512 neurons fixed across 5 layer(s)
sample [23/100] orig=8 cf=4 -- 14956/20512 neurons fixed across 5 layer(s)
sample [24/100] orig=2 cf=0 -- 14919/20512 neurons fixed across 5 layer(s)
sample [25/100] orig=7 cf=5 -- 13724/20512 neurons fixed across 5 layer(s)
sample [26/100] orig=1 cf=0 -- 14728/20512 neurons fixed across 5 layer(s)
sample [27/100] orig=5 cf=0 -- 14350/20512 neurons fixed across 5 layer(s)
sample [28/100] orig=6 cf=7 -- 15599/20512 neurons fixed across 5 layer(s)
sample [29/100] orig=9 cf=8 -- 14860/20512 neurons fixed across 5 layer(s)
sample [30/100] orig=0 cf=4 -- 14632/20512 neurons fixed across 5 layer(s)
sample [31/100] orig=7 cf=2 -- 14986/20512 neurons fixed across 5 layer(s)
sample [32/100] orig=8 cf=1 -- 14845/20512 neurons fixed across 5 layer(s)
sample [33/100] orig=6 cf=7 -- 16300/20512 neurons fixed across 5 layer(s)
sample [34/100] orig=8 cf=0 -- 14990/20512 neurons fixed across 5 layer(s)
sample [35/100] orig=8 cf=1 -- 15075/20512 neurons fixed across 5 layer(s)
sample [36/100] orig=9 cf=2 -- 15472/20512 neurons fixed across 5 layer(s)
sample [37/100] orig=0 cf=2 -- 14420/20512 neurons fixed across 5 layer(s)
sample [38/100] orig=1 cf=5 -- 13997/20512 neurons fixed across 5 layer(s)
sample [39/100] orig=9 cf=3 -- 15891/20512 neurons fixed across 5 layer(s)
sample [40/100] orig=6 cf=1 -- 15204/20512 neurons fixed across 5 layer(s)
sample [41/100] orig=5 cf=3 -- 15627/20512 neurons fixed across 5 layer(s)
sample [42/100] orig=4 cf=5 -- 14058/20512 neurons fixed across 5 layer(s)
sample [43/100] orig=5 cf=7 -- 14953/20512 neurons fixed across 5 layer(s)
sample [44/100] orig=1 cf=3 -- 15301/20512 neurons fixed across 5 layer(s)
sample [45/100] orig=0 cf=3 -- 14865/20512 neurons fixed across 5 layer(s)
sample [46/100] orig=1 cf=4 -- 14863/20512 neurons fixed across 5 layer(s)
sample [47/100] orig=2 cf=3 -- 14373/20512 neurons fixed across 5 layer(s)
sample [48/100] orig=6 cf=7 -- 15379/20512 neurons fixed across 5 layer(s)
sample [49/100] orig=7 cf=1 -- 15183/20512 neurons fixed across 5 layer(s)
sample [50/100] orig=2 cf=3 -- 14639/20512 neurons fixed across 5 layer(s)
sample [51/100] orig=5 cf=1 -- 15294/20512 neurons fixed across 5 layer(s)
sample [52/100] orig=6 cf=2 -- 15204/20512 neurons fixed across 5 layer(s)
sample [53/100] orig=5 cf=0 -- 15460/20512 neurons fixed across 5 layer(s)
sample [54/100] orig=3 cf=6 -- 15122/20512 neurons fixed across 5 layer(s)
sample [55/100] orig=5 cf=7 -- 15587/20512 neurons fixed across 5 layer(s)
sample [56/100] orig=9 cf=1 -- 15451/20512 neurons fixed across 5 layer(s)
sample [57/100] orig=1 cf=9 -- 15408/20512 neurons fixed across 5 layer(s)
sample [58/100] orig=9 cf=4 -- 13722/20512 neurons fixed across 5 layer(s)
sample [59/100] orig=8 cf=4 -- 14735/20512 neurons fixed across 5 layer(s)
sample [60/100] orig=6 cf=7 -- 15590/20512 neurons fixed across 5 layer(s)
sample [61/100] orig=5 cf=0 -- 15016/20512 neurons fixed across 5 layer(s)
sample [62/100] orig=3 cf=1 -- 15487/20512 neurons fixed across 5 layer(s)
sample [63/100] orig=9 cf=3 -- 15307/20512 neurons fixed across 5 layer(s)
sample [64/100] orig=3 cf=9 -- 15491/20512 neurons fixed across 5 layer(s)
sample [65/100] orig=7 cf=0 -- 14782/20512 neurons fixed across 5 layer(s)
sample [66/100] orig=1 cf=5 -- 15157/20512 neurons fixed across 5 layer(s)
sample [67/100] orig=1 cf=5 -- 15421/20512 neurons fixed across 5 layer(s)
sample [68/100] orig=3 cf=2 -- 16311/20512 neurons fixed across 5 layer(s)
sample [69/100] orig=8 cf=2 -- 14906/20512 neurons fixed across 5 layer(s)
sample [70/100] orig=8 cf=6 -- 15848/20512 neurons fixed across 5 layer(s)
sample [71/100] orig=5 cf=4 -- 15813/20512 neurons fixed across 5 layer(s)
sample [72/100] orig=3 cf=7 -- 14363/20512 neurons fixed across 5 layer(s)
sample [73/100] orig=8 cf=5 -- 14214/20512 neurons fixed across 5 layer(s)
sample [74/100] orig=4 cf=5 -- 15326/20512 neurons fixed across 5 layer(s)
sample [75/100] orig=1 cf=2 -- 15025/20512 neurons fixed across 5 layer(s)
sample [76/100] orig=6 cf=8 -- 14943/20512 neurons fixed across 5 layer(s)
sample [77/100] orig=0 cf=5 -- 14125/20512 neurons fixed across 5 layer(s)
sample [78/100] orig=5 cf=3 -- 14722/20512 neurons fixed across 5 layer(s)
sample [79/100] orig=3 cf=6 -- 15492/20512 neurons fixed across 5 layer(s)
sample [80/100] orig=5 cf=4 -- 15287/20512 neurons fixed across 5 layer(s)
sample [81/100] orig=8 cf=6 -- 15671/20512 neurons fixed across 5 layer(s)
sample [82/100] orig=8 cf=3 -- 15301/20512 neurons fixed across 5 layer(s)
sample [83/100] orig=6 cf=7 -- 14119/20512 neurons fixed across 5 layer(s)
sample [84/100] orig=2 cf=7 -- 14215/20512 neurons fixed across 5 layer(s)
sample [85/100] orig=9 cf=3 -- 15361/20512 neurons fixed across 5 layer(s)
sample [86/100] orig=0 cf=2 -- 14690/20512 neurons fixed across 5 layer(s)
sample [87/100] orig=4 cf=1 -- 14122/20512 neurons fixed across 5 layer(s)
sample [88/100] orig=6 cf=7 -- 15694/20512 neurons fixed across 5 layer(s)
sample [89/100] orig=5 cf=6 -- 15721/20512 neurons fixed across 5 layer(s)
sample [90/100] orig=7 cf=5 -- 15331/20512 neurons fixed across 5 layer(s)
sample [91/100] orig=2 cf=6 -- 14034/20512 neurons fixed across 5 layer(s)
sample [92/100] orig=6 cf=7 -- 15297/20512 neurons fixed across 5 layer(s)
sample [93/100] orig=4 cf=7 -- 14690/20512 neurons fixed across 5 layer(s)
sample [94/100] orig=9 cf=8 -- 14594/20512 neurons fixed across 5 layer(s)
sample [95/100] orig=1 cf=8 -- 15207/20512 neurons fixed across 5 layer(s)
sample [96/100] orig=5 cf=0 -- 14754/20512 neurons fixed across 5 layer(s)
sample [97/100] orig=6 cf=0 -- 15202/20512 neurons fixed across 5 layer(s)
sample [98/100] orig=4 cf=5 -- 14922/20512 neurons fixed across 5 layer(s)
sample [99/100] orig=6 cf=3 -- 15140/20512 neurons fixed across 5 layer(s)
sample [100/100] orig=4 cf=8 -- 14459/20512 neurons fixed across 5 layer(s)

100/100 samples written to /Users/labbaf/Documents/NN_Explainability/spexplain/neuron-activation/spexplain/data/neuron_activations/imagenette/cnn-bench/S4.txt (0 failed to produce a counterfactual)
