Model: /Users/labbaf/Documents/NN_Explainability/spexplain/neuron-activation/spexplain/data/models/imagenette/cnn-bench/S6.onnx
  input shape [1, 3, 64, 64], 12288 features, 7 ReLU layer(s), 10-class
Dataset: /Users/labbaf/Documents/NN_Explainability/spexplain/neuron-activation/spexplain/data/datasets/imagenette/imagenette_test100.csv (100/100 samples)
PGD: epsilon-frac=0.1 step-frac=0.1 num-steps=50
Output: /Users/labbaf/Documents/NN_Explainability/spexplain/neuron-activation/spexplain/data/neuron_activations/imagenette/cnn-bench/S6.txt

sample [1/100] orig=7 cf=4 -- 21643/28704 neurons fixed across 7 layer(s)
sample [2/100] orig=3 cf=0 -- 21459/28704 neurons fixed across 7 layer(s)
sample [3/100] orig=4 cf=3 -- 22679/28704 neurons fixed across 7 layer(s)
sample [4/100] orig=5 cf=6 -- 20578/28704 neurons fixed across 7 layer(s)
sample [5/100] orig=5 cf=7 -- 22057/28704 neurons fixed across 7 layer(s)
sample [6/100] orig=1 cf=5 -- 20810/28704 neurons fixed across 7 layer(s)
sample [7/100] orig=0 cf=7 -- 21159/28704 neurons fixed across 7 layer(s)
sample [8/100] orig=1 cf=5 -- 19058/28704 neurons fixed across 7 layer(s)
sample [9/100] orig=6 cf=2 -- 21687/28704 neurons fixed across 7 layer(s)
sample [10/100] orig=8 cf=9 -- 21677/28704 neurons fixed across 7 layer(s)
sample [11/100] orig=2 cf=6 -- 21008/28704 neurons fixed across 7 layer(s)
sample [12/100] orig=5 cf=4 -- 21931/28704 neurons fixed across 7 layer(s)
sample [13/100] orig=4 cf=6 -- 21242/28704 neurons fixed across 7 layer(s)
sample [14/100] orig=3 cf=9 -- 23979/28704 neurons fixed across 7 layer(s)
sample [15/100] orig=6 cf=2 -- 21033/28704 neurons fixed across 7 layer(s)
sample [16/100] orig=1 cf=7 -- 20152/28704 neurons fixed across 7 layer(s)
sample [17/100] orig=3 cf=2 -- 20994/28704 neurons fixed across 7 layer(s)
sample [18/100] orig=3 cf=0 -- 20634/28704 neurons fixed across 7 layer(s)
sample [19/100] orig=8 cf=4 -- 20287/28704 neurons fixed across 7 layer(s)
sample [20/100] orig=8 cf=4 -- 20208/28704 neurons fixed across 7 layer(s)
sample [21/100] orig=7 cf=6 -- 21422/28704 neurons fixed across 7 layer(s)
sample [22/100] orig=7 cf=2 -- 20486/28704 neurons fixed across 7 layer(s)
sample [23/100] orig=8 cf=4 -- 20889/28704 neurons fixed across 7 layer(s)
sample [24/100] orig=2 cf=3 -- 21084/28704 neurons fixed across 7 layer(s)
sample [25/100] orig=7 cf=3 -- 19737/28704 neurons fixed across 7 layer(s)
sample [26/100] orig=0 cf=1 -- 21179/28704 neurons fixed across 7 layer(s)
sample [27/100] orig=5 cf=0 -- 20318/28704 neurons fixed across 7 layer(s)
sample [28/100] orig=6 cf=0 -- 21304/28704 neurons fixed across 7 layer(s)
sample [29/100] orig=9 cf=8 -- 20199/28704 neurons fixed across 7 layer(s)
sample [30/100] orig=0 cf=4 -- 20250/28704 neurons fixed across 7 layer(s)
sample [31/100] orig=7 cf=5 -- 20149/28704 neurons fixed across 7 layer(s)
sample [32/100] orig=1 cf=8 -- 20406/28704 neurons fixed across 7 layer(s)
sample [33/100] orig=6 cf=5 -- 22013/28704 neurons fixed across 7 layer(s)
sample [34/100] orig=8 cf=4 -- 20984/28704 neurons fixed across 7 layer(s)
sample [35/100] orig=1 cf=8 -- 20815/28704 neurons fixed across 7 layer(s)
sample [36/100] orig=2 cf=4 -- 21529/28704 neurons fixed across 7 layer(s)
sample [37/100] orig=2 cf=0 -- 20513/28704 neurons fixed across 7 layer(s)
sample [38/100] orig=1 cf=5 -- 20378/28704 neurons fixed across 7 layer(s)
sample [39/100] orig=9 cf=7 -- 22098/28704 neurons fixed across 7 layer(s)
sample [40/100] orig=3 cf=2 -- 21684/28704 neurons fixed across 7 layer(s)
sample [41/100] orig=5 cf=3 -- 21943/28704 neurons fixed across 7 layer(s)
sample [42/100] orig=4 cf=5 -- 20394/28704 neurons fixed across 7 layer(s)
sample [43/100] orig=5 cf=4 -- 21286/28704 neurons fixed across 7 layer(s)
sample [44/100] orig=1 cf=5 -- 21059/28704 neurons fixed across 7 layer(s)
sample [45/100] orig=0 cf=7 -- 21114/28704 neurons fixed across 7 layer(s)
sample [46/100] orig=1 cf=4 -- 20856/28704 neurons fixed across 7 layer(s)
sample [47/100] orig=2 cf=3 -- 20520/28704 neurons fixed across 7 layer(s)
sample [48/100] orig=6 cf=4 -- 21816/28704 neurons fixed across 7 layer(s)
sample [49/100] orig=7 cf=5 -- 20787/28704 neurons fixed across 7 layer(s)
sample [50/100] orig=2 cf=7 -- 21018/28704 neurons fixed across 7 layer(s)
sample [51/100] orig=5 cf=1 -- 22135/28704 neurons fixed across 7 layer(s)
sample [52/100] orig=6 cf=2 -- 21175/28704 neurons fixed across 7 layer(s)
sample [53/100] orig=5 cf=3 -- 20890/28704 neurons fixed across 7 layer(s)
sample [54/100] orig=3 cf=1 -- 21415/28704 neurons fixed across 7 layer(s)
sample [55/100] orig=7 cf=5 -- 21059/28704 neurons fixed across 7 layer(s)
sample [56/100] orig=1 cf=9 -- 21031/28704 neurons fixed across 7 layer(s)
sample [57/100] orig=1 cf=8 -- 21762/28704 neurons fixed across 7 layer(s)
sample [58/100] orig=9 cf=8 -- 19545/28704 neurons fixed across 7 layer(s)
sample [59/100] orig=8 cf=0 -- 20396/28704 neurons fixed across 7 layer(s)
sample [60/100] orig=6 cf=0 -- 21172/28704 neurons fixed across 7 layer(s)
sample [61/100] orig=5 cf=3 -- 21682/28704 neurons fixed across 7 layer(s)
sample [62/100] orig=3 cf=2 -- 20941/28704 neurons fixed across 7 layer(s)
sample [63/100] orig=9 cf=3 -- 21202/28704 neurons fixed across 7 layer(s)
sample [64/100] orig=3 cf=1 -- 21693/28704 neurons fixed across 7 layer(s)
sample [65/100] orig=7 cf=0 -- 21413/28704 neurons fixed across 7 layer(s)
sample [66/100] orig=1 cf=5 -- 21469/28704 neurons fixed across 7 layer(s)
sample [67/100] orig=1 cf=5 -- 22161/28704 neurons fixed across 7 layer(s)
sample [68/100] orig=3 cf=5 -- 22573/28704 neurons fixed across 7 layer(s)
sample [69/100] orig=2 cf=3 -- 20879/28704 neurons fixed across 7 layer(s)
sample [70/100] orig=8 cf=4 -- 22034/28704 neurons fixed across 7 layer(s)
sample [71/100] orig=5 cf=4 -- 21811/28704 neurons fixed across 7 layer(s)
sample [72/100] orig=3 cf=6 -- 20817/28704 neurons fixed across 7 layer(s)
sample [73/100] orig=8 cf=5 -- 19856/28704 neurons fixed across 7 layer(s)
sample [74/100] orig=4 cf=5 -- 21155/28704 neurons fixed across 7 layer(s)
sample [75/100] orig=1 cf=8 -- 21580/28704 neurons fixed across 7 layer(s)
sample [76/100] orig=6 cf=3 -- 20956/28704 neurons fixed across 7 layer(s)
sample [77/100] orig=0 cf=5 -- 20202/28704 neurons fixed across 7 layer(s)
sample [78/100] orig=5 cf=3 -- 20177/28704 neurons fixed across 7 layer(s)
sample [79/100] orig=6 cf=0 -- 21027/28704 neurons fixed across 7 layer(s)
sample [80/100] orig=5 cf=3 -- 21506/28704 neurons fixed across 7 layer(s)
sample [81/100] orig=8 cf=4 -- 22288/28704 neurons fixed across 7 layer(s)
sample [82/100] orig=1 cf=8 -- 22004/28704 neurons fixed across 7 layer(s)
sample [83/100] orig=6 cf=5 -- 19859/28704 neurons fixed across 7 layer(s)
sample [84/100] orig=2 cf=7 -- 20422/28704 neurons fixed across 7 layer(s)
sample [85/100] orig=9 cf=3 -- 22058/28704 neurons fixed across 7 layer(s)
sample [86/100] orig=0 cf=2 -- 20662/28704 neurons fixed across 7 layer(s)
sample [87/100] orig=4 cf=3 -- 20426/28704 neurons fixed across 7 layer(s)
sample [88/100] orig=4 cf=6 -- 22184/28704 neurons fixed across 7 layer(s)
sample [89/100] orig=5 cf=6 -- 21760/28704 neurons fixed across 7 layer(s)
sample [90/100] orig=7 cf=3 -- 21801/28704 neurons fixed across 7 layer(s)
sample [91/100] orig=2 cf=4 -- 20101/28704 neurons fixed across 7 layer(s)
sample [92/100] orig=6 cf=7 -- 21350/28704 neurons fixed across 7 layer(s)
sample [93/100] orig=4 cf=5 -- 20404/28704 neurons fixed across 7 layer(s)
sample [94/100] orig=8 cf=1 -- 21095/28704 neurons fixed across 7 layer(s)
sample [95/100] orig=1 cf=5 -- 21338/28704 neurons fixed across 7 layer(s)
sample [96/100] orig=5 cf=4 -- 20558/28704 neurons fixed across 7 layer(s)
sample [97/100] orig=8 cf=6 -- 21896/28704 neurons fixed across 7 layer(s)
sample [98/100] orig=4 cf=5 -- 21111/28704 neurons fixed across 7 layer(s)
sample [99/100] orig=3 cf=8 -- 22053/28704 neurons fixed across 7 layer(s)
sample [100/100] orig=4 cf=8 -- 20441/28704 neurons fixed across 7 layer(s)

100/100 samples written to /Users/labbaf/Documents/NN_Explainability/spexplain/neuron-activation/spexplain/data/neuron_activations/imagenette/cnn-bench/S6.txt (0 failed to produce a counterfactual)
