Model: /Users/labbaf/Documents/NN_Explainability/spexplain/neuron-activation/spexplain/data/models/imagenette/cnn-bench/S8.onnx
  input shape [1, 3, 64, 64], 12288 features, 9 ReLU layer(s), 10-class
Dataset: /Users/labbaf/Documents/NN_Explainability/spexplain/neuron-activation/spexplain/data/datasets/imagenette/imagenette_test100.csv (100/100 samples)
PGD: epsilon-frac=0.1 step-frac=0.1 num-steps=50
Output: /Users/labbaf/Documents/NN_Explainability/spexplain/neuron-activation/spexplain/data/neuron_activations/imagenette/cnn-bench/S8.txt

sample [1/100] orig=7 cf=3 -- 30590/40992 neurons fixed across 9 layer(s)
sample [2/100] orig=3 cf=5 -- 29919/40992 neurons fixed across 9 layer(s)
sample [3/100] orig=7 cf=5 -- 31254/40992 neurons fixed across 9 layer(s)
sample [4/100] orig=5 cf=7 -- 28617/40992 neurons fixed across 9 layer(s)
sample [5/100] orig=5 cf=7 -- 31721/40992 neurons fixed across 9 layer(s)
sample [6/100] orig=1 cf=5 -- 29370/40992 neurons fixed across 9 layer(s)
sample [7/100] orig=0 cf=8 -- 30174/40992 neurons fixed across 9 layer(s)
sample [8/100] orig=1 cf=7 -- 28133/40992 neurons fixed across 9 layer(s)
sample [9/100] orig=6 cf=2 -- 31024/40992 neurons fixed across 9 layer(s)
sample [10/100] orig=8 cf=6 -- 28886/40992 neurons fixed across 9 layer(s)
sample [11/100] orig=2 cf=6 -- 29492/40992 neurons fixed across 9 layer(s)
sample [12/100] orig=5 cf=1 -- 30820/40992 neurons fixed across 9 layer(s)
sample [13/100] orig=6 cf=4 -- 30196/40992 neurons fixed across 9 layer(s)
sample [14/100] orig=3 cf=9 -- 32950/40992 neurons fixed across 9 layer(s)
sample [15/100] orig=6 cf=8 -- 29348/40992 neurons fixed across 9 layer(s)
sample [16/100] orig=1 cf=4 -- 29162/40992 neurons fixed across 9 layer(s)
sample [17/100] orig=1 cf=3 -- 29898/40992 neurons fixed across 9 layer(s)
sample [18/100] orig=3 cf=0 -- 29575/40992 neurons fixed across 9 layer(s)
sample [19/100] orig=8 cf=5 -- 28895/40992 neurons fixed across 9 layer(s)
sample [20/100] orig=8 cf=4 -- 28046/40992 neurons fixed across 9 layer(s)
sample [21/100] orig=7 cf=2 -- 30919/40992 neurons fixed across 9 layer(s)
sample [22/100] orig=7 cf=2 -- 30502/40992 neurons fixed across 9 layer(s)
sample [23/100] orig=8 cf=4 -- 29704/40992 neurons fixed across 9 layer(s)
sample [24/100] orig=2 cf=3 -- 29244/40992 neurons fixed across 9 layer(s)
sample [25/100] orig=3 cf=7 -- 29742/40992 neurons fixed across 9 layer(s)
sample [26/100] orig=0 cf=1 -- 29031/40992 neurons fixed across 9 layer(s)
sample [27/100] orig=5 cf=4 -- 28957/40992 neurons fixed across 9 layer(s)
sample [28/100] orig=6 cf=3 -- 30699/40992 neurons fixed across 9 layer(s)
sample [29/100] orig=8 cf=3 -- 27928/40992 neurons fixed across 9 layer(s)
sample [30/100] orig=0 cf=4 -- 28932/40992 neurons fixed across 9 layer(s)
sample [31/100] orig=7 cf=2 -- 30167/40992 neurons fixed across 9 layer(s)
sample [32/100] orig=1 cf=8 -- 29397/40992 neurons fixed across 9 layer(s)
sample [33/100] orig=6 cf=5 -- 31034/40992 neurons fixed across 9 layer(s)
sample [34/100] orig=8 cf=7 -- 29417/40992 neurons fixed across 9 layer(s)
sample [35/100] orig=1 cf=8 -- 29909/40992 neurons fixed across 9 layer(s)
sample [36/100] orig=2 cf=0 -- 30374/40992 neurons fixed across 9 layer(s)
sample [37/100] orig=0 cf=8 -- 28832/40992 neurons fixed across 9 layer(s)
sample [38/100] orig=1 cf=5 -- 29300/40992 neurons fixed across 9 layer(s)
sample [39/100] orig=9 cf=6 -- 31200/40992 neurons fixed across 9 layer(s)
sample [40/100] orig=5 cf=6 -- 30339/40992 neurons fixed across 9 layer(s)
sample [41/100] orig=5 cf=9 -- 31272/40992 neurons fixed across 9 layer(s)
sample [42/100] orig=4 cf=5 -- 28821/40992 neurons fixed across 9 layer(s)
sample [43/100] orig=5 cf=8 -- 29781/40992 neurons fixed across 9 layer(s)
sample [44/100] orig=1 cf=3 -- 30190/40992 neurons fixed across 9 layer(s)
sample [45/100] orig=0 cf=5 -- 29523/40992 neurons fixed across 9 layer(s)
sample [46/100] orig=1 cf=4 -- 29687/40992 neurons fixed across 9 layer(s)
sample [47/100] orig=2 cf=3 -- 28540/40992 neurons fixed across 9 layer(s)
sample [48/100] orig=6 cf=4 -- 29322/40992 neurons fixed across 9 layer(s)
sample [49/100] orig=7 cf=1 -- 29630/40992 neurons fixed across 9 layer(s)
sample [50/100] orig=2 cf=7 -- 30119/40992 neurons fixed across 9 layer(s)
sample [51/100] orig=5 cf=1 -- 30402/40992 neurons fixed across 9 layer(s)
sample [52/100] orig=6 cf=7 -- 29336/40992 neurons fixed across 9 layer(s)
sample [53/100] orig=5 cf=6 -- 30248/40992 neurons fixed across 9 layer(s)
sample [54/100] orig=3 cf=2 -- 30181/40992 neurons fixed across 9 layer(s)
sample [55/100] orig=7 cf=5 -- 29927/40992 neurons fixed across 9 layer(s)
sample [56/100] orig=1 cf=8 -- 28698/40992 neurons fixed across 9 layer(s)
sample [57/100] orig=1 cf=5 -- 29261/40992 neurons fixed across 9 layer(s)
sample [58/100] orig=9 cf=8 -- 28347/40992 neurons fixed across 9 layer(s)
sample [59/100] orig=8 cf=4 -- 29475/40992 neurons fixed across 9 layer(s)
sample [60/100] orig=6 cf=0 -- 30941/40992 neurons fixed across 9 layer(s)
sample [61/100] orig=5 cf=1 -- 30083/40992 neurons fixed across 9 layer(s)
sample [62/100] orig=3 cf=8 -- 29101/40992 neurons fixed across 9 layer(s)
sample [63/100] orig=9 cf=3 -- 29510/40992 neurons fixed across 9 layer(s)
sample [64/100] orig=3 cf=8 -- 30564/40992 neurons fixed across 9 layer(s)
sample [65/100] orig=7 cf=5 -- 28987/40992 neurons fixed across 9 layer(s)
sample [66/100] orig=5 cf=1 -- 30021/40992 neurons fixed across 9 layer(s)
sample [67/100] orig=5 cf=1 -- 31143/40992 neurons fixed across 9 layer(s)
sample [68/100] orig=3 cf=2 -- 32407/40992 neurons fixed across 9 layer(s)
sample [69/100] orig=2 cf=8 -- 29174/40992 neurons fixed across 9 layer(s)
sample [70/100] orig=8 cf=1 -- 30419/40992 neurons fixed across 9 layer(s)
sample [71/100] orig=5 cf=4 -- 30589/40992 neurons fixed across 9 layer(s)
sample [72/100] orig=3 cf=1 -- 29831/40992 neurons fixed across 9 layer(s)
sample [73/100] orig=1 cf=8 -- 29118/40992 neurons fixed across 9 layer(s)
sample [74/100] orig=4 cf=3 -- 30666/40992 neurons fixed across 9 layer(s)
sample [75/100] orig=1 cf=7 -- 29778/40992 neurons fixed across 9 layer(s)
sample [76/100] orig=6 cf=4 -- 29266/40992 neurons fixed across 9 layer(s)
sample [77/100] orig=0 cf=8 -- 28601/40992 neurons fixed across 9 layer(s)
sample [78/100] orig=5 cf=3 -- 29747/40992 neurons fixed across 9 layer(s)
sample [79/100] orig=6 cf=3 -- 29697/40992 neurons fixed across 9 layer(s)
sample [80/100] orig=3 cf=5 -- 29400/40992 neurons fixed across 9 layer(s)
sample [81/100] orig=8 cf=4 -- 30955/40992 neurons fixed across 9 layer(s)
sample [82/100] orig=2 cf=1 -- 30332/40992 neurons fixed across 9 layer(s)
sample [83/100] orig=7 cf=8 -- 28756/40992 neurons fixed across 9 layer(s)
sample [84/100] orig=2 cf=7 -- 28216/40992 neurons fixed across 9 layer(s)
sample [85/100] orig=9 cf=3 -- 29738/40992 neurons fixed across 9 layer(s)
sample [86/100] orig=0 cf=8 -- 28655/40992 neurons fixed across 9 layer(s)
sample [87/100] orig=3 cf=1 -- 28495/40992 neurons fixed across 9 layer(s)
sample [88/100] orig=6 cf=4 -- 29936/40992 neurons fixed across 9 layer(s)
sample [89/100] orig=5 cf=3 -- 30308/40992 neurons fixed across 9 layer(s)
sample [90/100] orig=7 cf=3 -- 30990/40992 neurons fixed across 9 layer(s)
sample [91/100] orig=2 cf=3 -- 28134/40992 neurons fixed across 9 layer(s)
sample [92/100] orig=7 cf=4 -- 30529/40992 neurons fixed across 9 layer(s)
sample [93/100] orig=4 cf=5 -- 28959/40992 neurons fixed across 9 layer(s)
sample [94/100] orig=8 cf=3 -- 29104/40992 neurons fixed across 9 layer(s)
sample [95/100] orig=1 cf=2 -- 30644/40992 neurons fixed across 9 layer(s)
sample [96/100] orig=5 cf=1 -- 28818/40992 neurons fixed across 9 layer(s)
sample [97/100] orig=8 cf=6 -- 29761/40992 neurons fixed across 9 layer(s)
sample [98/100] orig=4 cf=6 -- 30554/40992 neurons fixed across 9 layer(s)
sample [99/100] orig=3 cf=6 -- 30575/40992 neurons fixed across 9 layer(s)
sample [100/100] orig=4 cf=8 -- 28696/40992 neurons fixed across 9 layer(s)

100/100 samples written to /Users/labbaf/Documents/NN_Explainability/spexplain/neuron-activation/spexplain/data/neuron_activations/imagenette/cnn-bench/S8.txt (0 failed to produce a counterfactual)
