Model: /Users/labbaf/Documents/NN_Explainability/spexplain/neuron-activation/spexplain/data/models/cifar10/cnn-bench/P1.onnx
  input shape [1, 3, 32, 32], 3072 features, 2 ReLU layer(s), 10-class
Dataset: /Users/labbaf/Documents/NN_Explainability/spexplain/neuron-activation/spexplain/data/datasets/cifar/cifar_s100_scaled.csv (100/100 samples)
PGD: epsilon-frac=0.1 step-frac=0.1 num-steps=50
Output: /Users/labbaf/Documents/NN_Explainability/spexplain/neuron-activation/spexplain/data/neuron_activations/cifar10/cnn-bench/P1.txt

sample [1/100] orig=6 cf=5 -- 463/544 neurons fixed across 2 layer(s)
sample [2/100] orig=9 cf=5 -- 471/544 neurons fixed across 2 layer(s)
sample [3/100] orig=8 cf=2 -- 436/544 neurons fixed across 2 layer(s)
sample [4/100] orig=4 cf=6 -- 448/544 neurons fixed across 2 layer(s)
sample [5/100] orig=1 cf=0 -- 452/544 neurons fixed across 2 layer(s)
sample [6/100] orig=1 cf=6 -- 483/544 neurons fixed across 2 layer(s)
sample [7/100] orig=4 cf=2 -- 457/544 neurons fixed across 2 layer(s)
sample [8/100] orig=7 cf=6 -- 453/544 neurons fixed across 2 layer(s)
sample [9/100] orig=8 cf=0 -- 451/544 neurons fixed across 2 layer(s)
sample [10/100] orig=9 cf=4 -- 424/544 neurons fixed across 2 layer(s)
sample [11/100] orig=4 cf=6 -- 391/544 neurons fixed across 2 layer(s)
sample [12/100] orig=7 cf=6 -- 451/544 neurons fixed across 2 layer(s)
sample [13/100] orig=7 cf=8 -- 429/544 neurons fixed across 2 layer(s)
sample [14/100] orig=2 cf=1 -- 447/544 neurons fixed across 2 layer(s)
sample [15/100] orig=9 cf=6 -- 467/544 neurons fixed across 2 layer(s)
sample [16/100] orig=8 cf=9 -- 410/544 neurons fixed across 2 layer(s)
sample [17/100] orig=1 cf=7 -- 437/544 neurons fixed across 2 layer(s)
sample [18/100] orig=5 cf=6 -- 431/544 neurons fixed across 2 layer(s)
sample [19/100] orig=6 cf=7 -- 431/544 neurons fixed across 2 layer(s)
sample [20/100] orig=9 cf=6 -- 457/544 neurons fixed across 2 layer(s)
sample [21/100] orig=2 cf=3 -- 449/544 neurons fixed across 2 layer(s)
sample [22/100] orig=3 cf=1 -- 494/544 neurons fixed across 2 layer(s)
sample [23/100] orig=6 cf=7 -- 428/544 neurons fixed across 2 layer(s)
sample [24/100] orig=6 cf=4 -- 402/544 neurons fixed across 2 layer(s)
sample [25/100] orig=2 cf=9 -- 477/544 neurons fixed across 2 layer(s)
sample [26/100] orig=6 cf=2 -- 448/544 neurons fixed across 2 layer(s)
sample [27/100] orig=3 cf=2 -- 431/544 neurons fixed across 2 layer(s)
sample [28/100] orig=5 cf=1 -- 457/544 neurons fixed across 2 layer(s)
sample [29/100] orig=7 cf=6 -- 436/544 neurons fixed across 2 layer(s)
sample [30/100] orig=8 cf=2 -- 448/544 neurons fixed across 2 layer(s)
sample [31/100] orig=0 cf=8 -- 413/544 neurons fixed across 2 layer(s)
sample [32/100] orig=9 cf=8 -- 440/544 neurons fixed across 2 layer(s)
sample [33/100] orig=1 cf=2 -- 445/544 neurons fixed across 2 layer(s)
sample [34/100] orig=5 cf=6 -- 458/544 neurons fixed across 2 layer(s)
sample [35/100] orig=4 cf=6 -- 431/544 neurons fixed across 2 layer(s)
sample [36/100] orig=7 cf=6 -- 434/544 neurons fixed across 2 layer(s)
sample [37/100] orig=3 cf=0 -- 425/544 neurons fixed across 2 layer(s)
sample [38/100] orig=7 cf=6 -- 431/544 neurons fixed across 2 layer(s)
sample [39/100] orig=3 cf=1 -- 441/544 neurons fixed across 2 layer(s)
sample [40/100] orig=6 cf=7 -- 421/544 neurons fixed across 2 layer(s)
sample [41/100] orig=3 cf=7 -- 459/544 neurons fixed across 2 layer(s)
sample [42/100] orig=2 cf=5 -- 443/544 neurons fixed across 2 layer(s)
sample [43/100] orig=4 cf=2 -- 393/544 neurons fixed across 2 layer(s)
sample [44/100] orig=7 cf=6 -- 467/544 neurons fixed across 2 layer(s)
sample [45/100] orig=1 cf=6 -- 443/544 neurons fixed across 2 layer(s)
sample [46/100] orig=9 cf=6 -- 468/544 neurons fixed across 2 layer(s)
sample [47/100] orig=1 cf=0 -- 450/544 neurons fixed across 2 layer(s)
sample [48/100] orig=8 cf=0 -- 400/544 neurons fixed across 2 layer(s)
sample [49/100] orig=2 cf=7 -- 449/544 neurons fixed across 2 layer(s)
sample [50/100] orig=7 cf=1 -- 493/544 neurons fixed across 2 layer(s)
sample [51/100] orig=2 cf=3 -- 439/544 neurons fixed across 2 layer(s)
sample [52/100] orig=3 cf=1 -- 464/544 neurons fixed across 2 layer(s)
sample [53/100] orig=7 cf=6 -- 447/544 neurons fixed across 2 layer(s)
sample [54/100] orig=0 cf=1 -- 442/544 neurons fixed across 2 layer(s)
sample [55/100] orig=2 cf=3 -- 415/544 neurons fixed across 2 layer(s)
sample [56/100] orig=2 cf=9 -- 458/544 neurons fixed across 2 layer(s)
sample [57/100] orig=2 cf=7 -- 470/544 neurons fixed across 2 layer(s)
sample [58/100] orig=2 cf=1 -- 401/544 neurons fixed across 2 layer(s)
sample [59/100] orig=4 cf=2 -- 406/544 neurons fixed across 2 layer(s)
sample [60/100] orig=3 cf=1 -- 471/544 neurons fixed across 2 layer(s)
sample [61/100] orig=1 cf=7 -- 445/544 neurons fixed across 2 layer(s)
sample [62/100] orig=1 cf=6 -- 448/544 neurons fixed across 2 layer(s)
sample [63/100] orig=8 cf=0 -- 411/544 neurons fixed across 2 layer(s)
sample [64/100] orig=1 cf=2 -- 426/544 neurons fixed across 2 layer(s)
sample [65/100] orig=1 cf=6 -- 460/544 neurons fixed across 2 layer(s)
sample [66/100] orig=1 cf=7 -- 459/544 neurons fixed across 2 layer(s)
sample [67/100] orig=7 cf=1 -- 431/544 neurons fixed across 2 layer(s)
sample [68/100] orig=9 cf=8 -- 455/544 neurons fixed across 2 layer(s)
sample [69/100] orig=7 cf=6 -- 456/544 neurons fixed across 2 layer(s)
sample [70/100] orig=0 cf=8 -- 352/544 neurons fixed across 2 layer(s)
sample [71/100] orig=2 cf=1 -- 421/544 neurons fixed across 2 layer(s)
sample [72/100] orig=7 cf=1 -- 438/544 neurons fixed across 2 layer(s)
sample [73/100] orig=6 cf=9 -- 470/544 neurons fixed across 2 layer(s)
sample [74/100] orig=5 cf=1 -- 442/544 neurons fixed across 2 layer(s)
sample [75/100] orig=2 cf=5 -- 437/544 neurons fixed across 2 layer(s)
sample [76/100] orig=1 cf=6 -- 422/544 neurons fixed across 2 layer(s)
sample [77/100] orig=9 cf=7 -- 455/544 neurons fixed across 2 layer(s)
sample [78/100] orig=0 cf=6 -- 406/544 neurons fixed across 2 layer(s)
sample [79/100] orig=5 cf=1 -- 445/544 neurons fixed across 2 layer(s)
sample [80/100] orig=0 cf=5 -- 463/544 neurons fixed across 2 layer(s)
sample [81/100] orig=0 cf=6 -- 418/544 neurons fixed across 2 layer(s)
sample [82/100] orig=5 cf=6 -- 454/544 neurons fixed across 2 layer(s)
sample [83/100] orig=4 cf=6 -- 427/544 neurons fixed across 2 layer(s)
sample [84/100] orig=5 cf=8 -- 411/544 neurons fixed across 2 layer(s)
sample [85/100] orig=7 cf=1 -- 466/544 neurons fixed across 2 layer(s)
sample [86/100] orig=5 cf=7 -- 458/544 neurons fixed across 2 layer(s)
sample [87/100] orig=4 cf=2 -- 419/544 neurons fixed across 2 layer(s)
sample [88/100] orig=7 cf=6 -- 428/544 neurons fixed across 2 layer(s)
sample [89/100] orig=9 cf=6 -- 464/544 neurons fixed across 2 layer(s)
sample [90/100] orig=2 cf=3 -- 427/544 neurons fixed across 2 layer(s)
sample [91/100] orig=7 cf=6 -- 451/544 neurons fixed across 2 layer(s)
sample [92/100] orig=3 cf=4 -- 454/544 neurons fixed across 2 layer(s)
sample [93/100] orig=8 cf=0 -- 462/544 neurons fixed across 2 layer(s)
sample [94/100] orig=0 cf=1 -- 414/544 neurons fixed across 2 layer(s)
sample [95/100] orig=9 cf=4 -- 448/544 neurons fixed across 2 layer(s)
sample [96/100] orig=6 cf=2 -- 462/544 neurons fixed across 2 layer(s)
sample [97/100] orig=1 cf=8 -- 434/544 neurons fixed across 2 layer(s)
sample [98/100] orig=9 cf=4 -- 451/544 neurons fixed across 2 layer(s)
sample [99/100] orig=4 cf=6 -- 446/544 neurons fixed across 2 layer(s)
sample [100/100] orig=1 cf=6 -- 471/544 neurons fixed across 2 layer(s)

100/100 samples written to /Users/labbaf/Documents/NN_Explainability/spexplain/neuron-activation/spexplain/data/neuron_activations/cifar10/cnn-bench/P1.txt (0 failed to produce a counterfactual)
