Model: /Users/labbaf/Documents/NN_Explainability/spexplain/neuron-activation/spexplain/data/models/cifar10/cnn-bench/P2.onnx
  input shape [1, 3, 32, 32], 3072 features, 3 ReLU layer(s), 10-class
Dataset: /Users/labbaf/Documents/NN_Explainability/spexplain/neuron-activation/spexplain/data/datasets/cifar10/cifar10_s100_scaled.csv (100/100 samples)
PGD: epsilon-frac=0.1 step-frac=0.1 num-steps=50
Output: /Users/labbaf/Documents/NN_Explainability/spexplain/neuron-activation/spexplain/data/neuron_activations/cifar10/cnn-bench/P2.txt

sample [1/100] orig=6 cf=7 -- 2494/3104 neurons fixed across 3 layer(s)
sample [2/100] orig=9 cf=2 -- 2488/3104 neurons fixed across 3 layer(s)
sample [3/100] orig=9 cf=7 -- 2387/3104 neurons fixed across 3 layer(s)
sample [4/100] orig=4 cf=6 -- 2387/3104 neurons fixed across 3 layer(s)
sample [5/100] orig=1 cf=9 -- 2457/3104 neurons fixed across 3 layer(s)
sample [6/100] orig=1 cf=7 -- 2530/3104 neurons fixed across 3 layer(s)
sample [7/100] orig=2 cf=7 -- 2506/3104 neurons fixed across 3 layer(s)
sample [8/100] orig=7 cf=6 -- 2517/3104 neurons fixed across 3 layer(s)
sample [9/100] orig=0 cf=8 -- 2535/3104 neurons fixed across 3 layer(s)
sample [10/100] orig=9 cf=4 -- 2295/3104 neurons fixed across 3 layer(s)
sample [11/100] orig=4 cf=6 -- 2177/3104 neurons fixed across 3 layer(s)
sample [12/100] orig=7 cf=6 -- 2459/3104 neurons fixed across 3 layer(s)
sample [13/100] orig=7 cf=8 -- 2442/3104 neurons fixed across 3 layer(s)
sample [14/100] orig=2 cf=9 -- 2428/3104 neurons fixed across 3 layer(s)
sample [15/100] orig=9 cf=1 -- 2439/3104 neurons fixed across 3 layer(s)
sample [16/100] orig=9 cf=8 -- 2395/3104 neurons fixed across 3 layer(s)
sample [17/100] orig=9 cf=0 -- 2358/3104 neurons fixed across 3 layer(s)
sample [18/100] orig=5 cf=6 -- 2339/3104 neurons fixed across 3 layer(s)
sample [19/100] orig=6 cf=2 -- 2411/3104 neurons fixed across 3 layer(s)
sample [20/100] orig=6 cf=9 -- 2487/3104 neurons fixed across 3 layer(s)
sample [21/100] orig=4 cf=2 -- 2397/3104 neurons fixed across 3 layer(s)
sample [22/100] orig=3 cf=0 -- 2627/3104 neurons fixed across 3 layer(s)
sample [23/100] orig=6 cf=7 -- 2347/3104 neurons fixed across 3 layer(s)
sample [24/100] orig=6 cf=7 -- 2451/3104 neurons fixed across 3 layer(s)
sample [25/100] orig=2 cf=9 -- 2508/3104 neurons fixed across 3 layer(s)
sample [26/100] orig=6 cf=7 -- 2423/3104 neurons fixed across 3 layer(s)
sample [27/100] orig=3 cf=2 -- 2262/3104 neurons fixed across 3 layer(s)
sample [28/100] orig=2 cf=9 -- 2496/3104 neurons fixed across 3 layer(s)
sample [29/100] orig=4 cf=9 -- 2483/3104 neurons fixed across 3 layer(s)
sample [30/100] orig=0 cf=2 -- 2475/3104 neurons fixed across 3 layer(s)
sample [31/100] orig=0 cf=8 -- 2351/3104 neurons fixed across 3 layer(s)
sample [32/100] orig=9 cf=8 -- 2395/3104 neurons fixed across 3 layer(s)
sample [33/100] orig=1 cf=9 -- 2544/3104 neurons fixed across 3 layer(s)
sample [34/100] orig=3 cf=6 -- 2457/3104 neurons fixed across 3 layer(s)
sample [35/100] orig=4 cf=2 -- 2272/3104 neurons fixed across 3 layer(s)
sample [36/100] orig=7 cf=6 -- 2415/3104 neurons fixed across 3 layer(s)
sample [37/100] orig=5 cf=8 -- 2407/3104 neurons fixed across 3 layer(s)
sample [38/100] orig=7 cf=6 -- 2366/3104 neurons fixed across 3 layer(s)
sample [39/100] orig=8 cf=3 -- 2480/3104 neurons fixed across 3 layer(s)
sample [40/100] orig=4 cf=6 -- 2458/3104 neurons fixed across 3 layer(s)
sample [41/100] orig=5 cf=6 -- 2330/3104 neurons fixed across 3 layer(s)
sample [42/100] orig=2 cf=7 -- 2460/3104 neurons fixed across 3 layer(s)
sample [43/100] orig=2 cf=4 -- 2279/3104 neurons fixed across 3 layer(s)
sample [44/100] orig=7 cf=4 -- 2490/3104 neurons fixed across 3 layer(s)
sample [45/100] orig=1 cf=7 -- 2427/3104 neurons fixed across 3 layer(s)
sample [46/100] orig=1 cf=3 -- 2538/3104 neurons fixed across 3 layer(s)
sample [47/100] orig=1 cf=2 -- 2387/3104 neurons fixed across 3 layer(s)
sample [48/100] orig=8 cf=0 -- 2372/3104 neurons fixed across 3 layer(s)
sample [49/100] orig=2 cf=4 -- 2394/3104 neurons fixed across 3 layer(s)
sample [50/100] orig=0 cf=5 -- 2625/3104 neurons fixed across 3 layer(s)
sample [51/100] orig=8 cf=0 -- 2443/3104 neurons fixed across 3 layer(s)
sample [52/100] orig=3 cf=7 -- 2561/3104 neurons fixed across 3 layer(s)
sample [53/100] orig=7 cf=6 -- 2521/3104 neurons fixed across 3 layer(s)
sample [54/100] orig=0 cf=9 -- 2434/3104 neurons fixed across 3 layer(s)
sample [55/100] orig=2 cf=4 -- 2228/3104 neurons fixed across 3 layer(s)
sample [56/100] orig=6 cf=7 -- 2511/3104 neurons fixed across 3 layer(s)
sample [57/100] orig=6 cf=7 -- 2546/3104 neurons fixed across 3 layer(s)
sample [58/100] orig=2 cf=7 -- 2217/3104 neurons fixed across 3 layer(s)
sample [59/100] orig=2 cf=4 -- 2410/3104 neurons fixed across 3 layer(s)
sample [60/100] orig=4 cf=8 -- 2488/3104 neurons fixed across 3 layer(s)
sample [61/100] orig=1 cf=0 -- 2446/3104 neurons fixed across 3 layer(s)
sample [62/100] orig=1 cf=5 -- 2438/3104 neurons fixed across 3 layer(s)
sample [63/100] orig=8 cf=0 -- 2360/3104 neurons fixed across 3 layer(s)
sample [64/100] orig=2 cf=9 -- 2348/3104 neurons fixed across 3 layer(s)
sample [65/100] orig=1 cf=6 -- 2472/3104 neurons fixed across 3 layer(s)
sample [66/100] orig=1 cf=9 -- 2566/3104 neurons fixed across 3 layer(s)
sample [67/100] orig=0 cf=5 -- 2311/3104 neurons fixed across 3 layer(s)
sample [68/100] orig=9 cf=1 -- 2433/3104 neurons fixed across 3 layer(s)
sample [69/100] orig=7 cf=6 -- 2433/3104 neurons fixed across 3 layer(s)
sample [70/100] orig=8 cf=0 -- 2179/3104 neurons fixed across 3 layer(s)
sample [71/100] orig=0 cf=6 -- 2353/3104 neurons fixed across 3 layer(s)
sample [72/100] orig=9 cf=8 -- 2474/3104 neurons fixed across 3 layer(s)
sample [73/100] orig=6 cf=1 -- 2558/3104 neurons fixed across 3 layer(s)
sample [74/100] orig=7 cf=6 -- 2352/3104 neurons fixed across 3 layer(s)
sample [75/100] orig=4 cf=2 -- 2486/3104 neurons fixed across 3 layer(s)
sample [76/100] orig=1 cf=4 -- 2340/3104 neurons fixed across 3 layer(s)
sample [77/100] orig=9 cf=0 -- 2451/3104 neurons fixed across 3 layer(s)
sample [78/100] orig=0 cf=6 -- 2360/3104 neurons fixed across 3 layer(s)
sample [79/100] orig=7 cf=6 -- 2443/3104 neurons fixed across 3 layer(s)
sample [80/100] orig=0 cf=9 -- 2604/3104 neurons fixed across 3 layer(s)
sample [81/100] orig=3 cf=7 -- 2308/3104 neurons fixed across 3 layer(s)
sample [82/100] orig=7 cf=6 -- 2399/3104 neurons fixed across 3 layer(s)
sample [83/100] orig=4 cf=6 -- 2405/3104 neurons fixed across 3 layer(s)
sample [84/100] orig=8 cf=5 -- 2441/3104 neurons fixed across 3 layer(s)
sample [85/100] orig=0 cf=5 -- 2460/3104 neurons fixed across 3 layer(s)
sample [86/100] orig=5 cf=7 -- 2339/3104 neurons fixed across 3 layer(s)
sample [87/100] orig=7 cf=6 -- 2271/3104 neurons fixed across 3 layer(s)
sample [88/100] orig=7 cf=6 -- 2396/3104 neurons fixed across 3 layer(s)
sample [89/100] orig=9 cf=7 -- 2522/3104 neurons fixed across 3 layer(s)
sample [90/100] orig=4 cf=2 -- 2238/3104 neurons fixed across 3 layer(s)
sample [91/100] orig=7 cf=6 -- 2448/3104 neurons fixed across 3 layer(s)
sample [92/100] orig=5 cf=4 -- 2366/3104 neurons fixed across 3 layer(s)
sample [93/100] orig=8 cf=5 -- 2539/3104 neurons fixed across 3 layer(s)
sample [94/100] orig=0 cf=1 -- 2309/3104 neurons fixed across 3 layer(s)
sample [95/100] orig=1 cf=7 -- 2396/3104 neurons fixed across 3 layer(s)
sample [96/100] orig=6 cf=4 -- 2501/3104 neurons fixed across 3 layer(s)
sample [97/100] orig=1 cf=8 -- 2496/3104 neurons fixed across 3 layer(s)
sample [98/100] orig=1 cf=7 -- 2433/3104 neurons fixed across 3 layer(s)
sample [99/100] orig=6 cf=7 -- 2441/3104 neurons fixed across 3 layer(s)
sample [100/100] orig=1 cf=0 -- 2519/3104 neurons fixed across 3 layer(s)

100/100 samples written to /Users/labbaf/Documents/NN_Explainability/spexplain/neuron-activation/spexplain/data/neuron_activations/cifar10/cnn-bench/P2.txt (0 failed to produce a counterfactual)
