Model: /Users/labbaf/Documents/NN_Explainability/spexplain/neuron-activation/spexplain/data/models/cifar10/cnn-bench/P3.onnx
  input shape [1, 3, 32, 32], 3072 features, 4 ReLU layer(s), 10-class
Dataset: /Users/labbaf/Documents/NN_Explainability/spexplain/neuron-activation/spexplain/data/datasets/cifar10/cifar10_s100_scaled.csv (100/100 samples)
PGD: epsilon-frac=0.1 step-frac=0.1 num-steps=50
Output: /Users/labbaf/Documents/NN_Explainability/spexplain/neuron-activation/spexplain/data/neuron_activations/cifar10/cnn-bench/P3.txt

sample [1/100] orig=5 cf=6 -- 3115/4128 neurons fixed across 4 layer(s)
sample [2/100] orig=9 cf=1 -- 3377/4128 neurons fixed across 4 layer(s)
sample [3/100] orig=8 cf=9 -- 3254/4128 neurons fixed across 4 layer(s)
sample [4/100] orig=4 cf=6 -- 3076/4128 neurons fixed across 4 layer(s)
sample [5/100] orig=1 cf=9 -- 3280/4128 neurons fixed across 4 layer(s)
sample [6/100] orig=1 cf=7 -- 3297/4128 neurons fixed across 4 layer(s)
sample [7/100] orig=2 cf=7 -- 3358/4128 neurons fixed across 4 layer(s)
sample [8/100] orig=7 cf=5 -- 3351/4128 neurons fixed across 4 layer(s)
sample [9/100] orig=8 cf=0 -- 3366/4128 neurons fixed across 4 layer(s)
sample [10/100] orig=9 cf=7 -- 3081/4128 neurons fixed across 4 layer(s)
sample [11/100] orig=4 cf=6 -- 2881/4128 neurons fixed across 4 layer(s)
sample [12/100] orig=7 cf=5 -- 3266/4128 neurons fixed across 4 layer(s)
sample [13/100] orig=7 cf=4 -- 3236/4128 neurons fixed across 4 layer(s)
sample [14/100] orig=1 cf=5 -- 3179/4128 neurons fixed across 4 layer(s)
sample [15/100] orig=9 cf=1 -- 3285/4128 neurons fixed across 4 layer(s)
sample [16/100] orig=8 cf=9 -- 3192/4128 neurons fixed across 4 layer(s)
sample [17/100] orig=9 cf=2 -- 3197/4128 neurons fixed across 4 layer(s)
sample [18/100] orig=3 cf=5 -- 3128/4128 neurons fixed across 4 layer(s)
sample [19/100] orig=6 cf=7 -- 3168/4128 neurons fixed across 4 layer(s)
sample [20/100] orig=9 cf=6 -- 3124/4128 neurons fixed across 4 layer(s)
sample [21/100] orig=4 cf=5 -- 3237/4128 neurons fixed across 4 layer(s)
sample [22/100] orig=3 cf=0 -- 3472/4128 neurons fixed across 4 layer(s)
sample [23/100] orig=6 cf=4 -- 3049/4128 neurons fixed across 4 layer(s)
sample [24/100] orig=6 cf=7 -- 3020/4128 neurons fixed across 4 layer(s)
sample [25/100] orig=2 cf=9 -- 3258/4128 neurons fixed across 4 layer(s)
sample [26/100] orig=9 cf=6 -- 3135/4128 neurons fixed across 4 layer(s)
sample [27/100] orig=3 cf=5 -- 3155/4128 neurons fixed across 4 layer(s)
sample [28/100] orig=2 cf=7 -- 3210/4128 neurons fixed across 4 layer(s)
sample [29/100] orig=4 cf=7 -- 3176/4128 neurons fixed across 4 layer(s)
sample [30/100] orig=8 cf=2 -- 3413/4128 neurons fixed across 4 layer(s)
sample [31/100] orig=0 cf=8 -- 3153/4128 neurons fixed across 4 layer(s)
sample [32/100] orig=9 cf=2 -- 3149/4128 neurons fixed across 4 layer(s)
sample [33/100] orig=1 cf=9 -- 3272/4128 neurons fixed across 4 layer(s)
sample [34/100] orig=6 cf=5 -- 3160/4128 neurons fixed across 4 layer(s)
sample [35/100] orig=4 cf=6 -- 3119/4128 neurons fixed across 4 layer(s)
sample [36/100] orig=7 cf=2 -- 3297/4128 neurons fixed across 4 layer(s)
sample [37/100] orig=8 cf=5 -- 3194/4128 neurons fixed across 4 layer(s)
sample [38/100] orig=7 cf=6 -- 3099/4128 neurons fixed across 4 layer(s)
sample [39/100] orig=8 cf=5 -- 3257/4128 neurons fixed across 4 layer(s)
sample [40/100] orig=6 cf=7 -- 3056/4128 neurons fixed across 4 layer(s)
sample [41/100] orig=5 cf=9 -- 3147/4128 neurons fixed across 4 layer(s)
sample [42/100] orig=2 cf=7 -- 3245/4128 neurons fixed across 4 layer(s)
sample [43/100] orig=4 cf=2 -- 3058/4128 neurons fixed across 4 layer(s)
sample [44/100] orig=7 cf=0 -- 3258/4128 neurons fixed across 4 layer(s)
sample [45/100] orig=0 cf=1 -- 3214/4128 neurons fixed across 4 layer(s)
sample [46/100] orig=1 cf=5 -- 3235/4128 neurons fixed across 4 layer(s)
sample [47/100] orig=1 cf=2 -- 3192/4128 neurons fixed across 4 layer(s)
sample [48/100] orig=8 cf=4 -- 3201/4128 neurons fixed across 4 layer(s)
sample [49/100] orig=2 cf=4 -- 3223/4128 neurons fixed across 4 layer(s)
sample [50/100] orig=7 cf=0 -- 3419/4128 neurons fixed across 4 layer(s)
sample [51/100] orig=2 cf=8 -- 3272/4128 neurons fixed across 4 layer(s)
sample [52/100] orig=3 cf=6 -- 3227/4128 neurons fixed across 4 layer(s)
sample [53/100] orig=7 cf=6 -- 3197/4128 neurons fixed across 4 layer(s)
sample [54/100] orig=9 cf=0 -- 3185/4128 neurons fixed across 4 layer(s)
sample [55/100] orig=2 cf=4 -- 3037/4128 neurons fixed across 4 layer(s)
sample [56/100] orig=5 cf=9 -- 3194/4128 neurons fixed across 4 layer(s)
sample [57/100] orig=2 cf=5 -- 3284/4128 neurons fixed across 4 layer(s)
sample [58/100] orig=2 cf=1 -- 2942/4128 neurons fixed across 4 layer(s)
sample [59/100] orig=2 cf=4 -- 3106/4128 neurons fixed across 4 layer(s)
sample [60/100] orig=3 cf=9 -- 3240/4128 neurons fixed across 4 layer(s)
sample [61/100] orig=1 cf=0 -- 3244/4128 neurons fixed across 4 layer(s)
sample [62/100] orig=1 cf=9 -- 3299/4128 neurons fixed across 4 layer(s)
sample [63/100] orig=8 cf=0 -- 3161/4128 neurons fixed across 4 layer(s)
sample [64/100] orig=2 cf=9 -- 3190/4128 neurons fixed across 4 layer(s)
sample [65/100] orig=1 cf=5 -- 3181/4128 neurons fixed across 4 layer(s)
sample [66/100] orig=1 cf=8 -- 3277/4128 neurons fixed across 4 layer(s)
sample [67/100] orig=4 cf=7 -- 3173/4128 neurons fixed across 4 layer(s)
sample [68/100] orig=9 cf=1 -- 3362/4128 neurons fixed across 4 layer(s)
sample [69/100] orig=7 cf=2 -- 3302/4128 neurons fixed across 4 layer(s)
sample [70/100] orig=8 cf=0 -- 3067/4128 neurons fixed across 4 layer(s)
sample [71/100] orig=4 cf=1 -- 3148/4128 neurons fixed across 4 layer(s)
sample [72/100] orig=1 cf=5 -- 3189/4128 neurons fixed across 4 layer(s)
sample [73/100] orig=6 cf=9 -- 3226/4128 neurons fixed across 4 layer(s)
sample [74/100] orig=7 cf=9 -- 3111/4128 neurons fixed across 4 layer(s)
sample [75/100] orig=6 cf=4 -- 3236/4128 neurons fixed across 4 layer(s)
sample [76/100] orig=1 cf=4 -- 3135/4128 neurons fixed across 4 layer(s)
sample [77/100] orig=9 cf=7 -- 3239/4128 neurons fixed across 4 layer(s)
sample [78/100] orig=0 cf=4 -- 3217/4128 neurons fixed across 4 layer(s)
sample [79/100] orig=9 cf=5 -- 3252/4128 neurons fixed across 4 layer(s)
sample [80/100] orig=1 cf=7 -- 3439/4128 neurons fixed across 4 layer(s)
sample [81/100] orig=3 cf=0 -- 3069/4128 neurons fixed across 4 layer(s)
sample [82/100] orig=2 cf=3 -- 3213/4128 neurons fixed across 4 layer(s)
sample [83/100] orig=4 cf=2 -- 3131/4128 neurons fixed across 4 layer(s)
sample [84/100] orig=5 cf=8 -- 3160/4128 neurons fixed across 4 layer(s)
sample [85/100] orig=7 cf=6 -- 3234/4128 neurons fixed across 4 layer(s)
sample [86/100] orig=5 cf=1 -- 3159/4128 neurons fixed across 4 layer(s)
sample [87/100] orig=4 cf=7 -- 3016/4128 neurons fixed across 4 layer(s)
sample [88/100] orig=7 cf=6 -- 3246/4128 neurons fixed across 4 layer(s)
sample [89/100] orig=9 cf=4 -- 3182/4128 neurons fixed across 4 layer(s)
sample [90/100] orig=2 cf=4 -- 3174/4128 neurons fixed across 4 layer(s)
sample [91/100] orig=6 cf=7 -- 3102/4128 neurons fixed across 4 layer(s)
sample [92/100] orig=5 cf=8 -- 3146/4128 neurons fixed across 4 layer(s)
sample [93/100] orig=4 cf=8 -- 3359/4128 neurons fixed across 4 layer(s)
sample [94/100] orig=0 cf=4 -- 3068/4128 neurons fixed across 4 layer(s)
sample [95/100] orig=1 cf=7 -- 3169/4128 neurons fixed across 4 layer(s)
sample [96/100] orig=6 cf=4 -- 3397/4128 neurons fixed across 4 layer(s)
sample [97/100] orig=1 cf=9 -- 3231/4128 neurons fixed across 4 layer(s)
sample [98/100] orig=1 cf=4 -- 3221/4128 neurons fixed across 4 layer(s)
sample [99/100] orig=6 cf=4 -- 3114/4128 neurons fixed across 4 layer(s)
sample [100/100] orig=1 cf=5 -- 3269/4128 neurons fixed across 4 layer(s)

100/100 samples written to /Users/labbaf/Documents/NN_Explainability/spexplain/neuron-activation/spexplain/data/neuron_activations/cifar10/cnn-bench/P3.txt (0 failed to produce a counterfactual)
