Model: /Users/labbaf/Documents/NN_Explainability/spexplain/neuron-activation/spexplain/data/models/cifar10/cnn-bench/P4.onnx
  input shape [1, 3, 32, 32], 3072 features, 5 ReLU layer(s), 10-class
Dataset: /Users/labbaf/Documents/NN_Explainability/spexplain/neuron-activation/spexplain/data/datasets/cifar/cifar_s100_scaled.csv (100/100 samples)
PGD: epsilon-frac=0.1 step-frac=0.1 num-steps=50
Output: /Users/labbaf/Documents/NN_Explainability/spexplain/neuron-activation/spexplain/data/neuron_activations/cifar10/cnn-bench/P4.txt

sample [1/100] orig=5 cf=6 -- 3130/3872 neurons fixed across 5 layer(s)
sample [2/100] orig=9 cf=1 -- 3182/3872 neurons fixed across 5 layer(s)
sample [3/100] orig=9 cf=2 -- 3065/3872 neurons fixed across 5 layer(s)
sample [4/100] orig=4 cf=6 -- 2996/3872 neurons fixed across 5 layer(s)
sample [5/100] orig=1 cf=9 -- 3113/3872 neurons fixed across 5 layer(s)
sample [6/100] orig=1 cf=7 -- 3187/3872 neurons fixed across 5 layer(s)
sample [7/100] orig=2 cf=7 -- 3157/3872 neurons fixed across 5 layer(s)
sample [8/100] orig=7 cf=6 -- 3075/3872 neurons fixed across 5 layer(s)
sample [9/100] orig=0 cf=8 -- 3205/3872 neurons fixed across 5 layer(s)
sample [10/100] orig=8 cf=5 -- 2994/3872 neurons fixed across 5 layer(s)
sample [11/100] orig=4 cf=6 -- 2874/3872 neurons fixed across 5 layer(s)
sample [12/100] orig=7 cf=6 -- 3059/3872 neurons fixed across 5 layer(s)
sample [13/100] orig=7 cf=6 -- 3069/3872 neurons fixed across 5 layer(s)
sample [14/100] orig=2 cf=8 -- 3086/3872 neurons fixed across 5 layer(s)
sample [15/100] orig=9 cf=2 -- 3181/3872 neurons fixed across 5 layer(s)
sample [16/100] orig=9 cf=8 -- 3055/3872 neurons fixed across 5 layer(s)
sample [17/100] orig=9 cf=4 -- 3041/3872 neurons fixed across 5 layer(s)
sample [18/100] orig=3 cf=4 -- 3055/3872 neurons fixed across 5 layer(s)
sample [19/100] orig=6 cf=2 -- 3058/3872 neurons fixed across 5 layer(s)
sample [20/100] orig=9 cf=2 -- 3082/3872 neurons fixed across 5 layer(s)
sample [21/100] orig=3 cf=4 -- 3032/3872 neurons fixed across 5 layer(s)
sample [22/100] orig=3 cf=1 -- 3247/3872 neurons fixed across 5 layer(s)
sample [23/100] orig=6 cf=4 -- 3050/3872 neurons fixed across 5 layer(s)
sample [24/100] orig=6 cf=4 -- 2984/3872 neurons fixed across 5 layer(s)
sample [25/100] orig=2 cf=7 -- 3178/3872 neurons fixed across 5 layer(s)
sample [26/100] orig=6 cf=9 -- 3050/3872 neurons fixed across 5 layer(s)
sample [27/100] orig=3 cf=7 -- 3027/3872 neurons fixed across 5 layer(s)
sample [28/100] orig=7 cf=2 -- 3135/3872 neurons fixed across 5 layer(s)
sample [29/100] orig=4 cf=9 -- 3046/3872 neurons fixed across 5 layer(s)
sample [30/100] orig=8 cf=2 -- 3063/3872 neurons fixed across 5 layer(s)
sample [31/100] orig=0 cf=8 -- 3051/3872 neurons fixed across 5 layer(s)
sample [32/100] orig=9 cf=4 -- 3056/3872 neurons fixed across 5 layer(s)
sample [33/100] orig=1 cf=2 -- 3204/3872 neurons fixed across 5 layer(s)
sample [34/100] orig=5 cf=6 -- 3061/3872 neurons fixed across 5 layer(s)
sample [35/100] orig=4 cf=2 -- 3026/3872 neurons fixed across 5 layer(s)
sample [36/100] orig=2 cf=7 -- 3147/3872 neurons fixed across 5 layer(s)
sample [37/100] orig=3 cf=8 -- 3048/3872 neurons fixed across 5 layer(s)
sample [38/100] orig=7 cf=6 -- 3031/3872 neurons fixed across 5 layer(s)
sample [39/100] orig=3 cf=1 -- 3135/3872 neurons fixed across 5 layer(s)
sample [40/100] orig=6 cf=7 -- 3021/3872 neurons fixed across 5 layer(s)
sample [41/100] orig=5 cf=1 -- 3095/3872 neurons fixed across 5 layer(s)
sample [42/100] orig=2 cf=7 -- 2981/3872 neurons fixed across 5 layer(s)
sample [43/100] orig=2 cf=7 -- 2906/3872 neurons fixed across 5 layer(s)
sample [44/100] orig=7 cf=5 -- 3117/3872 neurons fixed across 5 layer(s)
sample [45/100] orig=1 cf=9 -- 3061/3872 neurons fixed across 5 layer(s)
sample [46/100] orig=1 cf=9 -- 3132/3872 neurons fixed across 5 layer(s)
sample [47/100] orig=1 cf=2 -- 3118/3872 neurons fixed across 5 layer(s)
sample [48/100] orig=8 cf=0 -- 3059/3872 neurons fixed across 5 layer(s)
sample [49/100] orig=4 cf=2 -- 3013/3872 neurons fixed across 5 layer(s)
sample [50/100] orig=0 cf=3 -- 3253/3872 neurons fixed across 5 layer(s)
sample [51/100] orig=0 cf=9 -- 3102/3872 neurons fixed across 5 layer(s)
sample [52/100] orig=3 cf=7 -- 3164/3872 neurons fixed across 5 layer(s)
sample [53/100] orig=7 cf=6 -- 3182/3872 neurons fixed across 5 layer(s)
sample [54/100] orig=9 cf=0 -- 3062/3872 neurons fixed across 5 layer(s)
sample [55/100] orig=2 cf=7 -- 2926/3872 neurons fixed across 5 layer(s)
sample [56/100] orig=3 cf=2 -- 3208/3872 neurons fixed across 5 layer(s)
sample [57/100] orig=5 cf=2 -- 3145/3872 neurons fixed across 5 layer(s)
sample [58/100] orig=2 cf=4 -- 2970/3872 neurons fixed across 5 layer(s)
sample [59/100] orig=4 cf=5 -- 3080/3872 neurons fixed across 5 layer(s)
sample [60/100] orig=4 cf=9 -- 3180/3872 neurons fixed across 5 layer(s)
sample [61/100] orig=1 cf=8 -- 3207/3872 neurons fixed across 5 layer(s)
sample [62/100] orig=1 cf=7 -- 3050/3872 neurons fixed across 5 layer(s)
sample [63/100] orig=8 cf=0 -- 2989/3872 neurons fixed across 5 layer(s)
sample [64/100] orig=1 cf=2 -- 3085/3872 neurons fixed across 5 layer(s)
sample [65/100] orig=1 cf=5 -- 3120/3872 neurons fixed across 5 layer(s)
sample [66/100] orig=1 cf=9 -- 3194/3872 neurons fixed across 5 layer(s)
sample [67/100] orig=4 cf=7 -- 3036/3872 neurons fixed across 5 layer(s)
sample [68/100] orig=9 cf=8 -- 3125/3872 neurons fixed across 5 layer(s)
sample [69/100] orig=7 cf=2 -- 3202/3872 neurons fixed across 5 layer(s)
sample [70/100] orig=8 cf=0 -- 2865/3872 neurons fixed across 5 layer(s)
sample [71/100] orig=2 cf=8 -- 3097/3872 neurons fixed across 5 layer(s)
sample [72/100] orig=1 cf=7 -- 3143/3872 neurons fixed across 5 layer(s)
sample [73/100] orig=6 cf=9 -- 3086/3872 neurons fixed across 5 layer(s)
sample [74/100] orig=7 cf=6 -- 2975/3872 neurons fixed across 5 layer(s)
sample [75/100] orig=2 cf=3 -- 3105/3872 neurons fixed across 5 layer(s)
sample [76/100] orig=1 cf=7 -- 3018/3872 neurons fixed across 5 layer(s)
sample [77/100] orig=9 cf=7 -- 3119/3872 neurons fixed across 5 layer(s)
sample [78/100] orig=0 cf=6 -- 2929/3872 neurons fixed across 5 layer(s)
sample [79/100] orig=7 cf=3 -- 3124/3872 neurons fixed across 5 layer(s)
sample [80/100] orig=1 cf=0 -- 3119/3872 neurons fixed across 5 layer(s)
sample [81/100] orig=3 cf=0 -- 2978/3872 neurons fixed across 5 layer(s)
sample [82/100] orig=3 cf=7 -- 3090/3872 neurons fixed across 5 layer(s)
sample [83/100] orig=4 cf=6 -- 3051/3872 neurons fixed across 5 layer(s)
sample [84/100] orig=5 cf=8 -- 3008/3872 neurons fixed across 5 layer(s)
sample [85/100] orig=2 cf=7 -- 3140/3872 neurons fixed across 5 layer(s)
sample [86/100] orig=5 cf=7 -- 3138/3872 neurons fixed across 5 layer(s)
sample [87/100] orig=4 cf=7 -- 3114/3872 neurons fixed across 5 layer(s)
sample [88/100] orig=7 cf=6 -- 3073/3872 neurons fixed across 5 layer(s)
sample [89/100] orig=9 cf=7 -- 3196/3872 neurons fixed across 5 layer(s)
sample [90/100] orig=4 cf=5 -- 3111/3872 neurons fixed across 5 layer(s)
sample [91/100] orig=2 cf=3 -- 3125/3872 neurons fixed across 5 layer(s)
sample [92/100] orig=3 cf=5 -- 3117/3872 neurons fixed across 5 layer(s)
sample [93/100] orig=4 cf=8 -- 3250/3872 neurons fixed across 5 layer(s)
sample [94/100] orig=0 cf=9 -- 3036/3872 neurons fixed across 5 layer(s)
sample [95/100] orig=1 cf=7 -- 3060/3872 neurons fixed across 5 layer(s)
sample [96/100] orig=6 cf=7 -- 3090/3872 neurons fixed across 5 layer(s)
sample [97/100] orig=8 cf=1 -- 3111/3872 neurons fixed across 5 layer(s)
sample [98/100] orig=1 cf=4 -- 3102/3872 neurons fixed across 5 layer(s)
sample [99/100] orig=6 cf=4 -- 3038/3872 neurons fixed across 5 layer(s)
sample [100/100] orig=1 cf=6 -- 3225/3872 neurons fixed across 5 layer(s)

100/100 samples written to /Users/labbaf/Documents/NN_Explainability/spexplain/neuron-activation/spexplain/data/neuron_activations/cifar10/cnn-bench/P4.txt (0 failed to produce a counterfactual)
