Model: /Users/labbaf/Documents/NN_Explainability/spexplain/neuron-activation/spexplain/data/models/cifar10/cnn-bench/P6.onnx
  input shape [1, 3, 32, 32], 3072 features, 7 ReLU layer(s), 10-class
Dataset: /Users/labbaf/Documents/NN_Explainability/spexplain/neuron-activation/spexplain/data/datasets/cifar/cifar_s100_scaled.csv (100/100 samples)
PGD: epsilon-frac=0.1 step-frac=0.1 num-steps=50
Output: /Users/labbaf/Documents/NN_Explainability/spexplain/neuron-activation/spexplain/data/neuron_activations/cifar10/cnn-bench/P6.txt

sample [1/100] orig=6 cf=7 -- 3602/4512 neurons fixed across 7 layer(s)
sample [2/100] orig=9 cf=5 -- 3647/4512 neurons fixed across 7 layer(s)
sample [3/100] orig=9 cf=2 -- 3638/4512 neurons fixed across 7 layer(s)
sample [4/100] orig=4 cf=6 -- 3556/4512 neurons fixed across 7 layer(s)
sample [5/100] orig=1 cf=9 -- 3636/4512 neurons fixed across 7 layer(s)
sample [6/100] orig=1 cf=4 -- 3702/4512 neurons fixed across 7 layer(s)
sample [7/100] orig=7 cf=2 -- 3732/4512 neurons fixed across 7 layer(s)
sample [8/100] orig=7 cf=4 -- 3698/4512 neurons fixed across 7 layer(s)
sample [9/100] orig=8 cf=0 -- 3751/4512 neurons fixed across 7 layer(s)
sample [10/100] orig=9 cf=4 -- 3467/4512 neurons fixed across 7 layer(s)
sample [11/100] orig=4 cf=6 -- 3334/4512 neurons fixed across 7 layer(s)
sample [12/100] orig=7 cf=4 -- 3765/4512 neurons fixed across 7 layer(s)
sample [13/100] orig=7 cf=4 -- 3650/4512 neurons fixed across 7 layer(s)
sample [14/100] orig=2 cf=9 -- 3559/4512 neurons fixed across 7 layer(s)
sample [15/100] orig=9 cf=1 -- 3672/4512 neurons fixed across 7 layer(s)
sample [16/100] orig=9 cf=8 -- 3623/4512 neurons fixed across 7 layer(s)
sample [17/100] orig=9 cf=1 -- 3621/4512 neurons fixed across 7 layer(s)
sample [18/100] orig=5 cf=4 -- 3576/4512 neurons fixed across 7 layer(s)
sample [19/100] orig=6 cf=2 -- 3662/4512 neurons fixed across 7 layer(s)
sample [20/100] orig=1 cf=6 -- 3528/4512 neurons fixed across 7 layer(s)
sample [21/100] orig=4 cf=5 -- 3595/4512 neurons fixed across 7 layer(s)
sample [22/100] orig=3 cf=0 -- 3936/4512 neurons fixed across 7 layer(s)
sample [23/100] orig=6 cf=2 -- 3576/4512 neurons fixed across 7 layer(s)
sample [24/100] orig=6 cf=2 -- 3551/4512 neurons fixed across 7 layer(s)
sample [25/100] orig=2 cf=1 -- 3582/4512 neurons fixed across 7 layer(s)
sample [26/100] orig=6 cf=5 -- 3588/4512 neurons fixed across 7 layer(s)
sample [27/100] orig=5 cf=2 -- 3653/4512 neurons fixed across 7 layer(s)
sample [28/100] orig=2 cf=7 -- 3596/4512 neurons fixed across 7 layer(s)
sample [29/100] orig=4 cf=7 -- 3632/4512 neurons fixed across 7 layer(s)
sample [30/100] orig=0 cf=3 -- 3707/4512 neurons fixed across 7 layer(s)
sample [31/100] orig=0 cf=1 -- 3537/4512 neurons fixed across 7 layer(s)
sample [32/100] orig=9 cf=2 -- 3600/4512 neurons fixed across 7 layer(s)
sample [33/100] orig=1 cf=9 -- 3663/4512 neurons fixed across 7 layer(s)
sample [34/100] orig=3 cf=7 -- 3527/4512 neurons fixed across 7 layer(s)
sample [35/100] orig=4 cf=2 -- 3698/4512 neurons fixed across 7 layer(s)
sample [36/100] orig=4 cf=2 -- 3668/4512 neurons fixed across 7 layer(s)
sample [37/100] orig=3 cf=4 -- 3563/4512 neurons fixed across 7 layer(s)
sample [38/100] orig=7 cf=2 -- 3598/4512 neurons fixed across 7 layer(s)
sample [39/100] orig=7 cf=3 -- 3633/4512 neurons fixed across 7 layer(s)
sample [40/100] orig=6 cf=4 -- 3565/4512 neurons fixed across 7 layer(s)
sample [41/100] orig=5 cf=6 -- 3546/4512 neurons fixed across 7 layer(s)
sample [42/100] orig=2 cf=4 -- 3602/4512 neurons fixed across 7 layer(s)
sample [43/100] orig=2 cf=7 -- 3520/4512 neurons fixed across 7 layer(s)
sample [44/100] orig=7 cf=5 -- 3690/4512 neurons fixed across 7 layer(s)
sample [45/100] orig=1 cf=7 -- 3658/4512 neurons fixed across 7 layer(s)
sample [46/100] orig=1 cf=9 -- 3739/4512 neurons fixed across 7 layer(s)
sample [47/100] orig=1 cf=0 -- 3677/4512 neurons fixed across 7 layer(s)
sample [48/100] orig=8 cf=0 -- 3689/4512 neurons fixed across 7 layer(s)
sample [49/100] orig=4 cf=2 -- 3660/4512 neurons fixed across 7 layer(s)
sample [50/100] orig=0 cf=5 -- 3848/4512 neurons fixed across 7 layer(s)
sample [51/100] orig=8 cf=2 -- 3726/4512 neurons fixed across 7 layer(s)
sample [52/100] orig=3 cf=5 -- 3734/4512 neurons fixed across 7 layer(s)
sample [53/100] orig=7 cf=6 -- 3696/4512 neurons fixed across 7 layer(s)
sample [54/100] orig=0 cf=9 -- 3520/4512 neurons fixed across 7 layer(s)
sample [55/100] orig=2 cf=7 -- 3394/4512 neurons fixed across 7 layer(s)
sample [56/100] orig=2 cf=3 -- 3661/4512 neurons fixed across 7 layer(s)
sample [57/100] orig=5 cf=6 -- 3675/4512 neurons fixed across 7 layer(s)
sample [58/100] orig=2 cf=6 -- 3428/4512 neurons fixed across 7 layer(s)
sample [59/100] orig=4 cf=2 -- 3649/4512 neurons fixed across 7 layer(s)
sample [60/100] orig=3 cf=9 -- 3651/4512 neurons fixed across 7 layer(s)
sample [61/100] orig=1 cf=8 -- 3717/4512 neurons fixed across 7 layer(s)
sample [62/100] orig=1 cf=9 -- 3679/4512 neurons fixed across 7 layer(s)
sample [63/100] orig=8 cf=0 -- 3612/4512 neurons fixed across 7 layer(s)
sample [64/100] orig=2 cf=1 -- 3609/4512 neurons fixed across 7 layer(s)
sample [65/100] orig=1 cf=4 -- 3649/4512 neurons fixed across 7 layer(s)
sample [66/100] orig=1 cf=8 -- 3709/4512 neurons fixed across 7 layer(s)
sample [67/100] orig=4 cf=7 -- 3636/4512 neurons fixed across 7 layer(s)
sample [68/100] orig=9 cf=8 -- 3716/4512 neurons fixed across 7 layer(s)
sample [69/100] orig=7 cf=2 -- 3703/4512 neurons fixed across 7 layer(s)
sample [70/100] orig=8 cf=0 -- 3410/4512 neurons fixed across 7 layer(s)
sample [71/100] orig=2 cf=8 -- 3646/4512 neurons fixed across 7 layer(s)
sample [72/100] orig=9 cf=7 -- 3729/4512 neurons fixed across 7 layer(s)
sample [73/100] orig=6 cf=9 -- 3596/4512 neurons fixed across 7 layer(s)
sample [74/100] orig=7 cf=2 -- 3495/4512 neurons fixed across 7 layer(s)
sample [75/100] orig=4 cf=5 -- 3602/4512 neurons fixed across 7 layer(s)
sample [76/100] orig=1 cf=4 -- 3544/4512 neurons fixed across 7 layer(s)
sample [77/100] orig=9 cf=8 -- 3702/4512 neurons fixed across 7 layer(s)
sample [78/100] orig=0 cf=4 -- 3554/4512 neurons fixed across 7 layer(s)
sample [79/100] orig=3 cf=7 -- 3613/4512 neurons fixed across 7 layer(s)
sample [80/100] orig=0 cf=1 -- 3769/4512 neurons fixed across 7 layer(s)
sample [81/100] orig=3 cf=0 -- 3616/4512 neurons fixed across 7 layer(s)
sample [82/100] orig=3 cf=7 -- 3606/4512 neurons fixed across 7 layer(s)
sample [83/100] orig=4 cf=6 -- 3526/4512 neurons fixed across 7 layer(s)
sample [84/100] orig=3 cf=7 -- 3610/4512 neurons fixed across 7 layer(s)
sample [85/100] orig=6 cf=4 -- 3581/4512 neurons fixed across 7 layer(s)
sample [86/100] orig=7 cf=5 -- 3639/4512 neurons fixed across 7 layer(s)
sample [87/100] orig=4 cf=7 -- 3542/4512 neurons fixed across 7 layer(s)
sample [88/100] orig=7 cf=2 -- 3635/4512 neurons fixed across 7 layer(s)
sample [89/100] orig=9 cf=7 -- 3700/4512 neurons fixed across 7 layer(s)
sample [90/100] orig=4 cf=5 -- 3618/4512 neurons fixed across 7 layer(s)
sample [91/100] orig=3 cf=4 -- 3631/4512 neurons fixed across 7 layer(s)
sample [92/100] orig=3 cf=4 -- 3589/4512 neurons fixed across 7 layer(s)
sample [93/100] orig=8 cf=0 -- 3813/4512 neurons fixed across 7 layer(s)
sample [94/100] orig=0 cf=1 -- 3527/4512 neurons fixed across 7 layer(s)
sample [95/100] orig=1 cf=7 -- 3639/4512 neurons fixed across 7 layer(s)
sample [96/100] orig=6 cf=4 -- 3716/4512 neurons fixed across 7 layer(s)
sample [97/100] orig=1 cf=8 -- 3761/4512 neurons fixed across 7 layer(s)
sample [98/100] orig=1 cf=4 -- 3573/4512 neurons fixed across 7 layer(s)
sample [99/100] orig=6 cf=7 -- 3548/4512 neurons fixed across 7 layer(s)
sample [100/100] orig=1 cf=6 -- 3746/4512 neurons fixed across 7 layer(s)

100/100 samples written to /Users/labbaf/Documents/NN_Explainability/spexplain/neuron-activation/spexplain/data/neuron_activations/cifar10/cnn-bench/P6.txt (0 failed to produce a counterfactual)
