Model: /Users/labbaf/Documents/NN_Explainability/spexplain/neuron-activation/spexplain/data/models/cifar10/cnn-bench/P8.onnx
  input shape [1, 3, 32, 32], 3072 features, 9 ReLU layer(s), 10-class
Dataset: /Users/labbaf/Documents/NN_Explainability/spexplain/neuron-activation/spexplain/data/datasets/cifar10/cifar10_s100_scaled.csv (100/100 samples)
PGD: epsilon-frac=0.1 step-frac=0.1 num-steps=50
Output: /Users/labbaf/Documents/NN_Explainability/spexplain/neuron-activation/spexplain/data/neuron_activations/cifar10/cnn-bench/P8.txt

sample [1/100] orig=6 cf=5 -- 8075/10272 neurons fixed across 9 layer(s)
sample [2/100] orig=9 cf=1 -- 8072/10272 neurons fixed across 9 layer(s)
sample [3/100] orig=9 cf=5 -- 7967/10272 neurons fixed across 9 layer(s)
sample [4/100] orig=4 cf=6 -- 7624/10272 neurons fixed across 9 layer(s)
sample [5/100] orig=1 cf=9 -- 8009/10272 neurons fixed across 9 layer(s)
sample [6/100] orig=1 cf=9 -- 8017/10272 neurons fixed across 9 layer(s)
sample [7/100] orig=2 cf=7 -- 8172/10272 neurons fixed across 9 layer(s)
sample [8/100] orig=7 cf=4 -- 8200/10272 neurons fixed across 9 layer(s)
sample [9/100] orig=0 cf=8 -- 8435/10272 neurons fixed across 9 layer(s)
sample [10/100] orig=3 cf=0 -- 7670/10272 neurons fixed across 9 layer(s)
sample [11/100] orig=4 cf=6 -- 7262/10272 neurons fixed across 9 layer(s)
sample [12/100] orig=7 cf=2 -- 8031/10272 neurons fixed across 9 layer(s)
sample [13/100] orig=7 cf=2 -- 7944/10272 neurons fixed across 9 layer(s)
sample [14/100] orig=2 cf=5 -- 7950/10272 neurons fixed across 9 layer(s)
sample [15/100] orig=9 cf=7 -- 8073/10272 neurons fixed across 9 layer(s)
sample [16/100] orig=9 cf=8 -- 7981/10272 neurons fixed across 9 layer(s)
sample [17/100] orig=9 cf=2 -- 8012/10272 neurons fixed across 9 layer(s)
sample [18/100] orig=3 cf=5 -- 7826/10272 neurons fixed across 9 layer(s)
sample [19/100] orig=6 cf=5 -- 7694/10272 neurons fixed across 9 layer(s)
sample [20/100] orig=6 cf=9 -- 8095/10272 neurons fixed across 9 layer(s)
sample [21/100] orig=4 cf=5 -- 7849/10272 neurons fixed across 9 layer(s)
sample [22/100] orig=0 cf=3 -- 8138/10272 neurons fixed across 9 layer(s)
sample [23/100] orig=6 cf=5 -- 7641/10272 neurons fixed across 9 layer(s)
sample [24/100] orig=6 cf=4 -- 7661/10272 neurons fixed across 9 layer(s)
sample [25/100] orig=2 cf=5 -- 8112/10272 neurons fixed across 9 layer(s)
sample [26/100] orig=6 cf=9 -- 8074/10272 neurons fixed across 9 layer(s)
sample [27/100] orig=3 cf=5 -- 7717/10272 neurons fixed across 9 layer(s)
sample [28/100] orig=5 cf=4 -- 7858/10272 neurons fixed across 9 layer(s)
sample [29/100] orig=7 cf=4 -- 8059/10272 neurons fixed across 9 layer(s)
sample [30/100] orig=0 cf=3 -- 8024/10272 neurons fixed across 9 layer(s)
sample [31/100] orig=0 cf=8 -- 7938/10272 neurons fixed across 9 layer(s)
sample [32/100] orig=9 cf=3 -- 7884/10272 neurons fixed across 9 layer(s)
sample [33/100] orig=1 cf=9 -- 8141/10272 neurons fixed across 9 layer(s)
sample [34/100] orig=3 cf=6 -- 8000/10272 neurons fixed across 9 layer(s)
sample [35/100] orig=4 cf=2 -- 8027/10272 neurons fixed across 9 layer(s)
sample [36/100] orig=2 cf=4 -- 7896/10272 neurons fixed across 9 layer(s)
sample [37/100] orig=3 cf=2 -- 7888/10272 neurons fixed across 9 layer(s)
sample [38/100] orig=7 cf=6 -- 7755/10272 neurons fixed across 9 layer(s)
sample [39/100] orig=3 cf=2 -- 7990/10272 neurons fixed across 9 layer(s)
sample [40/100] orig=6 cf=4 -- 7814/10272 neurons fixed across 9 layer(s)
sample [41/100] orig=5 cf=6 -- 7717/10272 neurons fixed across 9 layer(s)
sample [42/100] orig=2 cf=4 -- 7728/10272 neurons fixed across 9 layer(s)
sample [43/100] orig=2 cf=7 -- 7646/10272 neurons fixed across 9 layer(s)
sample [44/100] orig=7 cf=9 -- 8270/10272 neurons fixed across 9 layer(s)
sample [45/100] orig=1 cf=7 -- 8037/10272 neurons fixed across 9 layer(s)
sample [46/100] orig=1 cf=9 -- 8146/10272 neurons fixed across 9 layer(s)
sample [47/100] orig=1 cf=0 -- 7879/10272 neurons fixed across 9 layer(s)
sample [48/100] orig=8 cf=0 -- 7642/10272 neurons fixed across 9 layer(s)
sample [49/100] orig=2 cf=4 -- 7900/10272 neurons fixed across 9 layer(s)
sample [50/100] orig=3 cf=7 -- 8503/10272 neurons fixed across 9 layer(s)
sample [51/100] orig=0 cf=5 -- 7820/10272 neurons fixed across 9 layer(s)
sample [52/100] orig=3 cf=7 -- 8001/10272 neurons fixed across 9 layer(s)
sample [53/100] orig=5 cf=7 -- 8007/10272 neurons fixed across 9 layer(s)
sample [54/100] orig=9 cf=2 -- 7924/10272 neurons fixed across 9 layer(s)
sample [55/100] orig=2 cf=4 -- 7376/10272 neurons fixed across 9 layer(s)
sample [56/100] orig=2 cf=4 -- 7990/10272 neurons fixed across 9 layer(s)
sample [57/100] orig=3 cf=4 -- 8001/10272 neurons fixed across 9 layer(s)
sample [58/100] orig=2 cf=6 -- 7389/10272 neurons fixed across 9 layer(s)
sample [59/100] orig=4 cf=7 -- 8013/10272 neurons fixed across 9 layer(s)
sample [60/100] orig=3 cf=9 -- 8080/10272 neurons fixed across 9 layer(s)
sample [61/100] orig=1 cf=8 -- 8317/10272 neurons fixed across 9 layer(s)
sample [62/100] orig=1 cf=5 -- 7887/10272 neurons fixed across 9 layer(s)
sample [63/100] orig=8 cf=0 -- 7874/10272 neurons fixed across 9 layer(s)
sample [64/100] orig=2 cf=6 -- 7927/10272 neurons fixed across 9 layer(s)
sample [65/100] orig=1 cf=6 -- 8033/10272 neurons fixed across 9 layer(s)
sample [66/100] orig=1 cf=9 -- 8128/10272 neurons fixed across 9 layer(s)
sample [67/100] orig=4 cf=0 -- 8090/10272 neurons fixed across 9 layer(s)
sample [68/100] orig=9 cf=1 -- 8084/10272 neurons fixed across 9 layer(s)
sample [69/100] orig=7 cf=2 -- 7994/10272 neurons fixed across 9 layer(s)
sample [70/100] orig=8 cf=0 -- 7672/10272 neurons fixed across 9 layer(s)
sample [71/100] orig=2 cf=3 -- 8007/10272 neurons fixed across 9 layer(s)
sample [72/100] orig=9 cf=5 -- 8080/10272 neurons fixed across 9 layer(s)
sample [73/100] orig=9 cf=6 -- 8161/10272 neurons fixed across 9 layer(s)
sample [74/100] orig=7 cf=4 -- 7804/10272 neurons fixed across 9 layer(s)
sample [75/100] orig=4 cf=5 -- 7970/10272 neurons fixed across 9 layer(s)
sample [76/100] orig=1 cf=4 -- 7705/10272 neurons fixed across 9 layer(s)
sample [77/100] orig=9 cf=0 -- 8003/10272 neurons fixed across 9 layer(s)
sample [78/100] orig=0 cf=6 -- 7614/10272 neurons fixed across 9 layer(s)
sample [79/100] orig=7 cf=4 -- 7950/10272 neurons fixed across 9 layer(s)
sample [80/100] orig=1 cf=4 -- 8259/10272 neurons fixed across 9 layer(s)
sample [81/100] orig=3 cf=4 -- 7608/10272 neurons fixed across 9 layer(s)
sample [82/100] orig=3 cf=7 -- 7912/10272 neurons fixed across 9 layer(s)
sample [83/100] orig=6 cf=4 -- 7882/10272 neurons fixed across 9 layer(s)
sample [84/100] orig=5 cf=2 -- 8114/10272 neurons fixed across 9 layer(s)
sample [85/100] orig=7 cf=1 -- 8127/10272 neurons fixed across 9 layer(s)
sample [86/100] orig=7 cf=2 -- 8044/10272 neurons fixed across 9 layer(s)
sample [87/100] orig=4 cf=7 -- 7801/10272 neurons fixed across 9 layer(s)
sample [88/100] orig=7 cf=6 -- 7837/10272 neurons fixed across 9 layer(s)
sample [89/100] orig=9 cf=7 -- 7917/10272 neurons fixed across 9 layer(s)
sample [90/100] orig=4 cf=2 -- 7957/10272 neurons fixed across 9 layer(s)
sample [91/100] orig=6 cf=0 -- 8006/10272 neurons fixed across 9 layer(s)
sample [92/100] orig=3 cf=4 -- 7728/10272 neurons fixed across 9 layer(s)
sample [93/100] orig=8 cf=2 -- 8124/10272 neurons fixed across 9 layer(s)
sample [94/100] orig=0 cf=4 -- 7706/10272 neurons fixed across 9 layer(s)
sample [95/100] orig=1 cf=7 -- 7927/10272 neurons fixed across 9 layer(s)
sample [96/100] orig=6 cf=4 -- 8232/10272 neurons fixed across 9 layer(s)
sample [97/100] orig=1 cf=8 -- 8026/10272 neurons fixed across 9 layer(s)
sample [98/100] orig=1 cf=4 -- 7874/10272 neurons fixed across 9 layer(s)
sample [99/100] orig=4 cf=6 -- 8048/10272 neurons fixed across 9 layer(s)
sample [100/100] orig=1 cf=8 -- 8273/10272 neurons fixed across 9 layer(s)

100/100 samples written to /Users/labbaf/Documents/NN_Explainability/spexplain/neuron-activation/spexplain/data/neuron_activations/cifar10/cnn-bench/P8.txt (0 failed to produce a counterfactual)
