Model: /Users/labbaf/Documents/NN_Explainability/spexplain/neuron-activation/spexplain/data/models/cifar10/cnn-bench/S2.onnx
  input shape [1, 3, 32, 32], 3072 features, 3 ReLU layer(s), 10-class
Dataset: /Users/labbaf/Documents/NN_Explainability/spexplain/neuron-activation/spexplain/data/datasets/cifar10/cifar10_s100_scaled.csv (100/100 samples)
PGD: epsilon-frac=0.1 step-frac=0.1 num-steps=50
Output: /Users/labbaf/Documents/NN_Explainability/spexplain/neuron-activation/spexplain/data/neuron_activations/cifar10/cnn-bench/S2.txt

sample [1/100] orig=6 cf=7 -- 2585/3104 neurons fixed across 3 layer(s)
sample [2/100] orig=9 cf=2 -- 2550/3104 neurons fixed across 3 layer(s)
sample [3/100] orig=9 cf=2 -- 2476/3104 neurons fixed across 3 layer(s)
sample [4/100] orig=4 cf=6 -- 2407/3104 neurons fixed across 3 layer(s)
sample [5/100] orig=1 cf=9 -- 2581/3104 neurons fixed across 3 layer(s)
sample [6/100] orig=1 cf=7 -- 2676/3104 neurons fixed across 3 layer(s)
sample [7/100] orig=2 cf=7 -- 2623/3104 neurons fixed across 3 layer(s)
sample [8/100] orig=7 cf=6 -- 2590/3104 neurons fixed across 3 layer(s)
sample [9/100] orig=8 cf=0 -- 2684/3104 neurons fixed across 3 layer(s)
sample [10/100] orig=7 cf=1 -- 2399/3104 neurons fixed across 3 layer(s)
sample [11/100] orig=4 cf=6 -- 2261/3104 neurons fixed across 3 layer(s)
sample [12/100] orig=7 cf=6 -- 2573/3104 neurons fixed across 3 layer(s)
sample [13/100] orig=7 cf=0 -- 2566/3104 neurons fixed across 3 layer(s)
sample [14/100] orig=1 cf=2 -- 2498/3104 neurons fixed across 3 layer(s)
sample [15/100] orig=9 cf=2 -- 2545/3104 neurons fixed across 3 layer(s)
sample [16/100] orig=8 cf=9 -- 2582/3104 neurons fixed across 3 layer(s)
sample [17/100] orig=9 cf=0 -- 2577/3104 neurons fixed across 3 layer(s)
sample [18/100] orig=3 cf=4 -- 2426/3104 neurons fixed across 3 layer(s)
sample [19/100] orig=6 cf=7 -- 2515/3104 neurons fixed across 3 layer(s)
sample [20/100] orig=9 cf=6 -- 2521/3104 neurons fixed across 3 layer(s)
sample [21/100] orig=2 cf=7 -- 2581/3104 neurons fixed across 3 layer(s)
sample [22/100] orig=5 cf=1 -- 2681/3104 neurons fixed across 3 layer(s)
sample [23/100] orig=6 cf=1 -- 2432/3104 neurons fixed across 3 layer(s)
sample [24/100] orig=6 cf=2 -- 2403/3104 neurons fixed across 3 layer(s)
sample [25/100] orig=2 cf=1 -- 2622/3104 neurons fixed across 3 layer(s)
sample [26/100] orig=3 cf=9 -- 2549/3104 neurons fixed across 3 layer(s)
sample [27/100] orig=3 cf=2 -- 2434/3104 neurons fixed across 3 layer(s)
sample [28/100] orig=7 cf=2 -- 2399/3104 neurons fixed across 3 layer(s)
sample [29/100] orig=7 cf=6 -- 2529/3104 neurons fixed across 3 layer(s)
sample [30/100] orig=0 cf=8 -- 2598/3104 neurons fixed across 3 layer(s)
sample [31/100] orig=1 cf=2 -- 2385/3104 neurons fixed across 3 layer(s)
sample [32/100] orig=9 cf=6 -- 2455/3104 neurons fixed across 3 layer(s)
sample [33/100] orig=1 cf=9 -- 2583/3104 neurons fixed across 3 layer(s)
sample [34/100] orig=3 cf=4 -- 2507/3104 neurons fixed across 3 layer(s)
sample [35/100] orig=2 cf=7 -- 2518/3104 neurons fixed across 3 layer(s)
sample [36/100] orig=7 cf=2 -- 2551/3104 neurons fixed across 3 layer(s)
sample [37/100] orig=3 cf=0 -- 2591/3104 neurons fixed across 3 layer(s)
sample [38/100] orig=7 cf=6 -- 2418/3104 neurons fixed across 3 layer(s)
sample [39/100] orig=8 cf=5 -- 2557/3104 neurons fixed across 3 layer(s)
sample [40/100] orig=4 cf=6 -- 2463/3104 neurons fixed across 3 layer(s)
sample [41/100] orig=2 cf=3 -- 2502/3104 neurons fixed across 3 layer(s)
sample [42/100] orig=5 cf=4 -- 2574/3104 neurons fixed across 3 layer(s)
sample [43/100] orig=2 cf=7 -- 2476/3104 neurons fixed across 3 layer(s)
sample [44/100] orig=7 cf=6 -- 2651/3104 neurons fixed across 3 layer(s)
sample [45/100] orig=1 cf=7 -- 2517/3104 neurons fixed across 3 layer(s)
sample [46/100] orig=1 cf=5 -- 2647/3104 neurons fixed across 3 layer(s)
sample [47/100] orig=1 cf=5 -- 2485/3104 neurons fixed across 3 layer(s)
sample [48/100] orig=8 cf=0 -- 2479/3104 neurons fixed across 3 layer(s)
sample [49/100] orig=4 cf=2 -- 2534/3104 neurons fixed across 3 layer(s)
sample [50/100] orig=7 cf=6 -- 2697/3104 neurons fixed across 3 layer(s)
sample [51/100] orig=2 cf=9 -- 2521/3104 neurons fixed across 3 layer(s)
sample [52/100] orig=5 cf=4 -- 2635/3104 neurons fixed across 3 layer(s)
sample [53/100] orig=7 cf=6 -- 2597/3104 neurons fixed across 3 layer(s)
sample [54/100] orig=0 cf=9 -- 2577/3104 neurons fixed across 3 layer(s)
sample [55/100] orig=2 cf=5 -- 2459/3104 neurons fixed across 3 layer(s)
sample [56/100] orig=2 cf=9 -- 2660/3104 neurons fixed across 3 layer(s)
sample [57/100] orig=5 cf=4 -- 2577/3104 neurons fixed across 3 layer(s)
sample [58/100] orig=4 cf=6 -- 2356/3104 neurons fixed across 3 layer(s)
sample [59/100] orig=2 cf=7 -- 2399/3104 neurons fixed across 3 layer(s)
sample [60/100] orig=3 cf=8 -- 2574/3104 neurons fixed across 3 layer(s)
sample [61/100] orig=1 cf=9 -- 2600/3104 neurons fixed across 3 layer(s)
sample [62/100] orig=1 cf=8 -- 2587/3104 neurons fixed across 3 layer(s)
sample [63/100] orig=8 cf=0 -- 2532/3104 neurons fixed across 3 layer(s)
sample [64/100] orig=2 cf=6 -- 2484/3104 neurons fixed across 3 layer(s)
sample [65/100] orig=1 cf=5 -- 2597/3104 neurons fixed across 3 layer(s)
sample [66/100] orig=1 cf=9 -- 2647/3104 neurons fixed across 3 layer(s)
sample [67/100] orig=4 cf=1 -- 2437/3104 neurons fixed across 3 layer(s)
sample [68/100] orig=9 cf=7 -- 2607/3104 neurons fixed across 3 layer(s)
sample [69/100] orig=7 cf=6 -- 2530/3104 neurons fixed across 3 layer(s)
sample [70/100] orig=8 cf=0 -- 2404/3104 neurons fixed across 3 layer(s)
sample [71/100] orig=2 cf=9 -- 2492/3104 neurons fixed across 3 layer(s)
sample [72/100] orig=6 cf=1 -- 2546/3104 neurons fixed across 3 layer(s)
sample [73/100] orig=6 cf=9 -- 2603/3104 neurons fixed across 3 layer(s)
sample [74/100] orig=7 cf=9 -- 2453/3104 neurons fixed across 3 layer(s)
sample [75/100] orig=2 cf=7 -- 2608/3104 neurons fixed across 3 layer(s)
sample [76/100] orig=1 cf=4 -- 2425/3104 neurons fixed across 3 layer(s)
sample [77/100] orig=9 cf=7 -- 2570/3104 neurons fixed across 3 layer(s)
sample [78/100] orig=0 cf=4 -- 2378/3104 neurons fixed across 3 layer(s)
sample [79/100] orig=7 cf=6 -- 2513/3104 neurons fixed across 3 layer(s)
sample [80/100] orig=0 cf=1 -- 2694/3104 neurons fixed across 3 layer(s)
sample [81/100] orig=4 cf=8 -- 2476/3104 neurons fixed across 3 layer(s)
sample [82/100] orig=5 cf=2 -- 2446/3104 neurons fixed across 3 layer(s)
sample [83/100] orig=4 cf=6 -- 2429/3104 neurons fixed across 3 layer(s)
sample [84/100] orig=3 cf=0 -- 2639/3104 neurons fixed across 3 layer(s)
sample [85/100] orig=7 cf=6 -- 2580/3104 neurons fixed across 3 layer(s)
sample [86/100] orig=7 cf=6 -- 2427/3104 neurons fixed across 3 layer(s)
sample [87/100] orig=7 cf=2 -- 2331/3104 neurons fixed across 3 layer(s)
sample [88/100] orig=7 cf=6 -- 2445/3104 neurons fixed across 3 layer(s)
sample [89/100] orig=9 cf=1 -- 2590/3104 neurons fixed across 3 layer(s)
sample [90/100] orig=4 cf=2 -- 2432/3104 neurons fixed across 3 layer(s)
sample [91/100] orig=0 cf=6 -- 2589/3104 neurons fixed across 3 layer(s)
sample [92/100] orig=3 cf=4 -- 2564/3104 neurons fixed across 3 layer(s)
sample [93/100] orig=8 cf=5 -- 2680/3104 neurons fixed across 3 layer(s)
sample [94/100] orig=0 cf=9 -- 2469/3104 neurons fixed across 3 layer(s)
sample [95/100] orig=9 cf=0 -- 2614/3104 neurons fixed across 3 layer(s)
sample [96/100] orig=6 cf=4 -- 2664/3104 neurons fixed across 3 layer(s)
sample [97/100] orig=1 cf=9 -- 2513/3104 neurons fixed across 3 layer(s)
sample [98/100] orig=1 cf=4 -- 2502/3104 neurons fixed across 3 layer(s)
sample [99/100] orig=4 cf=6 -- 2501/3104 neurons fixed across 3 layer(s)
sample [100/100] orig=1 cf=8 -- 2555/3104 neurons fixed across 3 layer(s)

100/100 samples written to /Users/labbaf/Documents/NN_Explainability/spexplain/neuron-activation/spexplain/data/neuron_activations/cifar10/cnn-bench/S2.txt (0 failed to produce a counterfactual)
