Model: /Users/labbaf/Documents/NN_Explainability/spexplain/neuron-activation/spexplain/data/models/cifar10/cnn-bench/S3.onnx
  input shape [1, 3, 32, 32], 3072 features, 4 ReLU layer(s), 10-class
Dataset: /Users/labbaf/Documents/NN_Explainability/spexplain/neuron-activation/spexplain/data/datasets/cifar10/cifar10_s100_scaled.csv (100/100 samples)
PGD: epsilon-frac=0.1 step-frac=0.1 num-steps=50
Output: /Users/labbaf/Documents/NN_Explainability/spexplain/neuron-activation/spexplain/data/neuron_activations/cifar10/cnn-bench/S3.txt

sample [1/100] orig=5 cf=6 -- 3264/4128 neurons fixed across 4 layer(s)
sample [2/100] orig=9 cf=5 -- 3279/4128 neurons fixed across 4 layer(s)
sample [3/100] orig=9 cf=2 -- 3271/4128 neurons fixed across 4 layer(s)
sample [4/100] orig=4 cf=6 -- 2968/4128 neurons fixed across 4 layer(s)
sample [5/100] orig=1 cf=9 -- 3251/4128 neurons fixed across 4 layer(s)
sample [6/100] orig=1 cf=9 -- 3384/4128 neurons fixed across 4 layer(s)
sample [7/100] orig=2 cf=7 -- 3397/4128 neurons fixed across 4 layer(s)
sample [8/100] orig=7 cf=6 -- 3255/4128 neurons fixed across 4 layer(s)
sample [9/100] orig=0 cf=8 -- 3464/4128 neurons fixed across 4 layer(s)
sample [10/100] orig=8 cf=7 -- 3083/4128 neurons fixed across 4 layer(s)
sample [11/100] orig=4 cf=2 -- 2935/4128 neurons fixed across 4 layer(s)
sample [12/100] orig=7 cf=5 -- 3270/4128 neurons fixed across 4 layer(s)
sample [13/100] orig=7 cf=6 -- 3158/4128 neurons fixed across 4 layer(s)
sample [14/100] orig=2 cf=1 -- 3198/4128 neurons fixed across 4 layer(s)
sample [15/100] orig=9 cf=1 -- 3233/4128 neurons fixed across 4 layer(s)
sample [16/100] orig=9 cf=8 -- 3173/4128 neurons fixed across 4 layer(s)
sample [17/100] orig=9 cf=2 -- 3230/4128 neurons fixed across 4 layer(s)
sample [18/100] orig=3 cf=5 -- 3169/4128 neurons fixed across 4 layer(s)
sample [19/100] orig=6 cf=2 -- 3213/4128 neurons fixed across 4 layer(s)
sample [20/100] orig=9 cf=2 -- 3128/4128 neurons fixed across 4 layer(s)
sample [21/100] orig=5 cf=4 -- 3180/4128 neurons fixed across 4 layer(s)
sample [22/100] orig=3 cf=1 -- 3472/4128 neurons fixed across 4 layer(s)
sample [23/100] orig=6 cf=4 -- 3084/4128 neurons fixed across 4 layer(s)
sample [24/100] orig=6 cf=4 -- 3096/4128 neurons fixed across 4 layer(s)
sample [25/100] orig=2 cf=9 -- 3276/4128 neurons fixed across 4 layer(s)
sample [26/100] orig=6 cf=9 -- 3268/4128 neurons fixed across 4 layer(s)
sample [27/100] orig=5 cf=6 -- 3010/4128 neurons fixed across 4 layer(s)
sample [28/100] orig=7 cf=6 -- 3108/4128 neurons fixed across 4 layer(s)
sample [29/100] orig=4 cf=7 -- 3271/4128 neurons fixed across 4 layer(s)
sample [30/100] orig=2 cf=3 -- 3385/4128 neurons fixed across 4 layer(s)
sample [31/100] orig=0 cf=8 -- 3139/4128 neurons fixed across 4 layer(s)
sample [32/100] orig=9 cf=2 -- 3196/4128 neurons fixed across 4 layer(s)
sample [33/100] orig=1 cf=9 -- 3247/4128 neurons fixed across 4 layer(s)
sample [34/100] orig=3 cf=6 -- 3189/4128 neurons fixed across 4 layer(s)
sample [35/100] orig=4 cf=2 -- 3259/4128 neurons fixed across 4 layer(s)
sample [36/100] orig=4 cf=8 -- 3277/4128 neurons fixed across 4 layer(s)
sample [37/100] orig=3 cf=8 -- 3140/4128 neurons fixed across 4 layer(s)
sample [38/100] orig=7 cf=6 -- 3028/4128 neurons fixed across 4 layer(s)
sample [39/100] orig=3 cf=8 -- 3200/4128 neurons fixed across 4 layer(s)
sample [40/100] orig=4 cf=8 -- 3044/4128 neurons fixed across 4 layer(s)
sample [41/100] orig=5 cf=6 -- 3130/4128 neurons fixed across 4 layer(s)
sample [42/100] orig=2 cf=7 -- 3319/4128 neurons fixed across 4 layer(s)
sample [43/100] orig=2 cf=4 -- 3110/4128 neurons fixed across 4 layer(s)
sample [44/100] orig=7 cf=5 -- 3371/4128 neurons fixed across 4 layer(s)
sample [45/100] orig=1 cf=7 -- 3180/4128 neurons fixed across 4 layer(s)
sample [46/100] orig=1 cf=6 -- 3290/4128 neurons fixed across 4 layer(s)
sample [47/100] orig=1 cf=7 -- 3182/4128 neurons fixed across 4 layer(s)
sample [48/100] orig=8 cf=0 -- 3167/4128 neurons fixed across 4 layer(s)
sample [49/100] orig=2 cf=4 -- 3187/4128 neurons fixed across 4 layer(s)
sample [50/100] orig=3 cf=0 -- 3493/4128 neurons fixed across 4 layer(s)
sample [51/100] orig=0 cf=9 -- 3196/4128 neurons fixed across 4 layer(s)
sample [52/100] orig=5 cf=4 -- 3363/4128 neurons fixed across 4 layer(s)
sample [53/100] orig=7 cf=6 -- 3202/4128 neurons fixed across 4 layer(s)
sample [54/100] orig=0 cf=9 -- 3242/4128 neurons fixed across 4 layer(s)
sample [55/100] orig=2 cf=3 -- 3089/4128 neurons fixed across 4 layer(s)
sample [56/100] orig=5 cf=4 -- 3337/4128 neurons fixed across 4 layer(s)
sample [57/100] orig=7 cf=6 -- 3180/4128 neurons fixed across 4 layer(s)
sample [58/100] orig=2 cf=4 -- 3105/4128 neurons fixed across 4 layer(s)
sample [59/100] orig=4 cf=2 -- 3227/4128 neurons fixed across 4 layer(s)
sample [60/100] orig=6 cf=7 -- 3324/4128 neurons fixed across 4 layer(s)
sample [61/100] orig=1 cf=8 -- 3281/4128 neurons fixed across 4 layer(s)
sample [62/100] orig=1 cf=9 -- 3263/4128 neurons fixed across 4 layer(s)
sample [63/100] orig=8 cf=0 -- 3189/4128 neurons fixed across 4 layer(s)
sample [64/100] orig=2 cf=9 -- 3122/4128 neurons fixed across 4 layer(s)
sample [65/100] orig=1 cf=6 -- 3193/4128 neurons fixed across 4 layer(s)
sample [66/100] orig=1 cf=9 -- 3329/4128 neurons fixed across 4 layer(s)
sample [67/100] orig=4 cf=1 -- 3205/4128 neurons fixed across 4 layer(s)
sample [68/100] orig=9 cf=5 -- 3359/4128 neurons fixed across 4 layer(s)
sample [69/100] orig=7 cf=0 -- 3224/4128 neurons fixed across 4 layer(s)
sample [70/100] orig=8 cf=0 -- 3177/4128 neurons fixed across 4 layer(s)
sample [71/100] orig=2 cf=9 -- 3123/4128 neurons fixed across 4 layer(s)
sample [72/100] orig=9 cf=5 -- 3236/4128 neurons fixed across 4 layer(s)
sample [73/100] orig=6 cf=9 -- 3261/4128 neurons fixed across 4 layer(s)
sample [74/100] orig=7 cf=4 -- 3095/4128 neurons fixed across 4 layer(s)
sample [75/100] orig=2 cf=6 -- 3183/4128 neurons fixed across 4 layer(s)
sample [76/100] orig=1 cf=4 -- 3170/4128 neurons fixed across 4 layer(s)
sample [77/100] orig=9 cf=1 -- 3324/4128 neurons fixed across 4 layer(s)
sample [78/100] orig=0 cf=6 -- 2883/4128 neurons fixed across 4 layer(s)
sample [79/100] orig=3 cf=7 -- 3203/4128 neurons fixed across 4 layer(s)
sample [80/100] orig=1 cf=0 -- 3383/4128 neurons fixed across 4 layer(s)
sample [81/100] orig=3 cf=0 -- 3121/4128 neurons fixed across 4 layer(s)
sample [82/100] orig=2 cf=3 -- 3241/4128 neurons fixed across 4 layer(s)
sample [83/100] orig=4 cf=2 -- 3091/4128 neurons fixed across 4 layer(s)
sample [84/100] orig=5 cf=8 -- 3216/4128 neurons fixed across 4 layer(s)
sample [85/100] orig=7 cf=2 -- 3297/4128 neurons fixed across 4 layer(s)
sample [86/100] orig=7 cf=8 -- 3209/4128 neurons fixed across 4 layer(s)
sample [87/100] orig=4 cf=7 -- 3154/4128 neurons fixed across 4 layer(s)
sample [88/100] orig=7 cf=6 -- 3132/4128 neurons fixed across 4 layer(s)
sample [89/100] orig=9 cf=1 -- 3324/4128 neurons fixed across 4 layer(s)
sample [90/100] orig=2 cf=4 -- 3236/4128 neurons fixed across 4 layer(s)
sample [91/100] orig=2 cf=6 -- 3154/4128 neurons fixed across 4 layer(s)
sample [92/100] orig=3 cf=4 -- 3207/4128 neurons fixed across 4 layer(s)
sample [93/100] orig=8 cf=5 -- 3477/4128 neurons fixed across 4 layer(s)
sample [94/100] orig=0 cf=9 -- 3081/4128 neurons fixed across 4 layer(s)
sample [95/100] orig=1 cf=7 -- 3281/4128 neurons fixed across 4 layer(s)
sample [96/100] orig=6 cf=4 -- 3401/4128 neurons fixed across 4 layer(s)
sample [97/100] orig=1 cf=8 -- 3225/4128 neurons fixed across 4 layer(s)
sample [98/100] orig=1 cf=4 -- 3133/4128 neurons fixed across 4 layer(s)
sample [99/100] orig=4 cf=6 -- 3106/4128 neurons fixed across 4 layer(s)
sample [100/100] orig=1 cf=8 -- 3272/4128 neurons fixed across 4 layer(s)

100/100 samples written to /Users/labbaf/Documents/NN_Explainability/spexplain/neuron-activation/spexplain/data/neuron_activations/cifar10/cnn-bench/S3.txt (0 failed to produce a counterfactual)
