Model: /Users/labbaf/Documents/NN_Explainability/spexplain/neuron-activation/spexplain/data/models/cifar10/cnn-bench/S4.onnx
  input shape [1, 3, 32, 32], 3072 features, 5 ReLU layer(s), 10-class
Dataset: /Users/labbaf/Documents/NN_Explainability/spexplain/neuron-activation/spexplain/data/datasets/cifar10/cifar10_s100_scaled.csv (100/100 samples)
PGD: epsilon-frac=0.1 step-frac=0.1 num-steps=50
Output: /Users/labbaf/Documents/NN_Explainability/spexplain/neuron-activation/spexplain/data/neuron_activations/cifar10/cnn-bench/S4.txt

sample [1/100] orig=6 cf=7 -- 4766/6176 neurons fixed across 5 layer(s)
sample [2/100] orig=9 cf=1 -- 4965/6176 neurons fixed across 5 layer(s)
sample [3/100] orig=9 cf=7 -- 4853/6176 neurons fixed across 5 layer(s)
sample [4/100] orig=4 cf=6 -- 4532/6176 neurons fixed across 5 layer(s)
sample [5/100] orig=1 cf=9 -- 4933/6176 neurons fixed across 5 layer(s)
sample [6/100] orig=1 cf=9 -- 5067/6176 neurons fixed across 5 layer(s)
sample [7/100] orig=2 cf=4 -- 4970/6176 neurons fixed across 5 layer(s)
sample [8/100] orig=7 cf=6 -- 4846/6176 neurons fixed across 5 layer(s)
sample [9/100] orig=8 cf=0 -- 5122/6176 neurons fixed across 5 layer(s)
sample [10/100] orig=3 cf=9 -- 4707/6176 neurons fixed across 5 layer(s)
sample [11/100] orig=4 cf=6 -- 4481/6176 neurons fixed across 5 layer(s)
sample [12/100] orig=7 cf=4 -- 4950/6176 neurons fixed across 5 layer(s)
sample [13/100] orig=7 cf=4 -- 4918/6176 neurons fixed across 5 layer(s)
sample [14/100] orig=1 cf=4 -- 4799/6176 neurons fixed across 5 layer(s)
sample [15/100] orig=9 cf=2 -- 4953/6176 neurons fixed across 5 layer(s)
sample [16/100] orig=9 cf=0 -- 4841/6176 neurons fixed across 5 layer(s)
sample [17/100] orig=9 cf=2 -- 4962/6176 neurons fixed across 5 layer(s)
sample [18/100] orig=3 cf=5 -- 4858/6176 neurons fixed across 5 layer(s)
sample [19/100] orig=6 cf=3 -- 4866/6176 neurons fixed across 5 layer(s)
sample [20/100] orig=4 cf=9 -- 4995/6176 neurons fixed across 5 layer(s)
sample [21/100] orig=4 cf=5 -- 4917/6176 neurons fixed across 5 layer(s)
sample [22/100] orig=1 cf=7 -- 5189/6176 neurons fixed across 5 layer(s)
sample [23/100] orig=6 cf=4 -- 4710/6176 neurons fixed across 5 layer(s)
sample [24/100] orig=6 cf=4 -- 4561/6176 neurons fixed across 5 layer(s)
sample [25/100] orig=2 cf=7 -- 4949/6176 neurons fixed across 5 layer(s)
sample [26/100] orig=6 cf=5 -- 4853/6176 neurons fixed across 5 layer(s)
sample [27/100] orig=3 cf=7 -- 4744/6176 neurons fixed across 5 layer(s)
sample [28/100] orig=2 cf=7 -- 4856/6176 neurons fixed across 5 layer(s)
sample [29/100] orig=4 cf=7 -- 5006/6176 neurons fixed across 5 layer(s)
sample [30/100] orig=2 cf=8 -- 5104/6176 neurons fixed across 5 layer(s)
sample [31/100] orig=0 cf=2 -- 4795/6176 neurons fixed across 5 layer(s)
sample [32/100] orig=9 cf=6 -- 4650/6176 neurons fixed across 5 layer(s)
sample [33/100] orig=1 cf=9 -- 5014/6176 neurons fixed across 5 layer(s)
sample [34/100] orig=3 cf=6 -- 4788/6176 neurons fixed across 5 layer(s)
sample [35/100] orig=4 cf=0 -- 4898/6176 neurons fixed across 5 layer(s)
sample [36/100] orig=7 cf=4 -- 4881/6176 neurons fixed across 5 layer(s)
sample [37/100] orig=3 cf=8 -- 4987/6176 neurons fixed across 5 layer(s)
sample [38/100] orig=7 cf=5 -- 4801/6176 neurons fixed across 5 layer(s)
sample [39/100] orig=8 cf=5 -- 4920/6176 neurons fixed across 5 layer(s)
sample [40/100] orig=4 cf=6 -- 4727/6176 neurons fixed across 5 layer(s)
sample [41/100] orig=5 cf=6 -- 4711/6176 neurons fixed across 5 layer(s)
sample [42/100] orig=2 cf=3 -- 4879/6176 neurons fixed across 5 layer(s)
sample [43/100] orig=2 cf=7 -- 4647/6176 neurons fixed across 5 layer(s)
sample [44/100] orig=7 cf=5 -- 5045/6176 neurons fixed across 5 layer(s)
sample [45/100] orig=1 cf=9 -- 4860/6176 neurons fixed across 5 layer(s)
sample [46/100] orig=1 cf=9 -- 4999/6176 neurons fixed across 5 layer(s)
sample [47/100] orig=1 cf=9 -- 4853/6176 neurons fixed across 5 layer(s)
sample [48/100] orig=8 cf=0 -- 4867/6176 neurons fixed across 5 layer(s)
sample [49/100] orig=2 cf=4 -- 4798/6176 neurons fixed across 5 layer(s)
sample [50/100] orig=7 cf=3 -- 5282/6176 neurons fixed across 5 layer(s)
sample [51/100] orig=0 cf=2 -- 4912/6176 neurons fixed across 5 layer(s)
sample [52/100] orig=5 cf=7 -- 4920/6176 neurons fixed across 5 layer(s)
sample [53/100] orig=4 cf=6 -- 4853/6176 neurons fixed across 5 layer(s)
sample [54/100] orig=0 cf=9 -- 4908/6176 neurons fixed across 5 layer(s)
sample [55/100] orig=2 cf=5 -- 4718/6176 neurons fixed across 5 layer(s)
sample [56/100] orig=5 cf=9 -- 4996/6176 neurons fixed across 5 layer(s)
sample [57/100] orig=3 cf=2 -- 4930/6176 neurons fixed across 5 layer(s)
sample [58/100] orig=2 cf=6 -- 4527/6176 neurons fixed across 5 layer(s)
sample [59/100] orig=4 cf=2 -- 4754/6176 neurons fixed across 5 layer(s)
sample [60/100] orig=3 cf=1 -- 5002/6176 neurons fixed across 5 layer(s)
sample [61/100] orig=1 cf=3 -- 5013/6176 neurons fixed across 5 layer(s)
sample [62/100] orig=1 cf=9 -- 5049/6176 neurons fixed across 5 layer(s)
sample [63/100] orig=8 cf=1 -- 4878/6176 neurons fixed across 5 layer(s)
sample [64/100] orig=6 cf=9 -- 4797/6176 neurons fixed across 5 layer(s)
sample [65/100] orig=1 cf=5 -- 4886/6176 neurons fixed across 5 layer(s)
sample [66/100] orig=1 cf=9 -- 5035/6176 neurons fixed across 5 layer(s)
sample [67/100] orig=4 cf=7 -- 4903/6176 neurons fixed across 5 layer(s)
sample [68/100] orig=9 cf=4 -- 4890/6176 neurons fixed across 5 layer(s)
sample [69/100] orig=7 cf=2 -- 4968/6176 neurons fixed across 5 layer(s)
sample [70/100] orig=8 cf=0 -- 4620/6176 neurons fixed across 5 layer(s)
sample [71/100] orig=2 cf=1 -- 4766/6176 neurons fixed across 5 layer(s)
sample [72/100] orig=9 cf=5 -- 4910/6176 neurons fixed across 5 layer(s)
sample [73/100] orig=6 cf=9 -- 4916/6176 neurons fixed across 5 layer(s)
sample [74/100] orig=7 cf=3 -- 4752/6176 neurons fixed across 5 layer(s)
sample [75/100] orig=4 cf=2 -- 4905/6176 neurons fixed across 5 layer(s)
sample [76/100] orig=1 cf=4 -- 4722/6176 neurons fixed across 5 layer(s)
sample [77/100] orig=9 cf=4 -- 5010/6176 neurons fixed across 5 layer(s)
sample [78/100] orig=0 cf=6 -- 4567/6176 neurons fixed across 5 layer(s)
sample [79/100] orig=7 cf=9 -- 5008/6176 neurons fixed across 5 layer(s)
sample [80/100] orig=0 cf=1 -- 5218/6176 neurons fixed across 5 layer(s)
sample [81/100] orig=3 cf=0 -- 4716/6176 neurons fixed across 5 layer(s)
sample [82/100] orig=3 cf=1 -- 4789/6176 neurons fixed across 5 layer(s)
sample [83/100] orig=4 cf=6 -- 4625/6176 neurons fixed across 5 layer(s)
sample [84/100] orig=5 cf=6 -- 4926/6176 neurons fixed across 5 layer(s)
sample [85/100] orig=4 cf=6 -- 4840/6176 neurons fixed across 5 layer(s)
sample [86/100] orig=7 cf=5 -- 4792/6176 neurons fixed across 5 layer(s)
sample [87/100] orig=4 cf=7 -- 4753/6176 neurons fixed across 5 layer(s)
sample [88/100] orig=7 cf=6 -- 4777/6176 neurons fixed across 5 layer(s)
sample [89/100] orig=9 cf=1 -- 4996/6176 neurons fixed across 5 layer(s)
sample [90/100] orig=4 cf=2 -- 4780/6176 neurons fixed across 5 layer(s)
sample [91/100] orig=6 cf=7 -- 4892/6176 neurons fixed across 5 layer(s)
sample [92/100] orig=3 cf=2 -- 4890/6176 neurons fixed across 5 layer(s)
sample [93/100] orig=8 cf=0 -- 5107/6176 neurons fixed across 5 layer(s)
sample [94/100] orig=0 cf=1 -- 4702/6176 neurons fixed across 5 layer(s)
sample [95/100] orig=1 cf=7 -- 4913/6176 neurons fixed across 5 layer(s)
sample [96/100] orig=6 cf=7 -- 4974/6176 neurons fixed across 5 layer(s)
sample [97/100] orig=1 cf=8 -- 4887/6176 neurons fixed across 5 layer(s)
sample [98/100] orig=1 cf=4 -- 4801/6176 neurons fixed across 5 layer(s)
sample [99/100] orig=4 cf=6 -- 4777/6176 neurons fixed across 5 layer(s)
sample [100/100] orig=1 cf=8 -- 5032/6176 neurons fixed across 5 layer(s)

100/100 samples written to /Users/labbaf/Documents/NN_Explainability/spexplain/neuron-activation/spexplain/data/neuron_activations/cifar10/cnn-bench/S4.txt (0 failed to produce a counterfactual)
