Model: /Users/labbaf/Documents/NN_Explainability/spexplain/neuron-activation/spexplain/data/models/cifar10/cnn-bench/S6.onnx
  input shape [1, 3, 32, 32], 3072 features, 7 ReLU layer(s), 10-class
Dataset: /Users/labbaf/Documents/NN_Explainability/spexplain/neuron-activation/spexplain/data/datasets/cifar10/cifar10_s100_scaled.csv (100/100 samples)
PGD: epsilon-frac=0.1 step-frac=0.1 num-steps=50
Output: /Users/labbaf/Documents/NN_Explainability/spexplain/neuron-activation/spexplain/data/neuron_activations/cifar10/cnn-bench/S6.txt

sample [1/100] orig=6 cf=5 -- 5510/7200 neurons fixed across 7 layer(s)
sample [2/100] orig=9 cf=2 -- 5608/7200 neurons fixed across 7 layer(s)
sample [3/100] orig=9 cf=0 -- 5525/7200 neurons fixed across 7 layer(s)
sample [4/100] orig=4 cf=6 -- 5255/7200 neurons fixed across 7 layer(s)
sample [5/100] orig=1 cf=9 -- 5594/7200 neurons fixed across 7 layer(s)
sample [6/100] orig=1 cf=9 -- 5814/7200 neurons fixed across 7 layer(s)
sample [7/100] orig=2 cf=7 -- 5677/7200 neurons fixed across 7 layer(s)
sample [8/100] orig=7 cf=2 -- 5591/7200 neurons fixed across 7 layer(s)
sample [9/100] orig=8 cf=0 -- 5688/7200 neurons fixed across 7 layer(s)
sample [10/100] orig=9 cf=3 -- 5434/7200 neurons fixed across 7 layer(s)
sample [11/100] orig=4 cf=6 -- 5016/7200 neurons fixed across 7 layer(s)
sample [12/100] orig=7 cf=2 -- 5593/7200 neurons fixed across 7 layer(s)
sample [13/100] orig=7 cf=4 -- 5557/7200 neurons fixed across 7 layer(s)
sample [14/100] orig=1 cf=4 -- 5348/7200 neurons fixed across 7 layer(s)
sample [15/100] orig=9 cf=7 -- 5455/7200 neurons fixed across 7 layer(s)
sample [16/100] orig=9 cf=8 -- 5442/7200 neurons fixed across 7 layer(s)
sample [17/100] orig=9 cf=1 -- 5488/7200 neurons fixed across 7 layer(s)
sample [18/100] orig=5 cf=4 -- 5324/7200 neurons fixed across 7 layer(s)
sample [19/100] orig=3 cf=6 -- 5486/7200 neurons fixed across 7 layer(s)
sample [20/100] orig=6 cf=9 -- 5527/7200 neurons fixed across 7 layer(s)
sample [21/100] orig=4 cf=5 -- 5404/7200 neurons fixed across 7 layer(s)
sample [22/100] orig=3 cf=2 -- 5936/7200 neurons fixed across 7 layer(s)
sample [23/100] orig=6 cf=4 -- 5310/7200 neurons fixed across 7 layer(s)
sample [24/100] orig=6 cf=4 -- 5381/7200 neurons fixed across 7 layer(s)
sample [25/100] orig=2 cf=7 -- 5616/7200 neurons fixed across 7 layer(s)
sample [26/100] orig=6 cf=5 -- 5357/7200 neurons fixed across 7 layer(s)
sample [27/100] orig=3 cf=2 -- 5250/7200 neurons fixed across 7 layer(s)
sample [28/100] orig=5 cf=2 -- 5575/7200 neurons fixed across 7 layer(s)
sample [29/100] orig=4 cf=7 -- 5526/7200 neurons fixed across 7 layer(s)
sample [30/100] orig=8 cf=0 -- 5725/7200 neurons fixed across 7 layer(s)
sample [31/100] orig=0 cf=2 -- 5333/7200 neurons fixed across 7 layer(s)
sample [32/100] orig=9 cf=3 -- 5367/7200 neurons fixed across 7 layer(s)
sample [33/100] orig=1 cf=9 -- 5665/7200 neurons fixed across 7 layer(s)
sample [34/100] orig=3 cf=4 -- 5429/7200 neurons fixed across 7 layer(s)
sample [35/100] orig=4 cf=2 -- 5268/7200 neurons fixed across 7 layer(s)
sample [36/100] orig=4 cf=0 -- 5548/7200 neurons fixed across 7 layer(s)
sample [37/100] orig=3 cf=8 -- 5500/7200 neurons fixed across 7 layer(s)
sample [38/100] orig=7 cf=5 -- 5306/7200 neurons fixed across 7 layer(s)
sample [39/100] orig=3 cf=8 -- 5564/7200 neurons fixed across 7 layer(s)
sample [40/100] orig=6 cf=4 -- 5403/7200 neurons fixed across 7 layer(s)
sample [41/100] orig=5 cf=2 -- 5451/7200 neurons fixed across 7 layer(s)
sample [42/100] orig=2 cf=7 -- 5324/7200 neurons fixed across 7 layer(s)
sample [43/100] orig=2 cf=7 -- 5188/7200 neurons fixed across 7 layer(s)
sample [44/100] orig=7 cf=5 -- 5714/7200 neurons fixed across 7 layer(s)
sample [45/100] orig=1 cf=9 -- 5537/7200 neurons fixed across 7 layer(s)
sample [46/100] orig=1 cf=9 -- 5733/7200 neurons fixed across 7 layer(s)
sample [47/100] orig=1 cf=0 -- 5450/7200 neurons fixed across 7 layer(s)
sample [48/100] orig=0 cf=8 -- 5422/7200 neurons fixed across 7 layer(s)
sample [49/100] orig=2 cf=4 -- 5471/7200 neurons fixed across 7 layer(s)
sample [50/100] orig=0 cf=7 -- 5956/7200 neurons fixed across 7 layer(s)
sample [51/100] orig=0 cf=8 -- 5565/7200 neurons fixed across 7 layer(s)
sample [52/100] orig=3 cf=9 -- 5656/7200 neurons fixed across 7 layer(s)
sample [53/100] orig=7 cf=4 -- 5660/7200 neurons fixed across 7 layer(s)
sample [54/100] orig=9 cf=0 -- 5512/7200 neurons fixed across 7 layer(s)
sample [55/100] orig=2 cf=4 -- 5130/7200 neurons fixed across 7 layer(s)
sample [56/100] orig=3 cf=4 -- 5536/7200 neurons fixed across 7 layer(s)
sample [57/100] orig=2 cf=7 -- 5647/7200 neurons fixed across 7 layer(s)
sample [58/100] orig=2 cf=4 -- 5279/7200 neurons fixed across 7 layer(s)
sample [59/100] orig=4 cf=2 -- 5398/7200 neurons fixed across 7 layer(s)
sample [60/100] orig=4 cf=9 -- 5501/7200 neurons fixed across 7 layer(s)
sample [61/100] orig=1 cf=8 -- 5671/7200 neurons fixed across 7 layer(s)
sample [62/100] orig=1 cf=6 -- 5408/7200 neurons fixed across 7 layer(s)
sample [63/100] orig=8 cf=0 -- 5424/7200 neurons fixed across 7 layer(s)
sample [64/100] orig=2 cf=9 -- 5351/7200 neurons fixed across 7 layer(s)
sample [65/100] orig=1 cf=9 -- 5637/7200 neurons fixed across 7 layer(s)
sample [66/100] orig=1 cf=9 -- 5670/7200 neurons fixed across 7 layer(s)
sample [67/100] orig=4 cf=7 -- 5424/7200 neurons fixed across 7 layer(s)
sample [68/100] orig=9 cf=8 -- 5467/7200 neurons fixed across 7 layer(s)
sample [69/100] orig=7 cf=2 -- 5504/7200 neurons fixed across 7 layer(s)
sample [70/100] orig=8 cf=0 -- 5300/7200 neurons fixed across 7 layer(s)
sample [71/100] orig=2 cf=3 -- 5438/7200 neurons fixed across 7 layer(s)
sample [72/100] orig=9 cf=7 -- 5477/7200 neurons fixed across 7 layer(s)
sample [73/100] orig=9 cf=6 -- 5634/7200 neurons fixed across 7 layer(s)
sample [74/100] orig=7 cf=9 -- 5480/7200 neurons fixed across 7 layer(s)
sample [75/100] orig=3 cf=2 -- 5504/7200 neurons fixed across 7 layer(s)
sample [76/100] orig=1 cf=4 -- 5291/7200 neurons fixed across 7 layer(s)
sample [77/100] orig=9 cf=8 -- 5599/7200 neurons fixed across 7 layer(s)
sample [78/100] orig=0 cf=2 -- 5282/7200 neurons fixed across 7 layer(s)
sample [79/100] orig=3 cf=9 -- 5502/7200 neurons fixed across 7 layer(s)
sample [80/100] orig=1 cf=0 -- 5844/7200 neurons fixed across 7 layer(s)
sample [81/100] orig=3 cf=0 -- 5419/7200 neurons fixed across 7 layer(s)
sample [82/100] orig=3 cf=7 -- 5460/7200 neurons fixed across 7 layer(s)
sample [83/100] orig=4 cf=2 -- 5392/7200 neurons fixed across 7 layer(s)
sample [84/100] orig=5 cf=0 -- 5411/7200 neurons fixed across 7 layer(s)
sample [85/100] orig=7 cf=2 -- 5564/7200 neurons fixed across 7 layer(s)
sample [86/100] orig=7 cf=2 -- 5410/7200 neurons fixed across 7 layer(s)
sample [87/100] orig=4 cf=7 -- 5267/7200 neurons fixed across 7 layer(s)
sample [88/100] orig=7 cf=2 -- 5411/7200 neurons fixed across 7 layer(s)
sample [89/100] orig=9 cf=7 -- 5480/7200 neurons fixed across 7 layer(s)
sample [90/100] orig=2 cf=4 -- 5393/7200 neurons fixed across 7 layer(s)
sample [91/100] orig=2 cf=6 -- 5489/7200 neurons fixed across 7 layer(s)
sample [92/100] orig=3 cf=5 -- 5611/7200 neurons fixed across 7 layer(s)
sample [93/100] orig=8 cf=4 -- 5668/7200 neurons fixed across 7 layer(s)
sample [94/100] orig=0 cf=9 -- 5225/7200 neurons fixed across 7 layer(s)
sample [95/100] orig=1 cf=7 -- 5431/7200 neurons fixed across 7 layer(s)
sample [96/100] orig=6 cf=4 -- 5627/7200 neurons fixed across 7 layer(s)
sample [97/100] orig=1 cf=8 -- 5401/7200 neurons fixed across 7 layer(s)
sample [98/100] orig=9 cf=1 -- 5522/7200 neurons fixed across 7 layer(s)
sample [99/100] orig=4 cf=6 -- 5424/7200 neurons fixed across 7 layer(s)
sample [100/100] orig=1 cf=6 -- 5660/7200 neurons fixed across 7 layer(s)

100/100 samples written to /Users/labbaf/Documents/NN_Explainability/spexplain/neuron-activation/spexplain/data/neuron_activations/cifar10/cnn-bench/S6.txt (0 failed to produce a counterfactual)
