Model: /Users/labbaf/Documents/NN_Explainability/spexplain/neuron-activation/spexplain/data/models/cifar/cnn-bench/AB1.onnx
  input shape [1, 3, 32, 32], 3072 features, 2 ReLU layer(s), 10-class
Dataset: /Users/labbaf/Documents/NN_Explainability/spexplain/neuron-activation/spexplain/data/datasets/cifar/cifar_s100_scaled.csv (100/100 samples)
PGD: epsilon-frac=0.1 step-frac=0.1 num-steps=50
Output: /Users/labbaf/Documents/NN_Explainability/spexplain/neuron-activation/spexplain/data/neuron_activations/cifar/cnn-bench/AB1.txt

sample [1/100] orig=5 cf=6 -- 1765/2080 neurons fixed across 2 layer(s)
sample [2/100] orig=9 cf=7 -- 1681/2080 neurons fixed across 2 layer(s)
sample [3/100] orig=9 cf=8 -- 1688/2080 neurons fixed across 2 layer(s)
sample [4/100] orig=6 cf=7 -- 1566/2080 neurons fixed across 2 layer(s)
sample [5/100] orig=1 cf=7 -- 1658/2080 neurons fixed across 2 layer(s)
sample [6/100] orig=1 cf=6 -- 1761/2080 neurons fixed across 2 layer(s)
sample [7/100] orig=7 cf=6 -- 1795/2080 neurons fixed across 2 layer(s)
sample [8/100] orig=7 cf=6 -- 1757/2080 neurons fixed across 2 layer(s)
sample [9/100] orig=8 cf=0 -- 1690/2080 neurons fixed across 2 layer(s)
sample [10/100] orig=9 cf=7 -- 1604/2080 neurons fixed across 2 layer(s)
sample [11/100] orig=4 cf=6 -- 1618/2080 neurons fixed across 2 layer(s)
sample [12/100] orig=7 cf=6 -- 1656/2080 neurons fixed across 2 layer(s)
sample [13/100] orig=7 cf=8 -- 1721/2080 neurons fixed across 2 layer(s)
sample [14/100] orig=9 cf=5 -- 1624/2080 neurons fixed across 2 layer(s)
sample [15/100] orig=9 cf=6 -- 1733/2080 neurons fixed across 2 layer(s)
sample [16/100] orig=8 cf=9 -- 1715/2080 neurons fixed across 2 layer(s)
sample [17/100] orig=9 cf=8 -- 1733/2080 neurons fixed across 2 layer(s)
sample [18/100] orig=3 cf=4 -- 1661/2080 neurons fixed across 2 layer(s)
sample [19/100] orig=6 cf=7 -- 1581/2080 neurons fixed across 2 layer(s)
sample [20/100] orig=6 cf=1 -- 1738/2080 neurons fixed across 2 layer(s)
sample [21/100] orig=0 cf=6 -- 1698/2080 neurons fixed across 2 layer(s)
sample [22/100] orig=3 cf=5 -- 1783/2080 neurons fixed across 2 layer(s)
sample [23/100] orig=6 cf=5 -- 1589/2080 neurons fixed across 2 layer(s)
sample [24/100] orig=6 cf=2 -- 1687/2080 neurons fixed across 2 layer(s)
sample [25/100] orig=2 cf=6 -- 1728/2080 neurons fixed across 2 layer(s)
sample [26/100] orig=6 cf=9 -- 1626/2080 neurons fixed across 2 layer(s)
sample [27/100] orig=3 cf=2 -- 1693/2080 neurons fixed across 2 layer(s)
sample [28/100] orig=5 cf=1 -- 1683/2080 neurons fixed across 2 layer(s)
sample [29/100] orig=7 cf=6 -- 1706/2080 neurons fixed across 2 layer(s)
sample [30/100] orig=2 cf=8 -- 1765/2080 neurons fixed across 2 layer(s)
sample [31/100] orig=0 cf=6 -- 1626/2080 neurons fixed across 2 layer(s)
sample [32/100] orig=9 cf=8 -- 1674/2080 neurons fixed across 2 layer(s)
sample [33/100] orig=1 cf=9 -- 1685/2080 neurons fixed across 2 layer(s)
sample [34/100] orig=3 cf=6 -- 1754/2080 neurons fixed across 2 layer(s)
sample [35/100] orig=4 cf=6 -- 1716/2080 neurons fixed across 2 layer(s)
sample [36/100] orig=7 cf=6 -- 1712/2080 neurons fixed across 2 layer(s)
sample [37/100] orig=3 cf=0 -- 1708/2080 neurons fixed across 2 layer(s)
sample [38/100] orig=7 cf=2 -- 1669/2080 neurons fixed across 2 layer(s)
sample [39/100] orig=8 cf=3 -- 1728/2080 neurons fixed across 2 layer(s)
sample [40/100] orig=6 cf=0 -- 1728/2080 neurons fixed across 2 layer(s)
sample [41/100] orig=7 cf=6 -- 1686/2080 neurons fixed across 2 layer(s)
sample [42/100] orig=2 cf=5 -- 1691/2080 neurons fixed across 2 layer(s)
sample [43/100] orig=2 cf=7 -- 1614/2080 neurons fixed across 2 layer(s)
sample [44/100] orig=7 cf=1 -- 1705/2080 neurons fixed across 2 layer(s)
sample [45/100] orig=1 cf=7 -- 1699/2080 neurons fixed across 2 layer(s)
sample [46/100] orig=1 cf=8 -- 1773/2080 neurons fixed across 2 layer(s)
sample [47/100] orig=1 cf=0 -- 1667/2080 neurons fixed across 2 layer(s)
sample [48/100] orig=0 cf=8 -- 1655/2080 neurons fixed across 2 layer(s)
sample [49/100] orig=2 cf=7 -- 1709/2080 neurons fixed across 2 layer(s)
sample [50/100] orig=0 cf=6 -- 1812/2080 neurons fixed across 2 layer(s)
sample [51/100] orig=9 cf=6 -- 1735/2080 neurons fixed across 2 layer(s)
sample [52/100] orig=5 cf=9 -- 1703/2080 neurons fixed across 2 layer(s)
sample [53/100] orig=7 cf=6 -- 1718/2080 neurons fixed across 2 layer(s)
sample [54/100] orig=0 cf=6 -- 1664/2080 neurons fixed across 2 layer(s)
sample [55/100] orig=2 cf=6 -- 1666/2080 neurons fixed across 2 layer(s)
sample [56/100] orig=3 cf=9 -- 1762/2080 neurons fixed across 2 layer(s)
sample [57/100] orig=6 cf=7 -- 1676/2080 neurons fixed across 2 layer(s)
sample [58/100] orig=2 cf=6 -- 1688/2080 neurons fixed across 2 layer(s)
sample [59/100] orig=4 cf=2 -- 1723/2080 neurons fixed across 2 layer(s)
sample [60/100] orig=3 cf=1 -- 1713/2080 neurons fixed across 2 layer(s)
sample [61/100] orig=1 cf=8 -- 1713/2080 neurons fixed across 2 layer(s)
sample [62/100] orig=1 cf=7 -- 1688/2080 neurons fixed across 2 layer(s)
sample [63/100] orig=8 cf=1 -- 1668/2080 neurons fixed across 2 layer(s)
sample [64/100] orig=1 cf=2 -- 1714/2080 neurons fixed across 2 layer(s)
sample [65/100] orig=1 cf=5 -- 1686/2080 neurons fixed across 2 layer(s)
sample [66/100] orig=1 cf=7 -- 1677/2080 neurons fixed across 2 layer(s)
sample [67/100] orig=4 cf=1 -- 1702/2080 neurons fixed across 2 layer(s)
sample [68/100] orig=9 cf=8 -- 1758/2080 neurons fixed across 2 layer(s)
sample [69/100] orig=7 cf=2 -- 1593/2080 neurons fixed across 2 layer(s)
sample [70/100] orig=8 cf=0 -- 1631/2080 neurons fixed across 2 layer(s)
sample [71/100] orig=0 cf=6 -- 1731/2080 neurons fixed across 2 layer(s)
sample [72/100] orig=1 cf=2 -- 1702/2080 neurons fixed across 2 layer(s)
sample [73/100] orig=6 cf=9 -- 1723/2080 neurons fixed across 2 layer(s)
sample [74/100] orig=7 cf=6 -- 1623/2080 neurons fixed across 2 layer(s)
sample [75/100] orig=2 cf=1 -- 1769/2080 neurons fixed across 2 layer(s)
sample [76/100] orig=9 cf=4 -- 1651/2080 neurons fixed across 2 layer(s)
sample [77/100] orig=9 cf=8 -- 1716/2080 neurons fixed across 2 layer(s)
sample [78/100] orig=4 cf=1 -- 1695/2080 neurons fixed across 2 layer(s)
sample [79/100] orig=5 cf=9 -- 1697/2080 neurons fixed across 2 layer(s)
sample [80/100] orig=0 cf=7 -- 1734/2080 neurons fixed across 2 layer(s)
sample [81/100] orig=4 cf=6 -- 1630/2080 neurons fixed across 2 layer(s)
sample [82/100] orig=2 cf=7 -- 1666/2080 neurons fixed across 2 layer(s)
sample [83/100] orig=4 cf=6 -- 1733/2080 neurons fixed across 2 layer(s)
sample [84/100] orig=5 cf=8 -- 1672/2080 neurons fixed across 2 layer(s)
sample [85/100] orig=7 cf=8 -- 1693/2080 neurons fixed across 2 layer(s)
sample [86/100] orig=7 cf=6 -- 1618/2080 neurons fixed across 2 layer(s)
sample [87/100] orig=7 cf=6 -- 1582/2080 neurons fixed across 2 layer(s)
sample [88/100] orig=7 cf=6 -- 1725/2080 neurons fixed across 2 layer(s)
sample [89/100] orig=9 cf=6 -- 1707/2080 neurons fixed across 2 layer(s)
sample [90/100] orig=4 cf=6 -- 1711/2080 neurons fixed across 2 layer(s)
sample [91/100] orig=6 cf=0 -- 1650/2080 neurons fixed across 2 layer(s)
sample [92/100] orig=5 cf=8 -- 1707/2080 neurons fixed across 2 layer(s)
sample [93/100] orig=8 cf=6 -- 1685/2080 neurons fixed across 2 layer(s)
sample [94/100] orig=0 cf=1 -- 1599/2080 neurons fixed across 2 layer(s)
sample [95/100] orig=9 cf=2 -- 1653/2080 neurons fixed across 2 layer(s)
sample [96/100] orig=6 cf=2 -- 1799/2080 neurons fixed across 2 layer(s)
sample [97/100] orig=1 cf=9 -- 1703/2080 neurons fixed across 2 layer(s)
sample [98/100] orig=7 cf=6 -- 1714/2080 neurons fixed across 2 layer(s)
sample [99/100] orig=6 cf=4 -- 1707/2080 neurons fixed across 2 layer(s)
sample [100/100] orig=1 cf=8 -- 1739/2080 neurons fixed across 2 layer(s)

100/100 samples written to /Users/labbaf/Documents/NN_Explainability/spexplain/neuron-activation/spexplain/data/neuron_activations/cifar/cnn-bench/AB1.txt (0 failed to produce a counterfactual)
