Model: /Users/labbaf/Documents/NN_Explainability/spexplain/neuron-activation/spexplain/data/models/cifar/cnn-bench/AB2.onnx
  input shape [1, 3, 32, 32], 3072 features, 3 ReLU layer(s), 10-class
Dataset: /Users/labbaf/Documents/NN_Explainability/spexplain/neuron-activation/spexplain/data/datasets/cifar/cifar_s100_scaled.csv (100/100 samples)
PGD: epsilon-frac=0.1 step-frac=0.1 num-steps=50
Output: /Users/labbaf/Documents/NN_Explainability/spexplain/neuron-activation/spexplain/data/neuron_activations/cifar/cnn-bench/AB2.txt

sample [1/100] orig=6 cf=7 -- 2561/3104 neurons fixed across 3 layer(s)
sample [2/100] orig=9 cf=2 -- 2566/3104 neurons fixed across 3 layer(s)
sample [3/100] orig=0 cf=7 -- 2480/3104 neurons fixed across 3 layer(s)
sample [4/100] orig=4 cf=6 -- 2304/3104 neurons fixed across 3 layer(s)
sample [5/100] orig=1 cf=7 -- 2377/3104 neurons fixed across 3 layer(s)
sample [6/100] orig=1 cf=7 -- 2602/3104 neurons fixed across 3 layer(s)
sample [7/100] orig=7 cf=2 -- 2441/3104 neurons fixed across 3 layer(s)
sample [8/100] orig=7 cf=6 -- 2520/3104 neurons fixed across 3 layer(s)
sample [9/100] orig=8 cf=0 -- 2604/3104 neurons fixed across 3 layer(s)
sample [10/100] orig=0 cf=1 -- 2366/3104 neurons fixed across 3 layer(s)
sample [11/100] orig=4 cf=6 -- 2135/3104 neurons fixed across 3 layer(s)
sample [12/100] orig=7 cf=6 -- 2472/3104 neurons fixed across 3 layer(s)
sample [13/100] orig=7 cf=8 -- 2502/3104 neurons fixed across 3 layer(s)
sample [14/100] orig=2 cf=9 -- 2461/3104 neurons fixed across 3 layer(s)
sample [15/100] orig=9 cf=2 -- 2505/3104 neurons fixed across 3 layer(s)
sample [16/100] orig=9 cf=8 -- 2372/3104 neurons fixed across 3 layer(s)
sample [17/100] orig=9 cf=4 -- 2491/3104 neurons fixed across 3 layer(s)
sample [18/100] orig=5 cf=6 -- 2366/3104 neurons fixed across 3 layer(s)
sample [19/100] orig=6 cf=7 -- 2434/3104 neurons fixed across 3 layer(s)
sample [20/100] orig=9 cf=6 -- 2483/3104 neurons fixed across 3 layer(s)
sample [21/100] orig=4 cf=2 -- 2484/3104 neurons fixed across 3 layer(s)
sample [22/100] orig=6 cf=0 -- 2607/3104 neurons fixed across 3 layer(s)
sample [23/100] orig=6 cf=4 -- 2293/3104 neurons fixed across 3 layer(s)
sample [24/100] orig=6 cf=4 -- 2374/3104 neurons fixed across 3 layer(s)
sample [25/100] orig=2 cf=1 -- 2537/3104 neurons fixed across 3 layer(s)
sample [26/100] orig=6 cf=7 -- 2387/3104 neurons fixed across 3 layer(s)
sample [27/100] orig=3 cf=2 -- 2373/3104 neurons fixed across 3 layer(s)
sample [28/100] orig=2 cf=7 -- 2460/3104 neurons fixed across 3 layer(s)
sample [29/100] orig=4 cf=7 -- 2458/3104 neurons fixed across 3 layer(s)
sample [30/100] orig=2 cf=8 -- 2548/3104 neurons fixed across 3 layer(s)
sample [31/100] orig=0 cf=2 -- 2405/3104 neurons fixed across 3 layer(s)
sample [32/100] orig=9 cf=6 -- 2364/3104 neurons fixed across 3 layer(s)
sample [33/100] orig=1 cf=5 -- 2461/3104 neurons fixed across 3 layer(s)
sample [34/100] orig=5 cf=6 -- 2458/3104 neurons fixed across 3 layer(s)
sample [35/100] orig=2 cf=4 -- 2431/3104 neurons fixed across 3 layer(s)
sample [36/100] orig=7 cf=8 -- 2409/3104 neurons fixed across 3 layer(s)
sample [37/100] orig=3 cf=4 -- 2372/3104 neurons fixed across 3 layer(s)
sample [38/100] orig=4 cf=7 -- 2384/3104 neurons fixed across 3 layer(s)
sample [39/100] orig=8 cf=3 -- 2501/3104 neurons fixed across 3 layer(s)
sample [40/100] orig=4 cf=6 -- 2394/3104 neurons fixed across 3 layer(s)
sample [41/100] orig=5 cf=1 -- 2427/3104 neurons fixed across 3 layer(s)
sample [42/100] orig=2 cf=4 -- 2463/3104 neurons fixed across 3 layer(s)
sample [43/100] orig=2 cf=4 -- 2302/3104 neurons fixed across 3 layer(s)
sample [44/100] orig=7 cf=8 -- 2524/3104 neurons fixed across 3 layer(s)
sample [45/100] orig=1 cf=5 -- 2485/3104 neurons fixed across 3 layer(s)
sample [46/100] orig=1 cf=4 -- 2513/3104 neurons fixed across 3 layer(s)
sample [47/100] orig=1 cf=2 -- 2410/3104 neurons fixed across 3 layer(s)
sample [48/100] orig=0 cf=8 -- 2355/3104 neurons fixed across 3 layer(s)
sample [49/100] orig=2 cf=7 -- 2431/3104 neurons fixed across 3 layer(s)
sample [50/100] orig=3 cf=0 -- 2672/3104 neurons fixed across 3 layer(s)
sample [51/100] orig=2 cf=8 -- 2528/3104 neurons fixed across 3 layer(s)
sample [52/100] orig=5 cf=1 -- 2508/3104 neurons fixed across 3 layer(s)
sample [53/100] orig=7 cf=6 -- 2534/3104 neurons fixed across 3 layer(s)
sample [54/100] orig=0 cf=9 -- 2471/3104 neurons fixed across 3 layer(s)
sample [55/100] orig=2 cf=5 -- 2231/3104 neurons fixed across 3 layer(s)
sample [56/100] orig=3 cf=7 -- 2599/3104 neurons fixed across 3 layer(s)
sample [57/100] orig=5 cf=6 -- 2470/3104 neurons fixed across 3 layer(s)
sample [58/100] orig=2 cf=6 -- 2293/3104 neurons fixed across 3 layer(s)
sample [59/100] orig=4 cf=2 -- 2368/3104 neurons fixed across 3 layer(s)
sample [60/100] orig=6 cf=4 -- 2522/3104 neurons fixed across 3 layer(s)
sample [61/100] orig=1 cf=5 -- 2490/3104 neurons fixed across 3 layer(s)
sample [62/100] orig=1 cf=5 -- 2478/3104 neurons fixed across 3 layer(s)
sample [63/100] orig=8 cf=4 -- 2338/3104 neurons fixed across 3 layer(s)
sample [64/100] orig=2 cf=9 -- 2422/3104 neurons fixed across 3 layer(s)
sample [65/100] orig=1 cf=5 -- 2494/3104 neurons fixed across 3 layer(s)
sample [66/100] orig=1 cf=9 -- 2560/3104 neurons fixed across 3 layer(s)
sample [67/100] orig=4 cf=2 -- 2389/3104 neurons fixed across 3 layer(s)
sample [68/100] orig=9 cf=8 -- 2452/3104 neurons fixed across 3 layer(s)
sample [69/100] orig=7 cf=6 -- 2421/3104 neurons fixed across 3 layer(s)
sample [70/100] orig=8 cf=0 -- 2244/3104 neurons fixed across 3 layer(s)
sample [71/100] orig=0 cf=6 -- 2324/3104 neurons fixed across 3 layer(s)
sample [72/100] orig=9 cf=6 -- 2415/3104 neurons fixed across 3 layer(s)
sample [73/100] orig=6 cf=9 -- 2511/3104 neurons fixed across 3 layer(s)
sample [74/100] orig=7 cf=8 -- 2336/3104 neurons fixed across 3 layer(s)
sample [75/100] orig=2 cf=5 -- 2488/3104 neurons fixed across 3 layer(s)
sample [76/100] orig=1 cf=4 -- 2392/3104 neurons fixed across 3 layer(s)
sample [77/100] orig=9 cf=8 -- 2442/3104 neurons fixed across 3 layer(s)
sample [78/100] orig=0 cf=6 -- 2311/3104 neurons fixed across 3 layer(s)
sample [79/100] orig=7 cf=4 -- 2445/3104 neurons fixed across 3 layer(s)
sample [80/100] orig=0 cf=1 -- 2603/3104 neurons fixed across 3 layer(s)
sample [81/100] orig=3 cf=0 -- 2435/3104 neurons fixed across 3 layer(s)
sample [82/100] orig=3 cf=2 -- 2444/3104 neurons fixed across 3 layer(s)
sample [83/100] orig=4 cf=2 -- 2425/3104 neurons fixed across 3 layer(s)
sample [84/100] orig=5 cf=8 -- 2385/3104 neurons fixed across 3 layer(s)
sample [85/100] orig=7 cf=4 -- 2471/3104 neurons fixed across 3 layer(s)
sample [86/100] orig=7 cf=6 -- 2292/3104 neurons fixed across 3 layer(s)
sample [87/100] orig=7 cf=6 -- 2287/3104 neurons fixed across 3 layer(s)
sample [88/100] orig=7 cf=6 -- 2341/3104 neurons fixed across 3 layer(s)
sample [89/100] orig=9 cf=4 -- 2468/3104 neurons fixed across 3 layer(s)
sample [90/100] orig=2 cf=4 -- 2387/3104 neurons fixed across 3 layer(s)
sample [91/100] orig=3 cf=0 -- 2501/3104 neurons fixed across 3 layer(s)
sample [92/100] orig=3 cf=2 -- 2387/3104 neurons fixed across 3 layer(s)
sample [93/100] orig=8 cf=4 -- 2557/3104 neurons fixed across 3 layer(s)
sample [94/100] orig=0 cf=1 -- 2395/3104 neurons fixed across 3 layer(s)
sample [95/100] orig=1 cf=7 -- 2495/3104 neurons fixed across 3 layer(s)
sample [96/100] orig=6 cf=4 -- 2480/3104 neurons fixed across 3 layer(s)
sample [97/100] orig=1 cf=8 -- 2466/3104 neurons fixed across 3 layer(s)
sample [98/100] orig=1 cf=4 -- 2458/3104 neurons fixed across 3 layer(s)
sample [99/100] orig=4 cf=6 -- 2477/3104 neurons fixed across 3 layer(s)
sample [100/100] orig=1 cf=2 -- 2452/3104 neurons fixed across 3 layer(s)

100/100 samples written to /Users/labbaf/Documents/NN_Explainability/spexplain/neuron-activation/spexplain/data/neuron_activations/cifar/cnn-bench/AB2.txt (0 failed to produce a counterfactual)
