Model: /Users/labbaf/Documents/NN_Explainability/spexplain/neuron-activation/spexplain/data/models/cifar/cnn-bench/AB3.onnx
  input shape [1, 3, 32, 32], 3072 features, 4 ReLU layer(s), 10-class
Dataset: /Users/labbaf/Documents/NN_Explainability/spexplain/neuron-activation/spexplain/data/datasets/cifar/cifar_s100_scaled.csv (100/100 samples)
PGD: epsilon-frac=0.1 step-frac=0.1 num-steps=50
Output: /Users/labbaf/Documents/NN_Explainability/spexplain/neuron-activation/spexplain/data/neuron_activations/cifar/cnn-bench/AB3.txt

sample [1/100] orig=6 cf=7 -- 3130/4128 neurons fixed across 4 layer(s)
sample [2/100] orig=9 cf=1 -- 3237/4128 neurons fixed across 4 layer(s)
sample [3/100] orig=9 cf=8 -- 3220/4128 neurons fixed across 4 layer(s)
sample [4/100] orig=4 cf=6 -- 2971/4128 neurons fixed across 4 layer(s)
sample [5/100] orig=1 cf=0 -- 3182/4128 neurons fixed across 4 layer(s)
sample [6/100] orig=1 cf=9 -- 3325/4128 neurons fixed across 4 layer(s)
sample [7/100] orig=2 cf=1 -- 3169/4128 neurons fixed across 4 layer(s)
sample [8/100] orig=7 cf=6 -- 3224/4128 neurons fixed across 4 layer(s)
sample [9/100] orig=8 cf=0 -- 3308/4128 neurons fixed across 4 layer(s)
sample [10/100] orig=0 cf=2 -- 3071/4128 neurons fixed across 4 layer(s)
sample [11/100] orig=4 cf=6 -- 2827/4128 neurons fixed across 4 layer(s)
sample [12/100] orig=7 cf=6 -- 3007/4128 neurons fixed across 4 layer(s)
sample [13/100] orig=7 cf=4 -- 3134/4128 neurons fixed across 4 layer(s)
sample [14/100] orig=8 cf=5 -- 3196/4128 neurons fixed across 4 layer(s)
sample [15/100] orig=9 cf=6 -- 3167/4128 neurons fixed across 4 layer(s)
sample [16/100] orig=9 cf=4 -- 3099/4128 neurons fixed across 4 layer(s)
sample [17/100] orig=9 cf=4 -- 3137/4128 neurons fixed across 4 layer(s)
sample [18/100] orig=3 cf=7 -- 3040/4128 neurons fixed across 4 layer(s)
sample [19/100] orig=6 cf=2 -- 3116/4128 neurons fixed across 4 layer(s)
sample [20/100] orig=6 cf=9 -- 3268/4128 neurons fixed across 4 layer(s)
sample [21/100] orig=4 cf=5 -- 3209/4128 neurons fixed across 4 layer(s)
sample [22/100] orig=3 cf=9 -- 3494/4128 neurons fixed across 4 layer(s)
sample [23/100] orig=6 cf=7 -- 2954/4128 neurons fixed across 4 layer(s)
sample [24/100] orig=6 cf=7 -- 3029/4128 neurons fixed across 4 layer(s)
sample [25/100] orig=2 cf=1 -- 3167/4128 neurons fixed across 4 layer(s)
sample [26/100] orig=6 cf=9 -- 3104/4128 neurons fixed across 4 layer(s)
sample [27/100] orig=3 cf=2 -- 2961/4128 neurons fixed across 4 layer(s)
sample [28/100] orig=2 cf=9 -- 3170/4128 neurons fixed across 4 layer(s)
sample [29/100] orig=4 cf=7 -- 3185/4128 neurons fixed across 4 layer(s)
sample [30/100] orig=0 cf=8 -- 3247/4128 neurons fixed across 4 layer(s)
sample [31/100] orig=0 cf=6 -- 2982/4128 neurons fixed across 4 layer(s)
sample [32/100] orig=9 cf=4 -- 3094/4128 neurons fixed across 4 layer(s)
sample [33/100] orig=1 cf=9 -- 3254/4128 neurons fixed across 4 layer(s)
sample [34/100] orig=3 cf=7 -- 3095/4128 neurons fixed across 4 layer(s)
sample [35/100] orig=4 cf=2 -- 3112/4128 neurons fixed across 4 layer(s)
sample [36/100] orig=2 cf=7 -- 3169/4128 neurons fixed across 4 layer(s)
sample [37/100] orig=3 cf=8 -- 3033/4128 neurons fixed across 4 layer(s)
sample [38/100] orig=7 cf=6 -- 2987/4128 neurons fixed across 4 layer(s)
sample [39/100] orig=8 cf=5 -- 3185/4128 neurons fixed across 4 layer(s)
sample [40/100] orig=4 cf=6 -- 3090/4128 neurons fixed across 4 layer(s)
sample [41/100] orig=5 cf=1 -- 2969/4128 neurons fixed across 4 layer(s)
sample [42/100] orig=7 cf=0 -- 3166/4128 neurons fixed across 4 layer(s)
sample [43/100] orig=2 cf=7 -- 2845/4128 neurons fixed across 4 layer(s)
sample [44/100] orig=7 cf=8 -- 3163/4128 neurons fixed across 4 layer(s)
sample [45/100] orig=1 cf=7 -- 3162/4128 neurons fixed across 4 layer(s)
sample [46/100] orig=1 cf=9 -- 3280/4128 neurons fixed across 4 layer(s)
sample [47/100] orig=1 cf=0 -- 3080/4128 neurons fixed across 4 layer(s)
sample [48/100] orig=8 cf=0 -- 3089/4128 neurons fixed across 4 layer(s)
sample [49/100] orig=2 cf=4 -- 3128/4128 neurons fixed across 4 layer(s)
sample [50/100] orig=3 cf=7 -- 3374/4128 neurons fixed across 4 layer(s)
sample [51/100] orig=2 cf=1 -- 3197/4128 neurons fixed across 4 layer(s)
sample [52/100] orig=5 cf=6 -- 3127/4128 neurons fixed across 4 layer(s)
sample [53/100] orig=7 cf=6 -- 3133/4128 neurons fixed across 4 layer(s)
sample [54/100] orig=0 cf=9 -- 3194/4128 neurons fixed across 4 layer(s)
sample [55/100] orig=2 cf=6 -- 2806/4128 neurons fixed across 4 layer(s)
sample [56/100] orig=6 cf=7 -- 3278/4128 neurons fixed across 4 layer(s)
sample [57/100] orig=5 cf=0 -- 3171/4128 neurons fixed across 4 layer(s)
sample [58/100] orig=2 cf=4 -- 2990/4128 neurons fixed across 4 layer(s)
sample [59/100] orig=4 cf=2 -- 3114/4128 neurons fixed across 4 layer(s)
sample [60/100] orig=3 cf=7 -- 3278/4128 neurons fixed across 4 layer(s)
sample [61/100] orig=1 cf=0 -- 3203/4128 neurons fixed across 4 layer(s)
sample [62/100] orig=1 cf=9 -- 3216/4128 neurons fixed across 4 layer(s)
sample [63/100] orig=8 cf=0 -- 3099/4128 neurons fixed across 4 layer(s)
sample [64/100] orig=2 cf=9 -- 3142/4128 neurons fixed across 4 layer(s)
sample [65/100] orig=1 cf=5 -- 3206/4128 neurons fixed across 4 layer(s)
sample [66/100] orig=1 cf=4 -- 3220/4128 neurons fixed across 4 layer(s)
sample [67/100] orig=4 cf=1 -- 3190/4128 neurons fixed across 4 layer(s)
sample [68/100] orig=9 cf=1 -- 3185/4128 neurons fixed across 4 layer(s)
sample [69/100] orig=7 cf=2 -- 3238/4128 neurons fixed across 4 layer(s)
sample [70/100] orig=8 cf=0 -- 2986/4128 neurons fixed across 4 layer(s)
sample [71/100] orig=2 cf=1 -- 3186/4128 neurons fixed across 4 layer(s)
sample [72/100] orig=1 cf=7 -- 3176/4128 neurons fixed across 4 layer(s)
sample [73/100] orig=6 cf=9 -- 3210/4128 neurons fixed across 4 layer(s)
sample [74/100] orig=7 cf=3 -- 3089/4128 neurons fixed across 4 layer(s)
sample [75/100] orig=6 cf=7 -- 3227/4128 neurons fixed across 4 layer(s)
sample [76/100] orig=1 cf=4 -- 3021/4128 neurons fixed across 4 layer(s)
sample [77/100] orig=9 cf=7 -- 3259/4128 neurons fixed across 4 layer(s)
sample [78/100] orig=4 cf=1 -- 2999/4128 neurons fixed across 4 layer(s)
sample [79/100] orig=3 cf=7 -- 3195/4128 neurons fixed across 4 layer(s)
sample [80/100] orig=1 cf=0 -- 3282/4128 neurons fixed across 4 layer(s)
sample [81/100] orig=4 cf=6 -- 3020/4128 neurons fixed across 4 layer(s)
sample [82/100] orig=2 cf=3 -- 3256/4128 neurons fixed across 4 layer(s)
sample [83/100] orig=4 cf=6 -- 3018/4128 neurons fixed across 4 layer(s)
sample [84/100] orig=5 cf=8 -- 3157/4128 neurons fixed across 4 layer(s)
sample [85/100] orig=7 cf=6 -- 3099/4128 neurons fixed across 4 layer(s)
sample [86/100] orig=2 cf=7 -- 3137/4128 neurons fixed across 4 layer(s)
sample [87/100] orig=7 cf=6 -- 2911/4128 neurons fixed across 4 layer(s)
sample [88/100] orig=7 cf=6 -- 2976/4128 neurons fixed across 4 layer(s)
sample [89/100] orig=9 cf=1 -- 3251/4128 neurons fixed across 4 layer(s)
sample [90/100] orig=4 cf=8 -- 2981/4128 neurons fixed across 4 layer(s)
sample [91/100] orig=3 cf=0 -- 3168/4128 neurons fixed across 4 layer(s)
sample [92/100] orig=3 cf=2 -- 3154/4128 neurons fixed across 4 layer(s)
sample [93/100] orig=8 cf=4 -- 3286/4128 neurons fixed across 4 layer(s)
sample [94/100] orig=0 cf=1 -- 3019/4128 neurons fixed across 4 layer(s)
sample [95/100] orig=4 cf=1 -- 3200/4128 neurons fixed across 4 layer(s)
sample [96/100] orig=6 cf=7 -- 3172/4128 neurons fixed across 4 layer(s)
sample [97/100] orig=1 cf=0 -- 3102/4128 neurons fixed across 4 layer(s)
sample [98/100] orig=1 cf=4 -- 3169/4128 neurons fixed across 4 layer(s)
sample [99/100] orig=4 cf=8 -- 3098/4128 neurons fixed across 4 layer(s)
sample [100/100] orig=1 cf=6 -- 3227/4128 neurons fixed across 4 layer(s)

100/100 samples written to /Users/labbaf/Documents/NN_Explainability/spexplain/neuron-activation/spexplain/data/neuron_activations/cifar/cnn-bench/AB3.txt (0 failed to produce a counterfactual)
