Model: /Users/labbaf/Documents/NN_Explainability/spexplain/neuron-activation/spexplain/data/models/cifar/cnn-bench/AB4.onnx
  input shape [1, 3, 32, 32], 3072 features, 5 ReLU layer(s), 10-class
Dataset: /Users/labbaf/Documents/NN_Explainability/spexplain/neuron-activation/spexplain/data/datasets/cifar/cifar_s100_scaled.csv (100/100 samples)
PGD: epsilon-frac=0.1 step-frac=0.1 num-steps=50
Output: /Users/labbaf/Documents/NN_Explainability/spexplain/neuron-activation/spexplain/data/neuron_activations/cifar/cnn-bench/AB4.txt

sample [1/100] orig=6 cf=7 -- 3822/5152 neurons fixed across 5 layer(s)
sample [2/100] orig=9 cf=1 -- 3910/5152 neurons fixed across 5 layer(s)
sample [3/100] orig=0 cf=7 -- 3767/5152 neurons fixed across 5 layer(s)
sample [4/100] orig=4 cf=6 -- 3555/5152 neurons fixed across 5 layer(s)
sample [5/100] orig=1 cf=4 -- 3735/5152 neurons fixed across 5 layer(s)
sample [6/100] orig=1 cf=7 -- 3769/5152 neurons fixed across 5 layer(s)
sample [7/100] orig=2 cf=7 -- 3984/5152 neurons fixed across 5 layer(s)
sample [8/100] orig=7 cf=6 -- 3808/5152 neurons fixed across 5 layer(s)
sample [9/100] orig=8 cf=0 -- 3990/5152 neurons fixed across 5 layer(s)
sample [10/100] orig=1 cf=7 -- 3647/5152 neurons fixed across 5 layer(s)
sample [11/100] orig=4 cf=2 -- 3409/5152 neurons fixed across 5 layer(s)
sample [12/100] orig=7 cf=4 -- 3799/5152 neurons fixed across 5 layer(s)
sample [13/100] orig=7 cf=0 -- 3845/5152 neurons fixed across 5 layer(s)
sample [14/100] orig=2 cf=1 -- 3674/5152 neurons fixed across 5 layer(s)
sample [15/100] orig=9 cf=6 -- 3708/5152 neurons fixed across 5 layer(s)
sample [16/100] orig=9 cf=8 -- 3724/5152 neurons fixed across 5 layer(s)
sample [17/100] orig=9 cf=4 -- 3713/5152 neurons fixed across 5 layer(s)
sample [18/100] orig=5 cf=6 -- 3442/5152 neurons fixed across 5 layer(s)
sample [19/100] orig=6 cf=2 -- 3836/5152 neurons fixed across 5 layer(s)
sample [20/100] orig=1 cf=4 -- 3869/5152 neurons fixed across 5 layer(s)
sample [21/100] orig=4 cf=2 -- 3819/5152 neurons fixed across 5 layer(s)
sample [22/100] orig=3 cf=1 -- 4058/5152 neurons fixed across 5 layer(s)
sample [23/100] orig=6 cf=4 -- 3457/5152 neurons fixed across 5 layer(s)
sample [24/100] orig=6 cf=4 -- 3566/5152 neurons fixed across 5 layer(s)
sample [25/100] orig=2 cf=7 -- 3876/5152 neurons fixed across 5 layer(s)
sample [26/100] orig=6 cf=9 -- 3711/5152 neurons fixed across 5 layer(s)
sample [27/100] orig=3 cf=2 -- 3738/5152 neurons fixed across 5 layer(s)
sample [28/100] orig=5 cf=2 -- 3694/5152 neurons fixed across 5 layer(s)
sample [29/100] orig=4 cf=7 -- 3822/5152 neurons fixed across 5 layer(s)
sample [30/100] orig=0 cf=8 -- 3940/5152 neurons fixed across 5 layer(s)
sample [31/100] orig=0 cf=1 -- 3609/5152 neurons fixed across 5 layer(s)
sample [32/100] orig=9 cf=2 -- 3687/5152 neurons fixed across 5 layer(s)
sample [33/100] orig=1 cf=2 -- 3940/5152 neurons fixed across 5 layer(s)
sample [34/100] orig=6 cf=5 -- 3813/5152 neurons fixed across 5 layer(s)
sample [35/100] orig=4 cf=2 -- 3707/5152 neurons fixed across 5 layer(s)
sample [36/100] orig=0 cf=7 -- 3848/5152 neurons fixed across 5 layer(s)
sample [37/100] orig=3 cf=4 -- 3560/5152 neurons fixed across 5 layer(s)
sample [38/100] orig=7 cf=6 -- 3647/5152 neurons fixed across 5 layer(s)
sample [39/100] orig=3 cf=1 -- 3672/5152 neurons fixed across 5 layer(s)
sample [40/100] orig=6 cf=4 -- 3691/5152 neurons fixed across 5 layer(s)
sample [41/100] orig=5 cf=1 -- 3741/5152 neurons fixed across 5 layer(s)
sample [42/100] orig=2 cf=7 -- 3790/5152 neurons fixed across 5 layer(s)
sample [43/100] orig=2 cf=7 -- 3659/5152 neurons fixed across 5 layer(s)
sample [44/100] orig=7 cf=9 -- 3856/5152 neurons fixed across 5 layer(s)
sample [45/100] orig=1 cf=7 -- 3811/5152 neurons fixed across 5 layer(s)
sample [46/100] orig=1 cf=9 -- 3875/5152 neurons fixed across 5 layer(s)
sample [47/100] orig=1 cf=0 -- 3856/5152 neurons fixed across 5 layer(s)
sample [48/100] orig=8 cf=2 -- 3727/5152 neurons fixed across 5 layer(s)
sample [49/100] orig=2 cf=4 -- 3762/5152 neurons fixed across 5 layer(s)
sample [50/100] orig=0 cf=5 -- 4180/5152 neurons fixed across 5 layer(s)
sample [51/100] orig=0 cf=2 -- 3805/5152 neurons fixed across 5 layer(s)
sample [52/100] orig=5 cf=6 -- 3662/5152 neurons fixed across 5 layer(s)
sample [53/100] orig=7 cf=6 -- 3813/5152 neurons fixed across 5 layer(s)
sample [54/100] orig=9 cf=0 -- 3911/5152 neurons fixed across 5 layer(s)
sample [55/100] orig=2 cf=9 -- 3459/5152 neurons fixed across 5 layer(s)
sample [56/100] orig=3 cf=1 -- 3819/5152 neurons fixed across 5 layer(s)
sample [57/100] orig=3 cf=7 -- 3863/5152 neurons fixed across 5 layer(s)
sample [58/100] orig=2 cf=7 -- 3486/5152 neurons fixed across 5 layer(s)
sample [59/100] orig=4 cf=2 -- 3575/5152 neurons fixed across 5 layer(s)
sample [60/100] orig=3 cf=1 -- 3935/5152 neurons fixed across 5 layer(s)
sample [61/100] orig=1 cf=0 -- 3894/5152 neurons fixed across 5 layer(s)
sample [62/100] orig=1 cf=7 -- 3921/5152 neurons fixed across 5 layer(s)
sample [63/100] orig=8 cf=4 -- 3721/5152 neurons fixed across 5 layer(s)
sample [64/100] orig=2 cf=6 -- 3732/5152 neurons fixed across 5 layer(s)
sample [65/100] orig=1 cf=5 -- 3876/5152 neurons fixed across 5 layer(s)
sample [66/100] orig=1 cf=4 -- 3909/5152 neurons fixed across 5 layer(s)
sample [67/100] orig=7 cf=4 -- 3696/5152 neurons fixed across 5 layer(s)
sample [68/100] orig=9 cf=8 -- 3755/5152 neurons fixed across 5 layer(s)
sample [69/100] orig=7 cf=1 -- 3826/5152 neurons fixed across 5 layer(s)
sample [70/100] orig=8 cf=0 -- 3627/5152 neurons fixed across 5 layer(s)
sample [71/100] orig=2 cf=3 -- 3637/5152 neurons fixed across 5 layer(s)
sample [72/100] orig=9 cf=2 -- 3747/5152 neurons fixed across 5 layer(s)
sample [73/100] orig=6 cf=9 -- 3772/5152 neurons fixed across 5 layer(s)
sample [74/100] orig=7 cf=6 -- 3564/5152 neurons fixed across 5 layer(s)
sample [75/100] orig=2 cf=3 -- 3950/5152 neurons fixed across 5 layer(s)
sample [76/100] orig=1 cf=4 -- 3718/5152 neurons fixed across 5 layer(s)
sample [77/100] orig=9 cf=7 -- 3938/5152 neurons fixed across 5 layer(s)
sample [78/100] orig=0 cf=4 -- 3546/5152 neurons fixed across 5 layer(s)
sample [79/100] orig=3 cf=7 -- 3892/5152 neurons fixed across 5 layer(s)
sample [80/100] orig=1 cf=0 -- 4031/5152 neurons fixed across 5 layer(s)
sample [81/100] orig=3 cf=0 -- 3846/5152 neurons fixed across 5 layer(s)
sample [82/100] orig=2 cf=1 -- 3801/5152 neurons fixed across 5 layer(s)
sample [83/100] orig=4 cf=2 -- 3736/5152 neurons fixed across 5 layer(s)
sample [84/100] orig=5 cf=0 -- 3892/5152 neurons fixed across 5 layer(s)
sample [85/100] orig=7 cf=1 -- 3869/5152 neurons fixed across 5 layer(s)
sample [86/100] orig=7 cf=6 -- 3536/5152 neurons fixed across 5 layer(s)
sample [87/100] orig=4 cf=7 -- 3667/5152 neurons fixed across 5 layer(s)
sample [88/100] orig=7 cf=4 -- 3920/5152 neurons fixed across 5 layer(s)
sample [89/100] orig=9 cf=7 -- 3883/5152 neurons fixed across 5 layer(s)
sample [90/100] orig=4 cf=2 -- 3689/5152 neurons fixed across 5 layer(s)
sample [91/100] orig=3 cf=2 -- 3874/5152 neurons fixed across 5 layer(s)
sample [92/100] orig=3 cf=5 -- 3765/5152 neurons fixed across 5 layer(s)
sample [93/100] orig=8 cf=0 -- 4039/5152 neurons fixed across 5 layer(s)
sample [94/100] orig=0 cf=1 -- 3514/5152 neurons fixed across 5 layer(s)
sample [95/100] orig=1 cf=4 -- 3751/5152 neurons fixed across 5 layer(s)
sample [96/100] orig=6 cf=4 -- 3806/5152 neurons fixed across 5 layer(s)
sample [97/100] orig=1 cf=2 -- 3890/5152 neurons fixed across 5 layer(s)
sample [98/100] orig=1 cf=4 -- 3843/5152 neurons fixed across 5 layer(s)
sample [99/100] orig=4 cf=6 -- 3777/5152 neurons fixed across 5 layer(s)
sample [100/100] orig=1 cf=8 -- 3811/5152 neurons fixed across 5 layer(s)

100/100 samples written to /Users/labbaf/Documents/NN_Explainability/spexplain/neuron-activation/spexplain/data/neuron_activations/cifar/cnn-bench/AB4.txt (0 failed to produce a counterfactual)
