Model: /Users/labbaf/Documents/NN_Explainability/spexplain/neuron-activation/spexplain/data/models/cifar/cnn-bench/AB5.onnx
  input shape [1, 3, 32, 32], 3072 features, 6 ReLU layer(s), 10-class
Dataset: /Users/labbaf/Documents/NN_Explainability/spexplain/neuron-activation/spexplain/data/datasets/cifar/cifar_s100_scaled.csv (100/100 samples)
PGD: epsilon-frac=0.1 step-frac=0.1 num-steps=50
Output: /Users/labbaf/Documents/NN_Explainability/spexplain/neuron-activation/spexplain/data/neuron_activations/cifar/cnn-bench/AB5.txt

sample [1/100] orig=6 cf=5 -- 4794/6176 neurons fixed across 6 layer(s)
sample [2/100] orig=9 cf=1 -- 4649/6176 neurons fixed across 6 layer(s)
sample [3/100] orig=9 cf=0 -- 4486/6176 neurons fixed across 6 layer(s)
sample [4/100] orig=4 cf=6 -- 4347/6176 neurons fixed across 6 layer(s)
sample [5/100] orig=1 cf=4 -- 4567/6176 neurons fixed across 6 layer(s)
sample [6/100] orig=1 cf=9 -- 4653/6176 neurons fixed across 6 layer(s)
sample [7/100] orig=2 cf=7 -- 4760/6176 neurons fixed across 6 layer(s)
sample [8/100] orig=7 cf=4 -- 4528/6176 neurons fixed across 6 layer(s)
sample [9/100] orig=8 cf=9 -- 4590/6176 neurons fixed across 6 layer(s)
sample [10/100] orig=3 cf=0 -- 4297/6176 neurons fixed across 6 layer(s)
sample [11/100] orig=4 cf=2 -- 4153/6176 neurons fixed across 6 layer(s)
sample [12/100] orig=7 cf=4 -- 4707/6176 neurons fixed across 6 layer(s)
sample [13/100] orig=7 cf=4 -- 4537/6176 neurons fixed across 6 layer(s)
sample [14/100] orig=7 cf=1 -- 4581/6176 neurons fixed across 6 layer(s)
sample [15/100] orig=9 cf=1 -- 4707/6176 neurons fixed across 6 layer(s)
sample [16/100] orig=9 cf=8 -- 4298/6176 neurons fixed across 6 layer(s)
sample [17/100] orig=9 cf=4 -- 4459/6176 neurons fixed across 6 layer(s)
sample [18/100] orig=5 cf=4 -- 4354/6176 neurons fixed across 6 layer(s)
sample [19/100] orig=6 cf=5 -- 4562/6176 neurons fixed across 6 layer(s)
sample [20/100] orig=1 cf=2 -- 4590/6176 neurons fixed across 6 layer(s)
sample [21/100] orig=4 cf=2 -- 4674/6176 neurons fixed across 6 layer(s)
sample [22/100] orig=3 cf=0 -- 4939/6176 neurons fixed across 6 layer(s)
sample [23/100] orig=6 cf=4 -- 4284/6176 neurons fixed across 6 layer(s)
sample [24/100] orig=6 cf=4 -- 4324/6176 neurons fixed across 6 layer(s)
sample [25/100] orig=2 cf=7 -- 4629/6176 neurons fixed across 6 layer(s)
sample [26/100] orig=6 cf=5 -- 4664/6176 neurons fixed across 6 layer(s)
sample [27/100] orig=3 cf=2 -- 4454/6176 neurons fixed across 6 layer(s)
sample [28/100] orig=5 cf=7 -- 4491/6176 neurons fixed across 6 layer(s)
sample [29/100] orig=4 cf=7 -- 4603/6176 neurons fixed across 6 layer(s)
sample [30/100] orig=8 cf=2 -- 4636/6176 neurons fixed across 6 layer(s)
sample [31/100] orig=0 cf=8 -- 4542/6176 neurons fixed across 6 layer(s)
sample [32/100] orig=9 cf=8 -- 4644/6176 neurons fixed across 6 layer(s)
sample [33/100] orig=1 cf=9 -- 4574/6176 neurons fixed across 6 layer(s)
sample [34/100] orig=3 cf=6 -- 4479/6176 neurons fixed across 6 layer(s)
sample [35/100] orig=4 cf=2 -- 4611/6176 neurons fixed across 6 layer(s)
sample [36/100] orig=6 cf=7 -- 4575/6176 neurons fixed across 6 layer(s)
sample [37/100] orig=3 cf=8 -- 4631/6176 neurons fixed across 6 layer(s)
sample [38/100] orig=7 cf=2 -- 4471/6176 neurons fixed across 6 layer(s)
sample [39/100] orig=8 cf=5 -- 4641/6176 neurons fixed across 6 layer(s)
sample [40/100] orig=4 cf=6 -- 4470/6176 neurons fixed across 6 layer(s)
sample [41/100] orig=5 cf=9 -- 4429/6176 neurons fixed across 6 layer(s)
sample [42/100] orig=2 cf=3 -- 4553/6176 neurons fixed across 6 layer(s)
sample [43/100] orig=4 cf=2 -- 4560/6176 neurons fixed across 6 layer(s)
sample [44/100] orig=7 cf=5 -- 4681/6176 neurons fixed across 6 layer(s)
sample [45/100] orig=9 cf=7 -- 4645/6176 neurons fixed across 6 layer(s)
sample [46/100] orig=1 cf=9 -- 4733/6176 neurons fixed across 6 layer(s)
sample [47/100] orig=1 cf=7 -- 4507/6176 neurons fixed across 6 layer(s)
sample [48/100] orig=8 cf=0 -- 4406/6176 neurons fixed across 6 layer(s)
sample [49/100] orig=2 cf=4 -- 4492/6176 neurons fixed across 6 layer(s)
sample [50/100] orig=0 cf=5 -- 4908/6176 neurons fixed across 6 layer(s)
sample [51/100] orig=2 cf=9 -- 4331/6176 neurons fixed across 6 layer(s)
sample [52/100] orig=5 cf=7 -- 4488/6176 neurons fixed across 6 layer(s)
sample [53/100] orig=7 cf=6 -- 4617/6176 neurons fixed across 6 layer(s)
sample [54/100] orig=9 cf=1 -- 4551/6176 neurons fixed across 6 layer(s)
sample [55/100] orig=2 cf=5 -- 4389/6176 neurons fixed across 6 layer(s)
sample [56/100] orig=2 cf=4 -- 4750/6176 neurons fixed across 6 layer(s)
sample [57/100] orig=2 cf=5 -- 4638/6176 neurons fixed across 6 layer(s)
sample [58/100] orig=2 cf=6 -- 4315/6176 neurons fixed across 6 layer(s)
sample [59/100] orig=4 cf=2 -- 4480/6176 neurons fixed across 6 layer(s)
sample [60/100] orig=3 cf=8 -- 4638/6176 neurons fixed across 6 layer(s)
sample [61/100] orig=1 cf=8 -- 4684/6176 neurons fixed across 6 layer(s)
sample [62/100] orig=1 cf=4 -- 4460/6176 neurons fixed across 6 layer(s)
sample [63/100] orig=8 cf=0 -- 4516/6176 neurons fixed across 6 layer(s)
sample [64/100] orig=2 cf=9 -- 4258/6176 neurons fixed across 6 layer(s)
sample [65/100] orig=1 cf=9 -- 4600/6176 neurons fixed across 6 layer(s)
sample [66/100] orig=1 cf=9 -- 4775/6176 neurons fixed across 6 layer(s)
sample [67/100] orig=7 cf=4 -- 4523/6176 neurons fixed across 6 layer(s)
sample [68/100] orig=9 cf=0 -- 4541/6176 neurons fixed across 6 layer(s)
sample [69/100] orig=7 cf=2 -- 4504/6176 neurons fixed across 6 layer(s)
sample [70/100] orig=8 cf=4 -- 4298/6176 neurons fixed across 6 layer(s)
sample [71/100] orig=2 cf=4 -- 4505/6176 neurons fixed across 6 layer(s)
sample [72/100] orig=9 cf=6 -- 4533/6176 neurons fixed across 6 layer(s)
sample [73/100] orig=6 cf=1 -- 4599/6176 neurons fixed across 6 layer(s)
sample [74/100] orig=7 cf=4 -- 4496/6176 neurons fixed across 6 layer(s)
sample [75/100] orig=2 cf=3 -- 4656/6176 neurons fixed across 6 layer(s)
sample [76/100] orig=1 cf=7 -- 4305/6176 neurons fixed across 6 layer(s)
sample [77/100] orig=9 cf=4 -- 4528/6176 neurons fixed across 6 layer(s)
sample [78/100] orig=0 cf=1 -- 4288/6176 neurons fixed across 6 layer(s)
sample [79/100] orig=9 cf=7 -- 4664/6176 neurons fixed across 6 layer(s)
sample [80/100] orig=0 cf=1 -- 4740/6176 neurons fixed across 6 layer(s)
sample [81/100] orig=3 cf=0 -- 4511/6176 neurons fixed across 6 layer(s)
sample [82/100] orig=3 cf=1 -- 4616/6176 neurons fixed across 6 layer(s)
sample [83/100] orig=4 cf=2 -- 4373/6176 neurons fixed across 6 layer(s)
sample [84/100] orig=5 cf=2 -- 4714/6176 neurons fixed across 6 layer(s)
sample [85/100] orig=7 cf=4 -- 4668/6176 neurons fixed across 6 layer(s)
sample [86/100] orig=7 cf=6 -- 4641/6176 neurons fixed across 6 layer(s)
sample [87/100] orig=4 cf=7 -- 4393/6176 neurons fixed across 6 layer(s)
sample [88/100] orig=7 cf=6 -- 4465/6176 neurons fixed across 6 layer(s)
sample [89/100] orig=9 cf=1 -- 4713/6176 neurons fixed across 6 layer(s)
sample [90/100] orig=4 cf=1 -- 4440/6176 neurons fixed across 6 layer(s)
sample [91/100] orig=3 cf=6 -- 4632/6176 neurons fixed across 6 layer(s)
sample [92/100] orig=3 cf=2 -- 4567/6176 neurons fixed across 6 layer(s)
sample [93/100] orig=8 cf=4 -- 4662/6176 neurons fixed across 6 layer(s)
sample [94/100] orig=0 cf=9 -- 4307/6176 neurons fixed across 6 layer(s)
sample [95/100] orig=1 cf=6 -- 4583/6176 neurons fixed across 6 layer(s)
sample [96/100] orig=6 cf=4 -- 4670/6176 neurons fixed across 6 layer(s)
sample [97/100] orig=1 cf=8 -- 4667/6176 neurons fixed across 6 layer(s)
sample [98/100] orig=0 cf=1 -- 4534/6176 neurons fixed across 6 layer(s)
sample [99/100] orig=6 cf=4 -- 4496/6176 neurons fixed across 6 layer(s)
sample [100/100] orig=1 cf=4 -- 4581/6176 neurons fixed across 6 layer(s)

100/100 samples written to /Users/labbaf/Documents/NN_Explainability/spexplain/neuron-activation/spexplain/data/neuron_activations/cifar/cnn-bench/AB5.txt (0 failed to produce a counterfactual)
