Model: /Users/labbaf/Documents/NN_Explainability/spexplain/neuron-activation/spexplain/data/models/cifar/cnn-bench/AB6.onnx
  input shape [1, 3, 32, 32], 3072 features, 7 ReLU layer(s), 10-class
Dataset: /Users/labbaf/Documents/NN_Explainability/spexplain/neuron-activation/spexplain/data/datasets/cifar/cifar_s100_scaled.csv (100/100 samples)
PGD: epsilon-frac=0.1 step-frac=0.1 num-steps=50
Output: /Users/labbaf/Documents/NN_Explainability/spexplain/neuron-activation/spexplain/data/neuron_activations/cifar/cnn-bench/AB6.txt

sample [1/100] orig=6 cf=5 -- 5646/7200 neurons fixed across 7 layer(s)
sample [2/100] orig=9 cf=1 -- 5618/7200 neurons fixed across 7 layer(s)
sample [3/100] orig=9 cf=2 -- 5442/7200 neurons fixed across 7 layer(s)
sample [4/100] orig=4 cf=7 -- 5305/7200 neurons fixed across 7 layer(s)
sample [5/100] orig=1 cf=9 -- 5517/7200 neurons fixed across 7 layer(s)
sample [6/100] orig=1 cf=9 -- 5666/7200 neurons fixed across 7 layer(s)
sample [7/100] orig=2 cf=7 -- 5638/7200 neurons fixed across 7 layer(s)
sample [8/100] orig=7 cf=4 -- 5595/7200 neurons fixed across 7 layer(s)
sample [9/100] orig=8 cf=0 -- 5594/7200 neurons fixed across 7 layer(s)
sample [10/100] orig=4 cf=1 -- 5273/7200 neurons fixed across 7 layer(s)
sample [11/100] orig=4 cf=6 -- 5076/7200 neurons fixed across 7 layer(s)
sample [12/100] orig=7 cf=4 -- 5658/7200 neurons fixed across 7 layer(s)
sample [13/100] orig=7 cf=9 -- 5564/7200 neurons fixed across 7 layer(s)
sample [14/100] orig=9 cf=4 -- 5276/7200 neurons fixed across 7 layer(s)
sample [15/100] orig=1 cf=9 -- 5692/7200 neurons fixed across 7 layer(s)
sample [16/100] orig=9 cf=8 -- 5300/7200 neurons fixed across 7 layer(s)
sample [17/100] orig=0 cf=9 -- 5441/7200 neurons fixed across 7 layer(s)
sample [18/100] orig=5 cf=3 -- 5361/7200 neurons fixed across 7 layer(s)
sample [19/100] orig=6 cf=5 -- 5404/7200 neurons fixed across 7 layer(s)
sample [20/100] orig=2 cf=4 -- 5601/7200 neurons fixed across 7 layer(s)
sample [21/100] orig=4 cf=5 -- 5488/7200 neurons fixed across 7 layer(s)
sample [22/100] orig=3 cf=0 -- 5852/7200 neurons fixed across 7 layer(s)
sample [23/100] orig=6 cf=3 -- 5426/7200 neurons fixed across 7 layer(s)
sample [24/100] orig=6 cf=3 -- 5243/7200 neurons fixed across 7 layer(s)
sample [25/100] orig=2 cf=6 -- 5534/7200 neurons fixed across 7 layer(s)
sample [26/100] orig=6 cf=5 -- 5523/7200 neurons fixed across 7 layer(s)
sample [27/100] orig=3 cf=2 -- 5289/7200 neurons fixed across 7 layer(s)
sample [28/100] orig=5 cf=2 -- 5507/7200 neurons fixed across 7 layer(s)
sample [29/100] orig=4 cf=9 -- 5454/7200 neurons fixed across 7 layer(s)
sample [30/100] orig=3 cf=0 -- 5687/7200 neurons fixed across 7 layer(s)
sample [31/100] orig=0 cf=2 -- 5388/7200 neurons fixed across 7 layer(s)
sample [32/100] orig=9 cf=6 -- 5280/7200 neurons fixed across 7 layer(s)
sample [33/100] orig=1 cf=9 -- 5592/7200 neurons fixed across 7 layer(s)
sample [34/100] orig=3 cf=6 -- 5542/7200 neurons fixed across 7 layer(s)
sample [35/100] orig=4 cf=2 -- 5293/7200 neurons fixed across 7 layer(s)
sample [36/100] orig=2 cf=7 -- 5441/7200 neurons fixed across 7 layer(s)
sample [37/100] orig=3 cf=6 -- 5355/7200 neurons fixed across 7 layer(s)
sample [38/100] orig=7 cf=2 -- 5305/7200 neurons fixed across 7 layer(s)
sample [39/100] orig=5 cf=8 -- 5515/7200 neurons fixed across 7 layer(s)
sample [40/100] orig=4 cf=6 -- 5433/7200 neurons fixed across 7 layer(s)
sample [41/100] orig=5 cf=4 -- 5318/7200 neurons fixed across 7 layer(s)
sample [42/100] orig=2 cf=4 -- 5291/7200 neurons fixed across 7 layer(s)
sample [43/100] orig=4 cf=2 -- 5255/7200 neurons fixed across 7 layer(s)
sample [44/100] orig=7 cf=5 -- 5401/7200 neurons fixed across 7 layer(s)
sample [45/100] orig=1 cf=9 -- 5502/7200 neurons fixed across 7 layer(s)
sample [46/100] orig=1 cf=9 -- 5740/7200 neurons fixed across 7 layer(s)
sample [47/100] orig=1 cf=0 -- 5471/7200 neurons fixed across 7 layer(s)
sample [48/100] orig=8 cf=0 -- 5169/7200 neurons fixed across 7 layer(s)
sample [49/100] orig=2 cf=4 -- 5371/7200 neurons fixed across 7 layer(s)
sample [50/100] orig=0 cf=5 -- 5822/7200 neurons fixed across 7 layer(s)
sample [51/100] orig=2 cf=7 -- 5368/7200 neurons fixed across 7 layer(s)
sample [52/100] orig=3 cf=7 -- 5562/7200 neurons fixed across 7 layer(s)
sample [53/100] orig=7 cf=6 -- 5467/7200 neurons fixed across 7 layer(s)
sample [54/100] orig=9 cf=0 -- 5318/7200 neurons fixed across 7 layer(s)
sample [55/100] orig=2 cf=4 -- 4886/7200 neurons fixed across 7 layer(s)
sample [56/100] orig=3 cf=2 -- 5567/7200 neurons fixed across 7 layer(s)
sample [57/100] orig=5 cf=2 -- 5736/7200 neurons fixed across 7 layer(s)
sample [58/100] orig=0 cf=2 -- 5240/7200 neurons fixed across 7 layer(s)
sample [59/100] orig=4 cf=5 -- 5393/7200 neurons fixed across 7 layer(s)
sample [60/100] orig=3 cf=4 -- 5620/7200 neurons fixed across 7 layer(s)
sample [61/100] orig=1 cf=9 -- 5531/7200 neurons fixed across 7 layer(s)
sample [62/100] orig=1 cf=9 -- 5548/7200 neurons fixed across 7 layer(s)
sample [63/100] orig=8 cf=0 -- 5335/7200 neurons fixed across 7 layer(s)
sample [64/100] orig=2 cf=1 -- 5315/7200 neurons fixed across 7 layer(s)
sample [65/100] orig=1 cf=9 -- 5470/7200 neurons fixed across 7 layer(s)
sample [66/100] orig=1 cf=9 -- 5653/7200 neurons fixed across 7 layer(s)
sample [67/100] orig=4 cf=0 -- 5356/7200 neurons fixed across 7 layer(s)
sample [68/100] orig=9 cf=8 -- 5577/7200 neurons fixed across 7 layer(s)
sample [69/100] orig=7 cf=2 -- 5655/7200 neurons fixed across 7 layer(s)
sample [70/100] orig=8 cf=0 -- 5060/7200 neurons fixed across 7 layer(s)
sample [71/100] orig=2 cf=8 -- 5363/7200 neurons fixed across 7 layer(s)
sample [72/100] orig=1 cf=9 -- 5629/7200 neurons fixed across 7 layer(s)
sample [73/100] orig=6 cf=1 -- 5736/7200 neurons fixed across 7 layer(s)
sample [74/100] orig=7 cf=4 -- 5431/7200 neurons fixed across 7 layer(s)
sample [75/100] orig=3 cf=7 -- 5546/7200 neurons fixed across 7 layer(s)
sample [76/100] orig=1 cf=4 -- 5443/7200 neurons fixed across 7 layer(s)
sample [77/100] orig=9 cf=0 -- 5618/7200 neurons fixed across 7 layer(s)
sample [78/100] orig=0 cf=6 -- 5098/7200 neurons fixed across 7 layer(s)
sample [79/100] orig=7 cf=9 -- 5632/7200 neurons fixed across 7 layer(s)
sample [80/100] orig=1 cf=7 -- 5712/7200 neurons fixed across 7 layer(s)
sample [81/100] orig=3 cf=6 -- 5162/7200 neurons fixed across 7 layer(s)
sample [82/100] orig=3 cf=2 -- 5478/7200 neurons fixed across 7 layer(s)
sample [83/100] orig=4 cf=0 -- 5308/7200 neurons fixed across 7 layer(s)
sample [84/100] orig=3 cf=0 -- 5507/7200 neurons fixed across 7 layer(s)
sample [85/100] orig=7 cf=1 -- 5649/7200 neurons fixed across 7 layer(s)
sample [86/100] orig=7 cf=5 -- 5366/7200 neurons fixed across 7 layer(s)
sample [87/100] orig=4 cf=7 -- 5324/7200 neurons fixed across 7 layer(s)
sample [88/100] orig=7 cf=2 -- 5295/7200 neurons fixed across 7 layer(s)
sample [89/100] orig=9 cf=1 -- 5580/7200 neurons fixed across 7 layer(s)
sample [90/100] orig=5 cf=4 -- 5277/7200 neurons fixed across 7 layer(s)
sample [91/100] orig=3 cf=4 -- 5484/7200 neurons fixed across 7 layer(s)
sample [92/100] orig=3 cf=5 -- 5427/7200 neurons fixed across 7 layer(s)
sample [93/100] orig=8 cf=0 -- 5652/7200 neurons fixed across 7 layer(s)
sample [94/100] orig=0 cf=4 -- 5225/7200 neurons fixed across 7 layer(s)
sample [95/100] orig=1 cf=4 -- 5484/7200 neurons fixed across 7 layer(s)
sample [96/100] orig=6 cf=4 -- 5680/7200 neurons fixed across 7 layer(s)
sample [97/100] orig=1 cf=2 -- 5438/7200 neurons fixed across 7 layer(s)
sample [98/100] orig=1 cf=4 -- 5418/7200 neurons fixed across 7 layer(s)
sample [99/100] orig=4 cf=6 -- 5513/7200 neurons fixed across 7 layer(s)
sample [100/100] orig=1 cf=6 -- 5561/7200 neurons fixed across 7 layer(s)

100/100 samples written to /Users/labbaf/Documents/NN_Explainability/spexplain/neuron-activation/spexplain/data/neuron_activations/cifar/cnn-bench/AB6.txt (0 failed to produce a counterfactual)
