Model: /Users/labbaf/Documents/NN_Explainability/spexplain/neuron-activation/spexplain/data/models/cifar/cnn-bench/NAB1.onnx
  input shape [1, 3, 32, 32], 3072 features, 2 ReLU layer(s), 10-class
Dataset: /Users/labbaf/Documents/NN_Explainability/spexplain/neuron-activation/spexplain/data/datasets/cifar/cifar_s100_scaled.csv (100/100 samples)
PGD: epsilon-frac=0.1 step-frac=0.1 num-steps=50
Output: /Users/labbaf/Documents/NN_Explainability/spexplain/neuron-activation/spexplain/data/neuron_activations/cifar/cnn-bench/NAB1.txt

sample [1/100] orig=5 cf=6 -- 888/1056 neurons fixed across 2 layer(s)
sample [2/100] orig=1 cf=7 -- 849/1056 neurons fixed across 2 layer(s)
sample [3/100] orig=9 cf=8 -- 823/1056 neurons fixed across 2 layer(s)
sample [4/100] orig=6 cf=7 -- 833/1056 neurons fixed across 2 layer(s)
sample [5/100] orig=9 cf=0 -- 818/1056 neurons fixed across 2 layer(s)
sample [6/100] orig=3 cf=1 -- 888/1056 neurons fixed across 2 layer(s)
sample [7/100] orig=2 cf=7 -- 916/1056 neurons fixed across 2 layer(s)
sample [8/100] orig=7 cf=6 -- 847/1056 neurons fixed across 2 layer(s)
sample [9/100] orig=8 cf=0 -- 838/1056 neurons fixed across 2 layer(s)
sample [10/100] orig=7 cf=8 -- 766/1056 neurons fixed across 2 layer(s)
sample [11/100] orig=4 cf=6 -- 780/1056 neurons fixed across 2 layer(s)
sample [12/100] orig=7 cf=6 -- 817/1056 neurons fixed across 2 layer(s)
sample [13/100] orig=9 cf=7 -- 868/1056 neurons fixed across 2 layer(s)
sample [14/100] orig=1 cf=2 -- 836/1056 neurons fixed across 2 layer(s)
sample [15/100] orig=9 cf=6 -- 835/1056 neurons fixed across 2 layer(s)
sample [16/100] orig=8 cf=7 -- 806/1056 neurons fixed across 2 layer(s)
sample [17/100] orig=9 cf=8 -- 826/1056 neurons fixed across 2 layer(s)
sample [18/100] orig=3 cf=0 -- 774/1056 neurons fixed across 2 layer(s)
sample [19/100] orig=6 cf=1 -- 806/1056 neurons fixed across 2 layer(s)
sample [20/100] orig=3 cf=1 -- 846/1056 neurons fixed across 2 layer(s)
sample [21/100] orig=0 cf=5 -- 802/1056 neurons fixed across 2 layer(s)
sample [22/100] orig=5 cf=1 -- 857/1056 neurons fixed across 2 layer(s)
sample [23/100] orig=6 cf=2 -- 784/1056 neurons fixed across 2 layer(s)
sample [24/100] orig=6 cf=7 -- 801/1056 neurons fixed across 2 layer(s)
sample [25/100] orig=1 cf=2 -- 844/1056 neurons fixed across 2 layer(s)
sample [26/100] orig=6 cf=1 -- 838/1056 neurons fixed across 2 layer(s)
sample [27/100] orig=5 cf=6 -- 850/1056 neurons fixed across 2 layer(s)
sample [28/100] orig=1 cf=5 -- 804/1056 neurons fixed across 2 layer(s)
sample [29/100] orig=4 cf=1 -- 812/1056 neurons fixed across 2 layer(s)
sample [30/100] orig=8 cf=7 -- 842/1056 neurons fixed across 2 layer(s)
sample [31/100] orig=0 cf=1 -- 823/1056 neurons fixed across 2 layer(s)
sample [32/100] orig=9 cf=6 -- 796/1056 neurons fixed across 2 layer(s)
sample [33/100] orig=1 cf=6 -- 811/1056 neurons fixed across 2 layer(s)
sample [34/100] orig=6 cf=5 -- 846/1056 neurons fixed across 2 layer(s)
sample [35/100] orig=4 cf=1 -- 848/1056 neurons fixed across 2 layer(s)
sample [36/100] orig=7 cf=8 -- 870/1056 neurons fixed across 2 layer(s)
sample [37/100] orig=3 cf=0 -- 803/1056 neurons fixed across 2 layer(s)
sample [38/100] orig=7 cf=6 -- 805/1056 neurons fixed across 2 layer(s)
sample [39/100] orig=3 cf=8 -- 800/1056 neurons fixed across 2 layer(s)
sample [40/100] orig=4 cf=6 -- 842/1056 neurons fixed across 2 layer(s)
sample [41/100] orig=5 cf=6 -- 863/1056 neurons fixed across 2 layer(s)
sample [42/100] orig=2 cf=5 -- 866/1056 neurons fixed across 2 layer(s)
sample [43/100] orig=2 cf=7 -- 829/1056 neurons fixed across 2 layer(s)
sample [44/100] orig=7 cf=8 -- 837/1056 neurons fixed across 2 layer(s)
sample [45/100] orig=9 cf=6 -- 842/1056 neurons fixed across 2 layer(s)
sample [46/100] orig=1 cf=6 -- 855/1056 neurons fixed across 2 layer(s)
sample [47/100] orig=1 cf=3 -- 807/1056 neurons fixed across 2 layer(s)
sample [48/100] orig=0 cf=6 -- 784/1056 neurons fixed across 2 layer(s)
sample [49/100] orig=2 cf=7 -- 818/1056 neurons fixed across 2 layer(s)
sample [50/100] orig=0 cf=6 -- 900/1056 neurons fixed across 2 layer(s)
sample [51/100] orig=6 cf=2 -- 816/1056 neurons fixed across 2 layer(s)
sample [52/100] orig=3 cf=7 -- 884/1056 neurons fixed across 2 layer(s)
sample [53/100] orig=7 cf=6 -- 852/1056 neurons fixed across 2 layer(s)
sample [54/100] orig=0 cf=1 -- 814/1056 neurons fixed across 2 layer(s)
sample [55/100] orig=2 cf=6 -- 835/1056 neurons fixed across 2 layer(s)
sample [56/100] orig=3 cf=9 -- 841/1056 neurons fixed across 2 layer(s)
sample [57/100] orig=6 cf=0 -- 857/1056 neurons fixed across 2 layer(s)
sample [58/100] orig=2 cf=7 -- 835/1056 neurons fixed across 2 layer(s)
sample [59/100] orig=2 cf=6 -- 887/1056 neurons fixed across 2 layer(s)
sample [60/100] orig=8 cf=6 -- 875/1056 neurons fixed across 2 layer(s)
sample [61/100] orig=1 cf=8 -- 855/1056 neurons fixed across 2 layer(s)
sample [62/100] orig=1 cf=3 -- 828/1056 neurons fixed across 2 layer(s)
sample [63/100] orig=8 cf=9 -- 819/1056 neurons fixed across 2 layer(s)
sample [64/100] orig=1 cf=2 -- 827/1056 neurons fixed across 2 layer(s)
sample [65/100] orig=1 cf=6 -- 862/1056 neurons fixed across 2 layer(s)
sample [66/100] orig=1 cf=6 -- 837/1056 neurons fixed across 2 layer(s)
sample [67/100] orig=0 cf=6 -- 834/1056 neurons fixed across 2 layer(s)
sample [68/100] orig=9 cf=8 -- 790/1056 neurons fixed across 2 layer(s)
sample [69/100] orig=7 cf=1 -- 824/1056 neurons fixed across 2 layer(s)
sample [70/100] orig=8 cf=7 -- 791/1056 neurons fixed across 2 layer(s)
sample [71/100] orig=0 cf=7 -- 828/1056 neurons fixed across 2 layer(s)
sample [72/100] orig=9 cf=6 -- 837/1056 neurons fixed across 2 layer(s)
sample [73/100] orig=9 cf=6 -- 863/1056 neurons fixed across 2 layer(s)
sample [74/100] orig=7 cf=6 -- 854/1056 neurons fixed across 2 layer(s)
sample [75/100] orig=3 cf=4 -- 842/1056 neurons fixed across 2 layer(s)
sample [76/100] orig=9 cf=6 -- 802/1056 neurons fixed across 2 layer(s)
sample [77/100] orig=9 cf=8 -- 814/1056 neurons fixed across 2 layer(s)
sample [78/100] orig=0 cf=6 -- 863/1056 neurons fixed across 2 layer(s)
sample [79/100] orig=5 cf=4 -- 842/1056 neurons fixed across 2 layer(s)
sample [80/100] orig=1 cf=6 -- 830/1056 neurons fixed across 2 layer(s)
sample [81/100] orig=0 cf=6 -- 824/1056 neurons fixed across 2 layer(s)
sample [82/100] orig=6 cf=1 -- 808/1056 neurons fixed across 2 layer(s)
sample [83/100] orig=2 cf=6 -- 872/1056 neurons fixed across 2 layer(s)
sample [84/100] orig=3 cf=8 -- 807/1056 neurons fixed across 2 layer(s)
sample [85/100] orig=1 cf=7 -- 843/1056 neurons fixed across 2 layer(s)
sample [86/100] orig=5 cf=1 -- 806/1056 neurons fixed across 2 layer(s)
sample [87/100] orig=7 cf=6 -- 822/1056 neurons fixed across 2 layer(s)
sample [88/100] orig=4 cf=7 -- 894/1056 neurons fixed across 2 layer(s)
sample [89/100] orig=1 cf=6 -- 842/1056 neurons fixed across 2 layer(s)
sample [90/100] orig=3 cf=8 -- 817/1056 neurons fixed across 2 layer(s)
sample [91/100] orig=6 cf=1 -- 818/1056 neurons fixed across 2 layer(s)
sample [92/100] orig=8 cf=6 -- 853/1056 neurons fixed across 2 layer(s)
sample [93/100] orig=8 cf=0 -- 899/1056 neurons fixed across 2 layer(s)
sample [94/100] orig=0 cf=6 -- 796/1056 neurons fixed across 2 layer(s)
sample [95/100] orig=9 cf=6 -- 832/1056 neurons fixed across 2 layer(s)
sample [96/100] orig=6 cf=2 -- 854/1056 neurons fixed across 2 layer(s)
sample [97/100] orig=1 cf=7 -- 810/1056 neurons fixed across 2 layer(s)
sample [98/100] orig=9 cf=6 -- 804/1056 neurons fixed across 2 layer(s)
sample [99/100] orig=6 cf=7 -- 839/1056 neurons fixed across 2 layer(s)
sample [100/100] orig=1 cf=6 -- 867/1056 neurons fixed across 2 layer(s)

100/100 samples written to /Users/labbaf/Documents/NN_Explainability/spexplain/neuron-activation/spexplain/data/neuron_activations/cifar/cnn-bench/NAB1.txt (0 failed to produce a counterfactual)
