Model: /Users/labbaf/Documents/NN_Explainability/spexplain/neuron-activation/spexplain/data/models/cifar/cnn-bench/NAB2.onnx
  input shape [1, 3, 32, 32], 3072 features, 3 ReLU layer(s), 10-class
Dataset: /Users/labbaf/Documents/NN_Explainability/spexplain/neuron-activation/spexplain/data/datasets/cifar/cifar_s100_scaled.csv (100/100 samples)
PGD: epsilon-frac=0.1 step-frac=0.1 num-steps=50
Output: /Users/labbaf/Documents/NN_Explainability/spexplain/neuron-activation/spexplain/data/neuron_activations/cifar/cnn-bench/NAB2.txt

sample [1/100] orig=6 cf=7 -- 1214/1568 neurons fixed across 3 layer(s)
sample [2/100] orig=1 cf=9 -- 1279/1568 neurons fixed across 3 layer(s)
sample [3/100] orig=9 cf=7 -- 1210/1568 neurons fixed across 3 layer(s)
sample [4/100] orig=6 cf=7 -- 1148/1568 neurons fixed across 3 layer(s)
sample [5/100] orig=1 cf=0 -- 1270/1568 neurons fixed across 3 layer(s)
sample [6/100] orig=1 cf=5 -- 1294/1568 neurons fixed across 3 layer(s)
sample [7/100] orig=2 cf=7 -- 1290/1568 neurons fixed across 3 layer(s)
sample [8/100] orig=7 cf=6 -- 1241/1568 neurons fixed across 3 layer(s)
sample [9/100] orig=8 cf=0 -- 1384/1568 neurons fixed across 3 layer(s)
sample [10/100] orig=7 cf=1 -- 1140/1568 neurons fixed across 3 layer(s)
sample [11/100] orig=4 cf=2 -- 1022/1568 neurons fixed across 3 layer(s)
sample [12/100] orig=7 cf=6 -- 1222/1568 neurons fixed across 3 layer(s)
sample [13/100] orig=7 cf=8 -- 1273/1568 neurons fixed across 3 layer(s)
sample [14/100] orig=1 cf=5 -- 1177/1568 neurons fixed across 3 layer(s)
sample [15/100] orig=9 cf=7 -- 1233/1568 neurons fixed across 3 layer(s)
sample [16/100] orig=8 cf=2 -- 1311/1568 neurons fixed across 3 layer(s)
sample [17/100] orig=9 cf=2 -- 1197/1568 neurons fixed across 3 layer(s)
sample [18/100] orig=3 cf=6 -- 1177/1568 neurons fixed across 3 layer(s)
sample [19/100] orig=6 cf=7 -- 1198/1568 neurons fixed across 3 layer(s)
sample [20/100] orig=6 cf=1 -- 1266/1568 neurons fixed across 3 layer(s)
sample [21/100] orig=0 cf=5 -- 1271/1568 neurons fixed across 3 layer(s)
sample [22/100] orig=3 cf=1 -- 1375/1568 neurons fixed across 3 layer(s)
sample [23/100] orig=6 cf=5 -- 1048/1568 neurons fixed across 3 layer(s)
sample [24/100] orig=6 cf=2 -- 1137/1568 neurons fixed across 3 layer(s)
sample [25/100] orig=1 cf=5 -- 1170/1568 neurons fixed across 3 layer(s)
sample [26/100] orig=6 cf=1 -- 1261/1568 neurons fixed across 3 layer(s)
sample [27/100] orig=3 cf=2 -- 1100/1568 neurons fixed across 3 layer(s)
sample [28/100] orig=2 cf=1 -- 1209/1568 neurons fixed across 3 layer(s)
sample [29/100] orig=4 cf=1 -- 1232/1568 neurons fixed across 3 layer(s)
sample [30/100] orig=8 cf=9 -- 1264/1568 neurons fixed across 3 layer(s)
sample [31/100] orig=1 cf=2 -- 1236/1568 neurons fixed across 3 layer(s)
sample [32/100] orig=9 cf=4 -- 1154/1568 neurons fixed across 3 layer(s)
sample [33/100] orig=1 cf=9 -- 1266/1568 neurons fixed across 3 layer(s)
sample [34/100] orig=3 cf=7 -- 1270/1568 neurons fixed across 3 layer(s)
sample [35/100] orig=2 cf=7 -- 1216/1568 neurons fixed across 3 layer(s)
sample [36/100] orig=7 cf=2 -- 1250/1568 neurons fixed across 3 layer(s)
sample [37/100] orig=8 cf=5 -- 1250/1568 neurons fixed across 3 layer(s)
sample [38/100] orig=7 cf=2 -- 1122/1568 neurons fixed across 3 layer(s)
sample [39/100] orig=8 cf=3 -- 1274/1568 neurons fixed across 3 layer(s)
sample [40/100] orig=8 cf=7 -- 1180/1568 neurons fixed across 3 layer(s)
sample [41/100] orig=5 cf=1 -- 1213/1568 neurons fixed across 3 layer(s)
sample [42/100] orig=5 cf=2 -- 1269/1568 neurons fixed across 3 layer(s)
sample [43/100] orig=2 cf=7 -- 1224/1568 neurons fixed across 3 layer(s)
sample [44/100] orig=7 cf=1 -- 1335/1568 neurons fixed across 3 layer(s)
sample [45/100] orig=1 cf=2 -- 1176/1568 neurons fixed across 3 layer(s)
sample [46/100] orig=1 cf=5 -- 1292/1568 neurons fixed across 3 layer(s)
sample [47/100] orig=1 cf=7 -- 1202/1568 neurons fixed across 3 layer(s)
sample [48/100] orig=8 cf=2 -- 1275/1568 neurons fixed across 3 layer(s)
sample [49/100] orig=2 cf=7 -- 1224/1568 neurons fixed across 3 layer(s)
sample [50/100] orig=0 cf=7 -- 1329/1568 neurons fixed across 3 layer(s)
sample [51/100] orig=4 cf=1 -- 1314/1568 neurons fixed across 3 layer(s)
sample [52/100] orig=3 cf=9 -- 1282/1568 neurons fixed across 3 layer(s)
sample [53/100] orig=4 cf=1 -- 1237/1568 neurons fixed across 3 layer(s)
sample [54/100] orig=8 cf=1 -- 1277/1568 neurons fixed across 3 layer(s)
sample [55/100] orig=2 cf=5 -- 1085/1568 neurons fixed across 3 layer(s)
sample [56/100] orig=2 cf=9 -- 1310/1568 neurons fixed across 3 layer(s)
sample [57/100] orig=7 cf=6 -- 1236/1568 neurons fixed across 3 layer(s)
sample [58/100] orig=2 cf=6 -- 1116/1568 neurons fixed across 3 layer(s)
sample [59/100] orig=2 cf=7 -- 1168/1568 neurons fixed across 3 layer(s)
sample [60/100] orig=8 cf=3 -- 1288/1568 neurons fixed across 3 layer(s)
sample [61/100] orig=1 cf=5 -- 1268/1568 neurons fixed across 3 layer(s)
sample [62/100] orig=1 cf=7 -- 1241/1568 neurons fixed across 3 layer(s)
sample [63/100] orig=8 cf=7 -- 1252/1568 neurons fixed across 3 layer(s)
sample [64/100] orig=2 cf=7 -- 1224/1568 neurons fixed across 3 layer(s)
sample [65/100] orig=1 cf=5 -- 1249/1568 neurons fixed across 3 layer(s)
sample [66/100] orig=1 cf=8 -- 1254/1568 neurons fixed across 3 layer(s)
sample [67/100] orig=4 cf=1 -- 1283/1568 neurons fixed across 3 layer(s)
sample [68/100] orig=9 cf=0 -- 1332/1568 neurons fixed across 3 layer(s)
sample [69/100] orig=7 cf=6 -- 1194/1568 neurons fixed across 3 layer(s)
sample [70/100] orig=8 cf=0 -- 1201/1568 neurons fixed across 3 layer(s)
sample [71/100] orig=4 cf=1 -- 1251/1568 neurons fixed across 3 layer(s)
sample [72/100] orig=6 cf=9 -- 1209/1568 neurons fixed across 3 layer(s)
sample [73/100] orig=9 cf=6 -- 1216/1568 neurons fixed across 3 layer(s)
sample [74/100] orig=7 cf=2 -- 1133/1568 neurons fixed across 3 layer(s)
sample [75/100] orig=4 cf=1 -- 1257/1568 neurons fixed across 3 layer(s)
sample [76/100] orig=8 cf=7 -- 1201/1568 neurons fixed across 3 layer(s)
sample [77/100] orig=9 cf=8 -- 1264/1568 neurons fixed across 3 layer(s)
sample [78/100] orig=0 cf=5 -- 1167/1568 neurons fixed across 3 layer(s)
sample [79/100] orig=3 cf=1 -- 1248/1568 neurons fixed across 3 layer(s)
sample [80/100] orig=1 cf=5 -- 1298/1568 neurons fixed across 3 layer(s)
sample [81/100] orig=4 cf=6 -- 1148/1568 neurons fixed across 3 layer(s)
sample [82/100] orig=7 cf=6 -- 1151/1568 neurons fixed across 3 layer(s)
sample [83/100] orig=4 cf=1 -- 1247/1568 neurons fixed across 3 layer(s)
sample [84/100] orig=3 cf=8 -- 1293/1568 neurons fixed across 3 layer(s)
sample [85/100] orig=7 cf=1 -- 1279/1568 neurons fixed across 3 layer(s)
sample [86/100] orig=7 cf=6 -- 1139/1568 neurons fixed across 3 layer(s)
sample [87/100] orig=7 cf=6 -- 1117/1568 neurons fixed across 3 layer(s)
sample [88/100] orig=7 cf=2 -- 1218/1568 neurons fixed across 3 layer(s)
sample [89/100] orig=9 cf=6 -- 1172/1568 neurons fixed across 3 layer(s)
sample [90/100] orig=2 cf=1 -- 1270/1568 neurons fixed across 3 layer(s)
sample [91/100] orig=6 cf=7 -- 1234/1568 neurons fixed across 3 layer(s)
sample [92/100] orig=5 cf=8 -- 1279/1568 neurons fixed across 3 layer(s)
sample [93/100] orig=8 cf=5 -- 1343/1568 neurons fixed across 3 layer(s)
sample [94/100] orig=0 cf=5 -- 1149/1568 neurons fixed across 3 layer(s)
sample [95/100] orig=7 cf=1 -- 1289/1568 neurons fixed across 3 layer(s)
sample [96/100] orig=6 cf=7 -- 1287/1568 neurons fixed across 3 layer(s)
sample [97/100] orig=1 cf=7 -- 1164/1568 neurons fixed across 3 layer(s)
sample [98/100] orig=7 cf=1 -- 1252/1568 neurons fixed across 3 layer(s)
sample [99/100] orig=6 cf=7 -- 1231/1568 neurons fixed across 3 layer(s)
sample [100/100] orig=1 cf=5 -- 1210/1568 neurons fixed across 3 layer(s)

100/100 samples written to /Users/labbaf/Documents/NN_Explainability/spexplain/neuron-activation/spexplain/data/neuron_activations/cifar/cnn-bench/NAB2.txt (0 failed to produce a counterfactual)
