Model: /Users/labbaf/Documents/NN_Explainability/spexplain/neuron-activation/spexplain/data/models/cifar/cnn-bench/NAB3.onnx
  input shape [1, 3, 32, 32], 3072 features, 4 ReLU layer(s), 10-class
Dataset: /Users/labbaf/Documents/NN_Explainability/spexplain/neuron-activation/spexplain/data/datasets/cifar/cifar_s100_scaled.csv (100/100 samples)
PGD: epsilon-frac=0.1 step-frac=0.1 num-steps=50
Output: /Users/labbaf/Documents/NN_Explainability/spexplain/neuron-activation/spexplain/data/neuron_activations/cifar/cnn-bench/NAB3.txt

sample [1/100] orig=6 cf=7 -- 1588/2080 neurons fixed across 4 layer(s)
sample [2/100] orig=9 cf=5 -- 1613/2080 neurons fixed across 4 layer(s)
sample [3/100] orig=9 cf=8 -- 1673/2080 neurons fixed across 4 layer(s)
sample [4/100] orig=6 cf=7 -- 1518/2080 neurons fixed across 4 layer(s)
sample [5/100] orig=1 cf=8 -- 1673/2080 neurons fixed across 4 layer(s)
sample [6/100] orig=1 cf=5 -- 1598/2080 neurons fixed across 4 layer(s)
sample [7/100] orig=2 cf=7 -- 1699/2080 neurons fixed across 4 layer(s)
sample [8/100] orig=7 cf=0 -- 1611/2080 neurons fixed across 4 layer(s)
sample [9/100] orig=8 cf=0 -- 1792/2080 neurons fixed across 4 layer(s)
sample [10/100] orig=9 cf=2 -- 1533/2080 neurons fixed across 4 layer(s)
sample [11/100] orig=4 cf=2 -- 1455/2080 neurons fixed across 4 layer(s)
sample [12/100] orig=7 cf=2 -- 1599/2080 neurons fixed across 4 layer(s)
sample [13/100] orig=7 cf=1 -- 1721/2080 neurons fixed across 4 layer(s)
sample [14/100] orig=1 cf=2 -- 1561/2080 neurons fixed across 4 layer(s)
sample [15/100] orig=9 cf=7 -- 1572/2080 neurons fixed across 4 layer(s)
sample [16/100] orig=8 cf=7 -- 1657/2080 neurons fixed across 4 layer(s)
sample [17/100] orig=9 cf=2 -- 1596/2080 neurons fixed across 4 layer(s)
sample [18/100] orig=3 cf=4 -- 1601/2080 neurons fixed across 4 layer(s)
sample [19/100] orig=6 cf=7 -- 1625/2080 neurons fixed across 4 layer(s)
sample [20/100] orig=6 cf=7 -- 1652/2080 neurons fixed across 4 layer(s)
sample [21/100] orig=0 cf=5 -- 1614/2080 neurons fixed across 4 layer(s)
sample [22/100] orig=3 cf=0 -- 1754/2080 neurons fixed across 4 layer(s)
sample [23/100] orig=6 cf=5 -- 1430/2080 neurons fixed across 4 layer(s)
sample [24/100] orig=6 cf=7 -- 1563/2080 neurons fixed across 4 layer(s)
sample [25/100] orig=6 cf=9 -- 1677/2080 neurons fixed across 4 layer(s)
sample [26/100] orig=6 cf=5 -- 1587/2080 neurons fixed across 4 layer(s)
sample [27/100] orig=3 cf=7 -- 1536/2080 neurons fixed across 4 layer(s)
sample [28/100] orig=7 cf=2 -- 1528/2080 neurons fixed across 4 layer(s)
sample [29/100] orig=4 cf=7 -- 1624/2080 neurons fixed across 4 layer(s)
sample [30/100] orig=2 cf=1 -- 1678/2080 neurons fixed across 4 layer(s)
sample [31/100] orig=0 cf=1 -- 1597/2080 neurons fixed across 4 layer(s)
sample [32/100] orig=9 cf=2 -- 1580/2080 neurons fixed across 4 layer(s)
sample [33/100] orig=1 cf=5 -- 1572/2080 neurons fixed across 4 layer(s)
sample [34/100] orig=3 cf=6 -- 1616/2080 neurons fixed across 4 layer(s)
sample [35/100] orig=2 cf=7 -- 1675/2080 neurons fixed across 4 layer(s)
sample [36/100] orig=7 cf=0 -- 1658/2080 neurons fixed across 4 layer(s)
sample [37/100] orig=2 cf=8 -- 1673/2080 neurons fixed across 4 layer(s)
sample [38/100] orig=7 cf=2 -- 1537/2080 neurons fixed across 4 layer(s)
sample [39/100] orig=8 cf=5 -- 1595/2080 neurons fixed across 4 layer(s)
sample [40/100] orig=0 cf=6 -- 1622/2080 neurons fixed across 4 layer(s)
sample [41/100] orig=5 cf=1 -- 1585/2080 neurons fixed across 4 layer(s)
sample [42/100] orig=2 cf=7 -- 1700/2080 neurons fixed across 4 layer(s)
sample [43/100] orig=4 cf=2 -- 1656/2080 neurons fixed across 4 layer(s)
sample [44/100] orig=7 cf=6 -- 1695/2080 neurons fixed across 4 layer(s)
sample [45/100] orig=1 cf=5 -- 1572/2080 neurons fixed across 4 layer(s)
sample [46/100] orig=1 cf=5 -- 1628/2080 neurons fixed across 4 layer(s)
sample [47/100] orig=1 cf=5 -- 1543/2080 neurons fixed across 4 layer(s)
sample [48/100] orig=8 cf=0 -- 1702/2080 neurons fixed across 4 layer(s)
sample [49/100] orig=2 cf=7 -- 1649/2080 neurons fixed across 4 layer(s)
sample [50/100] orig=3 cf=7 -- 1758/2080 neurons fixed across 4 layer(s)
sample [51/100] orig=2 cf=7 -- 1671/2080 neurons fixed across 4 layer(s)
sample [52/100] orig=5 cf=7 -- 1693/2080 neurons fixed across 4 layer(s)
sample [53/100] orig=4 cf=6 -- 1644/2080 neurons fixed across 4 layer(s)
sample [54/100] orig=0 cf=1 -- 1667/2080 neurons fixed across 4 layer(s)
sample [55/100] orig=2 cf=8 -- 1537/2080 neurons fixed across 4 layer(s)
sample [56/100] orig=2 cf=1 -- 1674/2080 neurons fixed across 4 layer(s)
sample [57/100] orig=6 cf=7 -- 1649/2080 neurons fixed across 4 layer(s)
sample [58/100] orig=2 cf=6 -- 1474/2080 neurons fixed across 4 layer(s)
sample [59/100] orig=4 cf=2 -- 1596/2080 neurons fixed across 4 layer(s)
sample [60/100] orig=8 cf=7 -- 1673/2080 neurons fixed across 4 layer(s)
sample [61/100] orig=1 cf=5 -- 1615/2080 neurons fixed across 4 layer(s)
sample [62/100] orig=1 cf=2 -- 1629/2080 neurons fixed across 4 layer(s)
sample [63/100] orig=8 cf=2 -- 1690/2080 neurons fixed across 4 layer(s)
sample [64/100] orig=2 cf=1 -- 1652/2080 neurons fixed across 4 layer(s)
sample [65/100] orig=1 cf=5 -- 1588/2080 neurons fixed across 4 layer(s)
sample [66/100] orig=1 cf=5 -- 1627/2080 neurons fixed across 4 layer(s)
sample [67/100] orig=2 cf=1 -- 1655/2080 neurons fixed across 4 layer(s)
sample [68/100] orig=9 cf=7 -- 1606/2080 neurons fixed across 4 layer(s)
sample [69/100] orig=7 cf=8 -- 1606/2080 neurons fixed across 4 layer(s)
sample [70/100] orig=0 cf=8 -- 1567/2080 neurons fixed across 4 layer(s)
sample [71/100] orig=2 cf=1 -- 1659/2080 neurons fixed across 4 layer(s)
sample [72/100] orig=9 cf=7 -- 1588/2080 neurons fixed across 4 layer(s)
sample [73/100] orig=6 cf=9 -- 1672/2080 neurons fixed across 4 layer(s)
sample [74/100] orig=7 cf=0 -- 1546/2080 neurons fixed across 4 layer(s)
sample [75/100] orig=2 cf=1 -- 1683/2080 neurons fixed across 4 layer(s)
sample [76/100] orig=4 cf=1 -- 1641/2080 neurons fixed across 4 layer(s)
sample [77/100] orig=9 cf=0 -- 1714/2080 neurons fixed across 4 layer(s)
sample [78/100] orig=0 cf=6 -- 1585/2080 neurons fixed across 4 layer(s)
sample [79/100] orig=5 cf=1 -- 1599/2080 neurons fixed across 4 layer(s)
sample [80/100] orig=1 cf=0 -- 1696/2080 neurons fixed across 4 layer(s)
sample [81/100] orig=4 cf=8 -- 1625/2080 neurons fixed across 4 layer(s)
sample [82/100] orig=5 cf=0 -- 1540/2080 neurons fixed across 4 layer(s)
sample [83/100] orig=4 cf=2 -- 1642/2080 neurons fixed across 4 layer(s)
sample [84/100] orig=3 cf=8 -- 1672/2080 neurons fixed across 4 layer(s)
sample [85/100] orig=2 cf=7 -- 1698/2080 neurons fixed across 4 layer(s)
sample [86/100] orig=7 cf=6 -- 1549/2080 neurons fixed across 4 layer(s)
sample [87/100] orig=7 cf=6 -- 1502/2080 neurons fixed across 4 layer(s)
sample [88/100] orig=7 cf=2 -- 1615/2080 neurons fixed across 4 layer(s)
sample [89/100] orig=9 cf=7 -- 1631/2080 neurons fixed across 4 layer(s)
sample [90/100] orig=2 cf=1 -- 1628/2080 neurons fixed across 4 layer(s)
sample [91/100] orig=6 cf=7 -- 1642/2080 neurons fixed across 4 layer(s)
sample [92/100] orig=5 cf=6 -- 1696/2080 neurons fixed across 4 layer(s)
sample [93/100] orig=8 cf=0 -- 1751/2080 neurons fixed across 4 layer(s)
sample [94/100] orig=0 cf=8 -- 1649/2080 neurons fixed across 4 layer(s)
sample [95/100] orig=9 cf=7 -- 1616/2080 neurons fixed across 4 layer(s)
sample [96/100] orig=6 cf=7 -- 1718/2080 neurons fixed across 4 layer(s)
sample [97/100] orig=1 cf=2 -- 1584/2080 neurons fixed across 4 layer(s)
sample [98/100] orig=1 cf=7 -- 1636/2080 neurons fixed across 4 layer(s)
sample [99/100] orig=6 cf=7 -- 1612/2080 neurons fixed across 4 layer(s)
sample [100/100] orig=1 cf=2 -- 1662/2080 neurons fixed across 4 layer(s)

100/100 samples written to /Users/labbaf/Documents/NN_Explainability/spexplain/neuron-activation/spexplain/data/neuron_activations/cifar/cnn-bench/NAB3.txt (0 failed to produce a counterfactual)
