Model: /Users/labbaf/Documents/NN_Explainability/spexplain/neuron-activation/spexplain/data/models/cifar/cnn-bench/NAB5.onnx
  input shape [1, 3, 32, 32], 3072 features, 6 ReLU layer(s), 10-class
Dataset: /Users/labbaf/Documents/NN_Explainability/spexplain/neuron-activation/spexplain/data/datasets/cifar/cifar_s100_scaled.csv (100/100 samples)
PGD: epsilon-frac=0.1 step-frac=0.1 num-steps=50
Output: /Users/labbaf/Documents/NN_Explainability/spexplain/neuron-activation/spexplain/data/neuron_activations/cifar/cnn-bench/NAB5.txt

sample [1/100] orig=5 cf=6 -- 2452/3104 neurons fixed across 6 layer(s)
sample [2/100] orig=9 cf=8 -- 2447/3104 neurons fixed across 6 layer(s)
sample [3/100] orig=8 cf=9 -- 2428/3104 neurons fixed across 6 layer(s)
sample [4/100] orig=4 cf=6 -- 2382/3104 neurons fixed across 6 layer(s)
sample [5/100] orig=1 cf=8 -- 2435/3104 neurons fixed across 6 layer(s)
sample [6/100] orig=9 cf=7 -- 2440/3104 neurons fixed across 6 layer(s)
sample [7/100] orig=7 cf=2 -- 2411/3104 neurons fixed across 6 layer(s)
sample [8/100] orig=7 cf=6 -- 2356/3104 neurons fixed across 6 layer(s)
sample [9/100] orig=8 cf=0 -- 2449/3104 neurons fixed across 6 layer(s)
sample [10/100] orig=7 cf=8 -- 2186/3104 neurons fixed across 6 layer(s)
sample [11/100] orig=4 cf=2 -- 2201/3104 neurons fixed across 6 layer(s)
sample [12/100] orig=7 cf=8 -- 2274/3104 neurons fixed across 6 layer(s)
sample [13/100] orig=7 cf=0 -- 2337/3104 neurons fixed across 6 layer(s)
sample [14/100] orig=1 cf=2 -- 2280/3104 neurons fixed across 6 layer(s)
sample [15/100] orig=9 cf=6 -- 2386/3104 neurons fixed across 6 layer(s)
sample [16/100] orig=9 cf=8 -- 2413/3104 neurons fixed across 6 layer(s)
sample [17/100] orig=1 cf=7 -- 2382/3104 neurons fixed across 6 layer(s)
sample [18/100] orig=3 cf=4 -- 2345/3104 neurons fixed across 6 layer(s)
sample [19/100] orig=6 cf=7 -- 2319/3104 neurons fixed across 6 layer(s)
sample [20/100] orig=1 cf=2 -- 2329/3104 neurons fixed across 6 layer(s)
sample [21/100] orig=4 cf=0 -- 2321/3104 neurons fixed across 6 layer(s)
sample [22/100] orig=5 cf=1 -- 2391/3104 neurons fixed across 6 layer(s)
sample [23/100] orig=6 cf=7 -- 2297/3104 neurons fixed across 6 layer(s)
sample [24/100] orig=6 cf=7 -- 2213/3104 neurons fixed across 6 layer(s)
sample [25/100] orig=2 cf=9 -- 2348/3104 neurons fixed across 6 layer(s)
sample [26/100] orig=6 cf=9 -- 2352/3104 neurons fixed across 6 layer(s)
sample [27/100] orig=5 cf=2 -- 2368/3104 neurons fixed across 6 layer(s)
sample [28/100] orig=7 cf=2 -- 2330/3104 neurons fixed across 6 layer(s)
sample [29/100] orig=7 cf=6 -- 2328/3104 neurons fixed across 6 layer(s)
sample [30/100] orig=0 cf=9 -- 2440/3104 neurons fixed across 6 layer(s)
sample [31/100] orig=1 cf=2 -- 2350/3104 neurons fixed across 6 layer(s)
sample [32/100] orig=9 cf=6 -- 2400/3104 neurons fixed across 6 layer(s)
sample [33/100] orig=1 cf=3 -- 2303/3104 neurons fixed across 6 layer(s)
sample [34/100] orig=3 cf=7 -- 2322/3104 neurons fixed across 6 layer(s)
sample [35/100] orig=4 cf=2 -- 2384/3104 neurons fixed across 6 layer(s)
sample [36/100] orig=7 cf=0 -- 2377/3104 neurons fixed across 6 layer(s)
sample [37/100] orig=4 cf=8 -- 2397/3104 neurons fixed across 6 layer(s)
sample [38/100] orig=7 cf=6 -- 2293/3104 neurons fixed across 6 layer(s)
sample [39/100] orig=5 cf=8 -- 2374/3104 neurons fixed across 6 layer(s)
sample [40/100] orig=6 cf=7 -- 2259/3104 neurons fixed across 6 layer(s)
sample [41/100] orig=5 cf=8 -- 2320/3104 neurons fixed across 6 layer(s)
sample [42/100] orig=2 cf=5 -- 2343/3104 neurons fixed across 6 layer(s)
sample [43/100] orig=4 cf=0 -- 2286/3104 neurons fixed across 6 layer(s)
sample [44/100] orig=7 cf=0 -- 2321/3104 neurons fixed across 6 layer(s)
sample [45/100] orig=1 cf=7 -- 2375/3104 neurons fixed across 6 layer(s)
sample [46/100] orig=1 cf=2 -- 2454/3104 neurons fixed across 6 layer(s)
sample [47/100] orig=1 cf=8 -- 2275/3104 neurons fixed across 6 layer(s)
sample [48/100] orig=8 cf=0 -- 2365/3104 neurons fixed across 6 layer(s)
sample [49/100] orig=2 cf=4 -- 2287/3104 neurons fixed across 6 layer(s)
sample [50/100] orig=3 cf=0 -- 2524/3104 neurons fixed across 6 layer(s)
sample [51/100] orig=0 cf=9 -- 2307/3104 neurons fixed across 6 layer(s)
sample [52/100] orig=3 cf=7 -- 2394/3104 neurons fixed across 6 layer(s)
sample [53/100] orig=4 cf=6 -- 2392/3104 neurons fixed across 6 layer(s)
sample [54/100] orig=9 cf=0 -- 2399/3104 neurons fixed across 6 layer(s)
sample [55/100] orig=2 cf=4 -- 2206/3104 neurons fixed across 6 layer(s)
sample [56/100] orig=2 cf=6 -- 2515/3104 neurons fixed across 6 layer(s)
sample [57/100] orig=4 cf=2 -- 2335/3104 neurons fixed across 6 layer(s)
sample [58/100] orig=2 cf=1 -- 2170/3104 neurons fixed across 6 layer(s)
sample [59/100] orig=4 cf=2 -- 2290/3104 neurons fixed across 6 layer(s)
sample [60/100] orig=3 cf=9 -- 2390/3104 neurons fixed across 6 layer(s)
sample [61/100] orig=1 cf=0 -- 2405/3104 neurons fixed across 6 layer(s)
sample [62/100] orig=1 cf=7 -- 2400/3104 neurons fixed across 6 layer(s)
sample [63/100] orig=8 cf=1 -- 2358/3104 neurons fixed across 6 layer(s)
sample [64/100] orig=2 cf=1 -- 2218/3104 neurons fixed across 6 layer(s)
sample [65/100] orig=1 cf=5 -- 2307/3104 neurons fixed across 6 layer(s)
sample [66/100] orig=1 cf=7 -- 2360/3104 neurons fixed across 6 layer(s)
sample [67/100] orig=4 cf=0 -- 2323/3104 neurons fixed across 6 layer(s)
sample [68/100] orig=9 cf=8 -- 2376/3104 neurons fixed across 6 layer(s)
sample [69/100] orig=7 cf=6 -- 2389/3104 neurons fixed across 6 layer(s)
sample [70/100] orig=8 cf=0 -- 2268/3104 neurons fixed across 6 layer(s)
sample [71/100] orig=4 cf=0 -- 2269/3104 neurons fixed across 6 layer(s)
sample [72/100] orig=9 cf=7 -- 2373/3104 neurons fixed across 6 layer(s)
sample [73/100] orig=6 cf=9 -- 2438/3104 neurons fixed across 6 layer(s)
sample [74/100] orig=7 cf=6 -- 2287/3104 neurons fixed across 6 layer(s)
sample [75/100] orig=3 cf=0 -- 2381/3104 neurons fixed across 6 layer(s)
sample [76/100] orig=1 cf=4 -- 2314/3104 neurons fixed across 6 layer(s)
sample [77/100] orig=9 cf=7 -- 2391/3104 neurons fixed across 6 layer(s)
sample [78/100] orig=0 cf=1 -- 2320/3104 neurons fixed across 6 layer(s)
sample [79/100] orig=6 cf=7 -- 2415/3104 neurons fixed across 6 layer(s)
sample [80/100] orig=0 cf=9 -- 2483/3104 neurons fixed across 6 layer(s)
sample [81/100] orig=4 cf=8 -- 2302/3104 neurons fixed across 6 layer(s)
sample [82/100] orig=3 cf=1 -- 2285/3104 neurons fixed across 6 layer(s)
sample [83/100] orig=4 cf=6 -- 2343/3104 neurons fixed across 6 layer(s)
sample [84/100] orig=0 cf=5 -- 2472/3104 neurons fixed across 6 layer(s)
sample [85/100] orig=7 cf=1 -- 2455/3104 neurons fixed across 6 layer(s)
sample [86/100] orig=3 cf=7 -- 2278/3104 neurons fixed across 6 layer(s)
sample [87/100] orig=7 cf=6 -- 2294/3104 neurons fixed across 6 layer(s)
sample [88/100] orig=7 cf=6 -- 2281/3104 neurons fixed across 6 layer(s)
sample [89/100] orig=9 cf=4 -- 2316/3104 neurons fixed across 6 layer(s)
sample [90/100] orig=4 cf=1 -- 2307/3104 neurons fixed across 6 layer(s)
sample [91/100] orig=6 cf=1 -- 2312/3104 neurons fixed across 6 layer(s)
sample [92/100] orig=5 cf=6 -- 2366/3104 neurons fixed across 6 layer(s)
sample [93/100] orig=8 cf=7 -- 2478/3104 neurons fixed across 6 layer(s)
sample [94/100] orig=0 cf=7 -- 2238/3104 neurons fixed across 6 layer(s)
sample [95/100] orig=9 cf=1 -- 2441/3104 neurons fixed across 6 layer(s)
sample [96/100] orig=6 cf=7 -- 2440/3104 neurons fixed across 6 layer(s)
sample [97/100] orig=1 cf=7 -- 2338/3104 neurons fixed across 6 layer(s)
sample [98/100] orig=1 cf=7 -- 2365/3104 neurons fixed across 6 layer(s)
sample [99/100] orig=6 cf=7 -- 2340/3104 neurons fixed across 6 layer(s)
sample [100/100] orig=1 cf=6 -- 2428/3104 neurons fixed across 6 layer(s)

100/100 samples written to /Users/labbaf/Documents/NN_Explainability/spexplain/neuron-activation/spexplain/data/neuron_activations/cifar/cnn-bench/NAB5.txt (0 failed to produce a counterfactual)
