Model: /Users/labbaf/Documents/NN_Explainability/spexplain/neuron-activation/spexplain/data/models/cifar/cnn-bench/NAB6.onnx
  input shape [1, 3, 32, 32], 3072 features, 7 ReLU layer(s), 10-class
Dataset: /Users/labbaf/Documents/NN_Explainability/spexplain/neuron-activation/spexplain/data/datasets/cifar/cifar_s100_scaled.csv (100/100 samples)
PGD: epsilon-frac=0.1 step-frac=0.1 num-steps=50
Output: /Users/labbaf/Documents/NN_Explainability/spexplain/neuron-activation/spexplain/data/neuron_activations/cifar/cnn-bench/NAB6.txt

sample [1/100] orig=5 cf=6 -- 2729/3616 neurons fixed across 7 layer(s)
sample [2/100] orig=9 cf=1 -- 2804/3616 neurons fixed across 7 layer(s)
sample [3/100] orig=9 cf=8 -- 2779/3616 neurons fixed across 7 layer(s)
sample [4/100] orig=4 cf=6 -- 2550/3616 neurons fixed across 7 layer(s)
sample [5/100] orig=1 cf=8 -- 2806/3616 neurons fixed across 7 layer(s)
sample [6/100] orig=1 cf=7 -- 2775/3616 neurons fixed across 7 layer(s)
sample [7/100] orig=2 cf=7 -- 2758/3616 neurons fixed across 7 layer(s)
sample [8/100] orig=7 cf=6 -- 2629/3616 neurons fixed across 7 layer(s)
sample [9/100] orig=8 cf=0 -- 3043/3616 neurons fixed across 7 layer(s)
sample [10/100] orig=3 cf=0 -- 2543/3616 neurons fixed across 7 layer(s)
sample [11/100] orig=4 cf=6 -- 2461/3616 neurons fixed across 7 layer(s)
sample [12/100] orig=7 cf=1 -- 2749/3616 neurons fixed across 7 layer(s)
sample [13/100] orig=7 cf=0 -- 2863/3616 neurons fixed across 7 layer(s)
sample [14/100] orig=2 cf=1 -- 2677/3616 neurons fixed across 7 layer(s)
sample [15/100] orig=9 cf=7 -- 2855/3616 neurons fixed across 7 layer(s)
sample [16/100] orig=8 cf=9 -- 2889/3616 neurons fixed across 7 layer(s)
sample [17/100] orig=1 cf=7 -- 2700/3616 neurons fixed across 7 layer(s)
sample [18/100] orig=4 cf=5 -- 2726/3616 neurons fixed across 7 layer(s)
sample [19/100] orig=6 cf=7 -- 2643/3616 neurons fixed across 7 layer(s)
sample [20/100] orig=9 cf=6 -- 2701/3616 neurons fixed across 7 layer(s)
sample [21/100] orig=5 cf=0 -- 2846/3616 neurons fixed across 7 layer(s)
sample [22/100] orig=3 cf=7 -- 2948/3616 neurons fixed across 7 layer(s)
sample [23/100] orig=6 cf=7 -- 2607/3616 neurons fixed across 7 layer(s)
sample [24/100] orig=6 cf=2 -- 2738/3616 neurons fixed across 7 layer(s)
sample [25/100] orig=1 cf=2 -- 2770/3616 neurons fixed across 7 layer(s)
sample [26/100] orig=6 cf=7 -- 2704/3616 neurons fixed across 7 layer(s)
sample [27/100] orig=2 cf=9 -- 2656/3616 neurons fixed across 7 layer(s)
sample [28/100] orig=7 cf=2 -- 2714/3616 neurons fixed across 7 layer(s)
sample [29/100] orig=7 cf=6 -- 2642/3616 neurons fixed across 7 layer(s)
sample [30/100] orig=8 cf=6 -- 2747/3616 neurons fixed across 7 layer(s)
sample [31/100] orig=0 cf=1 -- 2670/3616 neurons fixed across 7 layer(s)
sample [32/100] orig=9 cf=4 -- 2693/3616 neurons fixed across 7 layer(s)
sample [33/100] orig=1 cf=9 -- 2818/3616 neurons fixed across 7 layer(s)
sample [34/100] orig=5 cf=6 -- 2631/3616 neurons fixed across 7 layer(s)
sample [35/100] orig=4 cf=2 -- 2807/3616 neurons fixed across 7 layer(s)
sample [36/100] orig=7 cf=2 -- 2813/3616 neurons fixed across 7 layer(s)
sample [37/100] orig=3 cf=0 -- 2793/3616 neurons fixed across 7 layer(s)
sample [38/100] orig=7 cf=6 -- 2578/3616 neurons fixed across 7 layer(s)
sample [39/100] orig=3 cf=8 -- 2881/3616 neurons fixed across 7 layer(s)
sample [40/100] orig=4 cf=6 -- 2659/3616 neurons fixed across 7 layer(s)
sample [41/100] orig=7 cf=6 -- 2625/3616 neurons fixed across 7 layer(s)
sample [42/100] orig=2 cf=5 -- 2705/3616 neurons fixed across 7 layer(s)
sample [43/100] orig=2 cf=7 -- 2661/3616 neurons fixed across 7 layer(s)
sample [44/100] orig=7 cf=6 -- 2657/3616 neurons fixed across 7 layer(s)
sample [45/100] orig=1 cf=7 -- 2796/3616 neurons fixed across 7 layer(s)
sample [46/100] orig=1 cf=7 -- 2772/3616 neurons fixed across 7 layer(s)
sample [47/100] orig=1 cf=2 -- 2729/3616 neurons fixed across 7 layer(s)
sample [48/100] orig=8 cf=0 -- 2782/3616 neurons fixed across 7 layer(s)
sample [49/100] orig=2 cf=7 -- 2761/3616 neurons fixed across 7 layer(s)
sample [50/100] orig=7 cf=6 -- 2930/3616 neurons fixed across 7 layer(s)
sample [51/100] orig=0 cf=5 -- 2655/3616 neurons fixed across 7 layer(s)
sample [52/100] orig=3 cf=7 -- 2749/3616 neurons fixed across 7 layer(s)
sample [53/100] orig=7 cf=6 -- 2758/3616 neurons fixed across 7 layer(s)
sample [54/100] orig=0 cf=1 -- 2864/3616 neurons fixed across 7 layer(s)
sample [55/100] orig=2 cf=6 -- 2377/3616 neurons fixed across 7 layer(s)
sample [56/100] orig=6 cf=2 -- 2806/3616 neurons fixed across 7 layer(s)
sample [57/100] orig=4 cf=2 -- 2751/3616 neurons fixed across 7 layer(s)
sample [58/100] orig=2 cf=6 -- 2515/3616 neurons fixed across 7 layer(s)
sample [59/100] orig=4 cf=5 -- 2669/3616 neurons fixed across 7 layer(s)
sample [60/100] orig=8 cf=7 -- 2799/3616 neurons fixed across 7 layer(s)
sample [61/100] orig=1 cf=0 -- 2863/3616 neurons fixed across 7 layer(s)
sample [62/100] orig=1 cf=9 -- 2823/3616 neurons fixed across 7 layer(s)
sample [63/100] orig=8 cf=0 -- 2831/3616 neurons fixed across 7 layer(s)
sample [64/100] orig=2 cf=1 -- 2753/3616 neurons fixed across 7 layer(s)
sample [65/100] orig=1 cf=7 -- 2666/3616 neurons fixed across 7 layer(s)
sample [66/100] orig=1 cf=7 -- 2685/3616 neurons fixed across 7 layer(s)
sample [67/100] orig=4 cf=7 -- 2727/3616 neurons fixed across 7 layer(s)
sample [68/100] orig=8 cf=9 -- 2902/3616 neurons fixed across 7 layer(s)
sample [69/100] orig=7 cf=6 -- 2604/3616 neurons fixed across 7 layer(s)
sample [70/100] orig=8 cf=2 -- 2613/3616 neurons fixed across 7 layer(s)
sample [71/100] orig=2 cf=1 -- 2706/3616 neurons fixed across 7 layer(s)
sample [72/100] orig=9 cf=2 -- 2690/3616 neurons fixed across 7 layer(s)
sample [73/100] orig=9 cf=6 -- 2755/3616 neurons fixed across 7 layer(s)
sample [74/100] orig=7 cf=2 -- 2588/3616 neurons fixed across 7 layer(s)
sample [75/100] orig=3 cf=2 -- 2796/3616 neurons fixed across 7 layer(s)
sample [76/100] orig=4 cf=1 -- 2783/3616 neurons fixed across 7 layer(s)
sample [77/100] orig=9 cf=1 -- 2804/3616 neurons fixed across 7 layer(s)
sample [78/100] orig=0 cf=4 -- 2632/3616 neurons fixed across 7 layer(s)
sample [79/100] orig=7 cf=6 -- 2625/3616 neurons fixed across 7 layer(s)
sample [80/100] orig=8 cf=1 -- 2924/3616 neurons fixed across 7 layer(s)
sample [81/100] orig=6 cf=7 -- 2582/3616 neurons fixed across 7 layer(s)
sample [82/100] orig=3 cf=1 -- 2688/3616 neurons fixed across 7 layer(s)
sample [83/100] orig=4 cf=6 -- 2664/3616 neurons fixed across 7 layer(s)
sample [84/100] orig=3 cf=0 -- 2743/3616 neurons fixed across 7 layer(s)
sample [85/100] orig=4 cf=1 -- 2865/3616 neurons fixed across 7 layer(s)
sample [86/100] orig=2 cf=7 -- 2609/3616 neurons fixed across 7 layer(s)
sample [87/100] orig=4 cf=7 -- 2573/3616 neurons fixed across 7 layer(s)
sample [88/100] orig=7 cf=6 -- 2556/3616 neurons fixed across 7 layer(s)
sample [89/100] orig=9 cf=1 -- 2698/3616 neurons fixed across 7 layer(s)
sample [90/100] orig=4 cf=8 -- 2763/3616 neurons fixed across 7 layer(s)
sample [91/100] orig=2 cf=1 -- 2786/3616 neurons fixed across 7 layer(s)
sample [92/100] orig=3 cf=2 -- 2820/3616 neurons fixed across 7 layer(s)
sample [93/100] orig=8 cf=2 -- 2936/3616 neurons fixed across 7 layer(s)
sample [94/100] orig=0 cf=8 -- 2720/3616 neurons fixed across 7 layer(s)
sample [95/100] orig=7 cf=1 -- 2828/3616 neurons fixed across 7 layer(s)
sample [96/100] orig=6 cf=7 -- 2861/3616 neurons fixed across 7 layer(s)
sample [97/100] orig=1 cf=8 -- 2808/3616 neurons fixed across 7 layer(s)
sample [98/100] orig=1 cf=6 -- 2696/3616 neurons fixed across 7 layer(s)
sample [99/100] orig=6 cf=7 -- 2663/3616 neurons fixed across 7 layer(s)
sample [100/100] orig=1 cf=6 -- 2662/3616 neurons fixed across 7 layer(s)

100/100 samples written to /Users/labbaf/Documents/NN_Explainability/spexplain/neuron-activation/spexplain/data/neuron_activations/cifar/cnn-bench/NAB6.txt (0 failed to produce a counterfactual)
