Model: /Users/labbaf/Documents/NN_Explainability/spexplain/neuron-activation/spexplain/data/models/cifar10/cnn-bench/NS1.onnx
  input shape [1, 3, 32, 32], 3072 features, 2 ReLU layer(s), 10-class
Dataset: /Users/labbaf/Documents/NN_Explainability/spexplain/neuron-activation/spexplain/data/datasets/cifar/cifar_s100_scaled.csv (100/100 samples)
PGD: epsilon-frac=0.1 step-frac=0.1 num-steps=50
Output: /Users/labbaf/Documents/NN_Explainability/spexplain/neuron-activation/spexplain/data/neuron_activations/cifar10/cnn-bench/NS1.txt

sample [1/100] orig=6 cf=7 -- 861/1056 neurons fixed across 2 layer(s)
sample [2/100] orig=9 cf=1 -- 868/1056 neurons fixed across 2 layer(s)
sample [3/100] orig=8 cf=7 -- 805/1056 neurons fixed across 2 layer(s)
sample [4/100] orig=6 cf=7 -- 844/1056 neurons fixed across 2 layer(s)
sample [5/100] orig=1 cf=8 -- 826/1056 neurons fixed across 2 layer(s)
sample [6/100] orig=9 cf=6 -- 868/1056 neurons fixed across 2 layer(s)
sample [7/100] orig=2 cf=7 -- 898/1056 neurons fixed across 2 layer(s)
sample [8/100] orig=7 cf=6 -- 876/1056 neurons fixed across 2 layer(s)
sample [9/100] orig=8 cf=0 -- 871/1056 neurons fixed across 2 layer(s)
sample [10/100] orig=7 cf=1 -- 827/1056 neurons fixed across 2 layer(s)
sample [11/100] orig=4 cf=6 -- 761/1056 neurons fixed across 2 layer(s)
sample [12/100] orig=7 cf=6 -- 872/1056 neurons fixed across 2 layer(s)
sample [13/100] orig=7 cf=8 -- 873/1056 neurons fixed across 2 layer(s)
sample [14/100] orig=9 cf=6 -- 799/1056 neurons fixed across 2 layer(s)
sample [15/100] orig=9 cf=6 -- 869/1056 neurons fixed across 2 layer(s)
sample [16/100] orig=8 cf=9 -- 874/1056 neurons fixed across 2 layer(s)
sample [17/100] orig=9 cf=8 -- 813/1056 neurons fixed across 2 layer(s)
sample [18/100] orig=5 cf=0 -- 780/1056 neurons fixed across 2 layer(s)
sample [19/100] orig=6 cf=7 -- 821/1056 neurons fixed across 2 layer(s)
sample [20/100] orig=3 cf=1 -- 846/1056 neurons fixed across 2 layer(s)
sample [21/100] orig=2 cf=5 -- 869/1056 neurons fixed across 2 layer(s)
sample [22/100] orig=7 cf=5 -- 873/1056 neurons fixed across 2 layer(s)
sample [23/100] orig=6 cf=7 -- 823/1056 neurons fixed across 2 layer(s)
sample [24/100] orig=6 cf=7 -- 815/1056 neurons fixed across 2 layer(s)
sample [25/100] orig=9 cf=2 -- 840/1056 neurons fixed across 2 layer(s)
sample [26/100] orig=6 cf=9 -- 849/1056 neurons fixed across 2 layer(s)
sample [27/100] orig=5 cf=6 -- 846/1056 neurons fixed across 2 layer(s)
sample [28/100] orig=7 cf=1 -- 840/1056 neurons fixed across 2 layer(s)
sample [29/100] orig=4 cf=6 -- 861/1056 neurons fixed across 2 layer(s)
sample [30/100] orig=8 cf=7 -- 816/1056 neurons fixed across 2 layer(s)
sample [31/100] orig=1 cf=6 -- 792/1056 neurons fixed across 2 layer(s)
sample [32/100] orig=9 cf=6 -- 816/1056 neurons fixed across 2 layer(s)
sample [33/100] orig=1 cf=9 -- 848/1056 neurons fixed across 2 layer(s)
sample [34/100] orig=3 cf=7 -- 849/1056 neurons fixed across 2 layer(s)
sample [35/100] orig=2 cf=7 -- 862/1056 neurons fixed across 2 layer(s)
sample [36/100] orig=7 cf=0 -- 859/1056 neurons fixed across 2 layer(s)
sample [37/100] orig=3 cf=0 -- 852/1056 neurons fixed across 2 layer(s)
sample [38/100] orig=7 cf=6 -- 847/1056 neurons fixed across 2 layer(s)
sample [39/100] orig=3 cf=1 -- 828/1056 neurons fixed across 2 layer(s)
sample [40/100] orig=8 cf=4 -- 796/1056 neurons fixed across 2 layer(s)
sample [41/100] orig=3 cf=7 -- 838/1056 neurons fixed across 2 layer(s)
sample [42/100] orig=2 cf=5 -- 860/1056 neurons fixed across 2 layer(s)
sample [43/100] orig=2 cf=7 -- 835/1056 neurons fixed across 2 layer(s)
sample [44/100] orig=7 cf=8 -- 866/1056 neurons fixed across 2 layer(s)
sample [45/100] orig=9 cf=4 -- 826/1056 neurons fixed across 2 layer(s)
sample [46/100] orig=1 cf=6 -- 860/1056 neurons fixed across 2 layer(s)
sample [47/100] orig=1 cf=6 -- 833/1056 neurons fixed across 2 layer(s)
sample [48/100] orig=0 cf=8 -- 781/1056 neurons fixed across 2 layer(s)
sample [49/100] orig=2 cf=7 -- 858/1056 neurons fixed across 2 layer(s)
sample [50/100] orig=0 cf=5 -- 906/1056 neurons fixed across 2 layer(s)
sample [51/100] orig=2 cf=1 -- 835/1056 neurons fixed across 2 layer(s)
sample [52/100] orig=3 cf=7 -- 877/1056 neurons fixed across 2 layer(s)
sample [53/100] orig=6 cf=7 -- 877/1056 neurons fixed across 2 layer(s)
sample [54/100] orig=0 cf=9 -- 838/1056 neurons fixed across 2 layer(s)
sample [55/100] orig=2 cf=5 -- 816/1056 neurons fixed across 2 layer(s)
sample [56/100] orig=2 cf=9 -- 886/1056 neurons fixed across 2 layer(s)
sample [57/100] orig=2 cf=7 -- 863/1056 neurons fixed across 2 layer(s)
sample [58/100] orig=4 cf=1 -- 778/1056 neurons fixed across 2 layer(s)
sample [59/100] orig=2 cf=7 -- 851/1056 neurons fixed across 2 layer(s)
sample [60/100] orig=8 cf=6 -- 876/1056 neurons fixed across 2 layer(s)
sample [61/100] orig=1 cf=8 -- 843/1056 neurons fixed across 2 layer(s)
sample [62/100] orig=1 cf=7 -- 850/1056 neurons fixed across 2 layer(s)
sample [63/100] orig=8 cf=9 -- 806/1056 neurons fixed across 2 layer(s)
sample [64/100] orig=2 cf=1 -- 837/1056 neurons fixed across 2 layer(s)
sample [65/100] orig=1 cf=6 -- 854/1056 neurons fixed across 2 layer(s)
sample [66/100] orig=1 cf=7 -- 835/1056 neurons fixed across 2 layer(s)
sample [67/100] orig=1 cf=7 -- 816/1056 neurons fixed across 2 layer(s)
sample [68/100] orig=9 cf=6 -- 825/1056 neurons fixed across 2 layer(s)
sample [69/100] orig=7 cf=6 -- 860/1056 neurons fixed across 2 layer(s)
sample [70/100] orig=8 cf=7 -- 714/1056 neurons fixed across 2 layer(s)
sample [71/100] orig=0 cf=5 -- 812/1056 neurons fixed across 2 layer(s)
sample [72/100] orig=7 cf=1 -- 852/1056 neurons fixed across 2 layer(s)
sample [73/100] orig=6 cf=9 -- 849/1056 neurons fixed across 2 layer(s)
sample [74/100] orig=7 cf=1 -- 832/1056 neurons fixed across 2 layer(s)
sample [75/100] orig=5 cf=8 -- 817/1056 neurons fixed across 2 layer(s)
sample [76/100] orig=1 cf=6 -- 826/1056 neurons fixed across 2 layer(s)
sample [77/100] orig=9 cf=7 -- 803/1056 neurons fixed across 2 layer(s)
sample [78/100] orig=0 cf=4 -- 860/1056 neurons fixed across 2 layer(s)
sample [79/100] orig=3 cf=7 -- 856/1056 neurons fixed across 2 layer(s)
sample [80/100] orig=1 cf=6 -- 875/1056 neurons fixed across 2 layer(s)
sample [81/100] orig=0 cf=8 -- 781/1056 neurons fixed across 2 layer(s)
sample [82/100] orig=3 cf=1 -- 841/1056 neurons fixed across 2 layer(s)
sample [83/100] orig=4 cf=1 -- 846/1056 neurons fixed across 2 layer(s)
sample [84/100] orig=5 cf=0 -- 854/1056 neurons fixed across 2 layer(s)
sample [85/100] orig=7 cf=1 -- 867/1056 neurons fixed across 2 layer(s)
sample [86/100] orig=7 cf=6 -- 783/1056 neurons fixed across 2 layer(s)
sample [87/100] orig=4 cf=7 -- 822/1056 neurons fixed across 2 layer(s)
sample [88/100] orig=7 cf=6 -- 849/1056 neurons fixed across 2 layer(s)
sample [89/100] orig=9 cf=7 -- 848/1056 neurons fixed across 2 layer(s)
sample [90/100] orig=4 cf=1 -- 848/1056 neurons fixed across 2 layer(s)
sample [91/100] orig=6 cf=7 -- 855/1056 neurons fixed across 2 layer(s)
sample [92/100] orig=3 cf=8 -- 821/1056 neurons fixed across 2 layer(s)
sample [93/100] orig=8 cf=5 -- 859/1056 neurons fixed across 2 layer(s)
sample [94/100] orig=0 cf=8 -- 780/1056 neurons fixed across 2 layer(s)
sample [95/100] orig=9 cf=7 -- 841/1056 neurons fixed across 2 layer(s)
sample [96/100] orig=4 cf=7 -- 938/1056 neurons fixed across 2 layer(s)
sample [97/100] orig=1 cf=9 -- 848/1056 neurons fixed across 2 layer(s)
sample [98/100] orig=1 cf=7 -- 863/1056 neurons fixed across 2 layer(s)
sample [99/100] orig=6 cf=7 -- 841/1056 neurons fixed across 2 layer(s)
sample [100/100] orig=1 cf=5 -- 888/1056 neurons fixed across 2 layer(s)

100/100 samples written to /Users/labbaf/Documents/NN_Explainability/spexplain/neuron-activation/spexplain/data/neuron_activations/cifar10/cnn-bench/NS1.txt (0 failed to produce a counterfactual)
