Model: /Users/labbaf/Documents/NN_Explainability/spexplain/neuron-activation/spexplain/data/models/cifar10/cnn-bench/NS2.onnx
  input shape [1, 3, 32, 32], 3072 features, 3 ReLU layer(s), 10-class
Dataset: /Users/labbaf/Documents/NN_Explainability/spexplain/neuron-activation/spexplain/data/datasets/cifar/cifar_s100_scaled.csv (100/100 samples)
PGD: epsilon-frac=0.1 step-frac=0.1 num-steps=50
Output: /Users/labbaf/Documents/NN_Explainability/spexplain/neuron-activation/spexplain/data/neuron_activations/cifar10/cnn-bench/NS2.txt

sample [1/100] orig=5 cf=6 -- 1329/1568 neurons fixed across 3 layer(s)
sample [2/100] orig=1 cf=5 -- 1264/1568 neurons fixed across 3 layer(s)
sample [3/100] orig=9 cf=8 -- 1249/1568 neurons fixed across 3 layer(s)
sample [4/100] orig=6 cf=7 -- 1263/1568 neurons fixed across 3 layer(s)
sample [5/100] orig=1 cf=0 -- 1287/1568 neurons fixed across 3 layer(s)
sample [6/100] orig=5 cf=1 -- 1349/1568 neurons fixed across 3 layer(s)
sample [7/100] orig=2 cf=1 -- 1271/1568 neurons fixed across 3 layer(s)
sample [8/100] orig=7 cf=6 -- 1298/1568 neurons fixed across 3 layer(s)
sample [9/100] orig=0 cf=8 -- 1352/1568 neurons fixed across 3 layer(s)
sample [10/100] orig=7 cf=1 -- 1218/1568 neurons fixed across 3 layer(s)
sample [11/100] orig=4 cf=5 -- 1162/1568 neurons fixed across 3 layer(s)
sample [12/100] orig=7 cf=1 -- 1270/1568 neurons fixed across 3 layer(s)
sample [13/100] orig=0 cf=7 -- 1262/1568 neurons fixed across 3 layer(s)
sample [14/100] orig=3 cf=1 -- 1274/1568 neurons fixed across 3 layer(s)
sample [15/100] orig=9 cf=5 -- 1233/1568 neurons fixed across 3 layer(s)
sample [16/100] orig=8 cf=9 -- 1280/1568 neurons fixed across 3 layer(s)
sample [17/100] orig=9 cf=0 -- 1265/1568 neurons fixed across 3 layer(s)
sample [18/100] orig=3 cf=7 -- 1183/1568 neurons fixed across 3 layer(s)
sample [19/100] orig=6 cf=5 -- 1250/1568 neurons fixed across 3 layer(s)
sample [20/100] orig=6 cf=1 -- 1248/1568 neurons fixed across 3 layer(s)
sample [21/100] orig=2 cf=5 -- 1284/1568 neurons fixed across 3 layer(s)
sample [22/100] orig=1 cf=5 -- 1367/1568 neurons fixed across 3 layer(s)
sample [23/100] orig=6 cf=5 -- 1215/1568 neurons fixed across 3 layer(s)
sample [24/100] orig=4 cf=6 -- 1240/1568 neurons fixed across 3 layer(s)
sample [25/100] orig=1 cf=5 -- 1212/1568 neurons fixed across 3 layer(s)
sample [26/100] orig=6 cf=1 -- 1216/1568 neurons fixed across 3 layer(s)
sample [27/100] orig=3 cf=2 -- 1230/1568 neurons fixed across 3 layer(s)
sample [28/100] orig=2 cf=1 -- 1251/1568 neurons fixed across 3 layer(s)
sample [29/100] orig=7 cf=6 -- 1211/1568 neurons fixed across 3 layer(s)
sample [30/100] orig=8 cf=7 -- 1274/1568 neurons fixed across 3 layer(s)
sample [31/100] orig=0 cf=9 -- 1234/1568 neurons fixed across 3 layer(s)
sample [32/100] orig=9 cf=8 -- 1237/1568 neurons fixed across 3 layer(s)
sample [33/100] orig=1 cf=5 -- 1222/1568 neurons fixed across 3 layer(s)
sample [34/100] orig=5 cf=6 -- 1218/1568 neurons fixed across 3 layer(s)
sample [35/100] orig=2 cf=7 -- 1228/1568 neurons fixed across 3 layer(s)
sample [36/100] orig=7 cf=2 -- 1291/1568 neurons fixed across 3 layer(s)
sample [37/100] orig=3 cf=0 -- 1262/1568 neurons fixed across 3 layer(s)
sample [38/100] orig=7 cf=2 -- 1215/1568 neurons fixed across 3 layer(s)
sample [39/100] orig=8 cf=5 -- 1255/1568 neurons fixed across 3 layer(s)
sample [40/100] orig=4 cf=1 -- 1244/1568 neurons fixed across 3 layer(s)
sample [41/100] orig=2 cf=7 -- 1265/1568 neurons fixed across 3 layer(s)
sample [42/100] orig=2 cf=7 -- 1192/1568 neurons fixed across 3 layer(s)
sample [43/100] orig=2 cf=7 -- 1181/1568 neurons fixed across 3 layer(s)
sample [44/100] orig=7 cf=8 -- 1324/1568 neurons fixed across 3 layer(s)
sample [45/100] orig=9 cf=6 -- 1236/1568 neurons fixed across 3 layer(s)
sample [46/100] orig=1 cf=5 -- 1319/1568 neurons fixed across 3 layer(s)
sample [47/100] orig=1 cf=5 -- 1269/1568 neurons fixed across 3 layer(s)
sample [48/100] orig=8 cf=4 -- 1247/1568 neurons fixed across 3 layer(s)
sample [49/100] orig=4 cf=1 -- 1230/1568 neurons fixed across 3 layer(s)
sample [50/100] orig=5 cf=6 -- 1320/1568 neurons fixed across 3 layer(s)
sample [51/100] orig=2 cf=9 -- 1256/1568 neurons fixed across 3 layer(s)
sample [52/100] orig=3 cf=5 -- 1325/1568 neurons fixed across 3 layer(s)
sample [53/100] orig=7 cf=6 -- 1222/1568 neurons fixed across 3 layer(s)
sample [54/100] orig=0 cf=1 -- 1264/1568 neurons fixed across 3 layer(s)
sample [55/100] orig=2 cf=5 -- 1199/1568 neurons fixed across 3 layer(s)
sample [56/100] orig=2 cf=1 -- 1272/1568 neurons fixed across 3 layer(s)
sample [57/100] orig=4 cf=1 -- 1302/1568 neurons fixed across 3 layer(s)
sample [58/100] orig=4 cf=6 -- 1176/1568 neurons fixed across 3 layer(s)
sample [59/100] orig=2 cf=6 -- 1268/1568 neurons fixed across 3 layer(s)
sample [60/100] orig=3 cf=8 -- 1297/1568 neurons fixed across 3 layer(s)
sample [61/100] orig=1 cf=7 -- 1276/1568 neurons fixed across 3 layer(s)
sample [62/100] orig=1 cf=5 -- 1224/1568 neurons fixed across 3 layer(s)
sample [63/100] orig=8 cf=7 -- 1179/1568 neurons fixed across 3 layer(s)
sample [64/100] orig=2 cf=1 -- 1201/1568 neurons fixed across 3 layer(s)
sample [65/100] orig=1 cf=5 -- 1262/1568 neurons fixed across 3 layer(s)
sample [66/100] orig=1 cf=9 -- 1285/1568 neurons fixed across 3 layer(s)
sample [67/100] orig=4 cf=1 -- 1273/1568 neurons fixed across 3 layer(s)
sample [68/100] orig=9 cf=8 -- 1331/1568 neurons fixed across 3 layer(s)
sample [69/100] orig=7 cf=5 -- 1249/1568 neurons fixed across 3 layer(s)
sample [70/100] orig=8 cf=0 -- 1206/1568 neurons fixed across 3 layer(s)
sample [71/100] orig=2 cf=9 -- 1204/1568 neurons fixed across 3 layer(s)
sample [72/100] orig=9 cf=2 -- 1222/1568 neurons fixed across 3 layer(s)
sample [73/100] orig=6 cf=9 -- 1257/1568 neurons fixed across 3 layer(s)
sample [74/100] orig=7 cf=6 -- 1157/1568 neurons fixed across 3 layer(s)
sample [75/100] orig=4 cf=1 -- 1244/1568 neurons fixed across 3 layer(s)
sample [76/100] orig=1 cf=4 -- 1208/1568 neurons fixed across 3 layer(s)
sample [77/100] orig=9 cf=0 -- 1269/1568 neurons fixed across 3 layer(s)
sample [78/100] orig=0 cf=4 -- 1121/1568 neurons fixed across 3 layer(s)
sample [79/100] orig=9 cf=5 -- 1226/1568 neurons fixed across 3 layer(s)
sample [80/100] orig=1 cf=7 -- 1315/1568 neurons fixed across 3 layer(s)
sample [81/100] orig=0 cf=7 -- 1223/1568 neurons fixed across 3 layer(s)
sample [82/100] orig=5 cf=0 -- 1213/1568 neurons fixed across 3 layer(s)
sample [83/100] orig=4 cf=9 -- 1226/1568 neurons fixed across 3 layer(s)
sample [84/100] orig=3 cf=8 -- 1287/1568 neurons fixed across 3 layer(s)
sample [85/100] orig=7 cf=6 -- 1252/1568 neurons fixed across 3 layer(s)
sample [86/100] orig=5 cf=7 -- 1209/1568 neurons fixed across 3 layer(s)
sample [87/100] orig=7 cf=6 -- 1159/1568 neurons fixed across 3 layer(s)
sample [88/100] orig=7 cf=6 -- 1213/1568 neurons fixed across 3 layer(s)
sample [89/100] orig=9 cf=7 -- 1300/1568 neurons fixed across 3 layer(s)
sample [90/100] orig=2 cf=8 -- 1301/1568 neurons fixed across 3 layer(s)
sample [91/100] orig=3 cf=1 -- 1255/1568 neurons fixed across 3 layer(s)
sample [92/100] orig=5 cf=8 -- 1270/1568 neurons fixed across 3 layer(s)
sample [93/100] orig=8 cf=7 -- 1281/1568 neurons fixed across 3 layer(s)
sample [94/100] orig=0 cf=1 -- 1228/1568 neurons fixed across 3 layer(s)
sample [95/100] orig=9 cf=7 -- 1299/1568 neurons fixed across 3 layer(s)
sample [96/100] orig=6 cf=2 -- 1295/1568 neurons fixed across 3 layer(s)
sample [97/100] orig=1 cf=7 -- 1208/1568 neurons fixed across 3 layer(s)
sample [98/100] orig=7 cf=1 -- 1258/1568 neurons fixed across 3 layer(s)
sample [99/100] orig=6 cf=7 -- 1264/1568 neurons fixed across 3 layer(s)
sample [100/100] orig=1 cf=5 -- 1288/1568 neurons fixed across 3 layer(s)

100/100 samples written to /Users/labbaf/Documents/NN_Explainability/spexplain/neuron-activation/spexplain/data/neuron_activations/cifar10/cnn-bench/NS2.txt (0 failed to produce a counterfactual)
