Model: /Users/labbaf/Documents/NN_Explainability/spexplain/neuron-activation/spexplain/data/models/cifar10/cnn-bench/NS3.onnx
  input shape [1, 3, 32, 32], 3072 features, 4 ReLU layer(s), 10-class
Dataset: /Users/labbaf/Documents/NN_Explainability/spexplain/neuron-activation/spexplain/data/datasets/cifar/cifar_s100_scaled.csv (100/100 samples)
PGD: epsilon-frac=0.1 step-frac=0.1 num-steps=50
Output: /Users/labbaf/Documents/NN_Explainability/spexplain/neuron-activation/spexplain/data/neuron_activations/cifar10/cnn-bench/NS3.txt

sample [1/100] orig=6 cf=5 -- 1725/2080 neurons fixed across 4 layer(s)
sample [2/100] orig=9 cf=1 -- 1630/2080 neurons fixed across 4 layer(s)
sample [3/100] orig=9 cf=2 -- 1660/2080 neurons fixed across 4 layer(s)
sample [4/100] orig=4 cf=6 -- 1637/2080 neurons fixed across 4 layer(s)
sample [5/100] orig=1 cf=8 -- 1670/2080 neurons fixed across 4 layer(s)
sample [6/100] orig=9 cf=1 -- 1703/2080 neurons fixed across 4 layer(s)
sample [7/100] orig=2 cf=1 -- 1620/2080 neurons fixed across 4 layer(s)
sample [8/100] orig=7 cf=6 -- 1595/2080 neurons fixed across 4 layer(s)
sample [9/100] orig=8 cf=0 -- 1729/2080 neurons fixed across 4 layer(s)
sample [10/100] orig=9 cf=7 -- 1607/2080 neurons fixed across 4 layer(s)
sample [11/100] orig=4 cf=6 -- 1512/2080 neurons fixed across 4 layer(s)
sample [12/100] orig=7 cf=1 -- 1635/2080 neurons fixed across 4 layer(s)
sample [13/100] orig=7 cf=0 -- 1645/2080 neurons fixed across 4 layer(s)
sample [14/100] orig=1 cf=5 -- 1615/2080 neurons fixed across 4 layer(s)
sample [15/100] orig=9 cf=2 -- 1634/2080 neurons fixed across 4 layer(s)
sample [16/100] orig=8 cf=2 -- 1602/2080 neurons fixed across 4 layer(s)
sample [17/100] orig=9 cf=0 -- 1655/2080 neurons fixed across 4 layer(s)
sample [18/100] orig=3 cf=6 -- 1545/2080 neurons fixed across 4 layer(s)
sample [19/100] orig=6 cf=7 -- 1556/2080 neurons fixed across 4 layer(s)
sample [20/100] orig=6 cf=1 -- 1582/2080 neurons fixed across 4 layer(s)
sample [21/100] orig=5 cf=7 -- 1607/2080 neurons fixed across 4 layer(s)
sample [22/100] orig=1 cf=7 -- 1800/2080 neurons fixed across 4 layer(s)
sample [23/100] orig=6 cf=7 -- 1569/2080 neurons fixed across 4 layer(s)
sample [24/100] orig=6 cf=0 -- 1602/2080 neurons fixed across 4 layer(s)
sample [25/100] orig=2 cf=1 -- 1627/2080 neurons fixed across 4 layer(s)
sample [26/100] orig=6 cf=1 -- 1615/2080 neurons fixed across 4 layer(s)
sample [27/100] orig=3 cf=2 -- 1591/2080 neurons fixed across 4 layer(s)
sample [28/100] orig=2 cf=7 -- 1661/2080 neurons fixed across 4 layer(s)
sample [29/100] orig=4 cf=1 -- 1591/2080 neurons fixed across 4 layer(s)
sample [30/100] orig=8 cf=2 -- 1644/2080 neurons fixed across 4 layer(s)
sample [31/100] orig=0 cf=1 -- 1610/2080 neurons fixed across 4 layer(s)
sample [32/100] orig=9 cf=8 -- 1567/2080 neurons fixed across 4 layer(s)
sample [33/100] orig=1 cf=2 -- 1659/2080 neurons fixed across 4 layer(s)
sample [34/100] orig=3 cf=7 -- 1586/2080 neurons fixed across 4 layer(s)
sample [35/100] orig=4 cf=2 -- 1604/2080 neurons fixed across 4 layer(s)
sample [36/100] orig=7 cf=1 -- 1666/2080 neurons fixed across 4 layer(s)
sample [37/100] orig=3 cf=0 -- 1609/2080 neurons fixed across 4 layer(s)
sample [38/100] orig=7 cf=6 -- 1518/2080 neurons fixed across 4 layer(s)
sample [39/100] orig=8 cf=5 -- 1670/2080 neurons fixed across 4 layer(s)
sample [40/100] orig=4 cf=1 -- 1585/2080 neurons fixed across 4 layer(s)
sample [41/100] orig=7 cf=6 -- 1565/2080 neurons fixed across 4 layer(s)
sample [42/100] orig=2 cf=5 -- 1563/2080 neurons fixed across 4 layer(s)
sample [43/100] orig=2 cf=7 -- 1530/2080 neurons fixed across 4 layer(s)
sample [44/100] orig=7 cf=5 -- 1717/2080 neurons fixed across 4 layer(s)
sample [45/100] orig=1 cf=7 -- 1610/2080 neurons fixed across 4 layer(s)
sample [46/100] orig=1 cf=0 -- 1721/2080 neurons fixed across 4 layer(s)
sample [47/100] orig=1 cf=5 -- 1604/2080 neurons fixed across 4 layer(s)
sample [48/100] orig=8 cf=0 -- 1653/2080 neurons fixed across 4 layer(s)
sample [49/100] orig=2 cf=7 -- 1560/2080 neurons fixed across 4 layer(s)
sample [50/100] orig=7 cf=1 -- 1734/2080 neurons fixed across 4 layer(s)
sample [51/100] orig=2 cf=8 -- 1616/2080 neurons fixed across 4 layer(s)
sample [52/100] orig=3 cf=9 -- 1701/2080 neurons fixed across 4 layer(s)
sample [53/100] orig=7 cf=6 -- 1601/2080 neurons fixed across 4 layer(s)
sample [54/100] orig=0 cf=1 -- 1630/2080 neurons fixed across 4 layer(s)
sample [55/100] orig=2 cf=6 -- 1463/2080 neurons fixed across 4 layer(s)
sample [56/100] orig=2 cf=7 -- 1648/2080 neurons fixed across 4 layer(s)
sample [57/100] orig=7 cf=6 -- 1674/2080 neurons fixed across 4 layer(s)
sample [58/100] orig=2 cf=6 -- 1556/2080 neurons fixed across 4 layer(s)
sample [59/100] orig=4 cf=5 -- 1677/2080 neurons fixed across 4 layer(s)
sample [60/100] orig=4 cf=1 -- 1604/2080 neurons fixed across 4 layer(s)
sample [61/100] orig=1 cf=0 -- 1661/2080 neurons fixed across 4 layer(s)
sample [62/100] orig=1 cf=5 -- 1613/2080 neurons fixed across 4 layer(s)
sample [63/100] orig=8 cf=0 -- 1546/2080 neurons fixed across 4 layer(s)
sample [64/100] orig=2 cf=1 -- 1628/2080 neurons fixed across 4 layer(s)
sample [65/100] orig=1 cf=5 -- 1669/2080 neurons fixed across 4 layer(s)
sample [66/100] orig=1 cf=9 -- 1631/2080 neurons fixed across 4 layer(s)
sample [67/100] orig=4 cf=0 -- 1596/2080 neurons fixed across 4 layer(s)
sample [68/100] orig=9 cf=8 -- 1663/2080 neurons fixed across 4 layer(s)
sample [69/100] orig=7 cf=6 -- 1611/2080 neurons fixed across 4 layer(s)
sample [70/100] orig=8 cf=0 -- 1562/2080 neurons fixed across 4 layer(s)
sample [71/100] orig=5 cf=0 -- 1555/2080 neurons fixed across 4 layer(s)
sample [72/100] orig=9 cf=2 -- 1670/2080 neurons fixed across 4 layer(s)
sample [73/100] orig=9 cf=6 -- 1617/2080 neurons fixed across 4 layer(s)
sample [74/100] orig=4 cf=5 -- 1628/2080 neurons fixed across 4 layer(s)
sample [75/100] orig=2 cf=7 -- 1617/2080 neurons fixed across 4 layer(s)
sample [76/100] orig=1 cf=4 -- 1573/2080 neurons fixed across 4 layer(s)
sample [77/100] orig=9 cf=0 -- 1662/2080 neurons fixed across 4 layer(s)
sample [78/100] orig=0 cf=4 -- 1565/2080 neurons fixed across 4 layer(s)
sample [79/100] orig=7 cf=6 -- 1622/2080 neurons fixed across 4 layer(s)
sample [80/100] orig=8 cf=7 -- 1679/2080 neurons fixed across 4 layer(s)
sample [81/100] orig=3 cf=7 -- 1530/2080 neurons fixed across 4 layer(s)
sample [82/100] orig=5 cf=6 -- 1542/2080 neurons fixed across 4 layer(s)
sample [83/100] orig=4 cf=1 -- 1544/2080 neurons fixed across 4 layer(s)
sample [84/100] orig=3 cf=8 -- 1636/2080 neurons fixed across 4 layer(s)
sample [85/100] orig=7 cf=6 -- 1600/2080 neurons fixed across 4 layer(s)
sample [86/100] orig=5 cf=7 -- 1591/2080 neurons fixed across 4 layer(s)
sample [87/100] orig=7 cf=6 -- 1515/2080 neurons fixed across 4 layer(s)
sample [88/100] orig=7 cf=6 -- 1538/2080 neurons fixed across 4 layer(s)
sample [89/100] orig=9 cf=1 -- 1678/2080 neurons fixed across 4 layer(s)
sample [90/100] orig=2 cf=4 -- 1602/2080 neurons fixed across 4 layer(s)
sample [91/100] orig=3 cf=0 -- 1613/2080 neurons fixed across 4 layer(s)
sample [92/100] orig=3 cf=4 -- 1682/2080 neurons fixed across 4 layer(s)
sample [93/100] orig=8 cf=2 -- 1734/2080 neurons fixed across 4 layer(s)
sample [94/100] orig=0 cf=1 -- 1620/2080 neurons fixed across 4 layer(s)
sample [95/100] orig=9 cf=0 -- 1660/2080 neurons fixed across 4 layer(s)
sample [96/100] orig=6 cf=7 -- 1677/2080 neurons fixed across 4 layer(s)
sample [97/100] orig=1 cf=8 -- 1658/2080 neurons fixed across 4 layer(s)
sample [98/100] orig=6 cf=7 -- 1640/2080 neurons fixed across 4 layer(s)
sample [99/100] orig=4 cf=6 -- 1600/2080 neurons fixed across 4 layer(s)
sample [100/100] orig=1 cf=8 -- 1728/2080 neurons fixed across 4 layer(s)

100/100 samples written to /Users/labbaf/Documents/NN_Explainability/spexplain/neuron-activation/spexplain/data/neuron_activations/cifar10/cnn-bench/NS3.txt (0 failed to produce a counterfactual)
