Model: /Users/labbaf/Documents/NN_Explainability/spexplain/neuron-activation/spexplain/data/models/cifar/cnn-bench/NS4.onnx
  input shape [1, 3, 32, 32], 3072 features, 5 ReLU layer(s), 10-class
Dataset: /Users/labbaf/Documents/NN_Explainability/spexplain/neuron-activation/spexplain/data/datasets/cifar/cifar_s100_scaled.csv (100/100 samples)
PGD: epsilon-frac=0.1 step-frac=0.1 num-steps=50
Output: /Users/labbaf/Documents/NN_Explainability/spexplain/neuron-activation/spexplain/data/neuron_activations/cifar/cnn-bench/NS4.txt

sample [1/100] orig=6 cf=5 -- 1983/2592 neurons fixed across 5 layer(s)
sample [2/100] orig=9 cf=1 -- 2027/2592 neurons fixed across 5 layer(s)
sample [3/100] orig=9 cf=0 -- 1959/2592 neurons fixed across 5 layer(s)
sample [4/100] orig=4 cf=6 -- 1908/2592 neurons fixed across 5 layer(s)
sample [5/100] orig=1 cf=9 -- 1951/2592 neurons fixed across 5 layer(s)
sample [6/100] orig=1 cf=7 -- 2025/2592 neurons fixed across 5 layer(s)
sample [7/100] orig=2 cf=6 -- 1947/2592 neurons fixed across 5 layer(s)
sample [8/100] orig=7 cf=6 -- 1978/2592 neurons fixed across 5 layer(s)
sample [9/100] orig=8 cf=0 -- 2097/2592 neurons fixed across 5 layer(s)
sample [10/100] orig=9 cf=0 -- 1890/2592 neurons fixed across 5 layer(s)
sample [11/100] orig=4 cf=6 -- 1846/2592 neurons fixed across 5 layer(s)
sample [12/100] orig=7 cf=1 -- 1934/2592 neurons fixed across 5 layer(s)
sample [13/100] orig=7 cf=0 -- 2052/2592 neurons fixed across 5 layer(s)
sample [14/100] orig=1 cf=2 -- 1950/2592 neurons fixed across 5 layer(s)
sample [15/100] orig=9 cf=2 -- 1989/2592 neurons fixed across 5 layer(s)
sample [16/100] orig=8 cf=9 -- 1958/2592 neurons fixed across 5 layer(s)
sample [17/100] orig=9 cf=8 -- 2013/2592 neurons fixed across 5 layer(s)
sample [18/100] orig=3 cf=7 -- 1865/2592 neurons fixed across 5 layer(s)
sample [19/100] orig=6 cf=7 -- 1897/2592 neurons fixed across 5 layer(s)
sample [20/100] orig=6 cf=1 -- 1976/2592 neurons fixed across 5 layer(s)
sample [21/100] orig=4 cf=0 -- 1955/2592 neurons fixed across 5 layer(s)
sample [22/100] orig=8 cf=0 -- 2108/2592 neurons fixed across 5 layer(s)
sample [23/100] orig=6 cf=7 -- 1800/2592 neurons fixed across 5 layer(s)
sample [24/100] orig=6 cf=2 -- 1883/2592 neurons fixed across 5 layer(s)
sample [25/100] orig=1 cf=2 -- 1910/2592 neurons fixed across 5 layer(s)
sample [26/100] orig=6 cf=1 -- 1857/2592 neurons fixed across 5 layer(s)
sample [27/100] orig=3 cf=7 -- 1925/2592 neurons fixed across 5 layer(s)
sample [28/100] orig=7 cf=2 -- 1920/2592 neurons fixed across 5 layer(s)
sample [29/100] orig=4 cf=9 -- 1915/2592 neurons fixed across 5 layer(s)
sample [30/100] orig=3 cf=8 -- 1988/2592 neurons fixed across 5 layer(s)
sample [31/100] orig=1 cf=2 -- 1902/2592 neurons fixed across 5 layer(s)
sample [32/100] orig=9 cf=8 -- 1900/2592 neurons fixed across 5 layer(s)
sample [33/100] orig=1 cf=3 -- 1973/2592 neurons fixed across 5 layer(s)
sample [34/100] orig=3 cf=7 -- 1961/2592 neurons fixed across 5 layer(s)
sample [35/100] orig=4 cf=6 -- 1914/2592 neurons fixed across 5 layer(s)
sample [36/100] orig=7 cf=0 -- 2066/2592 neurons fixed across 5 layer(s)
sample [37/100] orig=3 cf=0 -- 1978/2592 neurons fixed across 5 layer(s)
sample [38/100] orig=7 cf=6 -- 1866/2592 neurons fixed across 5 layer(s)
sample [39/100] orig=8 cf=5 -- 1964/2592 neurons fixed across 5 layer(s)
sample [40/100] orig=4 cf=6 -- 1903/2592 neurons fixed across 5 layer(s)
sample [41/100] orig=5 cf=1 -- 1922/2592 neurons fixed across 5 layer(s)
sample [42/100] orig=2 cf=7 -- 2003/2592 neurons fixed across 5 layer(s)
sample [43/100] orig=4 cf=2 -- 1925/2592 neurons fixed across 5 layer(s)
sample [44/100] orig=7 cf=6 -- 2011/2592 neurons fixed across 5 layer(s)
sample [45/100] orig=1 cf=7 -- 1928/2592 neurons fixed across 5 layer(s)
sample [46/100] orig=9 cf=1 -- 2057/2592 neurons fixed across 5 layer(s)
sample [47/100] orig=1 cf=7 -- 1916/2592 neurons fixed across 5 layer(s)
sample [48/100] orig=8 cf=0 -- 1943/2592 neurons fixed across 5 layer(s)
sample [49/100] orig=2 cf=7 -- 1831/2592 neurons fixed across 5 layer(s)
sample [50/100] orig=9 cf=7 -- 2131/2592 neurons fixed across 5 layer(s)
sample [51/100] orig=2 cf=9 -- 1951/2592 neurons fixed across 5 layer(s)
sample [52/100] orig=3 cf=7 -- 2046/2592 neurons fixed across 5 layer(s)
sample [53/100] orig=4 cf=5 -- 1935/2592 neurons fixed across 5 layer(s)
sample [54/100] orig=9 cf=0 -- 1977/2592 neurons fixed across 5 layer(s)
sample [55/100] orig=2 cf=6 -- 1827/2592 neurons fixed across 5 layer(s)
sample [56/100] orig=4 cf=1 -- 2003/2592 neurons fixed across 5 layer(s)
sample [57/100] orig=7 cf=6 -- 1986/2592 neurons fixed across 5 layer(s)
sample [58/100] orig=6 cf=7 -- 1828/2592 neurons fixed across 5 layer(s)
sample [59/100] orig=7 cf=6 -- 1882/2592 neurons fixed across 5 layer(s)
sample [60/100] orig=9 cf=8 -- 2002/2592 neurons fixed across 5 layer(s)
sample [61/100] orig=1 cf=9 -- 1960/2592 neurons fixed across 5 layer(s)
sample [62/100] orig=1 cf=4 -- 1898/2592 neurons fixed across 5 layer(s)
sample [63/100] orig=8 cf=0 -- 2005/2592 neurons fixed across 5 layer(s)
sample [64/100] orig=1 cf=4 -- 1992/2592 neurons fixed across 5 layer(s)
sample [65/100] orig=1 cf=4 -- 1947/2592 neurons fixed across 5 layer(s)
sample [66/100] orig=1 cf=7 -- 1900/2592 neurons fixed across 5 layer(s)
sample [67/100] orig=4 cf=0 -- 1969/2592 neurons fixed across 5 layer(s)
sample [68/100] orig=9 cf=8 -- 1950/2592 neurons fixed across 5 layer(s)
sample [69/100] orig=7 cf=6 -- 1962/2592 neurons fixed across 5 layer(s)
sample [70/100] orig=8 cf=0 -- 1897/2592 neurons fixed across 5 layer(s)
sample [71/100] orig=4 cf=1 -- 1888/2592 neurons fixed across 5 layer(s)
sample [72/100] orig=6 cf=7 -- 1945/2592 neurons fixed across 5 layer(s)
sample [73/100] orig=6 cf=9 -- 1908/2592 neurons fixed across 5 layer(s)
sample [74/100] orig=7 cf=8 -- 1826/2592 neurons fixed across 5 layer(s)
sample [75/100] orig=4 cf=2 -- 2002/2592 neurons fixed across 5 layer(s)
sample [76/100] orig=1 cf=4 -- 1899/2592 neurons fixed across 5 layer(s)
sample [77/100] orig=9 cf=0 -- 2031/2592 neurons fixed across 5 layer(s)
sample [78/100] orig=0 cf=4 -- 1924/2592 neurons fixed across 5 layer(s)
sample [79/100] orig=3 cf=1 -- 1975/2592 neurons fixed across 5 layer(s)
sample [80/100] orig=1 cf=7 -- 2062/2592 neurons fixed across 5 layer(s)
sample [81/100] orig=7 cf=6 -- 1897/2592 neurons fixed across 5 layer(s)
sample [82/100] orig=5 cf=6 -- 1925/2592 neurons fixed across 5 layer(s)
sample [83/100] orig=4 cf=1 -- 1901/2592 neurons fixed across 5 layer(s)
sample [84/100] orig=5 cf=0 -- 1969/2592 neurons fixed across 5 layer(s)
sample [85/100] orig=7 cf=6 -- 1946/2592 neurons fixed across 5 layer(s)
sample [86/100] orig=5 cf=4 -- 1873/2592 neurons fixed across 5 layer(s)
sample [87/100] orig=7 cf=6 -- 1841/2592 neurons fixed across 5 layer(s)
sample [88/100] orig=7 cf=6 -- 1890/2592 neurons fixed across 5 layer(s)
sample [89/100] orig=9 cf=5 -- 2003/2592 neurons fixed across 5 layer(s)
sample [90/100] orig=2 cf=1 -- 1902/2592 neurons fixed across 5 layer(s)
sample [91/100] orig=6 cf=7 -- 1867/2592 neurons fixed across 5 layer(s)
sample [92/100] orig=3 cf=7 -- 1974/2592 neurons fixed across 5 layer(s)
sample [93/100] orig=8 cf=0 -- 2096/2592 neurons fixed across 5 layer(s)
sample [94/100] orig=0 cf=8 -- 1890/2592 neurons fixed across 5 layer(s)
sample [95/100] orig=9 cf=6 -- 1891/2592 neurons fixed across 5 layer(s)
sample [96/100] orig=6 cf=7 -- 2041/2592 neurons fixed across 5 layer(s)
sample [97/100] orig=1 cf=9 -- 1943/2592 neurons fixed across 5 layer(s)
sample [98/100] orig=9 cf=4 -- 1930/2592 neurons fixed across 5 layer(s)
sample [99/100] orig=4 cf=6 -- 1938/2592 neurons fixed across 5 layer(s)
sample [100/100] orig=1 cf=8 -- 2074/2592 neurons fixed across 5 layer(s)

100/100 samples written to /Users/labbaf/Documents/NN_Explainability/spexplain/neuron-activation/spexplain/data/neuron_activations/cifar/cnn-bench/NS4.txt (0 failed to produce a counterfactual)
