Model: /Users/labbaf/Documents/NN_Explainability/spexplain/neuron-activation/spexplain/data/models/cifar/cnn-bench/NS5.onnx
  input shape [1, 3, 32, 32], 3072 features, 6 ReLU layer(s), 10-class
Dataset: /Users/labbaf/Documents/NN_Explainability/spexplain/neuron-activation/spexplain/data/datasets/cifar/cifar_s100_scaled.csv (100/100 samples)
PGD: epsilon-frac=0.1 step-frac=0.1 num-steps=50
Output: /Users/labbaf/Documents/NN_Explainability/spexplain/neuron-activation/spexplain/data/neuron_activations/cifar/cnn-bench/NS5.txt

sample [1/100] orig=3 cf=6 -- 2419/3104 neurons fixed across 6 layer(s)
sample [2/100] orig=9 cf=1 -- 2311/3104 neurons fixed across 6 layer(s)
sample [3/100] orig=9 cf=2 -- 2473/3104 neurons fixed across 6 layer(s)
sample [4/100] orig=4 cf=6 -- 2317/3104 neurons fixed across 6 layer(s)
sample [5/100] orig=1 cf=9 -- 2376/3104 neurons fixed across 6 layer(s)
sample [6/100] orig=1 cf=7 -- 2384/3104 neurons fixed across 6 layer(s)
sample [7/100] orig=2 cf=7 -- 2455/3104 neurons fixed across 6 layer(s)
sample [8/100] orig=7 cf=6 -- 2314/3104 neurons fixed across 6 layer(s)
sample [9/100] orig=0 cf=8 -- 2522/3104 neurons fixed across 6 layer(s)
sample [10/100] orig=7 cf=1 -- 2336/3104 neurons fixed across 6 layer(s)
sample [11/100] orig=4 cf=6 -- 2279/3104 neurons fixed across 6 layer(s)
sample [12/100] orig=7 cf=6 -- 2290/3104 neurons fixed across 6 layer(s)
sample [13/100] orig=7 cf=0 -- 2433/3104 neurons fixed across 6 layer(s)
sample [14/100] orig=1 cf=5 -- 2398/3104 neurons fixed across 6 layer(s)
sample [15/100] orig=9 cf=0 -- 2356/3104 neurons fixed across 6 layer(s)
sample [16/100] orig=8 cf=9 -- 2469/3104 neurons fixed across 6 layer(s)
sample [17/100] orig=9 cf=7 -- 2421/3104 neurons fixed across 6 layer(s)
sample [18/100] orig=3 cf=6 -- 2323/3104 neurons fixed across 6 layer(s)
sample [19/100] orig=6 cf=7 -- 2370/3104 neurons fixed across 6 layer(s)
sample [20/100] orig=3 cf=1 -- 2382/3104 neurons fixed across 6 layer(s)
sample [21/100] orig=3 cf=0 -- 2368/3104 neurons fixed across 6 layer(s)
sample [22/100] orig=1 cf=5 -- 2459/3104 neurons fixed across 6 layer(s)
sample [23/100] orig=6 cf=7 -- 2288/3104 neurons fixed across 6 layer(s)
sample [24/100] orig=4 cf=6 -- 2381/3104 neurons fixed across 6 layer(s)
sample [25/100] orig=1 cf=7 -- 2367/3104 neurons fixed across 6 layer(s)
sample [26/100] orig=6 cf=7 -- 2238/3104 neurons fixed across 6 layer(s)
sample [27/100] orig=2 cf=5 -- 2358/3104 neurons fixed across 6 layer(s)
sample [28/100] orig=7 cf=2 -- 2379/3104 neurons fixed across 6 layer(s)
sample [29/100] orig=7 cf=6 -- 2271/3104 neurons fixed across 6 layer(s)
sample [30/100] orig=2 cf=8 -- 2428/3104 neurons fixed across 6 layer(s)
sample [31/100] orig=1 cf=2 -- 2382/3104 neurons fixed across 6 layer(s)
sample [32/100] orig=9 cf=2 -- 2413/3104 neurons fixed across 6 layer(s)
sample [33/100] orig=1 cf=9 -- 2337/3104 neurons fixed across 6 layer(s)
sample [34/100] orig=5 cf=6 -- 2314/3104 neurons fixed across 6 layer(s)
sample [35/100] orig=4 cf=2 -- 2359/3104 neurons fixed across 6 layer(s)
sample [36/100] orig=2 cf=9 -- 2380/3104 neurons fixed across 6 layer(s)
sample [37/100] orig=8 cf=5 -- 2385/3104 neurons fixed across 6 layer(s)
sample [38/100] orig=7 cf=6 -- 2337/3104 neurons fixed across 6 layer(s)
sample [39/100] orig=8 cf=5 -- 2399/3104 neurons fixed across 6 layer(s)
sample [40/100] orig=4 cf=8 -- 2304/3104 neurons fixed across 6 layer(s)
sample [41/100] orig=5 cf=7 -- 2326/3104 neurons fixed across 6 layer(s)
sample [42/100] orig=2 cf=5 -- 2270/3104 neurons fixed across 6 layer(s)
sample [43/100] orig=2 cf=7 -- 2288/3104 neurons fixed across 6 layer(s)
sample [44/100] orig=7 cf=6 -- 2364/3104 neurons fixed across 6 layer(s)
sample [45/100] orig=1 cf=7 -- 2383/3104 neurons fixed across 6 layer(s)
sample [46/100] orig=1 cf=9 -- 2454/3104 neurons fixed across 6 layer(s)
sample [47/100] orig=1 cf=0 -- 2305/3104 neurons fixed across 6 layer(s)
sample [48/100] orig=8 cf=0 -- 2331/3104 neurons fixed across 6 layer(s)
sample [49/100] orig=2 cf=7 -- 2236/3104 neurons fixed across 6 layer(s)
sample [50/100] orig=0 cf=5 -- 2524/3104 neurons fixed across 6 layer(s)
sample [51/100] orig=2 cf=9 -- 2324/3104 neurons fixed across 6 layer(s)
sample [52/100] orig=3 cf=6 -- 2371/3104 neurons fixed across 6 layer(s)
sample [53/100] orig=7 cf=6 -- 2378/3104 neurons fixed across 6 layer(s)
sample [54/100] orig=0 cf=8 -- 2432/3104 neurons fixed across 6 layer(s)
sample [55/100] orig=2 cf=1 -- 2222/3104 neurons fixed across 6 layer(s)
sample [56/100] orig=3 cf=1 -- 2394/3104 neurons fixed across 6 layer(s)
sample [57/100] orig=5 cf=7 -- 2447/3104 neurons fixed across 6 layer(s)
sample [58/100] orig=6 cf=7 -- 2290/3104 neurons fixed across 6 layer(s)
sample [59/100] orig=4 cf=2 -- 2395/3104 neurons fixed across 6 layer(s)
sample [60/100] orig=9 cf=6 -- 2396/3104 neurons fixed across 6 layer(s)
sample [61/100] orig=1 cf=9 -- 2405/3104 neurons fixed across 6 layer(s)
sample [62/100] orig=1 cf=5 -- 2429/3104 neurons fixed across 6 layer(s)
sample [63/100] orig=8 cf=0 -- 2328/3104 neurons fixed across 6 layer(s)
sample [64/100] orig=2 cf=9 -- 2371/3104 neurons fixed across 6 layer(s)
sample [65/100] orig=1 cf=5 -- 2336/3104 neurons fixed across 6 layer(s)
sample [66/100] orig=1 cf=7 -- 2351/3104 neurons fixed across 6 layer(s)
sample [67/100] orig=4 cf=1 -- 2391/3104 neurons fixed across 6 layer(s)
sample [68/100] orig=1 cf=7 -- 2411/3104 neurons fixed across 6 layer(s)
sample [69/100] orig=7 cf=1 -- 2350/3104 neurons fixed across 6 layer(s)
sample [70/100] orig=8 cf=0 -- 2339/3104 neurons fixed across 6 layer(s)
sample [71/100] orig=2 cf=9 -- 2308/3104 neurons fixed across 6 layer(s)
sample [72/100] orig=9 cf=5 -- 2416/3104 neurons fixed across 6 layer(s)
sample [73/100] orig=9 cf=6 -- 2335/3104 neurons fixed across 6 layer(s)
sample [74/100] orig=7 cf=1 -- 2340/3104 neurons fixed across 6 layer(s)
sample [75/100] orig=2 cf=7 -- 2479/3104 neurons fixed across 6 layer(s)
sample [76/100] orig=1 cf=4 -- 2402/3104 neurons fixed across 6 layer(s)
sample [77/100] orig=9 cf=1 -- 2365/3104 neurons fixed across 6 layer(s)
sample [78/100] orig=0 cf=6 -- 2221/3104 neurons fixed across 6 layer(s)
sample [79/100] orig=7 cf=6 -- 2293/3104 neurons fixed across 6 layer(s)
sample [80/100] orig=1 cf=7 -- 2450/3104 neurons fixed across 6 layer(s)
sample [81/100] orig=3 cf=8 -- 2294/3104 neurons fixed across 6 layer(s)
sample [82/100] orig=3 cf=0 -- 2305/3104 neurons fixed across 6 layer(s)
sample [83/100] orig=4 cf=6 -- 2244/3104 neurons fixed across 6 layer(s)
sample [84/100] orig=3 cf=8 -- 2302/3104 neurons fixed across 6 layer(s)
sample [85/100] orig=7 cf=2 -- 2417/3104 neurons fixed across 6 layer(s)
sample [86/100] orig=7 cf=2 -- 2336/3104 neurons fixed across 6 layer(s)
sample [87/100] orig=7 cf=6 -- 2287/3104 neurons fixed across 6 layer(s)
sample [88/100] orig=7 cf=6 -- 2281/3104 neurons fixed across 6 layer(s)
sample [89/100] orig=9 cf=1 -- 2376/3104 neurons fixed across 6 layer(s)
sample [90/100] orig=2 cf=7 -- 2263/3104 neurons fixed across 6 layer(s)
sample [91/100] orig=4 cf=9 -- 2347/3104 neurons fixed across 6 layer(s)
sample [92/100] orig=5 cf=7 -- 2405/3104 neurons fixed across 6 layer(s)
sample [93/100] orig=8 cf=0 -- 2506/3104 neurons fixed across 6 layer(s)
sample [94/100] orig=0 cf=1 -- 2370/3104 neurons fixed across 6 layer(s)
sample [95/100] orig=1 cf=7 -- 2434/3104 neurons fixed across 6 layer(s)
sample [96/100] orig=6 cf=7 -- 2430/3104 neurons fixed across 6 layer(s)
sample [97/100] orig=1 cf=9 -- 2377/3104 neurons fixed across 6 layer(s)
sample [98/100] orig=1 cf=7 -- 2330/3104 neurons fixed across 6 layer(s)
sample [99/100] orig=4 cf=6 -- 2313/3104 neurons fixed across 6 layer(s)
sample [100/100] orig=1 cf=8 -- 2514/3104 neurons fixed across 6 layer(s)

100/100 samples written to /Users/labbaf/Documents/NN_Explainability/spexplain/neuron-activation/spexplain/data/neuron_activations/cifar/cnn-bench/NS5.txt (0 failed to produce a counterfactual)
