Model: /Users/labbaf/Documents/NN_Explainability/spexplain/neuron-activation/spexplain/data/models/cifar10/cnn-bench/P2.onnx
  input shape [1, 3, 32, 32], 3072 features, 3 ReLU layer(s), 10-class
Dataset: /Users/labbaf/Documents/NN_Explainability/spexplain/neuron-activation/spexplain/data/datasets/cifar/cifar_s100_scaled.csv (100/100 samples)
PGD: epsilon-frac=0.1 step-frac=0.1 num-steps=50
Output: /Users/labbaf/Documents/NN_Explainability/spexplain/neuron-activation/spexplain/data/neuron_activations/cifar10/cnn-bench/P2.txt

sample [1/100] orig=6 cf=7 -- 642/800 neurons fixed across 3 layer(s)
sample [2/100] orig=9 cf=2 -- 641/800 neurons fixed across 3 layer(s)
sample [3/100] orig=9 cf=7 -- 621/800 neurons fixed across 3 layer(s)
sample [4/100] orig=4 cf=6 -- 628/800 neurons fixed across 3 layer(s)
sample [5/100] orig=1 cf=9 -- 649/800 neurons fixed across 3 layer(s)
sample [6/100] orig=1 cf=7 -- 642/800 neurons fixed across 3 layer(s)
sample [7/100] orig=2 cf=7 -- 629/800 neurons fixed across 3 layer(s)
sample [8/100] orig=7 cf=6 -- 632/800 neurons fixed across 3 layer(s)
sample [9/100] orig=0 cf=8 -- 647/800 neurons fixed across 3 layer(s)
sample [10/100] orig=9 cf=4 -- 602/800 neurons fixed across 3 layer(s)
sample [11/100] orig=4 cf=6 -- 624/800 neurons fixed across 3 layer(s)
sample [12/100] orig=7 cf=6 -- 621/800 neurons fixed across 3 layer(s)
sample [13/100] orig=7 cf=8 -- 631/800 neurons fixed across 3 layer(s)
sample [14/100] orig=2 cf=9 -- 640/800 neurons fixed across 3 layer(s)
sample [15/100] orig=9 cf=1 -- 653/800 neurons fixed across 3 layer(s)
sample [16/100] orig=9 cf=8 -- 600/800 neurons fixed across 3 layer(s)
sample [17/100] orig=9 cf=0 -- 622/800 neurons fixed across 3 layer(s)
sample [18/100] orig=5 cf=6 -- 639/800 neurons fixed across 3 layer(s)
sample [19/100] orig=6 cf=2 -- 648/800 neurons fixed across 3 layer(s)
sample [20/100] orig=6 cf=9 -- 661/800 neurons fixed across 3 layer(s)
sample [21/100] orig=4 cf=2 -- 633/800 neurons fixed across 3 layer(s)
sample [22/100] orig=3 cf=0 -- 686/800 neurons fixed across 3 layer(s)
sample [23/100] orig=6 cf=7 -- 636/800 neurons fixed across 3 layer(s)
sample [24/100] orig=6 cf=7 -- 620/800 neurons fixed across 3 layer(s)
sample [25/100] orig=2 cf=9 -- 673/800 neurons fixed across 3 layer(s)
sample [26/100] orig=6 cf=7 -- 623/800 neurons fixed across 3 layer(s)
sample [27/100] orig=3 cf=2 -- 601/800 neurons fixed across 3 layer(s)
sample [28/100] orig=2 cf=9 -- 685/800 neurons fixed across 3 layer(s)
sample [29/100] orig=4 cf=9 -- 645/800 neurons fixed across 3 layer(s)
sample [30/100] orig=0 cf=2 -- 632/800 neurons fixed across 3 layer(s)
sample [31/100] orig=0 cf=8 -- 628/800 neurons fixed across 3 layer(s)
sample [32/100] orig=9 cf=8 -- 605/800 neurons fixed across 3 layer(s)
sample [33/100] orig=1 cf=9 -- 683/800 neurons fixed across 3 layer(s)
sample [34/100] orig=3 cf=6 -- 645/800 neurons fixed across 3 layer(s)
sample [35/100] orig=4 cf=2 -- 606/800 neurons fixed across 3 layer(s)
sample [36/100] orig=7 cf=6 -- 617/800 neurons fixed across 3 layer(s)
sample [37/100] orig=5 cf=8 -- 607/800 neurons fixed across 3 layer(s)
sample [38/100] orig=7 cf=6 -- 626/800 neurons fixed across 3 layer(s)
sample [39/100] orig=8 cf=3 -- 642/800 neurons fixed across 3 layer(s)
sample [40/100] orig=4 cf=6 -- 672/800 neurons fixed across 3 layer(s)
sample [41/100] orig=5 cf=6 -- 620/800 neurons fixed across 3 layer(s)
sample [42/100] orig=2 cf=7 -- 620/800 neurons fixed across 3 layer(s)
sample [43/100] orig=2 cf=4 -- 592/800 neurons fixed across 3 layer(s)
sample [44/100] orig=7 cf=4 -- 624/800 neurons fixed across 3 layer(s)
sample [45/100] orig=1 cf=7 -- 653/800 neurons fixed across 3 layer(s)
sample [46/100] orig=1 cf=3 -- 642/800 neurons fixed across 3 layer(s)
sample [47/100] orig=1 cf=2 -- 621/800 neurons fixed across 3 layer(s)
sample [48/100] orig=8 cf=0 -- 623/800 neurons fixed across 3 layer(s)
sample [49/100] orig=2 cf=4 -- 595/800 neurons fixed across 3 layer(s)
sample [50/100] orig=0 cf=5 -- 662/800 neurons fixed across 3 layer(s)
sample [51/100] orig=8 cf=0 -- 654/800 neurons fixed across 3 layer(s)
sample [52/100] orig=3 cf=7 -- 661/800 neurons fixed across 3 layer(s)
sample [53/100] orig=7 cf=6 -- 649/800 neurons fixed across 3 layer(s)
sample [54/100] orig=0 cf=9 -- 595/800 neurons fixed across 3 layer(s)
sample [55/100] orig=2 cf=4 -- 568/800 neurons fixed across 3 layer(s)
sample [56/100] orig=6 cf=7 -- 657/800 neurons fixed across 3 layer(s)
sample [57/100] orig=6 cf=7 -- 655/800 neurons fixed across 3 layer(s)
sample [58/100] orig=2 cf=7 -- 593/800 neurons fixed across 3 layer(s)
sample [59/100] orig=2 cf=4 -- 620/800 neurons fixed across 3 layer(s)
sample [60/100] orig=4 cf=8 -- 658/800 neurons fixed across 3 layer(s)
sample [61/100] orig=1 cf=0 -- 642/800 neurons fixed across 3 layer(s)
sample [62/100] orig=1 cf=5 -- 627/800 neurons fixed across 3 layer(s)
sample [63/100] orig=8 cf=0 -- 616/800 neurons fixed across 3 layer(s)
sample [64/100] orig=2 cf=9 -- 622/800 neurons fixed across 3 layer(s)
sample [65/100] orig=1 cf=6 -- 654/800 neurons fixed across 3 layer(s)
sample [66/100] orig=1 cf=9 -- 652/800 neurons fixed across 3 layer(s)
sample [67/100] orig=0 cf=5 -- 594/800 neurons fixed across 3 layer(s)
sample [68/100] orig=9 cf=1 -- 625/800 neurons fixed across 3 layer(s)
sample [69/100] orig=7 cf=6 -- 643/800 neurons fixed across 3 layer(s)
sample [70/100] orig=8 cf=0 -- 575/800 neurons fixed across 3 layer(s)
sample [71/100] orig=0 cf=6 -- 619/800 neurons fixed across 3 layer(s)
sample [72/100] orig=9 cf=8 -- 677/800 neurons fixed across 3 layer(s)
sample [73/100] orig=6 cf=1 -- 674/800 neurons fixed across 3 layer(s)
sample [74/100] orig=7 cf=6 -- 628/800 neurons fixed across 3 layer(s)
sample [75/100] orig=4 cf=2 -- 658/800 neurons fixed across 3 layer(s)
sample [76/100] orig=1 cf=4 -- 612/800 neurons fixed across 3 layer(s)
sample [77/100] orig=9 cf=0 -- 617/800 neurons fixed across 3 layer(s)
sample [78/100] orig=0 cf=6 -- 617/800 neurons fixed across 3 layer(s)
sample [79/100] orig=7 cf=6 -- 651/800 neurons fixed across 3 layer(s)
sample [80/100] orig=0 cf=9 -- 655/800 neurons fixed across 3 layer(s)
sample [81/100] orig=3 cf=7 -- 598/800 neurons fixed across 3 layer(s)
sample [82/100] orig=7 cf=6 -- 641/800 neurons fixed across 3 layer(s)
sample [83/100] orig=4 cf=6 -- 634/800 neurons fixed across 3 layer(s)
sample [84/100] orig=8 cf=5 -- 615/800 neurons fixed across 3 layer(s)
sample [85/100] orig=0 cf=5 -- 665/800 neurons fixed across 3 layer(s)
sample [86/100] orig=5 cf=7 -- 639/800 neurons fixed across 3 layer(s)
sample [87/100] orig=7 cf=6 -- 585/800 neurons fixed across 3 layer(s)
sample [88/100] orig=7 cf=6 -- 619/800 neurons fixed across 3 layer(s)
sample [89/100] orig=9 cf=7 -- 671/800 neurons fixed across 3 layer(s)
sample [90/100] orig=4 cf=2 -- 592/800 neurons fixed across 3 layer(s)
sample [91/100] orig=7 cf=6 -- 641/800 neurons fixed across 3 layer(s)
sample [92/100] orig=5 cf=4 -- 624/800 neurons fixed across 3 layer(s)
sample [93/100] orig=8 cf=5 -- 640/800 neurons fixed across 3 layer(s)
sample [94/100] orig=0 cf=1 -- 628/800 neurons fixed across 3 layer(s)
sample [95/100] orig=1 cf=7 -- 627/800 neurons fixed across 3 layer(s)
sample [96/100] orig=6 cf=4 -- 621/800 neurons fixed across 3 layer(s)
sample [97/100] orig=1 cf=8 -- 661/800 neurons fixed across 3 layer(s)
sample [98/100] orig=1 cf=7 -- 636/800 neurons fixed across 3 layer(s)
sample [99/100] orig=6 cf=7 -- 642/800 neurons fixed across 3 layer(s)
sample [100/100] orig=1 cf=0 -- 671/800 neurons fixed across 3 layer(s)

100/100 samples written to /Users/labbaf/Documents/NN_Explainability/spexplain/neuron-activation/spexplain/data/neuron_activations/cifar10/cnn-bench/P2.txt (0 failed to produce a counterfactual)
