Model: /Users/labbaf/Documents/NN_Explainability/spexplain/neuron-activation/spexplain/data/models/cifar10/cnn-bench/P3.onnx
  input shape [1, 3, 32, 32], 3072 features, 4 ReLU layer(s), 10-class
Dataset: /Users/labbaf/Documents/NN_Explainability/spexplain/neuron-activation/spexplain/data/datasets/cifar/cifar_s100_scaled.csv (100/100 samples)
PGD: epsilon-frac=0.1 step-frac=0.1 num-steps=50
Output: /Users/labbaf/Documents/NN_Explainability/spexplain/neuron-activation/spexplain/data/neuron_activations/cifar10/cnn-bench/P3.txt

sample [1/100] orig=5 cf=6 -- 1349/1824 neurons fixed across 4 layer(s)
sample [2/100] orig=9 cf=1 -- 1507/1824 neurons fixed across 4 layer(s)
sample [3/100] orig=8 cf=9 -- 1384/1824 neurons fixed across 4 layer(s)
sample [4/100] orig=4 cf=6 -- 1309/1824 neurons fixed across 4 layer(s)
sample [5/100] orig=1 cf=9 -- 1433/1824 neurons fixed across 4 layer(s)
sample [6/100] orig=1 cf=7 -- 1453/1824 neurons fixed across 4 layer(s)
sample [7/100] orig=2 cf=7 -- 1459/1824 neurons fixed across 4 layer(s)
sample [8/100] orig=7 cf=5 -- 1473/1824 neurons fixed across 4 layer(s)
sample [9/100] orig=8 cf=0 -- 1455/1824 neurons fixed across 4 layer(s)
sample [10/100] orig=9 cf=7 -- 1338/1824 neurons fixed across 4 layer(s)
sample [11/100] orig=4 cf=6 -- 1245/1824 neurons fixed across 4 layer(s)
sample [12/100] orig=7 cf=5 -- 1420/1824 neurons fixed across 4 layer(s)
sample [13/100] orig=7 cf=4 -- 1395/1824 neurons fixed across 4 layer(s)
sample [14/100] orig=1 cf=5 -- 1393/1824 neurons fixed across 4 layer(s)
sample [15/100] orig=9 cf=1 -- 1426/1824 neurons fixed across 4 layer(s)
sample [16/100] orig=8 cf=9 -- 1354/1824 neurons fixed across 4 layer(s)
sample [17/100] orig=9 cf=2 -- 1375/1824 neurons fixed across 4 layer(s)
sample [18/100] orig=3 cf=5 -- 1371/1824 neurons fixed across 4 layer(s)
sample [19/100] orig=6 cf=7 -- 1390/1824 neurons fixed across 4 layer(s)
sample [20/100] orig=9 cf=6 -- 1347/1824 neurons fixed across 4 layer(s)
sample [21/100] orig=4 cf=5 -- 1383/1824 neurons fixed across 4 layer(s)
sample [22/100] orig=3 cf=0 -- 1498/1824 neurons fixed across 4 layer(s)
sample [23/100] orig=6 cf=4 -- 1355/1824 neurons fixed across 4 layer(s)
sample [24/100] orig=6 cf=7 -- 1334/1824 neurons fixed across 4 layer(s)
sample [25/100] orig=2 cf=9 -- 1448/1824 neurons fixed across 4 layer(s)
sample [26/100] orig=9 cf=6 -- 1359/1824 neurons fixed across 4 layer(s)
sample [27/100] orig=3 cf=5 -- 1360/1824 neurons fixed across 4 layer(s)
sample [28/100] orig=2 cf=7 -- 1446/1824 neurons fixed across 4 layer(s)
sample [29/100] orig=4 cf=7 -- 1409/1824 neurons fixed across 4 layer(s)
sample [30/100] orig=8 cf=2 -- 1472/1824 neurons fixed across 4 layer(s)
sample [31/100] orig=0 cf=8 -- 1389/1824 neurons fixed across 4 layer(s)
sample [32/100] orig=9 cf=2 -- 1391/1824 neurons fixed across 4 layer(s)
sample [33/100] orig=1 cf=9 -- 1453/1824 neurons fixed across 4 layer(s)
sample [34/100] orig=6 cf=5 -- 1401/1824 neurons fixed across 4 layer(s)
sample [35/100] orig=4 cf=6 -- 1305/1824 neurons fixed across 4 layer(s)
sample [36/100] orig=7 cf=2 -- 1438/1824 neurons fixed across 4 layer(s)
sample [37/100] orig=8 cf=5 -- 1402/1824 neurons fixed across 4 layer(s)
sample [38/100] orig=7 cf=6 -- 1339/1824 neurons fixed across 4 layer(s)
sample [39/100] orig=8 cf=5 -- 1400/1824 neurons fixed across 4 layer(s)
sample [40/100] orig=6 cf=7 -- 1369/1824 neurons fixed across 4 layer(s)
sample [41/100] orig=5 cf=9 -- 1385/1824 neurons fixed across 4 layer(s)
sample [42/100] orig=2 cf=7 -- 1345/1824 neurons fixed across 4 layer(s)
sample [43/100] orig=4 cf=2 -- 1313/1824 neurons fixed across 4 layer(s)
sample [44/100] orig=7 cf=0 -- 1425/1824 neurons fixed across 4 layer(s)
sample [45/100] orig=0 cf=1 -- 1397/1824 neurons fixed across 4 layer(s)
sample [46/100] orig=1 cf=5 -- 1411/1824 neurons fixed across 4 layer(s)
sample [47/100] orig=1 cf=2 -- 1399/1824 neurons fixed across 4 layer(s)
sample [48/100] orig=8 cf=4 -- 1356/1824 neurons fixed across 4 layer(s)
sample [49/100] orig=2 cf=4 -- 1372/1824 neurons fixed across 4 layer(s)
sample [50/100] orig=7 cf=0 -- 1461/1824 neurons fixed across 4 layer(s)
sample [51/100] orig=2 cf=8 -- 1429/1824 neurons fixed across 4 layer(s)
sample [52/100] orig=3 cf=6 -- 1415/1824 neurons fixed across 4 layer(s)
sample [53/100] orig=7 cf=6 -- 1385/1824 neurons fixed across 4 layer(s)
sample [54/100] orig=9 cf=0 -- 1348/1824 neurons fixed across 4 layer(s)
sample [55/100] orig=2 cf=4 -- 1259/1824 neurons fixed across 4 layer(s)
sample [56/100] orig=5 cf=9 -- 1396/1824 neurons fixed across 4 layer(s)
sample [57/100] orig=2 cf=5 -- 1420/1824 neurons fixed across 4 layer(s)
sample [58/100] orig=2 cf=1 -- 1269/1824 neurons fixed across 4 layer(s)
sample [59/100] orig=2 cf=4 -- 1324/1824 neurons fixed across 4 layer(s)
sample [60/100] orig=3 cf=9 -- 1411/1824 neurons fixed across 4 layer(s)
sample [61/100] orig=1 cf=0 -- 1400/1824 neurons fixed across 4 layer(s)
sample [62/100] orig=1 cf=9 -- 1446/1824 neurons fixed across 4 layer(s)
sample [63/100] orig=8 cf=0 -- 1365/1824 neurons fixed across 4 layer(s)
sample [64/100] orig=2 cf=9 -- 1414/1824 neurons fixed across 4 layer(s)
sample [65/100] orig=1 cf=5 -- 1397/1824 neurons fixed across 4 layer(s)
sample [66/100] orig=1 cf=8 -- 1433/1824 neurons fixed across 4 layer(s)
sample [67/100] orig=4 cf=7 -- 1351/1824 neurons fixed across 4 layer(s)
sample [68/100] orig=9 cf=1 -- 1438/1824 neurons fixed across 4 layer(s)
sample [69/100] orig=7 cf=2 -- 1481/1824 neurons fixed across 4 layer(s)
sample [70/100] orig=8 cf=0 -- 1264/1824 neurons fixed across 4 layer(s)
sample [71/100] orig=4 cf=1 -- 1335/1824 neurons fixed across 4 layer(s)
sample [72/100] orig=1 cf=5 -- 1462/1824 neurons fixed across 4 layer(s)
sample [73/100] orig=6 cf=9 -- 1421/1824 neurons fixed across 4 layer(s)
sample [74/100] orig=7 cf=9 -- 1354/1824 neurons fixed across 4 layer(s)
sample [75/100] orig=6 cf=4 -- 1393/1824 neurons fixed across 4 layer(s)
sample [76/100] orig=1 cf=4 -- 1364/1824 neurons fixed across 4 layer(s)
sample [77/100] orig=9 cf=7 -- 1416/1824 neurons fixed across 4 layer(s)
sample [78/100] orig=0 cf=4 -- 1370/1824 neurons fixed across 4 layer(s)
sample [79/100] orig=9 cf=5 -- 1451/1824 neurons fixed across 4 layer(s)
sample [80/100] orig=1 cf=7 -- 1473/1824 neurons fixed across 4 layer(s)
sample [81/100] orig=3 cf=0 -- 1307/1824 neurons fixed across 4 layer(s)
sample [82/100] orig=2 cf=3 -- 1389/1824 neurons fixed across 4 layer(s)
sample [83/100] orig=4 cf=2 -- 1355/1824 neurons fixed across 4 layer(s)
sample [84/100] orig=5 cf=8 -- 1365/1824 neurons fixed across 4 layer(s)
sample [85/100] orig=7 cf=6 -- 1411/1824 neurons fixed across 4 layer(s)
sample [86/100] orig=5 cf=1 -- 1387/1824 neurons fixed across 4 layer(s)
sample [87/100] orig=4 cf=7 -- 1335/1824 neurons fixed across 4 layer(s)
sample [88/100] orig=7 cf=6 -- 1360/1824 neurons fixed across 4 layer(s)
sample [89/100] orig=9 cf=4 -- 1413/1824 neurons fixed across 4 layer(s)
sample [90/100] orig=2 cf=4 -- 1337/1824 neurons fixed across 4 layer(s)
sample [91/100] orig=6 cf=7 -- 1372/1824 neurons fixed across 4 layer(s)
sample [92/100] orig=5 cf=8 -- 1358/1824 neurons fixed across 4 layer(s)
sample [93/100] orig=4 cf=8 -- 1443/1824 neurons fixed across 4 layer(s)
sample [94/100] orig=0 cf=4 -- 1326/1824 neurons fixed across 4 layer(s)
sample [95/100] orig=1 cf=7 -- 1398/1824 neurons fixed across 4 layer(s)
sample [96/100] orig=6 cf=4 -- 1442/1824 neurons fixed across 4 layer(s)
sample [97/100] orig=1 cf=9 -- 1413/1824 neurons fixed across 4 layer(s)
sample [98/100] orig=1 cf=4 -- 1424/1824 neurons fixed across 4 layer(s)
sample [99/100] orig=6 cf=4 -- 1363/1824 neurons fixed across 4 layer(s)
sample [100/100] orig=1 cf=5 -- 1435/1824 neurons fixed across 4 layer(s)

100/100 samples written to /Users/labbaf/Documents/NN_Explainability/spexplain/neuron-activation/spexplain/data/neuron_activations/cifar10/cnn-bench/P3.txt (0 failed to produce a counterfactual)
