Model: /Users/labbaf/Documents/NN_Explainability/spexplain/neuron-activation/spexplain/data/models/cifar/cnn-bench/S4.onnx
  input shape [1, 3, 32, 32], 3072 features, 5 ReLU layer(s), 10-class
Dataset: /Users/labbaf/Documents/NN_Explainability/spexplain/neuron-activation/spexplain/data/datasets/cifar/cifar_s100_scaled.csv (100/100 samples)
PGD: epsilon-frac=0.1 step-frac=0.1 num-steps=50
Output: /Users/labbaf/Documents/NN_Explainability/spexplain/neuron-activation/spexplain/data/neuron_activations/cifar/cnn-bench/S4.txt

sample [1/100] orig=6 cf=5 -- 4012/5152 neurons fixed across 5 layer(s)
sample [2/100] orig=9 cf=1 -- 3965/5152 neurons fixed across 5 layer(s)
sample [3/100] orig=0 cf=8 -- 3999/5152 neurons fixed across 5 layer(s)
sample [4/100] orig=4 cf=6 -- 3723/5152 neurons fixed across 5 layer(s)
sample [5/100] orig=1 cf=4 -- 3893/5152 neurons fixed across 5 layer(s)
sample [6/100] orig=1 cf=7 -- 4024/5152 neurons fixed across 5 layer(s)
sample [7/100] orig=2 cf=7 -- 4111/5152 neurons fixed across 5 layer(s)
sample [8/100] orig=7 cf=6 -- 3957/5152 neurons fixed across 5 layer(s)
sample [9/100] orig=0 cf=8 -- 4180/5152 neurons fixed across 5 layer(s)
sample [10/100] orig=9 cf=6 -- 3690/5152 neurons fixed across 5 layer(s)
sample [11/100] orig=4 cf=6 -- 3457/5152 neurons fixed across 5 layer(s)
sample [12/100] orig=7 cf=1 -- 4002/5152 neurons fixed across 5 layer(s)
sample [13/100] orig=7 cf=8 -- 4029/5152 neurons fixed across 5 layer(s)
sample [14/100] orig=2 cf=1 -- 3894/5152 neurons fixed across 5 layer(s)
sample [15/100] orig=9 cf=2 -- 4059/5152 neurons fixed across 5 layer(s)
sample [16/100] orig=9 cf=8 -- 3862/5152 neurons fixed across 5 layer(s)
sample [17/100] orig=9 cf=6 -- 3879/5152 neurons fixed across 5 layer(s)
sample [18/100] orig=5 cf=8 -- 3748/5152 neurons fixed across 5 layer(s)
sample [19/100] orig=2 cf=6 -- 3790/5152 neurons fixed across 5 layer(s)
sample [20/100] orig=6 cf=9 -- 4120/5152 neurons fixed across 5 layer(s)
sample [21/100] orig=4 cf=5 -- 3879/5152 neurons fixed across 5 layer(s)
sample [22/100] orig=0 cf=5 -- 4234/5152 neurons fixed across 5 layer(s)
sample [23/100] orig=6 cf=4 -- 3789/5152 neurons fixed across 5 layer(s)
sample [24/100] orig=6 cf=4 -- 3695/5152 neurons fixed across 5 layer(s)
sample [25/100] orig=2 cf=7 -- 3983/5152 neurons fixed across 5 layer(s)
sample [26/100] orig=6 cf=9 -- 3840/5152 neurons fixed across 5 layer(s)
sample [27/100] orig=3 cf=7 -- 3775/5152 neurons fixed across 5 layer(s)
sample [28/100] orig=5 cf=4 -- 3889/5152 neurons fixed across 5 layer(s)
sample [29/100] orig=4 cf=7 -- 3879/5152 neurons fixed across 5 layer(s)
sample [30/100] orig=8 cf=5 -- 4015/5152 neurons fixed across 5 layer(s)
sample [31/100] orig=0 cf=5 -- 3791/5152 neurons fixed across 5 layer(s)
sample [32/100] orig=9 cf=5 -- 3914/5152 neurons fixed across 5 layer(s)
sample [33/100] orig=1 cf=9 -- 4037/5152 neurons fixed across 5 layer(s)
sample [34/100] orig=3 cf=4 -- 3838/5152 neurons fixed across 5 layer(s)
sample [35/100] orig=4 cf=2 -- 3973/5152 neurons fixed across 5 layer(s)
sample [36/100] orig=4 cf=2 -- 4065/5152 neurons fixed across 5 layer(s)
sample [37/100] orig=3 cf=0 -- 3758/5152 neurons fixed across 5 layer(s)
sample [38/100] orig=7 cf=6 -- 3737/5152 neurons fixed across 5 layer(s)
sample [39/100] orig=8 cf=5 -- 3902/5152 neurons fixed across 5 layer(s)
sample [40/100] orig=6 cf=4 -- 3757/5152 neurons fixed across 5 layer(s)
sample [41/100] orig=5 cf=6 -- 3755/5152 neurons fixed across 5 layer(s)
sample [42/100] orig=2 cf=7 -- 3890/5152 neurons fixed across 5 layer(s)
sample [43/100] orig=2 cf=7 -- 3688/5152 neurons fixed across 5 layer(s)
sample [44/100] orig=7 cf=3 -- 4026/5152 neurons fixed across 5 layer(s)
sample [45/100] orig=1 cf=7 -- 3945/5152 neurons fixed across 5 layer(s)
sample [46/100] orig=9 cf=1 -- 4131/5152 neurons fixed across 5 layer(s)
sample [47/100] orig=1 cf=9 -- 3886/5152 neurons fixed across 5 layer(s)
sample [48/100] orig=0 cf=8 -- 3817/5152 neurons fixed across 5 layer(s)
sample [49/100] orig=2 cf=4 -- 3802/5152 neurons fixed across 5 layer(s)
sample [50/100] orig=7 cf=3 -- 4246/5152 neurons fixed across 5 layer(s)
sample [51/100] orig=0 cf=9 -- 4027/5152 neurons fixed across 5 layer(s)
sample [52/100] orig=5 cf=6 -- 3826/5152 neurons fixed across 5 layer(s)
sample [53/100] orig=7 cf=6 -- 3912/5152 neurons fixed across 5 layer(s)
sample [54/100] orig=0 cf=1 -- 3956/5152 neurons fixed across 5 layer(s)
sample [55/100] orig=2 cf=4 -- 3763/5152 neurons fixed across 5 layer(s)
sample [56/100] orig=5 cf=6 -- 3982/5152 neurons fixed across 5 layer(s)
sample [57/100] orig=2 cf=7 -- 3814/5152 neurons fixed across 5 layer(s)
sample [58/100] orig=2 cf=4 -- 3694/5152 neurons fixed across 5 layer(s)
sample [59/100] orig=4 cf=2 -- 3818/5152 neurons fixed across 5 layer(s)
sample [60/100] orig=7 cf=6 -- 4020/5152 neurons fixed across 5 layer(s)
sample [61/100] orig=1 cf=9 -- 4039/5152 neurons fixed across 5 layer(s)
sample [62/100] orig=1 cf=9 -- 4009/5152 neurons fixed across 5 layer(s)
sample [63/100] orig=8 cf=0 -- 3841/5152 neurons fixed across 5 layer(s)
sample [64/100] orig=6 cf=2 -- 3984/5152 neurons fixed across 5 layer(s)
sample [65/100] orig=1 cf=2 -- 3782/5152 neurons fixed across 5 layer(s)
sample [66/100] orig=1 cf=9 -- 4067/5152 neurons fixed across 5 layer(s)
sample [67/100] orig=4 cf=0 -- 3991/5152 neurons fixed across 5 layer(s)
sample [68/100] orig=9 cf=6 -- 3909/5152 neurons fixed across 5 layer(s)
sample [69/100] orig=7 cf=2 -- 4000/5152 neurons fixed across 5 layer(s)
sample [70/100] orig=8 cf=0 -- 3580/5152 neurons fixed across 5 layer(s)
sample [71/100] orig=2 cf=0 -- 3835/5152 neurons fixed across 5 layer(s)
sample [72/100] orig=3 cf=1 -- 3927/5152 neurons fixed across 5 layer(s)
sample [73/100] orig=6 cf=9 -- 3929/5152 neurons fixed across 5 layer(s)
sample [74/100] orig=7 cf=2 -- 3854/5152 neurons fixed across 5 layer(s)
sample [75/100] orig=5 cf=6 -- 3840/5152 neurons fixed across 5 layer(s)
sample [76/100] orig=1 cf=4 -- 3805/5152 neurons fixed across 5 layer(s)
sample [77/100] orig=9 cf=7 -- 3938/5152 neurons fixed across 5 layer(s)
sample [78/100] orig=0 cf=4 -- 3801/5152 neurons fixed across 5 layer(s)
sample [79/100] orig=9 cf=5 -- 3978/5152 neurons fixed across 5 layer(s)
sample [80/100] orig=1 cf=7 -- 4078/5152 neurons fixed across 5 layer(s)
sample [81/100] orig=3 cf=0 -- 3655/5152 neurons fixed across 5 layer(s)
sample [82/100] orig=5 cf=2 -- 3986/5152 neurons fixed across 5 layer(s)
sample [83/100] orig=4 cf=6 -- 3788/5152 neurons fixed across 5 layer(s)
sample [84/100] orig=5 cf=0 -- 3928/5152 neurons fixed across 5 layer(s)
sample [85/100] orig=4 cf=7 -- 4003/5152 neurons fixed across 5 layer(s)
sample [86/100] orig=7 cf=2 -- 3966/5152 neurons fixed across 5 layer(s)
sample [87/100] orig=7 cf=4 -- 3802/5152 neurons fixed across 5 layer(s)
sample [88/100] orig=7 cf=6 -- 3741/5152 neurons fixed across 5 layer(s)
sample [89/100] orig=9 cf=7 -- 4014/5152 neurons fixed across 5 layer(s)
sample [90/100] orig=4 cf=2 -- 3879/5152 neurons fixed across 5 layer(s)
sample [91/100] orig=2 cf=3 -- 3984/5152 neurons fixed across 5 layer(s)
sample [92/100] orig=3 cf=5 -- 3912/5152 neurons fixed across 5 layer(s)
sample [93/100] orig=8 cf=4 -- 4119/5152 neurons fixed across 5 layer(s)
sample [94/100] orig=0 cf=1 -- 3715/5152 neurons fixed across 5 layer(s)
sample [95/100] orig=1 cf=7 -- 3977/5152 neurons fixed across 5 layer(s)
sample [96/100] orig=6 cf=4 -- 4142/5152 neurons fixed across 5 layer(s)
sample [97/100] orig=1 cf=8 -- 3940/5152 neurons fixed across 5 layer(s)
sample [98/100] orig=1 cf=4 -- 3927/5152 neurons fixed across 5 layer(s)
sample [99/100] orig=4 cf=6 -- 3727/5152 neurons fixed across 5 layer(s)
sample [100/100] orig=1 cf=8 -- 4125/5152 neurons fixed across 5 layer(s)

100/100 samples written to /Users/labbaf/Documents/NN_Explainability/spexplain/neuron-activation/spexplain/data/neuron_activations/cifar/cnn-bench/S4.txt (0 failed to produce a counterfactual)
