Model: /Users/labbaf/Documents/NN_Explainability/spexplain/neuron-activation/spexplain/data/models/cifar/cnn-bench/S5.onnx
  input shape [1, 3, 32, 32], 3072 features, 6 ReLU layer(s), 10-class
Dataset: /Users/labbaf/Documents/NN_Explainability/spexplain/neuron-activation/spexplain/data/datasets/cifar/cifar_s100_scaled.csv (100/100 samples)
PGD: epsilon-frac=0.1 step-frac=0.1 num-steps=50
Output: /Users/labbaf/Documents/NN_Explainability/spexplain/neuron-activation/spexplain/data/neuron_activations/cifar/cnn-bench/S5.txt

sample [1/100] orig=6 cf=5 -- 4796/6176 neurons fixed across 6 layer(s)
sample [2/100] orig=9 cf=2 -- 4849/6176 neurons fixed across 6 layer(s)
sample [3/100] orig=0 cf=9 -- 4737/6176 neurons fixed across 6 layer(s)
sample [4/100] orig=4 cf=6 -- 4418/6176 neurons fixed across 6 layer(s)
sample [5/100] orig=1 cf=9 -- 4787/6176 neurons fixed across 6 layer(s)
sample [6/100] orig=1 cf=9 -- 4808/6176 neurons fixed across 6 layer(s)
sample [7/100] orig=2 cf=7 -- 4843/6176 neurons fixed across 6 layer(s)
sample [8/100] orig=7 cf=4 -- 4702/6176 neurons fixed across 6 layer(s)
sample [9/100] orig=8 cf=0 -- 4846/6176 neurons fixed across 6 layer(s)
sample [10/100] orig=3 cf=9 -- 4522/6176 neurons fixed across 6 layer(s)
sample [11/100] orig=4 cf=6 -- 4283/6176 neurons fixed across 6 layer(s)
sample [12/100] orig=7 cf=4 -- 4743/6176 neurons fixed across 6 layer(s)
sample [13/100] orig=7 cf=0 -- 4687/6176 neurons fixed across 6 layer(s)
sample [14/100] orig=1 cf=2 -- 4821/6176 neurons fixed across 6 layer(s)
sample [15/100] orig=9 cf=6 -- 4786/6176 neurons fixed across 6 layer(s)
sample [16/100] orig=9 cf=8 -- 4602/6176 neurons fixed across 6 layer(s)
sample [17/100] orig=9 cf=0 -- 4719/6176 neurons fixed across 6 layer(s)
sample [18/100] orig=5 cf=6 -- 4293/6176 neurons fixed across 6 layer(s)
sample [19/100] orig=2 cf=6 -- 4577/6176 neurons fixed across 6 layer(s)
sample [20/100] orig=6 cf=1 -- 4672/6176 neurons fixed across 6 layer(s)
sample [21/100] orig=4 cf=5 -- 4646/6176 neurons fixed across 6 layer(s)
sample [22/100] orig=3 cf=0 -- 5038/6176 neurons fixed across 6 layer(s)
sample [23/100] orig=6 cf=3 -- 4629/6176 neurons fixed across 6 layer(s)
sample [24/100] orig=6 cf=4 -- 4390/6176 neurons fixed across 6 layer(s)
sample [25/100] orig=2 cf=3 -- 4758/6176 neurons fixed across 6 layer(s)
sample [26/100] orig=6 cf=5 -- 4788/6176 neurons fixed across 6 layer(s)
sample [27/100] orig=3 cf=7 -- 4546/6176 neurons fixed across 6 layer(s)
sample [28/100] orig=7 cf=3 -- 4654/6176 neurons fixed across 6 layer(s)
sample [29/100] orig=4 cf=7 -- 4724/6176 neurons fixed across 6 layer(s)
sample [30/100] orig=0 cf=8 -- 4888/6176 neurons fixed across 6 layer(s)
sample [31/100] orig=0 cf=6 -- 4396/6176 neurons fixed across 6 layer(s)
sample [32/100] orig=9 cf=2 -- 4614/6176 neurons fixed across 6 layer(s)
sample [33/100] orig=1 cf=9 -- 4936/6176 neurons fixed across 6 layer(s)
sample [34/100] orig=3 cf=6 -- 4617/6176 neurons fixed across 6 layer(s)
sample [35/100] orig=4 cf=2 -- 4760/6176 neurons fixed across 6 layer(s)
sample [36/100] orig=2 cf=7 -- 4855/6176 neurons fixed across 6 layer(s)
sample [37/100] orig=3 cf=8 -- 4740/6176 neurons fixed across 6 layer(s)
sample [38/100] orig=7 cf=2 -- 4480/6176 neurons fixed across 6 layer(s)
sample [39/100] orig=3 cf=8 -- 4809/6176 neurons fixed across 6 layer(s)
sample [40/100] orig=6 cf=7 -- 4591/6176 neurons fixed across 6 layer(s)
sample [41/100] orig=5 cf=1 -- 4560/6176 neurons fixed across 6 layer(s)
sample [42/100] orig=2 cf=7 -- 4737/6176 neurons fixed across 6 layer(s)
sample [43/100] orig=2 cf=7 -- 4482/6176 neurons fixed across 6 layer(s)
sample [44/100] orig=7 cf=2 -- 4724/6176 neurons fixed across 6 layer(s)
sample [45/100] orig=1 cf=7 -- 4781/6176 neurons fixed across 6 layer(s)
sample [46/100] orig=1 cf=9 -- 4948/6176 neurons fixed across 6 layer(s)
sample [47/100] orig=1 cf=8 -- 4684/6176 neurons fixed across 6 layer(s)
sample [48/100] orig=8 cf=2 -- 4418/6176 neurons fixed across 6 layer(s)
sample [49/100] orig=2 cf=4 -- 4725/6176 neurons fixed across 6 layer(s)
sample [50/100] orig=0 cf=5 -- 5013/6176 neurons fixed across 6 layer(s)
sample [51/100] orig=0 cf=5 -- 4661/6176 neurons fixed across 6 layer(s)
sample [52/100] orig=3 cf=7 -- 4806/6176 neurons fixed across 6 layer(s)
sample [53/100] orig=6 cf=7 -- 4738/6176 neurons fixed across 6 layer(s)
sample [54/100] orig=0 cf=9 -- 4754/6176 neurons fixed across 6 layer(s)
sample [55/100] orig=2 cf=4 -- 4525/6176 neurons fixed across 6 layer(s)
sample [56/100] orig=6 cf=7 -- 4676/6176 neurons fixed across 6 layer(s)
sample [57/100] orig=5 cf=6 -- 4600/6176 neurons fixed across 6 layer(s)
sample [58/100] orig=2 cf=1 -- 4335/6176 neurons fixed across 6 layer(s)
sample [59/100] orig=4 cf=2 -- 4546/6176 neurons fixed across 6 layer(s)
sample [60/100] orig=3 cf=1 -- 4724/6176 neurons fixed across 6 layer(s)
sample [61/100] orig=1 cf=9 -- 4801/6176 neurons fixed across 6 layer(s)
sample [62/100] orig=1 cf=9 -- 4822/6176 neurons fixed across 6 layer(s)
sample [63/100] orig=8 cf=1 -- 4483/6176 neurons fixed across 6 layer(s)
sample [64/100] orig=2 cf=1 -- 4633/6176 neurons fixed across 6 layer(s)
sample [65/100] orig=1 cf=9 -- 4683/6176 neurons fixed across 6 layer(s)
sample [66/100] orig=1 cf=9 -- 4901/6176 neurons fixed across 6 layer(s)
sample [67/100] orig=0 cf=4 -- 4591/6176 neurons fixed across 6 layer(s)
sample [68/100] orig=9 cf=8 -- 4697/6176 neurons fixed across 6 layer(s)
sample [69/100] orig=7 cf=2 -- 4819/6176 neurons fixed across 6 layer(s)
sample [70/100] orig=8 cf=0 -- 4458/6176 neurons fixed across 6 layer(s)
sample [71/100] orig=2 cf=7 -- 4681/6176 neurons fixed across 6 layer(s)
sample [72/100] orig=5 cf=8 -- 4680/6176 neurons fixed across 6 layer(s)
sample [73/100] orig=6 cf=1 -- 4863/6176 neurons fixed across 6 layer(s)
sample [74/100] orig=7 cf=9 -- 4695/6176 neurons fixed across 6 layer(s)
sample [75/100] orig=3 cf=2 -- 4741/6176 neurons fixed across 6 layer(s)
sample [76/100] orig=1 cf=4 -- 4587/6176 neurons fixed across 6 layer(s)
sample [77/100] orig=9 cf=0 -- 4788/6176 neurons fixed across 6 layer(s)
sample [78/100] orig=0 cf=6 -- 4484/6176 neurons fixed across 6 layer(s)
sample [79/100] orig=7 cf=5 -- 4713/6176 neurons fixed across 6 layer(s)
sample [80/100] orig=1 cf=0 -- 4973/6176 neurons fixed across 6 layer(s)
sample [81/100] orig=3 cf=7 -- 4637/6176 neurons fixed across 6 layer(s)
sample [82/100] orig=5 cf=7 -- 4702/6176 neurons fixed across 6 layer(s)
sample [83/100] orig=4 cf=6 -- 4599/6176 neurons fixed across 6 layer(s)
sample [84/100] orig=3 cf=5 -- 4746/6176 neurons fixed across 6 layer(s)
sample [85/100] orig=2 cf=7 -- 4647/6176 neurons fixed across 6 layer(s)
sample [86/100] orig=7 cf=2 -- 4766/6176 neurons fixed across 6 layer(s)
sample [87/100] orig=4 cf=7 -- 4496/6176 neurons fixed across 6 layer(s)
sample [88/100] orig=7 cf=2 -- 4584/6176 neurons fixed across 6 layer(s)
sample [89/100] orig=9 cf=0 -- 4801/6176 neurons fixed across 6 layer(s)
sample [90/100] orig=4 cf=1 -- 4682/6176 neurons fixed across 6 layer(s)
sample [91/100] orig=3 cf=2 -- 4759/6176 neurons fixed across 6 layer(s)
sample [92/100] orig=5 cf=2 -- 4532/6176 neurons fixed across 6 layer(s)
sample [93/100] orig=8 cf=4 -- 4786/6176 neurons fixed across 6 layer(s)
sample [94/100] orig=0 cf=4 -- 4613/6176 neurons fixed across 6 layer(s)
sample [95/100] orig=1 cf=7 -- 4656/6176 neurons fixed across 6 layer(s)
sample [96/100] orig=6 cf=2 -- 4851/6176 neurons fixed across 6 layer(s)
sample [97/100] orig=1 cf=8 -- 4758/6176 neurons fixed across 6 layer(s)
sample [98/100] orig=1 cf=6 -- 4624/6176 neurons fixed across 6 layer(s)
sample [99/100] orig=4 cf=6 -- 4440/6176 neurons fixed across 6 layer(s)
sample [100/100] orig=1 cf=8 -- 4863/6176 neurons fixed across 6 layer(s)

100/100 samples written to /Users/labbaf/Documents/NN_Explainability/spexplain/neuron-activation/spexplain/data/neuron_activations/cifar/cnn-bench/S5.txt (0 failed to produce a counterfactual)
