Model: /Users/labbaf/Documents/NN_Explainability/spexplain/neuron-activation/spexplain/data/models/cifar10/cnn-bench/S8.onnx
  input shape [1, 3, 32, 32], 3072 features, 9 ReLU layer(s), 10-class
Dataset: /Users/labbaf/Documents/NN_Explainability/spexplain/neuron-activation/spexplain/data/datasets/cifar10/cifar10_s100_scaled.csv (100/100 samples)
PGD: epsilon-frac=0.1 step-frac=0.1 num-steps=50
Output: /Users/labbaf/Documents/NN_Explainability/spexplain/neuron-activation/spexplain/data/neuron_activations/cifar10/cnn-bench/S8.txt

sample [1/100] orig=6 cf=5 -- 8075/10272 neurons fixed across 9 layer(s)
sample [2/100] orig=9 cf=1 -- 8111/10272 neurons fixed across 9 layer(s)
sample [3/100] orig=9 cf=7 -- 8070/10272 neurons fixed across 9 layer(s)
sample [4/100] orig=4 cf=6 -- 7571/10272 neurons fixed across 9 layer(s)
sample [5/100] orig=1 cf=9 -- 7954/10272 neurons fixed across 9 layer(s)
sample [6/100] orig=1 cf=5 -- 7832/10272 neurons fixed across 9 layer(s)
sample [7/100] orig=2 cf=6 -- 7840/10272 neurons fixed across 9 layer(s)
sample [8/100] orig=7 cf=5 -- 8052/10272 neurons fixed across 9 layer(s)
sample [9/100] orig=8 cf=0 -- 8218/10272 neurons fixed across 9 layer(s)
sample [10/100] orig=3 cf=7 -- 7535/10272 neurons fixed across 9 layer(s)
sample [11/100] orig=4 cf=6 -- 7522/10272 neurons fixed across 9 layer(s)
sample [12/100] orig=7 cf=4 -- 7985/10272 neurons fixed across 9 layer(s)
sample [13/100] orig=7 cf=0 -- 8179/10272 neurons fixed across 9 layer(s)
sample [14/100] orig=1 cf=2 -- 7931/10272 neurons fixed across 9 layer(s)
sample [15/100] orig=9 cf=7 -- 8207/10272 neurons fixed across 9 layer(s)
sample [16/100] orig=9 cf=8 -- 7808/10272 neurons fixed across 9 layer(s)
sample [17/100] orig=9 cf=6 -- 8011/10272 neurons fixed across 9 layer(s)
sample [18/100] orig=5 cf=3 -- 7685/10272 neurons fixed across 9 layer(s)
sample [19/100] orig=6 cf=3 -- 7943/10272 neurons fixed across 9 layer(s)
sample [20/100] orig=1 cf=6 -- 7886/10272 neurons fixed across 9 layer(s)
sample [21/100] orig=7 cf=4 -- 8118/10272 neurons fixed across 9 layer(s)
sample [22/100] orig=3 cf=2 -- 8322/10272 neurons fixed across 9 layer(s)
sample [23/100] orig=6 cf=4 -- 7815/10272 neurons fixed across 9 layer(s)
sample [24/100] orig=6 cf=2 -- 7721/10272 neurons fixed across 9 layer(s)
sample [25/100] orig=7 cf=2 -- 8067/10272 neurons fixed across 9 layer(s)
sample [26/100] orig=6 cf=1 -- 7856/10272 neurons fixed across 9 layer(s)
sample [27/100] orig=3 cf=5 -- 7863/10272 neurons fixed across 9 layer(s)
sample [28/100] orig=5 cf=2 -- 7913/10272 neurons fixed across 9 layer(s)
sample [29/100] orig=4 cf=7 -- 7924/10272 neurons fixed across 9 layer(s)
sample [30/100] orig=0 cf=1 -- 8010/10272 neurons fixed across 9 layer(s)
sample [31/100] orig=0 cf=1 -- 7728/10272 neurons fixed across 9 layer(s)
sample [32/100] orig=9 cf=3 -- 7855/10272 neurons fixed across 9 layer(s)
sample [33/100] orig=1 cf=9 -- 8154/10272 neurons fixed across 9 layer(s)
sample [34/100] orig=3 cf=5 -- 7938/10272 neurons fixed across 9 layer(s)
sample [35/100] orig=2 cf=4 -- 8073/10272 neurons fixed across 9 layer(s)
sample [36/100] orig=4 cf=0 -- 8154/10272 neurons fixed across 9 layer(s)
sample [37/100] orig=3 cf=8 -- 7991/10272 neurons fixed across 9 layer(s)
sample [38/100] orig=7 cf=6 -- 7808/10272 neurons fixed across 9 layer(s)
sample [39/100] orig=3 cf=1 -- 8039/10272 neurons fixed across 9 layer(s)
sample [40/100] orig=4 cf=6 -- 8004/10272 neurons fixed across 9 layer(s)
sample [41/100] orig=5 cf=7 -- 7895/10272 neurons fixed across 9 layer(s)
sample [42/100] orig=2 cf=5 -- 7893/10272 neurons fixed across 9 layer(s)
sample [43/100] orig=4 cf=2 -- 7734/10272 neurons fixed across 9 layer(s)
sample [44/100] orig=7 cf=5 -- 8021/10272 neurons fixed across 9 layer(s)
sample [45/100] orig=1 cf=9 -- 8065/10272 neurons fixed across 9 layer(s)
sample [46/100] orig=1 cf=9 -- 8129/10272 neurons fixed across 9 layer(s)
sample [47/100] orig=1 cf=0 -- 7826/10272 neurons fixed across 9 layer(s)
sample [48/100] orig=8 cf=0 -- 7713/10272 neurons fixed across 9 layer(s)
sample [49/100] orig=4 cf=2 -- 7656/10272 neurons fixed across 9 layer(s)
sample [50/100] orig=3 cf=0 -- 8405/10272 neurons fixed across 9 layer(s)
sample [51/100] orig=0 cf=9 -- 7883/10272 neurons fixed across 9 layer(s)
sample [52/100] orig=3 cf=7 -- 8021/10272 neurons fixed across 9 layer(s)
sample [53/100] orig=7 cf=4 -- 8038/10272 neurons fixed across 9 layer(s)
sample [54/100] orig=9 cf=0 -- 7855/10272 neurons fixed across 9 layer(s)
sample [55/100] orig=2 cf=5 -- 7334/10272 neurons fixed across 9 layer(s)
sample [56/100] orig=2 cf=5 -- 8160/10272 neurons fixed across 9 layer(s)
sample [57/100] orig=5 cf=7 -- 8147/10272 neurons fixed across 9 layer(s)
sample [58/100] orig=2 cf=4 -- 7554/10272 neurons fixed across 9 layer(s)
sample [59/100] orig=4 cf=2 -- 7625/10272 neurons fixed across 9 layer(s)
sample [60/100] orig=3 cf=9 -- 8083/10272 neurons fixed across 9 layer(s)
sample [61/100] orig=1 cf=0 -- 7935/10272 neurons fixed across 9 layer(s)
sample [62/100] orig=1 cf=9 -- 8166/10272 neurons fixed across 9 layer(s)
sample [63/100] orig=8 cf=0 -- 7851/10272 neurons fixed across 9 layer(s)
sample [64/100] orig=2 cf=1 -- 7872/10272 neurons fixed across 9 layer(s)
sample [65/100] orig=1 cf=9 -- 7991/10272 neurons fixed across 9 layer(s)
sample [66/100] orig=1 cf=8 -- 7997/10272 neurons fixed across 9 layer(s)
sample [67/100] orig=4 cf=7 -- 7963/10272 neurons fixed across 9 layer(s)
sample [68/100] orig=9 cf=8 -- 7851/10272 neurons fixed across 9 layer(s)
sample [69/100] orig=7 cf=0 -- 8197/10272 neurons fixed across 9 layer(s)
sample [70/100] orig=8 cf=0 -- 7494/10272 neurons fixed across 9 layer(s)
sample [71/100] orig=5 cf=6 -- 7913/10272 neurons fixed across 9 layer(s)
sample [72/100] orig=9 cf=1 -- 7847/10272 neurons fixed across 9 layer(s)
sample [73/100] orig=6 cf=1 -- 8055/10272 neurons fixed across 9 layer(s)
sample [74/100] orig=7 cf=9 -- 7821/10272 neurons fixed across 9 layer(s)
sample [75/100] orig=4 cf=7 -- 7955/10272 neurons fixed across 9 layer(s)
sample [76/100] orig=1 cf=7 -- 7839/10272 neurons fixed across 9 layer(s)
sample [77/100] orig=9 cf=0 -- 7977/10272 neurons fixed across 9 layer(s)
sample [78/100] orig=0 cf=4 -- 7610/10272 neurons fixed across 9 layer(s)
sample [79/100] orig=3 cf=7 -- 8014/10272 neurons fixed across 9 layer(s)
sample [80/100] orig=1 cf=0 -- 8306/10272 neurons fixed across 9 layer(s)
sample [81/100] orig=3 cf=7 -- 7718/10272 neurons fixed across 9 layer(s)
sample [82/100] orig=3 cf=1 -- 7794/10272 neurons fixed across 9 layer(s)
sample [83/100] orig=4 cf=6 -- 7848/10272 neurons fixed across 9 layer(s)
sample [84/100] orig=5 cf=0 -- 7893/10272 neurons fixed across 9 layer(s)
sample [85/100] orig=7 cf=4 -- 7992/10272 neurons fixed across 9 layer(s)
sample [86/100] orig=7 cf=2 -- 7925/10272 neurons fixed across 9 layer(s)
sample [87/100] orig=4 cf=7 -- 7751/10272 neurons fixed across 9 layer(s)
sample [88/100] orig=7 cf=4 -- 7862/10272 neurons fixed across 9 layer(s)
sample [89/100] orig=9 cf=7 -- 7859/10272 neurons fixed across 9 layer(s)
sample [90/100] orig=4 cf=2 -- 7761/10272 neurons fixed across 9 layer(s)
sample [91/100] orig=3 cf=6 -- 7987/10272 neurons fixed across 9 layer(s)
sample [92/100] orig=3 cf=5 -- 7869/10272 neurons fixed across 9 layer(s)
sample [93/100] orig=8 cf=0 -- 8118/10272 neurons fixed across 9 layer(s)
sample [94/100] orig=0 cf=4 -- 7862/10272 neurons fixed across 9 layer(s)
sample [95/100] orig=1 cf=7 -- 7980/10272 neurons fixed across 9 layer(s)
sample [96/100] orig=6 cf=4 -- 8241/10272 neurons fixed across 9 layer(s)
sample [97/100] orig=1 cf=8 -- 8078/10272 neurons fixed across 9 layer(s)
sample [98/100] orig=1 cf=4 -- 7957/10272 neurons fixed across 9 layer(s)
sample [99/100] orig=4 cf=6 -- 7833/10272 neurons fixed across 9 layer(s)
sample [100/100] orig=1 cf=8 -- 8042/10272 neurons fixed across 9 layer(s)

100/100 samples written to /Users/labbaf/Documents/NN_Explainability/spexplain/neuron-activation/spexplain/data/neuron_activations/cifar10/cnn-bench/S8.txt (0 failed to produce a counterfactual)
