Model: /Users/labbaf/Documents/NN_Explainability/spexplain/neuron-activation/spexplain/data/models/mnist/cnn-bench/AB2.onnx
  input shape [1, 1, 28, 28], 784 features, 3 ReLU layer(s), 10-class
Dataset: /Users/labbaf/Documents/NN_Explainability/spexplain/neuron-activation/spexplain/data/datasets/mnist/mnist_s100_scaled.csv (100/100 samples)
PGD: epsilon-frac=0.1 step-frac=0.1 num-steps=50
Output: /Users/labbaf/Documents/NN_Explainability/spexplain/neuron-activation/spexplain/data/neuron_activations/mnist/cnn-bench/AB2.txt

sample [1/100] orig=5 cf=8 -- 1959/2384 neurons fixed across 3 layer(s)
sample [2/100] orig=0 cf=8 -- 1965/2384 neurons fixed across 3 layer(s)
sample [3/100] orig=4 cf=8 -- 1927/2384 neurons fixed across 3 layer(s)
sample [4/100] orig=1 cf=8 -- 1835/2384 neurons fixed across 3 layer(s)
sample [5/100] orig=9 cf=8 -- 1906/2384 neurons fixed across 3 layer(s)
sample [6/100] orig=2 cf=8 -- 1943/2384 neurons fixed across 3 layer(s)
sample [7/100] orig=1 cf=8 -- 1842/2384 neurons fixed across 3 layer(s)
sample [8/100] orig=3 cf=8 -- 2011/2384 neurons fixed across 3 layer(s)
sample [9/100] orig=1 cf=8 -- 1793/2384 neurons fixed across 3 layer(s)
sample [10/100] orig=4 cf=8 -- 1893/2384 neurons fixed across 3 layer(s)
sample [11/100] orig=3 cf=8 -- 1941/2384 neurons fixed across 3 layer(s)
sample [12/100] orig=5 cf=8 -- 1886/2384 neurons fixed across 3 layer(s)
sample [13/100] orig=3 cf=8 -- 1990/2384 neurons fixed across 3 layer(s)
sample [14/100] orig=6 cf=8 -- 1940/2384 neurons fixed across 3 layer(s)
sample [15/100] orig=1 cf=8 -- 1818/2384 neurons fixed across 3 layer(s)
sample [16/100] orig=7 cf=9 -- 1986/2384 neurons fixed across 3 layer(s)
sample [17/100] orig=2 cf=8 -- 1943/2384 neurons fixed across 3 layer(s)
sample [18/100] orig=8 cf=2 -- 2112/2384 neurons fixed across 3 layer(s)
sample [19/100] orig=6 cf=8 -- 1874/2384 neurons fixed across 3 layer(s)
sample [20/100] orig=9 cf=8 -- 1869/2384 neurons fixed across 3 layer(s)
sample [21/100] orig=4 cf=8 -- 1989/2384 neurons fixed across 3 layer(s)
sample [22/100] orig=0 cf=8 -- 1984/2384 neurons fixed across 3 layer(s)
sample [23/100] orig=9 cf=8 -- 1893/2384 neurons fixed across 3 layer(s)
sample [24/100] orig=1 cf=8 -- 1879/2384 neurons fixed across 3 layer(s)
sample [25/100] orig=1 cf=4 -- 1982/2384 neurons fixed across 3 layer(s)
sample [26/100] orig=2 cf=8 -- 2030/2384 neurons fixed across 3 layer(s)
sample [27/100] orig=4 cf=8 -- 1863/2384 neurons fixed across 3 layer(s)
sample [28/100] orig=3 cf=8 -- 2054/2384 neurons fixed across 3 layer(s)
sample [29/100] orig=2 cf=8 -- 2013/2384 neurons fixed across 3 layer(s)
sample [30/100] orig=7 cf=8 -- 1828/2384 neurons fixed across 3 layer(s)
sample [31/100] orig=3 cf=8 -- 1906/2384 neurons fixed across 3 layer(s)
sample [32/100] orig=8 cf=2 -- 2121/2384 neurons fixed across 3 layer(s)
sample [33/100] orig=6 cf=8 -- 1916/2384 neurons fixed across 3 layer(s)
sample [34/100] orig=9 cf=8 -- 1896/2384 neurons fixed across 3 layer(s)
sample [35/100] orig=0 cf=8 -- 1945/2384 neurons fixed across 3 layer(s)
sample [36/100] orig=5 cf=8 -- 1891/2384 neurons fixed across 3 layer(s)
sample [37/100] orig=6 cf=8 -- 1921/2384 neurons fixed across 3 layer(s)
sample [38/100] orig=0 cf=8 -- 1941/2384 neurons fixed across 3 layer(s)
sample [39/100] orig=7 cf=2 -- 2058/2384 neurons fixed across 3 layer(s)
sample [40/100] orig=6 cf=4 -- 2051/2384 neurons fixed across 3 layer(s)
sample [41/100] orig=1 cf=8 -- 1791/2384 neurons fixed across 3 layer(s)
sample [42/100] orig=8 cf=2 -- 2103/2384 neurons fixed across 3 layer(s)
sample [43/100] orig=7 cf=8 -- 1825/2384 neurons fixed across 3 layer(s)
sample [44/100] orig=9 cf=8 -- 1890/2384 neurons fixed across 3 layer(s)
sample [45/100] orig=3 cf=8 -- 1889/2384 neurons fixed across 3 layer(s)
sample [46/100] orig=9 cf=8 -- 1930/2384 neurons fixed across 3 layer(s)
sample [47/100] orig=8 cf=2 -- 2103/2384 neurons fixed across 3 layer(s)
sample [48/100] orig=5 cf=8 -- 1950/2384 neurons fixed across 3 layer(s)
sample [49/100] orig=9 cf=5 -- 2016/2384 neurons fixed across 3 layer(s)
sample [50/100] orig=3 cf=8 -- 1978/2384 neurons fixed across 3 layer(s)
sample [51/100] orig=3 cf=8 -- 1902/2384 neurons fixed across 3 layer(s)
sample [52/100] orig=0 cf=8 -- 2040/2384 neurons fixed across 3 layer(s)
sample [53/100] orig=7 cf=8 -- 1926/2384 neurons fixed across 3 layer(s)
sample [54/100] orig=4 cf=8 -- 1869/2384 neurons fixed across 3 layer(s)
sample [55/100] orig=9 cf=8 -- 1951/2384 neurons fixed across 3 layer(s)
sample [56/100] orig=8 cf=3 -- 2088/2384 neurons fixed across 3 layer(s)
sample [57/100] orig=0 cf=8 -- 2048/2384 neurons fixed across 3 layer(s)
sample [58/100] orig=9 cf=8 -- 1900/2384 neurons fixed across 3 layer(s)
sample [59/100] orig=4 cf=8 -- 1982/2384 neurons fixed across 3 layer(s)
sample [60/100] orig=1 cf=8 -- 1841/2384 neurons fixed across 3 layer(s)
sample [61/100] orig=4 cf=9 -- 2040/2384 neurons fixed across 3 layer(s)
sample [62/100] orig=4 cf=8 -- 1875/2384 neurons fixed across 3 layer(s)
sample [63/100] orig=6 cf=8 -- 1952/2384 neurons fixed across 3 layer(s)
sample [64/100] orig=0 cf=8 -- 2022/2384 neurons fixed across 3 layer(s)
sample [65/100] orig=4 cf=8 -- 1948/2384 neurons fixed across 3 layer(s)
sample [66/100] orig=5 cf=8 -- 1891/2384 neurons fixed across 3 layer(s)
sample [67/100] orig=6 cf=8 -- 1903/2384 neurons fixed across 3 layer(s)
sample [68/100] orig=1 cf=8 -- 1855/2384 neurons fixed across 3 layer(s)
sample [69/100] orig=0 cf=8 -- 2009/2384 neurons fixed across 3 layer(s)
sample [70/100] orig=0 cf=8 -- 1987/2384 neurons fixed across 3 layer(s)
sample [71/100] orig=1 cf=8 -- 1855/2384 neurons fixed across 3 layer(s)
sample [72/100] orig=7 cf=8 -- 1884/2384 neurons fixed across 3 layer(s)
sample [73/100] orig=1 cf=8 -- 1815/2384 neurons fixed across 3 layer(s)
sample [74/100] orig=6 cf=8 -- 1924/2384 neurons fixed across 3 layer(s)
sample [75/100] orig=3 cf=8 -- 1916/2384 neurons fixed across 3 layer(s)
sample [76/100] orig=0 cf=8 -- 1976/2384 neurons fixed across 3 layer(s)
sample [77/100] orig=2 cf=8 -- 1937/2384 neurons fixed across 3 layer(s)
sample [78/100] orig=1 cf=8 -- 1852/2384 neurons fixed across 3 layer(s)
sample [79/100] orig=1 cf=8 -- 1841/2384 neurons fixed across 3 layer(s)
sample [80/100] orig=7 cf=8 -- 1893/2384 neurons fixed across 3 layer(s)
sample [81/100] orig=8 cf=0 -- 2140/2384 neurons fixed across 3 layer(s)
sample [82/100] orig=0 cf=8 -- 1983/2384 neurons fixed across 3 layer(s)
sample [83/100] orig=2 cf=8 -- 2033/2384 neurons fixed across 3 layer(s)
sample [84/100] orig=6 cf=8 -- 1933/2384 neurons fixed across 3 layer(s)
sample [85/100] orig=7 cf=8 -- 1891/2384 neurons fixed across 3 layer(s)
sample [86/100] orig=8 cf=3 -- 2100/2384 neurons fixed across 3 layer(s)
sample [87/100] orig=3 cf=8 -- 1898/2384 neurons fixed across 3 layer(s)
sample [88/100] orig=9 cf=8 -- 1911/2384 neurons fixed across 3 layer(s)
sample [89/100] orig=0 cf=8 -- 2001/2384 neurons fixed across 3 layer(s)
sample [90/100] orig=4 cf=8 -- 1957/2384 neurons fixed across 3 layer(s)
sample [91/100] orig=6 cf=8 -- 1925/2384 neurons fixed across 3 layer(s)
sample [92/100] orig=7 cf=9 -- 1977/2384 neurons fixed across 3 layer(s)
sample [93/100] orig=4 cf=8 -- 1889/2384 neurons fixed across 3 layer(s)
sample [94/100] orig=6 cf=8 -- 1931/2384 neurons fixed across 3 layer(s)
sample [95/100] orig=8 cf=2 -- 2117/2384 neurons fixed across 3 layer(s)
sample [96/100] orig=0 cf=8 -- 1967/2384 neurons fixed across 3 layer(s)
sample [97/100] orig=7 cf=8 -- 1841/2384 neurons fixed across 3 layer(s)
sample [98/100] orig=8 cf=3 -- 2121/2384 neurons fixed across 3 layer(s)
sample [99/100] orig=3 cf=9 -- 1992/2384 neurons fixed across 3 layer(s)
sample [100/100] orig=1 cf=8 -- 1805/2384 neurons fixed across 3 layer(s)

100/100 samples written to /Users/labbaf/Documents/NN_Explainability/spexplain/neuron-activation/spexplain/data/neuron_activations/mnist/cnn-bench/AB2.txt (0 failed to produce a counterfactual)
