Model: /Users/labbaf/Documents/NN_Explainability/spexplain/neuron-activation/spexplain/data/models/mnist/cnn-bench/AB3.onnx
  input shape [1, 1, 28, 28], 784 features, 4 ReLU layer(s), 10-class
Dataset: /Users/labbaf/Documents/NN_Explainability/spexplain/neuron-activation/spexplain/data/datasets/mnist/mnist_s100_scaled.csv (100/100 samples)
PGD: epsilon-frac=0.1 step-frac=0.1 num-steps=50
Output: /Users/labbaf/Documents/NN_Explainability/spexplain/neuron-activation/spexplain/data/neuron_activations/mnist/cnn-bench/AB3.txt

sample [1/100] orig=5 cf=3 -- 2653/3168 neurons fixed across 4 layer(s)
sample [2/100] orig=0 cf=8 -- 2371/3168 neurons fixed across 4 layer(s)
sample [3/100] orig=4 cf=9 -- 2507/3168 neurons fixed across 4 layer(s)
sample [4/100] orig=1 cf=8 -- 2272/3168 neurons fixed across 4 layer(s)
sample [5/100] orig=9 cf=8 -- 2299/3168 neurons fixed across 4 layer(s)
sample [6/100] orig=2 cf=8 -- 2408/3168 neurons fixed across 4 layer(s)
sample [7/100] orig=1 cf=8 -- 2273/3168 neurons fixed across 4 layer(s)
sample [8/100] orig=3 cf=8 -- 2399/3168 neurons fixed across 4 layer(s)
sample [9/100] orig=1 cf=4 -- 2207/3168 neurons fixed across 4 layer(s)
sample [10/100] orig=4 cf=3 -- 2524/3168 neurons fixed across 4 layer(s)
sample [11/100] orig=3 cf=4 -- 2329/3168 neurons fixed across 4 layer(s)
sample [12/100] orig=5 cf=8 -- 2231/3168 neurons fixed across 4 layer(s)
sample [13/100] orig=3 cf=8 -- 2400/3168 neurons fixed across 4 layer(s)
sample [14/100] orig=6 cf=4 -- 2398/3168 neurons fixed across 4 layer(s)
sample [15/100] orig=1 cf=4 -- 2202/3168 neurons fixed across 4 layer(s)
sample [16/100] orig=7 cf=9 -- 2461/3168 neurons fixed across 4 layer(s)
sample [17/100] orig=2 cf=8 -- 2418/3168 neurons fixed across 4 layer(s)
sample [18/100] orig=8 cf=2 -- 2601/3168 neurons fixed across 4 layer(s)
sample [19/100] orig=6 cf=8 -- 2286/3168 neurons fixed across 4 layer(s)
sample [20/100] orig=9 cf=8 -- 2273/3168 neurons fixed across 4 layer(s)
sample [21/100] orig=4 cf=8 -- 2471/3168 neurons fixed across 4 layer(s)
sample [22/100] orig=0 cf=8 -- 2403/3168 neurons fixed across 4 layer(s)
sample [23/100] orig=9 cf=4 -- 2278/3168 neurons fixed across 4 layer(s)
sample [24/100] orig=1 cf=8 -- 2246/3168 neurons fixed across 4 layer(s)
sample [25/100] orig=1 cf=4 -- 2373/3168 neurons fixed across 4 layer(s)
sample [26/100] orig=2 cf=8 -- 2513/3168 neurons fixed across 4 layer(s)
sample [27/100] orig=4 cf=8 -- 2348/3168 neurons fixed across 4 layer(s)
sample [28/100] orig=3 cf=4 -- 2526/3168 neurons fixed across 4 layer(s)
sample [29/100] orig=2 cf=8 -- 2521/3168 neurons fixed across 4 layer(s)
sample [30/100] orig=7 cf=9 -- 2442/3168 neurons fixed across 4 layer(s)
sample [31/100] orig=3 cf=8 -- 2361/3168 neurons fixed across 4 layer(s)
sample [32/100] orig=8 cf=2 -- 2627/3168 neurons fixed across 4 layer(s)
sample [33/100] orig=6 cf=8 -- 2294/3168 neurons fixed across 4 layer(s)
sample [34/100] orig=9 cf=7 -- 2534/3168 neurons fixed across 4 layer(s)
sample [35/100] orig=0 cf=8 -- 2333/3168 neurons fixed across 4 layer(s)
sample [36/100] orig=5 cf=8 -- 2200/3168 neurons fixed across 4 layer(s)
sample [37/100] orig=6 cf=8 -- 2277/3168 neurons fixed across 4 layer(s)
sample [38/100] orig=0 cf=8 -- 2384/3168 neurons fixed across 4 layer(s)
sample [39/100] orig=7 cf=8 -- 2391/3168 neurons fixed across 4 layer(s)
sample [40/100] orig=6 cf=4 -- 2400/3168 neurons fixed across 4 layer(s)
sample [41/100] orig=1 cf=9 -- 2416/3168 neurons fixed across 4 layer(s)
sample [42/100] orig=8 cf=2 -- 2655/3168 neurons fixed across 4 layer(s)
sample [43/100] orig=7 cf=9 -- 2384/3168 neurons fixed across 4 layer(s)
sample [44/100] orig=9 cf=8 -- 2304/3168 neurons fixed across 4 layer(s)
sample [45/100] orig=3 cf=8 -- 2236/3168 neurons fixed across 4 layer(s)
sample [46/100] orig=9 cf=3 -- 2486/3168 neurons fixed across 4 layer(s)
sample [47/100] orig=8 cf=3 -- 2738/3168 neurons fixed across 4 layer(s)
sample [48/100] orig=5 cf=3 -- 2554/3168 neurons fixed across 4 layer(s)
sample [49/100] orig=9 cf=8 -- 2240/3168 neurons fixed across 4 layer(s)
sample [50/100] orig=3 cf=5 -- 2678/3168 neurons fixed across 4 layer(s)
sample [51/100] orig=3 cf=8 -- 2272/3168 neurons fixed across 4 layer(s)
sample [52/100] orig=0 cf=8 -- 2454/3168 neurons fixed across 4 layer(s)
sample [53/100] orig=7 cf=8 -- 2338/3168 neurons fixed across 4 layer(s)
sample [54/100] orig=4 cf=9 -- 2495/3168 neurons fixed across 4 layer(s)
sample [55/100] orig=9 cf=8 -- 2461/3168 neurons fixed across 4 layer(s)
sample [56/100] orig=8 cf=3 -- 2742/3168 neurons fixed across 4 layer(s)
sample [57/100] orig=0 cf=8 -- 2467/3168 neurons fixed across 4 layer(s)
sample [58/100] orig=9 cf=8 -- 2296/3168 neurons fixed across 4 layer(s)
sample [59/100] orig=4 cf=9 -- 2634/3168 neurons fixed across 4 layer(s)
sample [60/100] orig=1 cf=4 -- 2229/3168 neurons fixed across 4 layer(s)
sample [61/100] orig=4 cf=9 -- 2609/3168 neurons fixed across 4 layer(s)
sample [62/100] orig=4 cf=8 -- 2420/3168 neurons fixed across 4 layer(s)
sample [63/100] orig=6 cf=8 -- 2335/3168 neurons fixed across 4 layer(s)
sample [64/100] orig=0 cf=8 -- 2438/3168 neurons fixed across 4 layer(s)
sample [65/100] orig=4 cf=9 -- 2621/3168 neurons fixed across 4 layer(s)
sample [66/100] orig=5 cf=8 -- 2265/3168 neurons fixed across 4 layer(s)
sample [67/100] orig=6 cf=8 -- 2343/3168 neurons fixed across 4 layer(s)
sample [68/100] orig=1 cf=7 -- 2511/3168 neurons fixed across 4 layer(s)
sample [69/100] orig=0 cf=8 -- 2382/3168 neurons fixed across 4 layer(s)
sample [70/100] orig=0 cf=8 -- 2437/3168 neurons fixed across 4 layer(s)
sample [71/100] orig=1 cf=8 -- 2358/3168 neurons fixed across 4 layer(s)
sample [72/100] orig=7 cf=9 -- 2463/3168 neurons fixed across 4 layer(s)
sample [73/100] orig=1 cf=4 -- 2205/3168 neurons fixed across 4 layer(s)
sample [74/100] orig=6 cf=8 -- 2350/3168 neurons fixed across 4 layer(s)
sample [75/100] orig=3 cf=8 -- 2291/3168 neurons fixed across 4 layer(s)
sample [76/100] orig=0 cf=8 -- 2376/3168 neurons fixed across 4 layer(s)
sample [77/100] orig=2 cf=8 -- 2368/3168 neurons fixed across 4 layer(s)
sample [78/100] orig=1 cf=8 -- 2244/3168 neurons fixed across 4 layer(s)
sample [79/100] orig=1 cf=9 -- 2395/3168 neurons fixed across 4 layer(s)
sample [80/100] orig=7 cf=9 -- 2465/3168 neurons fixed across 4 layer(s)
sample [81/100] orig=8 cf=9 -- 2653/3168 neurons fixed across 4 layer(s)
sample [82/100] orig=0 cf=8 -- 2410/3168 neurons fixed across 4 layer(s)
sample [83/100] orig=2 cf=8 -- 2483/3168 neurons fixed across 4 layer(s)
sample [84/100] orig=6 cf=4 -- 2423/3168 neurons fixed across 4 layer(s)
sample [85/100] orig=7 cf=8 -- 2314/3168 neurons fixed across 4 layer(s)
sample [86/100] orig=8 cf=3 -- 2739/3168 neurons fixed across 4 layer(s)
sample [87/100] orig=3 cf=5 -- 2537/3168 neurons fixed across 4 layer(s)
sample [88/100] orig=9 cf=8 -- 2382/3168 neurons fixed across 4 layer(s)
sample [89/100] orig=0 cf=8 -- 2459/3168 neurons fixed across 4 layer(s)
sample [90/100] orig=4 cf=9 -- 2520/3168 neurons fixed across 4 layer(s)
sample [91/100] orig=6 cf=8 -- 2355/3168 neurons fixed across 4 layer(s)
sample [92/100] orig=7 cf=9 -- 2504/3168 neurons fixed across 4 layer(s)
sample [93/100] orig=4 cf=9 -- 2506/3168 neurons fixed across 4 layer(s)
sample [94/100] orig=6 cf=8 -- 2343/3168 neurons fixed across 4 layer(s)
sample [95/100] orig=8 cf=3 -- 2684/3168 neurons fixed across 4 layer(s)
sample [96/100] orig=0 cf=8 -- 2389/3168 neurons fixed across 4 layer(s)
sample [97/100] orig=7 cf=8 -- 2265/3168 neurons fixed across 4 layer(s)
sample [98/100] orig=8 cf=2 -- 2683/3168 neurons fixed across 4 layer(s)
sample [99/100] orig=3 cf=4 -- 2337/3168 neurons fixed across 4 layer(s)
sample [100/100] orig=1 cf=9 -- 2343/3168 neurons fixed across 4 layer(s)

100/100 samples written to /Users/labbaf/Documents/NN_Explainability/spexplain/neuron-activation/spexplain/data/neuron_activations/mnist/cnn-bench/AB3.txt (0 failed to produce a counterfactual)
