Model: /Users/labbaf/Documents/NN_Explainability/spexplain/neuron-activation/spexplain/data/models/mnist/cnn-bench/AB4.onnx
  input shape [1, 1, 28, 28], 784 features, 5 ReLU layer(s), 10-class
Dataset: /Users/labbaf/Documents/NN_Explainability/spexplain/neuron-activation/spexplain/data/datasets/mnist/mnist_s100_scaled.csv (100/100 samples)
PGD: epsilon-frac=0.1 step-frac=0.1 num-steps=50
Output: /Users/labbaf/Documents/NN_Explainability/spexplain/neuron-activation/spexplain/data/neuron_activations/mnist/cnn-bench/AB4.txt

sample [1/100] orig=5 cf=3 -- 3350/3952 neurons fixed across 5 layer(s)
sample [2/100] orig=0 cf=8 -- 3034/3952 neurons fixed across 5 layer(s)
sample [3/100] orig=4 cf=9 -- 3194/3952 neurons fixed across 5 layer(s)
sample [4/100] orig=1 cf=8 -- 2874/3952 neurons fixed across 5 layer(s)
sample [5/100] orig=9 cf=8 -- 3089/3952 neurons fixed across 5 layer(s)
sample [6/100] orig=2 cf=8 -- 3082/3952 neurons fixed across 5 layer(s)
sample [7/100] orig=1 cf=8 -- 2940/3952 neurons fixed across 5 layer(s)
sample [8/100] orig=3 cf=7 -- 3420/3952 neurons fixed across 5 layer(s)
sample [9/100] orig=1 cf=4 -- 3048/3952 neurons fixed across 5 layer(s)
sample [10/100] orig=4 cf=8 -- 2950/3952 neurons fixed across 5 layer(s)
sample [11/100] orig=3 cf=9 -- 3222/3952 neurons fixed across 5 layer(s)
sample [12/100] orig=5 cf=8 -- 2954/3952 neurons fixed across 5 layer(s)
sample [13/100] orig=3 cf=8 -- 3198/3952 neurons fixed across 5 layer(s)
sample [14/100] orig=6 cf=8 -- 3030/3952 neurons fixed across 5 layer(s)
sample [15/100] orig=1 cf=4 -- 3045/3952 neurons fixed across 5 layer(s)
sample [16/100] orig=7 cf=9 -- 3207/3952 neurons fixed across 5 layer(s)
sample [17/100] orig=2 cf=8 -- 3109/3952 neurons fixed across 5 layer(s)
sample [18/100] orig=8 cf=2 -- 3319/3952 neurons fixed across 5 layer(s)
sample [19/100] orig=6 cf=8 -- 2931/3952 neurons fixed across 5 layer(s)
sample [20/100] orig=9 cf=8 -- 3099/3952 neurons fixed across 5 layer(s)
sample [21/100] orig=4 cf=2 -- 3402/3952 neurons fixed across 5 layer(s)
sample [22/100] orig=0 cf=2 -- 3195/3952 neurons fixed across 5 layer(s)
sample [23/100] orig=9 cf=8 -- 3045/3952 neurons fixed across 5 layer(s)
sample [24/100] orig=1 cf=8 -- 2900/3952 neurons fixed across 5 layer(s)
sample [25/100] orig=1 cf=2 -- 3267/3952 neurons fixed across 5 layer(s)
sample [26/100] orig=2 cf=8 -- 3267/3952 neurons fixed across 5 layer(s)
sample [27/100] orig=4 cf=8 -- 2944/3952 neurons fixed across 5 layer(s)
sample [28/100] orig=3 cf=3 -- FAILED to find a counterfactual, skipping
sample [29/100] orig=2 cf=8 -- 3255/3952 neurons fixed across 5 layer(s)
sample [30/100] orig=7 cf=9 -- 3152/3952 neurons fixed across 5 layer(s)
sample [31/100] orig=3 cf=8 -- 3075/3952 neurons fixed across 5 layer(s)
sample [32/100] orig=8 cf=3 -- 3420/3952 neurons fixed across 5 layer(s)
sample [33/100] orig=6 cf=8 -- 2974/3952 neurons fixed across 5 layer(s)
sample [34/100] orig=9 cf=7 -- 3282/3952 neurons fixed across 5 layer(s)
sample [35/100] orig=0 cf=8 -- 3111/3952 neurons fixed across 5 layer(s)
sample [36/100] orig=5 cf=3 -- 3216/3952 neurons fixed across 5 layer(s)
sample [37/100] orig=6 cf=8 -- 3095/3952 neurons fixed across 5 layer(s)
sample [38/100] orig=0 cf=8 -- 3040/3952 neurons fixed across 5 layer(s)
sample [39/100] orig=7 cf=2 -- 3279/3952 neurons fixed across 5 layer(s)
sample [40/100] orig=6 cf=9 -- 3182/3952 neurons fixed across 5 layer(s)
sample [41/100] orig=1 cf=4 -- 3065/3952 neurons fixed across 5 layer(s)
sample [42/100] orig=8 cf=2 -- 3389/3952 neurons fixed across 5 layer(s)
sample [43/100] orig=7 cf=9 -- 3170/3952 neurons fixed across 5 layer(s)
sample [44/100] orig=9 cf=8 -- 3077/3952 neurons fixed across 5 layer(s)
sample [45/100] orig=3 cf=8 -- 2973/3952 neurons fixed across 5 layer(s)
sample [46/100] orig=9 cf=3 -- 3240/3952 neurons fixed across 5 layer(s)
sample [47/100] orig=8 cf=8 -- FAILED to find a counterfactual, skipping
sample [48/100] orig=5 cf=8 -- 2999/3952 neurons fixed across 5 layer(s)
sample [49/100] orig=9 cf=5 -- 3317/3952 neurons fixed across 5 layer(s)
sample [50/100] orig=3 cf=5 -- 3385/3952 neurons fixed across 5 layer(s)
sample [51/100] orig=3 cf=3 -- FAILED to find a counterfactual, skipping
sample [52/100] orig=0 cf=8 -- 3300/3952 neurons fixed across 5 layer(s)
sample [53/100] orig=7 cf=2 -- 3232/3952 neurons fixed across 5 layer(s)
sample [54/100] orig=4 cf=8 -- 3044/3952 neurons fixed across 5 layer(s)
sample [55/100] orig=9 cf=8 -- 3127/3952 neurons fixed across 5 layer(s)
sample [56/100] orig=8 cf=2 -- 3405/3952 neurons fixed across 5 layer(s)
sample [57/100] orig=0 cf=8 -- 3224/3952 neurons fixed across 5 layer(s)
sample [58/100] orig=9 cf=8 -- 3053/3952 neurons fixed across 5 layer(s)
sample [59/100] orig=4 cf=8 -- 3103/3952 neurons fixed across 5 layer(s)
sample [60/100] orig=1 cf=6 -- 3213/3952 neurons fixed across 5 layer(s)
sample [61/100] orig=4 cf=0 -- 3392/3952 neurons fixed across 5 layer(s)
sample [62/100] orig=4 cf=8 -- 3057/3952 neurons fixed across 5 layer(s)
sample [63/100] orig=6 cf=8 -- 3097/3952 neurons fixed across 5 layer(s)
sample [64/100] orig=0 cf=8 -- 3162/3952 neurons fixed across 5 layer(s)
sample [65/100] orig=4 cf=9 -- 3279/3952 neurons fixed across 5 layer(s)
sample [66/100] orig=5 cf=8 -- 2965/3952 neurons fixed across 5 layer(s)
sample [67/100] orig=6 cf=8 -- 3043/3952 neurons fixed across 5 layer(s)
sample [68/100] orig=1 cf=7 -- 3308/3952 neurons fixed across 5 layer(s)
sample [69/100] orig=0 cf=8 -- 3091/3952 neurons fixed across 5 layer(s)
sample [70/100] orig=0 cf=8 -- 3166/3952 neurons fixed across 5 layer(s)
sample [71/100] orig=1 cf=2 -- 3292/3952 neurons fixed across 5 layer(s)
sample [72/100] orig=7 cf=9 -- 3202/3952 neurons fixed across 5 layer(s)
sample [73/100] orig=1 cf=8 -- 2844/3952 neurons fixed across 5 layer(s)
sample [74/100] orig=6 cf=8 -- 2994/3952 neurons fixed across 5 layer(s)
sample [75/100] orig=3 cf=2 -- 3302/3952 neurons fixed across 5 layer(s)
sample [76/100] orig=0 cf=8 -- 3091/3952 neurons fixed across 5 layer(s)
sample [77/100] orig=2 cf=8 -- 3130/3952 neurons fixed across 5 layer(s)
sample [78/100] orig=1 cf=8 -- 2953/3952 neurons fixed across 5 layer(s)
sample [79/100] orig=1 cf=9 -- 3091/3952 neurons fixed across 5 layer(s)
sample [80/100] orig=7 cf=9 -- 3207/3952 neurons fixed across 5 layer(s)
sample [81/100] orig=8 cf=9 -- 3438/3952 neurons fixed across 5 layer(s)
sample [82/100] orig=0 cf=8 -- 3111/3952 neurons fixed across 5 layer(s)
sample [83/100] orig=2 cf=3 -- 3377/3952 neurons fixed across 5 layer(s)
sample [84/100] orig=6 cf=8 -- 3043/3952 neurons fixed across 5 layer(s)
sample [85/100] orig=7 cf=2 -- 3255/3952 neurons fixed across 5 layer(s)
sample [86/100] orig=8 cf=3 -- 3417/3952 neurons fixed across 5 layer(s)
sample [87/100] orig=3 cf=9 -- 3292/3952 neurons fixed across 5 layer(s)
sample [88/100] orig=9 cf=8 -- 3092/3952 neurons fixed across 5 layer(s)
sample [89/100] orig=0 cf=8 -- 3130/3952 neurons fixed across 5 layer(s)
sample [90/100] orig=4 cf=9 -- 3288/3952 neurons fixed across 5 layer(s)
sample [91/100] orig=6 cf=8 -- 3084/3952 neurons fixed across 5 layer(s)
sample [92/100] orig=7 cf=9 -- 3282/3952 neurons fixed across 5 layer(s)
sample [93/100] orig=4 cf=9 -- 3216/3952 neurons fixed across 5 layer(s)
sample [94/100] orig=6 cf=8 -- 3064/3952 neurons fixed across 5 layer(s)
sample [95/100] orig=8 cf=9 -- 3382/3952 neurons fixed across 5 layer(s)
sample [96/100] orig=0 cf=8 -- 3084/3952 neurons fixed across 5 layer(s)
sample [97/100] orig=7 cf=8 -- 2911/3952 neurons fixed across 5 layer(s)
sample [98/100] orig=8 cf=2 -- 3383/3952 neurons fixed across 5 layer(s)
sample [99/100] orig=3 cf=9 -- 3221/3952 neurons fixed across 5 layer(s)
sample [100/100] orig=1 cf=4 -- 3032/3952 neurons fixed across 5 layer(s)

97/100 samples written to /Users/labbaf/Documents/NN_Explainability/spexplain/neuron-activation/spexplain/data/neuron_activations/mnist/cnn-bench/AB4.txt (3 failed to produce a counterfactual)
