Model: /Users/labbaf/Documents/NN_Explainability/spexplain/neuron-activation/spexplain/data/models/mnist/cnn-bench/AB5.onnx
  input shape [1, 1, 28, 28], 784 features, 6 ReLU layer(s), 10-class
Dataset: /Users/labbaf/Documents/NN_Explainability/spexplain/neuron-activation/spexplain/data/datasets/mnist/mnist_s100_scaled.csv (100/100 samples)
PGD: epsilon-frac=0.1 step-frac=0.1 num-steps=50
Output: /Users/labbaf/Documents/NN_Explainability/spexplain/neuron-activation/spexplain/data/neuron_activations/mnist/cnn-bench/AB5.txt

sample [1/100] orig=5 cf=3 -- 4136/4736 neurons fixed across 6 layer(s)
sample [2/100] orig=0 cf=2 -- 3851/4736 neurons fixed across 6 layer(s)
sample [3/100] orig=4 cf=9 -- 3893/4736 neurons fixed across 6 layer(s)
sample [4/100] orig=1 cf=6 -- 3722/4736 neurons fixed across 6 layer(s)
sample [5/100] orig=9 cf=8 -- 3734/4736 neurons fixed across 6 layer(s)
sample [6/100] orig=2 cf=8 -- 3811/4736 neurons fixed across 6 layer(s)
sample [7/100] orig=1 cf=8 -- 3536/4736 neurons fixed across 6 layer(s)
sample [8/100] orig=3 cf=7 -- 3986/4736 neurons fixed across 6 layer(s)
sample [9/100] orig=1 cf=4 -- 3793/4736 neurons fixed across 6 layer(s)
sample [10/100] orig=4 cf=8 -- 3676/4736 neurons fixed across 6 layer(s)
sample [11/100] orig=3 cf=9 -- 3854/4736 neurons fixed across 6 layer(s)
sample [12/100] orig=5 cf=8 -- 3649/4736 neurons fixed across 6 layer(s)
sample [13/100] orig=3 cf=8 -- 3805/4736 neurons fixed across 6 layer(s)
sample [14/100] orig=6 cf=9 -- 3846/4736 neurons fixed across 6 layer(s)
sample [15/100] orig=1 cf=7 -- 3839/4736 neurons fixed across 6 layer(s)
sample [16/100] orig=7 cf=9 -- 3920/4736 neurons fixed across 6 layer(s)
sample [17/100] orig=2 cf=8 -- 3815/4736 neurons fixed across 6 layer(s)
sample [18/100] orig=8 cf=4 -- 3862/4736 neurons fixed across 6 layer(s)
sample [19/100] orig=6 cf=8 -- 3774/4736 neurons fixed across 6 layer(s)
sample [20/100] orig=9 cf=8 -- 3732/4736 neurons fixed across 6 layer(s)
sample [21/100] orig=4 cf=8 -- 3716/4736 neurons fixed across 6 layer(s)
sample [22/100] orig=0 cf=4 -- 4001/4736 neurons fixed across 6 layer(s)
sample [23/100] orig=9 cf=4 -- 3956/4736 neurons fixed across 6 layer(s)
sample [24/100] orig=1 cf=4 -- 3843/4736 neurons fixed across 6 layer(s)
sample [25/100] orig=1 cf=2 -- 3809/4736 neurons fixed across 6 layer(s)
sample [26/100] orig=2 cf=3 -- 4131/4736 neurons fixed across 6 layer(s)
sample [27/100] orig=4 cf=8 -- 3663/4736 neurons fixed across 6 layer(s)
sample [28/100] orig=3 cf=2 -- 3937/4736 neurons fixed across 6 layer(s)
sample [29/100] orig=2 cf=7 -- 4303/4736 neurons fixed across 6 layer(s)
sample [30/100] orig=7 cf=9 -- 3981/4736 neurons fixed across 6 layer(s)
sample [31/100] orig=3 cf=8 -- 3756/4736 neurons fixed across 6 layer(s)
sample [32/100] orig=8 cf=3 -- 4070/4736 neurons fixed across 6 layer(s)
sample [33/100] orig=6 cf=0 -- 3900/4736 neurons fixed across 6 layer(s)
sample [34/100] orig=9 cf=8 -- 3754/4736 neurons fixed across 6 layer(s)
sample [35/100] orig=0 cf=8 -- 3882/4736 neurons fixed across 6 layer(s)
sample [36/100] orig=5 cf=3 -- 3924/4736 neurons fixed across 6 layer(s)
sample [37/100] orig=6 cf=8 -- 3815/4736 neurons fixed across 6 layer(s)
sample [38/100] orig=0 cf=6 -- 3991/4736 neurons fixed across 6 layer(s)
sample [39/100] orig=7 cf=2 -- 3860/4736 neurons fixed across 6 layer(s)
sample [40/100] orig=6 cf=0 -- 3961/4736 neurons fixed across 6 layer(s)
sample [41/100] orig=1 cf=4 -- 3732/4736 neurons fixed across 6 layer(s)
sample [42/100] orig=8 cf=2 -- 3872/4736 neurons fixed across 6 layer(s)
sample [43/100] orig=7 cf=1 -- 3881/4736 neurons fixed across 6 layer(s)
sample [44/100] orig=9 cf=8 -- 3753/4736 neurons fixed across 6 layer(s)
sample [45/100] orig=3 cf=8 -- 3622/4736 neurons fixed across 6 layer(s)
sample [46/100] orig=9 cf=4 -- 3886/4736 neurons fixed across 6 layer(s)
sample [47/100] orig=8 cf=8 -- FAILED to find a counterfactual, skipping
sample [48/100] orig=5 cf=8 -- 3759/4736 neurons fixed across 6 layer(s)
sample [49/100] orig=9 cf=3 -- 4019/4736 neurons fixed across 6 layer(s)
sample [50/100] orig=3 cf=8 -- 3783/4736 neurons fixed across 6 layer(s)
sample [51/100] orig=3 cf=9 -- 3771/4736 neurons fixed across 6 layer(s)
sample [52/100] orig=0 cf=4 -- 3999/4736 neurons fixed across 6 layer(s)
sample [53/100] orig=7 cf=2 -- 3800/4736 neurons fixed across 6 layer(s)
sample [54/100] orig=4 cf=8 -- 3777/4736 neurons fixed across 6 layer(s)
sample [55/100] orig=9 cf=4 -- 4053/4736 neurons fixed across 6 layer(s)
sample [56/100] orig=8 cf=2 -- 4088/4736 neurons fixed across 6 layer(s)
sample [57/100] orig=0 cf=8 -- 4073/4736 neurons fixed across 6 layer(s)
sample [58/100] orig=9 cf=7 -- 3872/4736 neurons fixed across 6 layer(s)
sample [59/100] orig=4 cf=8 -- 3815/4736 neurons fixed across 6 layer(s)
sample [60/100] orig=1 cf=4 -- 3816/4736 neurons fixed across 6 layer(s)
sample [61/100] orig=4 cf=0 -- 4028/4736 neurons fixed across 6 layer(s)
sample [62/100] orig=4 cf=8 -- 3730/4736 neurons fixed across 6 layer(s)
sample [63/100] orig=6 cf=5 -- 4041/4736 neurons fixed across 6 layer(s)
sample [64/100] orig=0 cf=4 -- 3962/4736 neurons fixed across 6 layer(s)
sample [65/100] orig=4 cf=9 -- 4108/4736 neurons fixed across 6 layer(s)
sample [66/100] orig=5 cf=8 -- 3670/4736 neurons fixed across 6 layer(s)
sample [67/100] orig=6 cf=8 -- 3997/4736 neurons fixed across 6 layer(s)
sample [68/100] orig=1 cf=7 -- 3907/4736 neurons fixed across 6 layer(s)
sample [69/100] orig=0 cf=5 -- 4060/4736 neurons fixed across 6 layer(s)
sample [70/100] orig=0 cf=8 -- 3857/4736 neurons fixed across 6 layer(s)
sample [71/100] orig=1 cf=2 -- 3843/4736 neurons fixed across 6 layer(s)
sample [72/100] orig=7 cf=9 -- 3982/4736 neurons fixed across 6 layer(s)
sample [73/100] orig=1 cf=4 -- 3820/4736 neurons fixed across 6 layer(s)
sample [74/100] orig=6 cf=8 -- 3699/4736 neurons fixed across 6 layer(s)
sample [75/100] orig=3 cf=8 -- 3667/4736 neurons fixed across 6 layer(s)
sample [76/100] orig=0 cf=8 -- 3946/4736 neurons fixed across 6 layer(s)
sample [77/100] orig=2 cf=8 -- 3868/4736 neurons fixed across 6 layer(s)
sample [78/100] orig=1 cf=4 -- 3929/4736 neurons fixed across 6 layer(s)
sample [79/100] orig=1 cf=4 -- 3813/4736 neurons fixed across 6 layer(s)
sample [80/100] orig=7 cf=9 -- 3988/4736 neurons fixed across 6 layer(s)
sample [81/100] orig=9 cf=8 -- 3913/4736 neurons fixed across 6 layer(s)
sample [82/100] orig=0 cf=4 -- 3880/4736 neurons fixed across 6 layer(s)
sample [83/100] orig=2 cf=5 -- 4045/4736 neurons fixed across 6 layer(s)
sample [84/100] orig=6 cf=0 -- 3923/4736 neurons fixed across 6 layer(s)
sample [85/100] orig=7 cf=2 -- 3760/4736 neurons fixed across 6 layer(s)
sample [86/100] orig=8 cf=8 -- FAILED to find a counterfactual, skipping
sample [87/100] orig=3 cf=4 -- 3756/4736 neurons fixed across 6 layer(s)
sample [88/100] orig=9 cf=8 -- 3837/4736 neurons fixed across 6 layer(s)
sample [89/100] orig=0 cf=4 -- 3977/4736 neurons fixed across 6 layer(s)
sample [90/100] orig=4 cf=4 -- FAILED to find a counterfactual, skipping
sample [91/100] orig=6 cf=8 -- 3743/4736 neurons fixed across 6 layer(s)
sample [92/100] orig=7 cf=9 -- 4068/4736 neurons fixed across 6 layer(s)
sample [93/100] orig=4 cf=9 -- 3913/4736 neurons fixed across 6 layer(s)
sample [94/100] orig=6 cf=8 -- 3713/4736 neurons fixed across 6 layer(s)
sample [95/100] orig=8 cf=9 -- 4080/4736 neurons fixed across 6 layer(s)
sample [96/100] orig=0 cf=4 -- 3936/4736 neurons fixed across 6 layer(s)
sample [97/100] orig=7 cf=9 -- 3960/4736 neurons fixed across 6 layer(s)
sample [98/100] orig=8 cf=8 -- FAILED to find a counterfactual, skipping
sample [99/100] orig=3 cf=8 -- 3650/4736 neurons fixed across 6 layer(s)
sample [100/100] orig=1 cf=4 -- 3841/4736 neurons fixed across 6 layer(s)

96/100 samples written to /Users/labbaf/Documents/NN_Explainability/spexplain/neuron-activation/spexplain/data/neuron_activations/mnist/cnn-bench/AB5.txt (4 failed to produce a counterfactual)
