Model: /Users/labbaf/Documents/NN_Explainability/spexplain/neuron-activation/spexplain/data/models/mnist/cnn-bench/AB6.onnx
  input shape [1, 1, 28, 28], 784 features, 7 ReLU layer(s), 10-class
Dataset: /Users/labbaf/Documents/NN_Explainability/spexplain/neuron-activation/spexplain/data/datasets/mnist/mnist_s100_scaled.csv (100/100 samples)
PGD: epsilon-frac=0.1 step-frac=0.1 num-steps=50
Output: /Users/labbaf/Documents/NN_Explainability/spexplain/neuron-activation/spexplain/data/neuron_activations/mnist/cnn-bench/AB6.txt

sample [1/100] orig=5 cf=3 -- 4606/5312 neurons fixed across 7 layer(s)
sample [2/100] orig=0 cf=9 -- 4397/5312 neurons fixed across 7 layer(s)
sample [3/100] orig=4 cf=4 -- FAILED to find a counterfactual, skipping
sample [4/100] orig=1 cf=4 -- 4150/5312 neurons fixed across 7 layer(s)
sample [5/100] orig=9 cf=4 -- 4325/5312 neurons fixed across 7 layer(s)
sample [6/100] orig=2 cf=4 -- 4277/5312 neurons fixed across 7 layer(s)
sample [7/100] orig=1 cf=4 -- 4083/5312 neurons fixed across 7 layer(s)
sample [8/100] orig=3 cf=9 -- 4303/5312 neurons fixed across 7 layer(s)
sample [9/100] orig=1 cf=4 -- 4123/5312 neurons fixed across 7 layer(s)
sample [10/100] orig=4 cf=8 -- 4174/5312 neurons fixed across 7 layer(s)
sample [11/100] orig=3 cf=9 -- 4228/5312 neurons fixed across 7 layer(s)
sample [12/100] orig=5 cf=8 -- 4326/5312 neurons fixed across 7 layer(s)
sample [13/100] orig=3 cf=8 -- 4216/5312 neurons fixed across 7 layer(s)
sample [14/100] orig=6 cf=4 -- 4427/5312 neurons fixed across 7 layer(s)
sample [15/100] orig=1 cf=9 -- 4069/5312 neurons fixed across 7 layer(s)
sample [16/100] orig=7 cf=9 -- 4283/5312 neurons fixed across 7 layer(s)
sample [17/100] orig=2 cf=4 -- 4268/5312 neurons fixed across 7 layer(s)
sample [18/100] orig=8 cf=4 -- 4368/5312 neurons fixed across 7 layer(s)
sample [19/100] orig=6 cf=8 -- 4137/5312 neurons fixed across 7 layer(s)
sample [20/100] orig=9 cf=8 -- 4399/5312 neurons fixed across 7 layer(s)
sample [21/100] orig=4 cf=8 -- 4160/5312 neurons fixed across 7 layer(s)
sample [22/100] orig=0 cf=4 -- 4433/5312 neurons fixed across 7 layer(s)
sample [23/100] orig=9 cf=4 -- 4419/5312 neurons fixed across 7 layer(s)
sample [24/100] orig=1 cf=4 -- 4153/5312 neurons fixed across 7 layer(s)
sample [25/100] orig=1 cf=4 -- 4335/5312 neurons fixed across 7 layer(s)
sample [26/100] orig=2 cf=3 -- 4668/5312 neurons fixed across 7 layer(s)
sample [27/100] orig=4 cf=9 -- 4378/5312 neurons fixed across 7 layer(s)
sample [28/100] orig=3 cf=7 -- 4468/5312 neurons fixed across 7 layer(s)
sample [29/100] orig=2 cf=7 -- 4610/5312 neurons fixed across 7 layer(s)
sample [30/100] orig=7 cf=3 -- 4465/5312 neurons fixed across 7 layer(s)
sample [31/100] orig=3 cf=8 -- 4130/5312 neurons fixed across 7 layer(s)
sample [32/100] orig=8 cf=2 -- 4502/5312 neurons fixed across 7 layer(s)
sample [33/100] orig=6 cf=9 -- 4193/5312 neurons fixed across 7 layer(s)
sample [34/100] orig=9 cf=4 -- 4335/5312 neurons fixed across 7 layer(s)
sample [35/100] orig=0 cf=8 -- 4391/5312 neurons fixed across 7 layer(s)
sample [36/100] orig=5 cf=8 -- 4194/5312 neurons fixed across 7 layer(s)
sample [37/100] orig=6 cf=8 -- 4212/5312 neurons fixed across 7 layer(s)
sample [38/100] orig=0 cf=4 -- 4366/5312 neurons fixed across 7 layer(s)
sample [39/100] orig=7 cf=4 -- 4342/5312 neurons fixed across 7 layer(s)
sample [40/100] orig=6 cf=4 -- 4326/5312 neurons fixed across 7 layer(s)
sample [41/100] orig=1 cf=4 -- 4075/5312 neurons fixed across 7 layer(s)
sample [42/100] orig=8 cf=4 -- 4395/5312 neurons fixed across 7 layer(s)
sample [43/100] orig=7 cf=9 -- 4412/5312 neurons fixed across 7 layer(s)
sample [44/100] orig=9 cf=8 -- 4331/5312 neurons fixed across 7 layer(s)
sample [45/100] orig=3 cf=8 -- 4107/5312 neurons fixed across 7 layer(s)
sample [46/100] orig=9 cf=8 -- 4300/5312 neurons fixed across 7 layer(s)
sample [47/100] orig=8 cf=2 -- 4538/5312 neurons fixed across 7 layer(s)
sample [48/100] orig=5 cf=8 -- 4131/5312 neurons fixed across 7 layer(s)
sample [49/100] orig=9 cf=3 -- 4619/5312 neurons fixed across 7 layer(s)
sample [50/100] orig=3 cf=5 -- 4436/5312 neurons fixed across 7 layer(s)
sample [51/100] orig=3 cf=8 -- 4029/5312 neurons fixed across 7 layer(s)
sample [52/100] orig=0 cf=8 -- 4419/5312 neurons fixed across 7 layer(s)
sample [53/100] orig=7 cf=9 -- 4307/5312 neurons fixed across 7 layer(s)
sample [54/100] orig=4 cf=8 -- 4236/5312 neurons fixed across 7 layer(s)
sample [55/100] orig=9 cf=4 -- 4532/5312 neurons fixed across 7 layer(s)
sample [56/100] orig=8 cf=2 -- 4667/5312 neurons fixed across 7 layer(s)
sample [57/100] orig=0 cf=8 -- 4276/5312 neurons fixed across 7 layer(s)
sample [58/100] orig=9 cf=8 -- 4216/5312 neurons fixed across 7 layer(s)
sample [59/100] orig=4 cf=8 -- 4337/5312 neurons fixed across 7 layer(s)
sample [60/100] orig=1 cf=4 -- 4157/5312 neurons fixed across 7 layer(s)
sample [61/100] orig=4 cf=9 -- 4439/5312 neurons fixed across 7 layer(s)
sample [62/100] orig=4 cf=8 -- 4161/5312 neurons fixed across 7 layer(s)
sample [63/100] orig=6 cf=8 -- 4212/5312 neurons fixed across 7 layer(s)
sample [64/100] orig=0 cf=8 -- 4567/5312 neurons fixed across 7 layer(s)
sample [65/100] orig=4 cf=9 -- 4375/5312 neurons fixed across 7 layer(s)
sample [66/100] orig=5 cf=3 -- 4466/5312 neurons fixed across 7 layer(s)
sample [67/100] orig=6 cf=9 -- 4454/5312 neurons fixed across 7 layer(s)
sample [68/100] orig=1 cf=8 -- 4299/5312 neurons fixed across 7 layer(s)
sample [69/100] orig=0 cf=8 -- 4276/5312 neurons fixed across 7 layer(s)
sample [70/100] orig=0 cf=8 -- 4591/5312 neurons fixed across 7 layer(s)
sample [71/100] orig=1 cf=2 -- 4437/5312 neurons fixed across 7 layer(s)
sample [72/100] orig=7 cf=9 -- 4407/5312 neurons fixed across 7 layer(s)
sample [73/100] orig=1 cf=4 -- 4052/5312 neurons fixed across 7 layer(s)
sample [74/100] orig=6 cf=4 -- 4418/5312 neurons fixed across 7 layer(s)
sample [75/100] orig=3 cf=9 -- 4304/5312 neurons fixed across 7 layer(s)
sample [76/100] orig=0 cf=8 -- 4350/5312 neurons fixed across 7 layer(s)
sample [77/100] orig=2 cf=8 -- 4255/5312 neurons fixed across 7 layer(s)
sample [78/100] orig=1 cf=4 -- 4134/5312 neurons fixed across 7 layer(s)
sample [79/100] orig=1 cf=0 -- 4196/5312 neurons fixed across 7 layer(s)
sample [80/100] orig=7 cf=9 -- 4271/5312 neurons fixed across 7 layer(s)
sample [81/100] orig=9 cf=8 -- 4576/5312 neurons fixed across 7 layer(s)
sample [82/100] orig=0 cf=8 -- 4426/5312 neurons fixed across 7 layer(s)
sample [83/100] orig=2 cf=3 -- 4541/5312 neurons fixed across 7 layer(s)
sample [84/100] orig=6 cf=4 -- 4420/5312 neurons fixed across 7 layer(s)
sample [85/100] orig=7 cf=2 -- 4133/5312 neurons fixed across 7 layer(s)
sample [86/100] orig=8 cf=9 -- 4423/5312 neurons fixed across 7 layer(s)
sample [87/100] orig=3 cf=5 -- 4438/5312 neurons fixed across 7 layer(s)
sample [88/100] orig=9 cf=8 -- 4304/5312 neurons fixed across 7 layer(s)
sample [89/100] orig=0 cf=9 -- 4469/5312 neurons fixed across 7 layer(s)
sample [90/100] orig=4 cf=8 -- 4223/5312 neurons fixed across 7 layer(s)
sample [91/100] orig=6 cf=9 -- 4354/5312 neurons fixed across 7 layer(s)
sample [92/100] orig=7 cf=9 -- 4352/5312 neurons fixed across 7 layer(s)
sample [93/100] orig=4 cf=8 -- 4188/5312 neurons fixed across 7 layer(s)
sample [94/100] orig=6 cf=4 -- 4350/5312 neurons fixed across 7 layer(s)
sample [95/100] orig=8 cf=9 -- 4464/5312 neurons fixed across 7 layer(s)
sample [96/100] orig=0 cf=9 -- 4457/5312 neurons fixed across 7 layer(s)
sample [97/100] orig=7 cf=8 -- 4247/5312 neurons fixed across 7 layer(s)
sample [98/100] orig=8 cf=4 -- 4391/5312 neurons fixed across 7 layer(s)
sample [99/100] orig=3 cf=9 -- 4203/5312 neurons fixed across 7 layer(s)
sample [100/100] orig=1 cf=0 -- 4025/5312 neurons fixed across 7 layer(s)

99/100 samples written to /Users/labbaf/Documents/NN_Explainability/spexplain/neuron-activation/spexplain/data/neuron_activations/mnist/cnn-bench/AB6.txt (1 failed to produce a counterfactual)
