Model: /Users/labbaf/Documents/NN_Explainability/spexplain/neuron-activation/spexplain/data/models/mnist/cnn-bench/NAB1.onnx
  input shape [1, 1, 28, 28], 784 features, 2 ReLU layer(s), 10-class
Dataset: /Users/labbaf/Documents/NN_Explainability/spexplain/neuron-activation/spexplain/data/datasets/mnist/mnist_s100_scaled.csv (100/100 samples)
PGD: epsilon-frac=0.1 step-frac=0.1 num-steps=50
Output: /Users/labbaf/Documents/NN_Explainability/spexplain/neuron-activation/spexplain/data/neuron_activations/mnist/cnn-bench/NAB1.txt

sample [1/100] orig=5 cf=3 -- 721/816 neurons fixed across 2 layer(s)
sample [2/100] orig=0 cf=1 -- 717/816 neurons fixed across 2 layer(s)
sample [3/100] orig=4 cf=7 -- 711/816 neurons fixed across 2 layer(s)
sample [4/100] orig=1 cf=8 -- 718/816 neurons fixed across 2 layer(s)
sample [5/100] orig=9 cf=2 -- 717/816 neurons fixed across 2 layer(s)
sample [6/100] orig=2 cf=3 -- 710/816 neurons fixed across 2 layer(s)
sample [7/100] orig=1 cf=8 -- 715/816 neurons fixed across 2 layer(s)
sample [8/100] orig=3 cf=8 -- 727/816 neurons fixed across 2 layer(s)
sample [9/100] orig=1 cf=8 -- 703/816 neurons fixed across 2 layer(s)
sample [10/100] orig=4 cf=8 -- 729/816 neurons fixed across 2 layer(s)
sample [11/100] orig=3 cf=8 -- 732/816 neurons fixed across 2 layer(s)
sample [12/100] orig=5 cf=2 -- 697/816 neurons fixed across 2 layer(s)
sample [13/100] orig=3 cf=3 -- FAILED to find a counterfactual, skipping
sample [14/100] orig=6 cf=2 -- 722/816 neurons fixed across 2 layer(s)
sample [15/100] orig=1 cf=9 -- 697/816 neurons fixed across 2 layer(s)
sample [16/100] orig=7 cf=8 -- 712/816 neurons fixed across 2 layer(s)
sample [17/100] orig=2 cf=3 -- 724/816 neurons fixed across 2 layer(s)
sample [18/100] orig=8 cf=3 -- 704/816 neurons fixed across 2 layer(s)
sample [19/100] orig=6 cf=8 -- 724/816 neurons fixed across 2 layer(s)
sample [20/100] orig=9 cf=3 -- 706/816 neurons fixed across 2 layer(s)
sample [21/100] orig=4 cf=3 -- 721/816 neurons fixed across 2 layer(s)
sample [22/100] orig=0 cf=3 -- 728/816 neurons fixed across 2 layer(s)
sample [23/100] orig=9 cf=2 -- 703/816 neurons fixed across 2 layer(s)
sample [24/100] orig=1 cf=8 -- 717/816 neurons fixed across 2 layer(s)
sample [25/100] orig=3 cf=6 -- 714/816 neurons fixed across 2 layer(s)
sample [26/100] orig=2 cf=8 -- 749/816 neurons fixed across 2 layer(s)
sample [27/100] orig=4 cf=9 -- 714/816 neurons fixed across 2 layer(s)
sample [28/100] orig=3 cf=8 -- 743/816 neurons fixed across 2 layer(s)
sample [29/100] orig=2 cf=8 -- 742/816 neurons fixed across 2 layer(s)
sample [30/100] orig=7 cf=8 -- 706/816 neurons fixed across 2 layer(s)
sample [31/100] orig=3 cf=7 -- 725/816 neurons fixed across 2 layer(s)
sample [32/100] orig=8 cf=3 -- 702/816 neurons fixed across 2 layer(s)
sample [33/100] orig=6 cf=3 -- 708/816 neurons fixed across 2 layer(s)
sample [34/100] orig=9 cf=3 -- 708/816 neurons fixed across 2 layer(s)
sample [35/100] orig=0 cf=2 -- 736/816 neurons fixed across 2 layer(s)
sample [36/100] orig=5 cf=2 -- 721/816 neurons fixed across 2 layer(s)
sample [37/100] orig=6 cf=3 -- 725/816 neurons fixed across 2 layer(s)
sample [38/100] orig=0 cf=8 -- 718/816 neurons fixed across 2 layer(s)
sample [39/100] orig=7 cf=8 -- 720/816 neurons fixed across 2 layer(s)
sample [40/100] orig=6 cf=2 -- 713/816 neurons fixed across 2 layer(s)
sample [41/100] orig=1 cf=9 -- 703/816 neurons fixed across 2 layer(s)
sample [42/100] orig=8 cf=3 -- 705/816 neurons fixed across 2 layer(s)
sample [43/100] orig=7 cf=8 -- 712/816 neurons fixed across 2 layer(s)
sample [44/100] orig=9 cf=3 -- 700/816 neurons fixed across 2 layer(s)
sample [45/100] orig=3 cf=7 -- 715/816 neurons fixed across 2 layer(s)
sample [46/100] orig=9 cf=2 -- 714/816 neurons fixed across 2 layer(s)
sample [47/100] orig=8 cf=3 -- 704/816 neurons fixed across 2 layer(s)
sample [48/100] orig=5 cf=3 -- 731/816 neurons fixed across 2 layer(s)
sample [49/100] orig=3 cf=8 -- 720/816 neurons fixed across 2 layer(s)
sample [50/100] orig=3 cf=5 -- 733/816 neurons fixed across 2 layer(s)
sample [51/100] orig=3 cf=8 -- 721/816 neurons fixed across 2 layer(s)
sample [52/100] orig=0 cf=3 -- 739/816 neurons fixed across 2 layer(s)
sample [53/100] orig=7 cf=8 -- 719/816 neurons fixed across 2 layer(s)
sample [54/100] orig=4 cf=7 -- 711/816 neurons fixed across 2 layer(s)
sample [55/100] orig=9 cf=4 -- 714/816 neurons fixed across 2 layer(s)
sample [56/100] orig=8 cf=3 -- 716/816 neurons fixed across 2 layer(s)
sample [57/100] orig=0 cf=5 -- 729/816 neurons fixed across 2 layer(s)
sample [58/100] orig=9 cf=2 -- 711/816 neurons fixed across 2 layer(s)
sample [59/100] orig=4 cf=3 -- 719/816 neurons fixed across 2 layer(s)
sample [60/100] orig=1 cf=8 -- 713/816 neurons fixed across 2 layer(s)
sample [61/100] orig=4 cf=6 -- 730/816 neurons fixed across 2 layer(s)
sample [62/100] orig=4 cf=3 -- 721/816 neurons fixed across 2 layer(s)
sample [63/100] orig=6 cf=8 -- 734/816 neurons fixed across 2 layer(s)
sample [64/100] orig=0 cf=3 -- 746/816 neurons fixed across 2 layer(s)
sample [65/100] orig=4 cf=0 -- 723/816 neurons fixed across 2 layer(s)
sample [66/100] orig=5 cf=8 -- 721/816 neurons fixed across 2 layer(s)
sample [67/100] orig=6 cf=3 -- 722/816 neurons fixed across 2 layer(s)
sample [68/100] orig=1 cf=9 -- 721/816 neurons fixed across 2 layer(s)
sample [69/100] orig=0 cf=5 -- 726/816 neurons fixed across 2 layer(s)
sample [70/100] orig=0 cf=3 -- 733/816 neurons fixed across 2 layer(s)
sample [71/100] orig=1 cf=3 -- 715/816 neurons fixed across 2 layer(s)
sample [72/100] orig=7 cf=8 -- 720/816 neurons fixed across 2 layer(s)
sample [73/100] orig=1 cf=8 -- 692/816 neurons fixed across 2 layer(s)
sample [74/100] orig=6 cf=2 -- 725/816 neurons fixed across 2 layer(s)
sample [75/100] orig=3 cf=5 -- 730/816 neurons fixed across 2 layer(s)
sample [76/100] orig=0 cf=3 -- 727/816 neurons fixed across 2 layer(s)
sample [77/100] orig=2 cf=8 -- 740/816 neurons fixed across 2 layer(s)
sample [78/100] orig=1 cf=8 -- 718/816 neurons fixed across 2 layer(s)
sample [79/100] orig=1 cf=8 -- 725/816 neurons fixed across 2 layer(s)
sample [80/100] orig=7 cf=8 -- 713/816 neurons fixed across 2 layer(s)
sample [81/100] orig=8 cf=1 -- 714/816 neurons fixed across 2 layer(s)
sample [82/100] orig=0 cf=2 -- 727/816 neurons fixed across 2 layer(s)
sample [83/100] orig=2 cf=8 -- 731/816 neurons fixed across 2 layer(s)
sample [84/100] orig=6 cf=7 -- 704/816 neurons fixed across 2 layer(s)
sample [85/100] orig=7 cf=8 -- 718/816 neurons fixed across 2 layer(s)
sample [86/100] orig=8 cf=3 -- 709/816 neurons fixed across 2 layer(s)
sample [87/100] orig=3 cf=5 -- 729/816 neurons fixed across 2 layer(s)
sample [88/100] orig=9 cf=3 -- 716/816 neurons fixed across 2 layer(s)
sample [89/100] orig=0 cf=5 -- 731/816 neurons fixed across 2 layer(s)
sample [90/100] orig=4 cf=2 -- 729/816 neurons fixed across 2 layer(s)
sample [91/100] orig=6 cf=2 -- 719/816 neurons fixed across 2 layer(s)
sample [92/100] orig=7 cf=9 -- 730/816 neurons fixed across 2 layer(s)
sample [93/100] orig=4 cf=3 -- 709/816 neurons fixed across 2 layer(s)
sample [94/100] orig=6 cf=7 -- 720/816 neurons fixed across 2 layer(s)
sample [95/100] orig=8 cf=3 -- 701/816 neurons fixed across 2 layer(s)
sample [96/100] orig=0 cf=3 -- 718/816 neurons fixed across 2 layer(s)
sample [97/100] orig=7 cf=8 -- 720/816 neurons fixed across 2 layer(s)
sample [98/100] orig=8 cf=3 -- 711/816 neurons fixed across 2 layer(s)
sample [99/100] orig=3 cf=8 -- 713/816 neurons fixed across 2 layer(s)
sample [100/100] orig=1 cf=8 -- 700/816 neurons fixed across 2 layer(s)

99/100 samples written to /Users/labbaf/Documents/NN_Explainability/spexplain/neuron-activation/spexplain/data/neuron_activations/mnist/cnn-bench/NAB1.txt (1 failed to produce a counterfactual)
