Model: /Users/labbaf/Documents/NN_Explainability/spexplain/neuron-activation/spexplain/data/models/mnist/cnn-bench/NAB2.onnx
  input shape [1, 1, 28, 28], 784 features, 3 ReLU layer(s), 10-class
Dataset: /Users/labbaf/Documents/NN_Explainability/spexplain/neuron-activation/spexplain/data/datasets/mnist/mnist_s100_scaled.csv (100/100 samples)
PGD: epsilon-frac=0.1 step-frac=0.1 num-steps=50
Output: /Users/labbaf/Documents/NN_Explainability/spexplain/neuron-activation/spexplain/data/neuron_activations/mnist/cnn-bench/NAB2.txt

sample [1/100] orig=5 cf=8 -- 1024/1208 neurons fixed across 3 layer(s)
sample [2/100] orig=0 cf=8 -- 1006/1208 neurons fixed across 3 layer(s)
sample [3/100] orig=4 cf=7 -- 1050/1208 neurons fixed across 3 layer(s)
sample [4/100] orig=1 cf=8 -- 973/1208 neurons fixed across 3 layer(s)
sample [5/100] orig=9 cf=8 -- 1006/1208 neurons fixed across 3 layer(s)
sample [6/100] orig=2 cf=8 -- 1007/1208 neurons fixed across 3 layer(s)
sample [7/100] orig=1 cf=8 -- 987/1208 neurons fixed across 3 layer(s)
sample [8/100] orig=3 cf=7 -- 1076/1208 neurons fixed across 3 layer(s)
sample [9/100] orig=1 cf=8 -- 966/1208 neurons fixed across 3 layer(s)
sample [10/100] orig=4 cf=8 -- 1001/1208 neurons fixed across 3 layer(s)
sample [11/100] orig=3 cf=8 -- 1021/1208 neurons fixed across 3 layer(s)
sample [12/100] orig=5 cf=8 -- 984/1208 neurons fixed across 3 layer(s)
sample [13/100] orig=3 cf=8 -- 1058/1208 neurons fixed across 3 layer(s)
sample [14/100] orig=6 cf=8 -- 1017/1208 neurons fixed across 3 layer(s)
sample [15/100] orig=1 cf=8 -- 960/1208 neurons fixed across 3 layer(s)
sample [16/100] orig=7 cf=8 -- 997/1208 neurons fixed across 3 layer(s)
sample [17/100] orig=2 cf=8 -- 1004/1208 neurons fixed across 3 layer(s)
sample [18/100] orig=8 cf=2 -- 1070/1208 neurons fixed across 3 layer(s)
sample [19/100] orig=6 cf=5 -- 1035/1208 neurons fixed across 3 layer(s)
sample [20/100] orig=9 cf=8 -- 980/1208 neurons fixed across 3 layer(s)
sample [21/100] orig=4 cf=8 -- 1053/1208 neurons fixed across 3 layer(s)
sample [22/100] orig=0 cf=8 -- 1028/1208 neurons fixed across 3 layer(s)
sample [23/100] orig=9 cf=8 -- 971/1208 neurons fixed across 3 layer(s)
sample [24/100] orig=1 cf=8 -- 972/1208 neurons fixed across 3 layer(s)
sample [25/100] orig=1 cf=8 -- 1008/1208 neurons fixed across 3 layer(s)
sample [26/100] orig=2 cf=3 -- 1087/1208 neurons fixed across 3 layer(s)
sample [27/100] orig=4 cf=9 -- 1036/1208 neurons fixed across 3 layer(s)
sample [28/100] orig=3 cf=2 -- 1099/1208 neurons fixed across 3 layer(s)
sample [29/100] orig=2 cf=8 -- 1050/1208 neurons fixed across 3 layer(s)
sample [30/100] orig=7 cf=9 -- 1024/1208 neurons fixed across 3 layer(s)
sample [31/100] orig=3 cf=8 -- 1033/1208 neurons fixed across 3 layer(s)
sample [32/100] orig=8 cf=5 -- 1095/1208 neurons fixed across 3 layer(s)
sample [33/100] orig=6 cf=8 -- 1002/1208 neurons fixed across 3 layer(s)
sample [34/100] orig=9 cf=8 -- 993/1208 neurons fixed across 3 layer(s)
sample [35/100] orig=0 cf=8 -- 1022/1208 neurons fixed across 3 layer(s)
sample [36/100] orig=5 cf=8 -- 986/1208 neurons fixed across 3 layer(s)
sample [37/100] orig=6 cf=8 -- 1030/1208 neurons fixed across 3 layer(s)
sample [38/100] orig=0 cf=8 -- 1016/1208 neurons fixed across 3 layer(s)
sample [39/100] orig=7 cf=8 -- 989/1208 neurons fixed across 3 layer(s)
sample [40/100] orig=6 cf=4 -- 1044/1208 neurons fixed across 3 layer(s)
sample [41/100] orig=1 cf=8 -- 978/1208 neurons fixed across 3 layer(s)
sample [42/100] orig=8 cf=2 -- 1072/1208 neurons fixed across 3 layer(s)
sample [43/100] orig=7 cf=9 -- 1046/1208 neurons fixed across 3 layer(s)
sample [44/100] orig=9 cf=8 -- 978/1208 neurons fixed across 3 layer(s)
sample [45/100] orig=3 cf=7 -- 1069/1208 neurons fixed across 3 layer(s)
sample [46/100] orig=9 cf=8 -- 985/1208 neurons fixed across 3 layer(s)
sample [47/100] orig=8 cf=3 -- 1073/1208 neurons fixed across 3 layer(s)
sample [48/100] orig=5 cf=8 -- 1025/1208 neurons fixed across 3 layer(s)
sample [49/100] orig=9 cf=5 -- 1045/1208 neurons fixed across 3 layer(s)
sample [50/100] orig=3 cf=8 -- 1010/1208 neurons fixed across 3 layer(s)
sample [51/100] orig=3 cf=2 -- 1031/1208 neurons fixed across 3 layer(s)
sample [52/100] orig=0 cf=8 -- 1049/1208 neurons fixed across 3 layer(s)
sample [53/100] orig=7 cf=8 -- 1023/1208 neurons fixed across 3 layer(s)
sample [54/100] orig=4 cf=7 -- 1043/1208 neurons fixed across 3 layer(s)
sample [55/100] orig=9 cf=8 -- 992/1208 neurons fixed across 3 layer(s)
sample [56/100] orig=8 cf=9 -- 1109/1208 neurons fixed across 3 layer(s)
sample [57/100] orig=0 cf=8 -- 1077/1208 neurons fixed across 3 layer(s)
sample [58/100] orig=9 cf=8 -- 960/1208 neurons fixed across 3 layer(s)
sample [59/100] orig=4 cf=8 -- 1041/1208 neurons fixed across 3 layer(s)
sample [60/100] orig=1 cf=8 -- 988/1208 neurons fixed across 3 layer(s)
sample [61/100] orig=4 cf=6 -- 1049/1208 neurons fixed across 3 layer(s)
sample [62/100] orig=4 cf=8 -- 982/1208 neurons fixed across 3 layer(s)
sample [63/100] orig=6 cf=8 -- 1017/1208 neurons fixed across 3 layer(s)
sample [64/100] orig=0 cf=8 -- 1053/1208 neurons fixed across 3 layer(s)
sample [65/100] orig=4 cf=8 -- 1010/1208 neurons fixed across 3 layer(s)
sample [66/100] orig=5 cf=8 -- 995/1208 neurons fixed across 3 layer(s)
sample [67/100] orig=6 cf=8 -- 1009/1208 neurons fixed across 3 layer(s)
sample [68/100] orig=1 cf=8 -- 973/1208 neurons fixed across 3 layer(s)
sample [69/100] orig=0 cf=9 -- 1055/1208 neurons fixed across 3 layer(s)
sample [70/100] orig=0 cf=8 -- 1037/1208 neurons fixed across 3 layer(s)
sample [71/100] orig=2 cf=8 -- 1015/1208 neurons fixed across 3 layer(s)
sample [72/100] orig=7 cf=8 -- 986/1208 neurons fixed across 3 layer(s)
sample [73/100] orig=1 cf=8 -- 974/1208 neurons fixed across 3 layer(s)
sample [74/100] orig=6 cf=8 -- 1017/1208 neurons fixed across 3 layer(s)
sample [75/100] orig=3 cf=8 -- 1016/1208 neurons fixed across 3 layer(s)
sample [76/100] orig=0 cf=8 -- 1015/1208 neurons fixed across 3 layer(s)
sample [77/100] orig=2 cf=8 -- 1024/1208 neurons fixed across 3 layer(s)
sample [78/100] orig=1 cf=8 -- 990/1208 neurons fixed across 3 layer(s)
sample [79/100] orig=1 cf=8 -- 988/1208 neurons fixed across 3 layer(s)
sample [80/100] orig=7 cf=8 -- 999/1208 neurons fixed across 3 layer(s)
sample [81/100] orig=8 cf=5 -- 1094/1208 neurons fixed across 3 layer(s)
sample [82/100] orig=0 cf=8 -- 1018/1208 neurons fixed across 3 layer(s)
sample [83/100] orig=2 cf=3 -- 1078/1208 neurons fixed across 3 layer(s)
sample [84/100] orig=6 cf=8 -- 1026/1208 neurons fixed across 3 layer(s)
sample [85/100] orig=7 cf=2 -- 1058/1208 neurons fixed across 3 layer(s)
sample [86/100] orig=8 cf=2 -- 1075/1208 neurons fixed across 3 layer(s)
sample [87/100] orig=3 cf=5 -- 1055/1208 neurons fixed across 3 layer(s)
sample [88/100] orig=9 cf=8 -- 999/1208 neurons fixed across 3 layer(s)
sample [89/100] orig=0 cf=9 -- 1070/1208 neurons fixed across 3 layer(s)
sample [90/100] orig=4 cf=8 -- 1006/1208 neurons fixed across 3 layer(s)
sample [91/100] orig=6 cf=8 -- 1029/1208 neurons fixed across 3 layer(s)
sample [92/100] orig=7 cf=9 -- 1036/1208 neurons fixed across 3 layer(s)
sample [93/100] orig=4 cf=8 -- 1014/1208 neurons fixed across 3 layer(s)
sample [94/100] orig=6 cf=8 -- 1015/1208 neurons fixed across 3 layer(s)
sample [95/100] orig=8 cf=9 -- 1098/1208 neurons fixed across 3 layer(s)
sample [96/100] orig=0 cf=8 -- 1021/1208 neurons fixed across 3 layer(s)
sample [97/100] orig=7 cf=8 -- 976/1208 neurons fixed across 3 layer(s)
sample [98/100] orig=8 cf=2 -- 1087/1208 neurons fixed across 3 layer(s)
sample [99/100] orig=3 cf=8 -- 1018/1208 neurons fixed across 3 layer(s)
sample [100/100] orig=1 cf=8 -- 963/1208 neurons fixed across 3 layer(s)

100/100 samples written to /Users/labbaf/Documents/NN_Explainability/spexplain/neuron-activation/spexplain/data/neuron_activations/mnist/cnn-bench/NAB2.txt (0 failed to produce a counterfactual)
