Model: /Users/labbaf/Documents/NN_Explainability/spexplain/neuron-activation/spexplain/data/models/mnist/cnn-bench/NAB5.onnx
  input shape [1, 1, 28, 28], 784 features, 6 ReLU layer(s), 10-class
Dataset: /Users/labbaf/Documents/NN_Explainability/spexplain/neuron-activation/spexplain/data/datasets/mnist/mnist_s100_scaled.csv (100/100 samples)
PGD: epsilon-frac=0.1 step-frac=0.1 num-steps=50
Output: /Users/labbaf/Documents/NN_Explainability/spexplain/neuron-activation/spexplain/data/neuron_activations/mnist/cnn-bench/NAB5.txt

sample [1/100] orig=5 cf=3 -- 2011/2384 neurons fixed across 6 layer(s)
sample [2/100] orig=0 cf=4 -- 1932/2384 neurons fixed across 6 layer(s)
sample [3/100] orig=4 cf=8 -- 1826/2384 neurons fixed across 6 layer(s)
sample [4/100] orig=1 cf=8 -- 1849/2384 neurons fixed across 6 layer(s)
sample [5/100] orig=9 cf=8 -- 1794/2384 neurons fixed across 6 layer(s)
sample [6/100] orig=2 cf=4 -- 1919/2384 neurons fixed across 6 layer(s)
sample [7/100] orig=1 cf=8 -- 1876/2384 neurons fixed across 6 layer(s)
sample [8/100] orig=3 cf=2 -- 1938/2384 neurons fixed across 6 layer(s)
sample [9/100] orig=1 cf=6 -- 1823/2384 neurons fixed across 6 layer(s)
sample [10/100] orig=4 cf=3 -- 1945/2384 neurons fixed across 6 layer(s)
sample [11/100] orig=3 cf=9 -- 1929/2384 neurons fixed across 6 layer(s)
sample [12/100] orig=5 cf=9 -- 1790/2384 neurons fixed across 6 layer(s)
sample [13/100] orig=3 cf=8 -- 1919/2384 neurons fixed across 6 layer(s)
sample [14/100] orig=6 cf=4 -- 1891/2384 neurons fixed across 6 layer(s)
sample [15/100] orig=1 cf=4 -- 1862/2384 neurons fixed across 6 layer(s)
sample [16/100] orig=7 cf=8 -- 1756/2384 neurons fixed across 6 layer(s)
sample [17/100] orig=2 cf=9 -- 1916/2384 neurons fixed across 6 layer(s)
sample [18/100] orig=8 cf=0 -- 1929/2384 neurons fixed across 6 layer(s)
sample [19/100] orig=6 cf=8 -- 1830/2384 neurons fixed across 6 layer(s)
sample [20/100] orig=9 cf=8 -- 1853/2384 neurons fixed across 6 layer(s)
sample [21/100] orig=4 cf=2 -- 2083/2384 neurons fixed across 6 layer(s)
sample [22/100] orig=0 cf=4 -- 1926/2384 neurons fixed across 6 layer(s)
sample [23/100] orig=9 cf=4 -- 1977/2384 neurons fixed across 6 layer(s)
sample [24/100] orig=1 cf=8 -- 1885/2384 neurons fixed across 6 layer(s)
sample [25/100] orig=1 cf=2 -- 2014/2384 neurons fixed across 6 layer(s)
sample [26/100] orig=2 cf=7 -- 2026/2384 neurons fixed across 6 layer(s)
sample [27/100] orig=4 cf=8 -- 1941/2384 neurons fixed across 6 layer(s)
sample [28/100] orig=3 cf=8 -- 1949/2384 neurons fixed across 6 layer(s)
sample [29/100] orig=2 cf=7 -- 2063/2384 neurons fixed across 6 layer(s)
sample [30/100] orig=7 cf=9 -- 1935/2384 neurons fixed across 6 layer(s)
sample [31/100] orig=3 cf=8 -- 1893/2384 neurons fixed across 6 layer(s)
sample [32/100] orig=8 cf=3 -- 2011/2384 neurons fixed across 6 layer(s)
sample [33/100] orig=6 cf=4 -- 1808/2384 neurons fixed across 6 layer(s)
sample [34/100] orig=9 cf=7 -- 1985/2384 neurons fixed across 6 layer(s)
sample [35/100] orig=0 cf=9 -- 1948/2384 neurons fixed across 6 layer(s)
sample [36/100] orig=5 cf=3 -- 1947/2384 neurons fixed across 6 layer(s)
sample [37/100] orig=6 cf=4 -- 1931/2384 neurons fixed across 6 layer(s)
sample [38/100] orig=0 cf=6 -- 1944/2384 neurons fixed across 6 layer(s)
sample [39/100] orig=7 cf=2 -- 1991/2384 neurons fixed across 6 layer(s)
sample [40/100] orig=6 cf=4 -- 1925/2384 neurons fixed across 6 layer(s)
sample [41/100] orig=1 cf=4 -- 1869/2384 neurons fixed across 6 layer(s)
sample [42/100] orig=8 cf=4 -- 1888/2384 neurons fixed across 6 layer(s)
sample [43/100] orig=7 cf=9 -- 1870/2384 neurons fixed across 6 layer(s)
sample [44/100] orig=9 cf=8 -- 1833/2384 neurons fixed across 6 layer(s)
sample [45/100] orig=3 cf=7 -- 1987/2384 neurons fixed across 6 layer(s)
sample [46/100] orig=9 cf=8 -- 1826/2384 neurons fixed across 6 layer(s)
sample [47/100] orig=8 cf=3 -- 2008/2384 neurons fixed across 6 layer(s)
sample [48/100] orig=5 cf=3 -- 2040/2384 neurons fixed across 6 layer(s)
sample [49/100] orig=9 cf=8 -- 1849/2384 neurons fixed across 6 layer(s)
sample [50/100] orig=3 cf=5 -- 2018/2384 neurons fixed across 6 layer(s)
sample [51/100] orig=3 cf=9 -- 1857/2384 neurons fixed across 6 layer(s)
sample [52/100] orig=0 cf=4 -- 2004/2384 neurons fixed across 6 layer(s)
sample [53/100] orig=7 cf=8 -- 1898/2384 neurons fixed across 6 layer(s)
sample [54/100] orig=4 cf=8 -- 1898/2384 neurons fixed across 6 layer(s)
sample [55/100] orig=9 cf=4 -- 2000/2384 neurons fixed across 6 layer(s)
sample [56/100] orig=8 cf=9 -- 2051/2384 neurons fixed across 6 layer(s)
sample [57/100] orig=0 cf=8 -- 1990/2384 neurons fixed across 6 layer(s)
sample [58/100] orig=9 cf=8 -- 1859/2384 neurons fixed across 6 layer(s)
sample [59/100] orig=4 cf=8 -- 1947/2384 neurons fixed across 6 layer(s)
sample [60/100] orig=1 cf=8 -- 1852/2384 neurons fixed across 6 layer(s)
sample [61/100] orig=4 cf=9 -- 2043/2384 neurons fixed across 6 layer(s)
sample [62/100] orig=4 cf=8 -- 1827/2384 neurons fixed across 6 layer(s)
sample [63/100] orig=6 cf=8 -- 1961/2384 neurons fixed across 6 layer(s)
sample [64/100] orig=0 cf=8 -- 1990/2384 neurons fixed across 6 layer(s)
sample [65/100] orig=4 cf=9 -- 2051/2384 neurons fixed across 6 layer(s)
sample [66/100] orig=5 cf=7 -- 1943/2384 neurons fixed across 6 layer(s)
sample [67/100] orig=6 cf=8 -- 1994/2384 neurons fixed across 6 layer(s)
sample [68/100] orig=1 cf=7 -- 1997/2384 neurons fixed across 6 layer(s)
sample [69/100] orig=0 cf=9 -- 2031/2384 neurons fixed across 6 layer(s)
sample [70/100] orig=0 cf=8 -- 2085/2384 neurons fixed across 6 layer(s)
sample [71/100] orig=1 cf=2 -- 2090/2384 neurons fixed across 6 layer(s)
sample [72/100] orig=7 cf=9 -- 1874/2384 neurons fixed across 6 layer(s)
sample [73/100] orig=1 cf=4 -- 1843/2384 neurons fixed across 6 layer(s)
sample [74/100] orig=6 cf=4 -- 1897/2384 neurons fixed across 6 layer(s)
sample [75/100] orig=3 cf=8 -- 1863/2384 neurons fixed across 6 layer(s)
sample [76/100] orig=0 cf=8 -- 1996/2384 neurons fixed across 6 layer(s)
sample [77/100] orig=2 cf=4 -- 1863/2384 neurons fixed across 6 layer(s)
sample [78/100] orig=1 cf=8 -- 1825/2384 neurons fixed across 6 layer(s)
sample [79/100] orig=1 cf=0 -- 1871/2384 neurons fixed across 6 layer(s)
sample [80/100] orig=7 cf=9 -- 1890/2384 neurons fixed across 6 layer(s)
sample [81/100] orig=8 cf=9 -- 2031/2384 neurons fixed across 6 layer(s)
sample [82/100] orig=0 cf=8 -- 1998/2384 neurons fixed across 6 layer(s)
sample [83/100] orig=2 cf=4 -- 1940/2384 neurons fixed across 6 layer(s)
sample [84/100] orig=6 cf=4 -- 1924/2384 neurons fixed across 6 layer(s)
sample [85/100] orig=7 cf=8 -- 1840/2384 neurons fixed across 6 layer(s)
sample [86/100] orig=8 cf=0 -- 1961/2384 neurons fixed across 6 layer(s)
sample [87/100] orig=3 cf=8 -- 1856/2384 neurons fixed across 6 layer(s)
sample [88/100] orig=9 cf=8 -- 1896/2384 neurons fixed across 6 layer(s)
sample [89/100] orig=0 cf=9 -- 2095/2384 neurons fixed across 6 layer(s)
sample [90/100] orig=4 cf=8 -- 1874/2384 neurons fixed across 6 layer(s)
sample [91/100] orig=6 cf=4 -- 1920/2384 neurons fixed across 6 layer(s)
sample [92/100] orig=7 cf=9 -- 1866/2384 neurons fixed across 6 layer(s)
sample [93/100] orig=4 cf=9 -- 1980/2384 neurons fixed across 6 layer(s)
sample [94/100] orig=6 cf=4 -- 1934/2384 neurons fixed across 6 layer(s)
sample [95/100] orig=8 cf=9 -- 2006/2384 neurons fixed across 6 layer(s)
sample [96/100] orig=0 cf=4 -- 1964/2384 neurons fixed across 6 layer(s)
sample [97/100] orig=7 cf=8 -- 1817/2384 neurons fixed across 6 layer(s)
sample [98/100] orig=8 cf=2 -- 1955/2384 neurons fixed across 6 layer(s)
sample [99/100] orig=3 cf=8 -- 1869/2384 neurons fixed across 6 layer(s)
sample [100/100] orig=1 cf=4 -- 1856/2384 neurons fixed across 6 layer(s)

100/100 samples written to /Users/labbaf/Documents/NN_Explainability/spexplain/neuron-activation/spexplain/data/neuron_activations/mnist/cnn-bench/NAB5.txt (0 failed to produce a counterfactual)
