Model: /Users/labbaf/Documents/NN_Explainability/spexplain/neuron-activation/spexplain/data/models/mnist/cnn-bench/NS1.onnx
  input shape [1, 1, 28, 28], 784 features, 2 ReLU layer(s), 10-class
Dataset: /Users/labbaf/Documents/NN_Explainability/spexplain/neuron-activation/spexplain/data/datasets/mnist/mnist_s100_scaled.csv (100/100 samples)
PGD: epsilon-frac=0.1 step-frac=0.1 num-steps=50
Output: /Users/labbaf/Documents/NN_Explainability/spexplain/neuron-activation/spexplain/data/neuron_activations/mnist/cnn-bench/NS1.txt

sample [1/100] orig=5 cf=2 -- 696/816 neurons fixed across 2 layer(s)
sample [2/100] orig=0 cf=2 -- 687/816 neurons fixed across 2 layer(s)
sample [3/100] orig=4 cf=1 -- 681/816 neurons fixed across 2 layer(s)
sample [4/100] orig=1 cf=8 -- 702/816 neurons fixed across 2 layer(s)
sample [5/100] orig=9 cf=2 -- 678/816 neurons fixed across 2 layer(s)
sample [6/100] orig=2 cf=3 -- 682/816 neurons fixed across 2 layer(s)
sample [7/100] orig=1 cf=8 -- 706/816 neurons fixed across 2 layer(s)
sample [8/100] orig=3 cf=8 -- 695/816 neurons fixed across 2 layer(s)
sample [9/100] orig=1 cf=8 -- 698/816 neurons fixed across 2 layer(s)
sample [10/100] orig=4 cf=8 -- 690/816 neurons fixed across 2 layer(s)
sample [11/100] orig=3 cf=9 -- 688/816 neurons fixed across 2 layer(s)
sample [12/100] orig=5 cf=2 -- 667/816 neurons fixed across 2 layer(s)
sample [13/100] orig=3 cf=8 -- 701/816 neurons fixed across 2 layer(s)
sample [14/100] orig=6 cf=2 -- 691/816 neurons fixed across 2 layer(s)
sample [15/100] orig=1 cf=9 -- 678/816 neurons fixed across 2 layer(s)
sample [16/100] orig=7 cf=8 -- 700/816 neurons fixed across 2 layer(s)
sample [17/100] orig=2 cf=3 -- 709/816 neurons fixed across 2 layer(s)
sample [18/100] orig=8 cf=3 -- 691/816 neurons fixed across 2 layer(s)
sample [19/100] orig=6 cf=8 -- 706/816 neurons fixed across 2 layer(s)
sample [20/100] orig=9 cf=2 -- 659/816 neurons fixed across 2 layer(s)
sample [21/100] orig=4 cf=8 -- 710/816 neurons fixed across 2 layer(s)
sample [22/100] orig=0 cf=3 -- 693/816 neurons fixed across 2 layer(s)
sample [23/100] orig=9 cf=8 -- 704/816 neurons fixed across 2 layer(s)
sample [24/100] orig=1 cf=8 -- 711/816 neurons fixed across 2 layer(s)
sample [25/100] orig=3 cf=2 -- 716/816 neurons fixed across 2 layer(s)
sample [26/100] orig=2 cf=8 -- 737/816 neurons fixed across 2 layer(s)
sample [27/100] orig=4 cf=9 -- 689/816 neurons fixed across 2 layer(s)
sample [28/100] orig=3 cf=3 -- FAILED to find a counterfactual, skipping
sample [29/100] orig=2 cf=7 -- 678/816 neurons fixed across 2 layer(s)
sample [30/100] orig=7 cf=3 -- 671/816 neurons fixed across 2 layer(s)
sample [31/100] orig=3 cf=7 -- 720/816 neurons fixed across 2 layer(s)
sample [32/100] orig=8 cf=1 -- 682/816 neurons fixed across 2 layer(s)
sample [33/100] orig=6 cf=8 -- 681/816 neurons fixed across 2 layer(s)
sample [34/100] orig=9 cf=7 -- 681/816 neurons fixed across 2 layer(s)
sample [35/100] orig=0 cf=7 -- 698/816 neurons fixed across 2 layer(s)
sample [36/100] orig=5 cf=6 -- 681/816 neurons fixed across 2 layer(s)
sample [37/100] orig=6 cf=8 -- 695/816 neurons fixed across 2 layer(s)
sample [38/100] orig=0 cf=2 -- 683/816 neurons fixed across 2 layer(s)
sample [39/100] orig=7 cf=2 -- 696/816 neurons fixed across 2 layer(s)
sample [40/100] orig=6 cf=9 -- 688/816 neurons fixed across 2 layer(s)
sample [41/100] orig=1 cf=9 -- 696/816 neurons fixed across 2 layer(s)
sample [42/100] orig=8 cf=3 -- 691/816 neurons fixed across 2 layer(s)
sample [43/100] orig=7 cf=3 -- 668/816 neurons fixed across 2 layer(s)
sample [44/100] orig=9 cf=3 -- 664/816 neurons fixed across 2 layer(s)
sample [45/100] orig=3 cf=7 -- 674/816 neurons fixed across 2 layer(s)
sample [46/100] orig=9 cf=7 -- 680/816 neurons fixed across 2 layer(s)
sample [47/100] orig=8 cf=3 -- 682/816 neurons fixed across 2 layer(s)
sample [48/100] orig=5 cf=6 -- 681/816 neurons fixed across 2 layer(s)
sample [49/100] orig=5 cf=9 -- 688/816 neurons fixed across 2 layer(s)
sample [50/100] orig=3 cf=5 -- 692/816 neurons fixed across 2 layer(s)
sample [51/100] orig=3 cf=2 -- 682/816 neurons fixed across 2 layer(s)
sample [52/100] orig=0 cf=2 -- 695/816 neurons fixed across 2 layer(s)
sample [53/100] orig=7 cf=5 -- 699/816 neurons fixed across 2 layer(s)
sample [54/100] orig=4 cf=9 -- 691/816 neurons fixed across 2 layer(s)
sample [55/100] orig=9 cf=7 -- 691/816 neurons fixed across 2 layer(s)
sample [56/100] orig=8 cf=3 -- 684/816 neurons fixed across 2 layer(s)
sample [57/100] orig=0 cf=0 -- FAILED to find a counterfactual, skipping
sample [58/100] orig=9 cf=3 -- 665/816 neurons fixed across 2 layer(s)
sample [59/100] orig=4 cf=1 -- 681/816 neurons fixed across 2 layer(s)
sample [60/100] orig=1 cf=8 -- 704/816 neurons fixed across 2 layer(s)
sample [61/100] orig=4 cf=0 -- 696/816 neurons fixed across 2 layer(s)
sample [62/100] orig=4 cf=8 -- 702/816 neurons fixed across 2 layer(s)
sample [63/100] orig=6 cf=8 -- 723/816 neurons fixed across 2 layer(s)
sample [64/100] orig=0 cf=3 -- 705/816 neurons fixed across 2 layer(s)
sample [65/100] orig=4 cf=0 -- 706/816 neurons fixed across 2 layer(s)
sample [66/100] orig=5 cf=8 -- 703/816 neurons fixed across 2 layer(s)
sample [67/100] orig=6 cf=2 -- 692/816 neurons fixed across 2 layer(s)
sample [68/100] orig=7 cf=8 -- 685/816 neurons fixed across 2 layer(s)
sample [69/100] orig=0 cf=5 -- 688/816 neurons fixed across 2 layer(s)
sample [70/100] orig=0 cf=2 -- 698/816 neurons fixed across 2 layer(s)
sample [71/100] orig=1 cf=2 -- 695/816 neurons fixed across 2 layer(s)
sample [72/100] orig=7 cf=9 -- 690/816 neurons fixed across 2 layer(s)
sample [73/100] orig=1 cf=9 -- 693/816 neurons fixed across 2 layer(s)
sample [74/100] orig=6 cf=2 -- 684/816 neurons fixed across 2 layer(s)
sample [75/100] orig=3 cf=7 -- 683/816 neurons fixed across 2 layer(s)
sample [76/100] orig=0 cf=3 -- 700/816 neurons fixed across 2 layer(s)
sample [77/100] orig=2 cf=3 -- 687/816 neurons fixed across 2 layer(s)
sample [78/100] orig=1 cf=8 -- 702/816 neurons fixed across 2 layer(s)
sample [79/100] orig=1 cf=9 -- 694/816 neurons fixed across 2 layer(s)
sample [80/100] orig=7 cf=3 -- 678/816 neurons fixed across 2 layer(s)
sample [81/100] orig=8 cf=3 -- 680/816 neurons fixed across 2 layer(s)
sample [82/100] orig=0 cf=2 -- 706/816 neurons fixed across 2 layer(s)
sample [83/100] orig=2 cf=8 -- 707/816 neurons fixed across 2 layer(s)
sample [84/100] orig=6 cf=0 -- 700/816 neurons fixed across 2 layer(s)
sample [85/100] orig=7 cf=3 -- 678/816 neurons fixed across 2 layer(s)
sample [86/100] orig=8 cf=3 -- 692/816 neurons fixed across 2 layer(s)
sample [87/100] orig=3 cf=7 -- 709/816 neurons fixed across 2 layer(s)
sample [88/100] orig=9 cf=3 -- 673/816 neurons fixed across 2 layer(s)
sample [89/100] orig=0 cf=7 -- 699/816 neurons fixed across 2 layer(s)
sample [90/100] orig=4 cf=7 -- 689/816 neurons fixed across 2 layer(s)
sample [91/100] orig=6 cf=5 -- 698/816 neurons fixed across 2 layer(s)
sample [92/100] orig=7 cf=3 -- 709/816 neurons fixed across 2 layer(s)
sample [93/100] orig=4 cf=3 -- 674/816 neurons fixed across 2 layer(s)
sample [94/100] orig=6 cf=0 -- 716/816 neurons fixed across 2 layer(s)
sample [95/100] orig=8 cf=3 -- 686/816 neurons fixed across 2 layer(s)
sample [96/100] orig=0 cf=2 -- 689/816 neurons fixed across 2 layer(s)
sample [97/100] orig=7 cf=3 -- 673/816 neurons fixed across 2 layer(s)
sample [98/100] orig=8 cf=2 -- 680/816 neurons fixed across 2 layer(s)
sample [99/100] orig=3 cf=9 -- 694/816 neurons fixed across 2 layer(s)
sample [100/100] orig=1 cf=9 -- 701/816 neurons fixed across 2 layer(s)

98/100 samples written to /Users/labbaf/Documents/NN_Explainability/spexplain/neuron-activation/spexplain/data/neuron_activations/mnist/cnn-bench/NS1.txt (2 failed to produce a counterfactual)
