Model: /Users/labbaf/Documents/NN_Explainability/spexplain/neuron-activation/spexplain/data/models/mnist/cnn-bench/NS2.onnx
  input shape [1, 1, 28, 28], 784 features, 3 ReLU layer(s), 10-class
Dataset: /Users/labbaf/Documents/NN_Explainability/spexplain/neuron-activation/spexplain/data/datasets/mnist/mnist_s100_scaled.csv (100/100 samples)
PGD: epsilon-frac=0.1 step-frac=0.1 num-steps=50
Output: /Users/labbaf/Documents/NN_Explainability/spexplain/neuron-activation/spexplain/data/neuron_activations/mnist/cnn-bench/NS2.txt

sample [1/100] orig=5 cf=8 -- 877/1208 neurons fixed across 3 layer(s)
sample [2/100] orig=0 cf=2 -- 1009/1208 neurons fixed across 3 layer(s)
sample [3/100] orig=4 cf=9 -- 973/1208 neurons fixed across 3 layer(s)
sample [4/100] orig=1 cf=8 -- 807/1208 neurons fixed across 3 layer(s)
sample [5/100] orig=9 cf=8 -- 866/1208 neurons fixed across 3 layer(s)
sample [6/100] orig=2 cf=8 -- 946/1208 neurons fixed across 3 layer(s)
sample [7/100] orig=1 cf=8 -- 778/1208 neurons fixed across 3 layer(s)
sample [8/100] orig=3 cf=8 -- 907/1208 neurons fixed across 3 layer(s)
sample [9/100] orig=1 cf=4 -- 851/1208 neurons fixed across 3 layer(s)
sample [10/100] orig=4 cf=8 -- 888/1208 neurons fixed across 3 layer(s)
sample [11/100] orig=3 cf=8 -- 876/1208 neurons fixed across 3 layer(s)
sample [12/100] orig=5 cf=6 -- 933/1208 neurons fixed across 3 layer(s)
sample [13/100] orig=3 cf=8 -- 920/1208 neurons fixed across 3 layer(s)
sample [14/100] orig=6 cf=8 -- 928/1208 neurons fixed across 3 layer(s)
sample [15/100] orig=1 cf=8 -- 777/1208 neurons fixed across 3 layer(s)
sample [16/100] orig=7 cf=8 -- 889/1208 neurons fixed across 3 layer(s)
sample [17/100] orig=2 cf=8 -- 888/1208 neurons fixed across 3 layer(s)
sample [18/100] orig=8 cf=9 -- 1002/1208 neurons fixed across 3 layer(s)
sample [19/100] orig=6 cf=8 -- 879/1208 neurons fixed across 3 layer(s)
sample [20/100] orig=9 cf=8 -- 831/1208 neurons fixed across 3 layer(s)
sample [21/100] orig=4 cf=8 -- 889/1208 neurons fixed across 3 layer(s)
sample [22/100] orig=0 cf=4 -- 1040/1208 neurons fixed across 3 layer(s)
sample [23/100] orig=9 cf=8 -- 837/1208 neurons fixed across 3 layer(s)
sample [24/100] orig=1 cf=8 -- 791/1208 neurons fixed across 3 layer(s)
sample [25/100] orig=2 cf=8 -- 891/1208 neurons fixed across 3 layer(s)
sample [26/100] orig=2 cf=8 -- 948/1208 neurons fixed across 3 layer(s)
sample [27/100] orig=4 cf=8 -- 840/1208 neurons fixed across 3 layer(s)
sample [28/100] orig=3 cf=8 -- 957/1208 neurons fixed across 3 layer(s)
sample [29/100] orig=2 cf=8 -- 969/1208 neurons fixed across 3 layer(s)
sample [30/100] orig=7 cf=8 -- 863/1208 neurons fixed across 3 layer(s)
sample [31/100] orig=3 cf=8 -- 873/1208 neurons fixed across 3 layer(s)
sample [32/100] orig=8 cf=2 -- 987/1208 neurons fixed across 3 layer(s)
sample [33/100] orig=6 cf=8 -- 880/1208 neurons fixed across 3 layer(s)
sample [34/100] orig=9 cf=8 -- 848/1208 neurons fixed across 3 layer(s)
sample [35/100] orig=0 cf=8 -- 916/1208 neurons fixed across 3 layer(s)
sample [36/100] orig=5 cf=2 -- 868/1208 neurons fixed across 3 layer(s)
sample [37/100] orig=6 cf=8 -- 914/1208 neurons fixed across 3 layer(s)
sample [38/100] orig=0 cf=6 -- 1009/1208 neurons fixed across 3 layer(s)
sample [39/100] orig=7 cf=2 -- 1012/1208 neurons fixed across 3 layer(s)
sample [40/100] orig=6 cf=4 -- 989/1208 neurons fixed across 3 layer(s)
sample [41/100] orig=1 cf=4 -- 863/1208 neurons fixed across 3 layer(s)
sample [42/100] orig=8 cf=2 -- 997/1208 neurons fixed across 3 layer(s)
sample [43/100] orig=7 cf=8 -- 827/1208 neurons fixed across 3 layer(s)
sample [44/100] orig=9 cf=8 -- 845/1208 neurons fixed across 3 layer(s)
sample [45/100] orig=3 cf=7 -- 962/1208 neurons fixed across 3 layer(s)
sample [46/100] orig=9 cf=8 -- 852/1208 neurons fixed across 3 layer(s)
sample [47/100] orig=8 cf=2 -- 1004/1208 neurons fixed across 3 layer(s)
sample [48/100] orig=5 cf=9 -- 931/1208 neurons fixed across 3 layer(s)
sample [49/100] orig=3 cf=8 -- 846/1208 neurons fixed across 3 layer(s)
sample [50/100] orig=3 cf=8 -- 889/1208 neurons fixed across 3 layer(s)
sample [51/100] orig=3 cf=8 -- 859/1208 neurons fixed across 3 layer(s)
sample [52/100] orig=0 cf=2 -- 1042/1208 neurons fixed across 3 layer(s)
sample [53/100] orig=7 cf=8 -- 866/1208 neurons fixed across 3 layer(s)
sample [54/100] orig=4 cf=8 -- 863/1208 neurons fixed across 3 layer(s)
sample [55/100] orig=9 cf=8 -- 874/1208 neurons fixed across 3 layer(s)
sample [56/100] orig=8 cf=2 -- 949/1208 neurons fixed across 3 layer(s)
sample [57/100] orig=0 cf=8 -- 976/1208 neurons fixed across 3 layer(s)
sample [58/100] orig=9 cf=8 -- 851/1208 neurons fixed across 3 layer(s)
sample [59/100] orig=4 cf=8 -- 897/1208 neurons fixed across 3 layer(s)
sample [60/100] orig=1 cf=6 -- 825/1208 neurons fixed across 3 layer(s)
sample [61/100] orig=4 cf=6 -- 1013/1208 neurons fixed across 3 layer(s)
sample [62/100] orig=4 cf=8 -- 869/1208 neurons fixed across 3 layer(s)
sample [63/100] orig=6 cf=8 -- 938/1208 neurons fixed across 3 layer(s)
sample [64/100] orig=0 cf=8 -- 957/1208 neurons fixed across 3 layer(s)
sample [65/100] orig=4 cf=8 -- 891/1208 neurons fixed across 3 layer(s)
sample [66/100] orig=5 cf=8 -- 808/1208 neurons fixed across 3 layer(s)
sample [67/100] orig=6 cf=8 -- 921/1208 neurons fixed across 3 layer(s)
sample [68/100] orig=1 cf=8 -- 808/1208 neurons fixed across 3 layer(s)
sample [69/100] orig=0 cf=9 -- 1035/1208 neurons fixed across 3 layer(s)
sample [70/100] orig=0 cf=8 -- 958/1208 neurons fixed across 3 layer(s)
sample [71/100] orig=1 cf=2 -- 945/1208 neurons fixed across 3 layer(s)
sample [72/100] orig=7 cf=8 -- 880/1208 neurons fixed across 3 layer(s)
sample [73/100] orig=1 cf=8 -- 739/1208 neurons fixed across 3 layer(s)
sample [74/100] orig=6 cf=8 -- 917/1208 neurons fixed across 3 layer(s)
sample [75/100] orig=3 cf=8 -- 843/1208 neurons fixed across 3 layer(s)
sample [76/100] orig=0 cf=8 -- 937/1208 neurons fixed across 3 layer(s)
sample [77/100] orig=2 cf=8 -- 990/1208 neurons fixed across 3 layer(s)
sample [78/100] orig=1 cf=8 -- 802/1208 neurons fixed across 3 layer(s)
sample [79/100] orig=1 cf=4 -- 852/1208 neurons fixed across 3 layer(s)
sample [80/100] orig=7 cf=8 -- 860/1208 neurons fixed across 3 layer(s)
sample [81/100] orig=8 cf=9 -- 1055/1208 neurons fixed across 3 layer(s)
sample [82/100] orig=0 cf=8 -- 940/1208 neurons fixed across 3 layer(s)
sample [83/100] orig=2 cf=8 -- 949/1208 neurons fixed across 3 layer(s)
sample [84/100] orig=6 cf=4 -- 995/1208 neurons fixed across 3 layer(s)
sample [85/100] orig=7 cf=2 -- 835/1208 neurons fixed across 3 layer(s)
sample [86/100] orig=8 cf=2 -- 1006/1208 neurons fixed across 3 layer(s)
sample [87/100] orig=3 cf=8 -- 875/1208 neurons fixed across 3 layer(s)
sample [88/100] orig=9 cf=8 -- 904/1208 neurons fixed across 3 layer(s)
sample [89/100] orig=0 cf=8 -- 930/1208 neurons fixed across 3 layer(s)
sample [90/100] orig=4 cf=8 -- 927/1208 neurons fixed across 3 layer(s)
sample [91/100] orig=6 cf=8 -- 912/1208 neurons fixed across 3 layer(s)
sample [92/100] orig=7 cf=9 -- 993/1208 neurons fixed across 3 layer(s)
sample [93/100] orig=4 cf=8 -- 850/1208 neurons fixed across 3 layer(s)
sample [94/100] orig=6 cf=8 -- 921/1208 neurons fixed across 3 layer(s)
sample [95/100] orig=8 cf=3 -- 1097/1208 neurons fixed across 3 layer(s)
sample [96/100] orig=0 cf=8 -- 935/1208 neurons fixed across 3 layer(s)
sample [97/100] orig=7 cf=8 -- 850/1208 neurons fixed across 3 layer(s)
sample [98/100] orig=8 cf=2 -- 966/1208 neurons fixed across 3 layer(s)
sample [99/100] orig=3 cf=8 -- 852/1208 neurons fixed across 3 layer(s)
sample [100/100] orig=1 cf=4 -- 827/1208 neurons fixed across 3 layer(s)

100/100 samples written to /Users/labbaf/Documents/NN_Explainability/spexplain/neuron-activation/spexplain/data/neuron_activations/mnist/cnn-bench/NS2.txt (0 failed to produce a counterfactual)
