Model: /Users/labbaf/Documents/NN_Explainability/spexplain/neuron-activation/spexplain/data/models/mnist/cnn-bench/NS3.onnx
  input shape [1, 1, 28, 28], 784 features, 4 ReLU layer(s), 10-class
Dataset: /Users/labbaf/Documents/NN_Explainability/spexplain/neuron-activation/spexplain/data/datasets/mnist/mnist_s100_scaled.csv (100/100 samples)
PGD: epsilon-frac=0.1 step-frac=0.1 num-steps=50
Output: /Users/labbaf/Documents/NN_Explainability/spexplain/neuron-activation/spexplain/data/neuron_activations/mnist/cnn-bench/NS3.txt

sample [1/100] orig=5 cf=8 -- 1218/1600 neurons fixed across 4 layer(s)
sample [2/100] orig=0 cf=8 -- 1274/1600 neurons fixed across 4 layer(s)
sample [3/100] orig=4 cf=7 -- 1329/1600 neurons fixed across 4 layer(s)
sample [4/100] orig=1 cf=8 -- 1189/1600 neurons fixed across 4 layer(s)
sample [5/100] orig=9 cf=8 -- 1236/1600 neurons fixed across 4 layer(s)
sample [6/100] orig=2 cf=8 -- 1250/1600 neurons fixed across 4 layer(s)
sample [7/100] orig=1 cf=8 -- 1173/1600 neurons fixed across 4 layer(s)
sample [8/100] orig=3 cf=8 -- 1255/1600 neurons fixed across 4 layer(s)
sample [9/100] orig=1 cf=8 -- 1164/1600 neurons fixed across 4 layer(s)
sample [10/100] orig=4 cf=8 -- 1263/1600 neurons fixed across 4 layer(s)
sample [11/100] orig=3 cf=4 -- 1239/1600 neurons fixed across 4 layer(s)
sample [12/100] orig=5 cf=8 -- 1267/1600 neurons fixed across 4 layer(s)
sample [13/100] orig=3 cf=8 -- 1282/1600 neurons fixed across 4 layer(s)
sample [14/100] orig=6 cf=8 -- 1265/1600 neurons fixed across 4 layer(s)
sample [15/100] orig=1 cf=8 -- 1149/1600 neurons fixed across 4 layer(s)
sample [16/100] orig=7 cf=8 -- 1261/1600 neurons fixed across 4 layer(s)
sample [17/100] orig=2 cf=8 -- 1238/1600 neurons fixed across 4 layer(s)
sample [18/100] orig=8 cf=0 -- 1333/1600 neurons fixed across 4 layer(s)
sample [19/100] orig=6 cf=8 -- 1198/1600 neurons fixed across 4 layer(s)
sample [20/100] orig=9 cf=8 -- 1198/1600 neurons fixed across 4 layer(s)
sample [21/100] orig=4 cf=8 -- 1322/1600 neurons fixed across 4 layer(s)
sample [22/100] orig=0 cf=4 -- 1344/1600 neurons fixed across 4 layer(s)
sample [23/100] orig=9 cf=8 -- 1192/1600 neurons fixed across 4 layer(s)
sample [24/100] orig=1 cf=8 -- 1187/1600 neurons fixed across 4 layer(s)
sample [25/100] orig=1 cf=4 -- 1256/1600 neurons fixed across 4 layer(s)
sample [26/100] orig=2 cf=3 -- 1435/1600 neurons fixed across 4 layer(s)
sample [27/100] orig=4 cf=9 -- 1317/1600 neurons fixed across 4 layer(s)
sample [28/100] orig=3 cf=8 -- 1287/1600 neurons fixed across 4 layer(s)
sample [29/100] orig=2 cf=8 -- 1299/1600 neurons fixed across 4 layer(s)
sample [30/100] orig=7 cf=9 -- 1241/1600 neurons fixed across 4 layer(s)
sample [31/100] orig=3 cf=8 -- 1196/1600 neurons fixed across 4 layer(s)
sample [32/100] orig=8 cf=6 -- 1306/1600 neurons fixed across 4 layer(s)
sample [33/100] orig=6 cf=4 -- 1235/1600 neurons fixed across 4 layer(s)
sample [34/100] orig=9 cf=8 -- 1198/1600 neurons fixed across 4 layer(s)
sample [35/100] orig=0 cf=8 -- 1269/1600 neurons fixed across 4 layer(s)
sample [36/100] orig=5 cf=9 -- 1217/1600 neurons fixed across 4 layer(s)
sample [37/100] orig=6 cf=8 -- 1235/1600 neurons fixed across 4 layer(s)
sample [38/100] orig=0 cf=8 -- 1246/1600 neurons fixed across 4 layer(s)
sample [39/100] orig=7 cf=2 -- 1360/1600 neurons fixed across 4 layer(s)
sample [40/100] orig=6 cf=4 -- 1279/1600 neurons fixed across 4 layer(s)
sample [41/100] orig=1 cf=8 -- 1162/1600 neurons fixed across 4 layer(s)
sample [42/100] orig=8 cf=2 -- 1344/1600 neurons fixed across 4 layer(s)
sample [43/100] orig=7 cf=1 -- 1215/1600 neurons fixed across 4 layer(s)
sample [44/100] orig=9 cf=8 -- 1197/1600 neurons fixed across 4 layer(s)
sample [45/100] orig=3 cf=8 -- 1158/1600 neurons fixed across 4 layer(s)
sample [46/100] orig=9 cf=8 -- 1226/1600 neurons fixed across 4 layer(s)
sample [47/100] orig=8 cf=2 -- 1318/1600 neurons fixed across 4 layer(s)
sample [48/100] orig=5 cf=8 -- 1224/1600 neurons fixed across 4 layer(s)
sample [49/100] orig=9 cf=8 -- 1185/1600 neurons fixed across 4 layer(s)
sample [50/100] orig=3 cf=8 -- 1240/1600 neurons fixed across 4 layer(s)
sample [51/100] orig=3 cf=8 -- 1183/1600 neurons fixed across 4 layer(s)
sample [52/100] orig=0 cf=7 -- 1424/1600 neurons fixed across 4 layer(s)
sample [53/100] orig=7 cf=2 -- 1315/1600 neurons fixed across 4 layer(s)
sample [54/100] orig=4 cf=9 -- 1315/1600 neurons fixed across 4 layer(s)
sample [55/100] orig=4 cf=8 -- 1252/1600 neurons fixed across 4 layer(s)
sample [56/100] orig=8 cf=2 -- 1389/1600 neurons fixed across 4 layer(s)
sample [57/100] orig=0 cf=4 -- 1393/1600 neurons fixed across 4 layer(s)
sample [58/100] orig=9 cf=8 -- 1203/1600 neurons fixed across 4 layer(s)
sample [59/100] orig=4 cf=8 -- 1292/1600 neurons fixed across 4 layer(s)
sample [60/100] orig=1 cf=6 -- 1259/1600 neurons fixed across 4 layer(s)
sample [61/100] orig=4 cf=0 -- 1405/1600 neurons fixed across 4 layer(s)
sample [62/100] orig=4 cf=8 -- 1210/1600 neurons fixed across 4 layer(s)
sample [63/100] orig=6 cf=8 -- 1271/1600 neurons fixed across 4 layer(s)
sample [64/100] orig=0 cf=8 -- 1296/1600 neurons fixed across 4 layer(s)
sample [65/100] orig=4 cf=9 -- 1366/1600 neurons fixed across 4 layer(s)
sample [66/100] orig=5 cf=8 -- 1246/1600 neurons fixed across 4 layer(s)
sample [67/100] orig=6 cf=4 -- 1302/1600 neurons fixed across 4 layer(s)
sample [68/100] orig=1 cf=8 -- 1177/1600 neurons fixed across 4 layer(s)
sample [69/100] orig=0 cf=9 -- 1388/1600 neurons fixed across 4 layer(s)
sample [70/100] orig=0 cf=8 -- 1291/1600 neurons fixed across 4 layer(s)
sample [71/100] orig=2 cf=5 -- 1279/1600 neurons fixed across 4 layer(s)
sample [72/100] orig=7 cf=8 -- 1230/1600 neurons fixed across 4 layer(s)
sample [73/100] orig=1 cf=8 -- 1155/1600 neurons fixed across 4 layer(s)
sample [74/100] orig=6 cf=4 -- 1281/1600 neurons fixed across 4 layer(s)
sample [75/100] orig=3 cf=8 -- 1251/1600 neurons fixed across 4 layer(s)
sample [76/100] orig=0 cf=2 -- 1333/1600 neurons fixed across 4 layer(s)
sample [77/100] orig=2 cf=8 -- 1251/1600 neurons fixed across 4 layer(s)
sample [78/100] orig=1 cf=8 -- 1190/1600 neurons fixed across 4 layer(s)
sample [79/100] orig=1 cf=8 -- 1183/1600 neurons fixed across 4 layer(s)
sample [80/100] orig=7 cf=8 -- 1252/1600 neurons fixed across 4 layer(s)
sample [81/100] orig=8 cf=5 -- 1376/1600 neurons fixed across 4 layer(s)
sample [82/100] orig=0 cf=2 -- 1334/1600 neurons fixed across 4 layer(s)
sample [83/100] orig=2 cf=6 -- 1323/1600 neurons fixed across 4 layer(s)
sample [84/100] orig=6 cf=4 -- 1322/1600 neurons fixed across 4 layer(s)
sample [85/100] orig=7 cf=8 -- 1229/1600 neurons fixed across 4 layer(s)
sample [86/100] orig=8 cf=8 -- FAILED to find a counterfactual, skipping
sample [87/100] orig=3 cf=8 -- 1233/1600 neurons fixed across 4 layer(s)
sample [88/100] orig=9 cf=8 -- 1242/1600 neurons fixed across 4 layer(s)
sample [89/100] orig=0 cf=8 -- 1278/1600 neurons fixed across 4 layer(s)
sample [90/100] orig=4 cf=8 -- 1266/1600 neurons fixed across 4 layer(s)
sample [91/100] orig=6 cf=8 -- 1241/1600 neurons fixed across 4 layer(s)
sample [92/100] orig=7 cf=8 -- 1237/1600 neurons fixed across 4 layer(s)
sample [93/100] orig=4 cf=9 -- 1292/1600 neurons fixed across 4 layer(s)
sample [94/100] orig=6 cf=8 -- 1262/1600 neurons fixed across 4 layer(s)
sample [95/100] orig=8 cf=9 -- 1411/1600 neurons fixed across 4 layer(s)
sample [96/100] orig=0 cf=8 -- 1271/1600 neurons fixed across 4 layer(s)
sample [97/100] orig=7 cf=8 -- 1183/1600 neurons fixed across 4 layer(s)
sample [98/100] orig=8 cf=0 -- 1370/1600 neurons fixed across 4 layer(s)
sample [99/100] orig=3 cf=8 -- 1196/1600 neurons fixed across 4 layer(s)
sample [100/100] orig=1 cf=8 -- 1157/1600 neurons fixed across 4 layer(s)

99/100 samples written to /Users/labbaf/Documents/NN_Explainability/spexplain/neuron-activation/spexplain/data/neuron_activations/mnist/cnn-bench/NS3.txt (1 failed to produce a counterfactual)
