Model: /Users/labbaf/Documents/NN_Explainability/spexplain/neuron-activation/spexplain/data/models/mnist/cnn-bench/NS4.onnx
  input shape [1, 1, 28, 28], 784 features, 5 ReLU layer(s), 10-class
Dataset: /Users/labbaf/Documents/NN_Explainability/spexplain/neuron-activation/spexplain/data/datasets/mnist/mnist_s100_scaled.csv (100/100 samples)
PGD: epsilon-frac=0.1 step-frac=0.1 num-steps=50
Output: /Users/labbaf/Documents/NN_Explainability/spexplain/neuron-activation/spexplain/data/neuron_activations/mnist/cnn-bench/NS4.txt

sample [1/100] orig=5 cf=3 -- 1767/1992 neurons fixed across 5 layer(s)
sample [2/100] orig=0 cf=4 -- 1600/1992 neurons fixed across 5 layer(s)
sample [3/100] orig=4 cf=9 -- 1598/1992 neurons fixed across 5 layer(s)
sample [4/100] orig=1 cf=4 -- 1499/1992 neurons fixed across 5 layer(s)
sample [5/100] orig=9 cf=4 -- 1532/1992 neurons fixed across 5 layer(s)
sample [6/100] orig=2 cf=4 -- 1554/1992 neurons fixed across 5 layer(s)
sample [7/100] orig=1 cf=8 -- 1498/1992 neurons fixed across 5 layer(s)
sample [8/100] orig=3 cf=2 -- 1685/1992 neurons fixed across 5 layer(s)
sample [9/100] orig=1 cf=8 -- 1436/1992 neurons fixed across 5 layer(s)
sample [10/100] orig=4 cf=8 -- 1547/1992 neurons fixed across 5 layer(s)
sample [11/100] orig=3 cf=8 -- 1580/1992 neurons fixed across 5 layer(s)
sample [12/100] orig=5 cf=8 -- 1573/1992 neurons fixed across 5 layer(s)
sample [13/100] orig=3 cf=8 -- 1567/1992 neurons fixed across 5 layer(s)
sample [14/100] orig=6 cf=4 -- 1585/1992 neurons fixed across 5 layer(s)
sample [15/100] orig=1 cf=8 -- 1446/1992 neurons fixed across 5 layer(s)
sample [16/100] orig=7 cf=8 -- 1590/1992 neurons fixed across 5 layer(s)
sample [17/100] orig=2 cf=4 -- 1564/1992 neurons fixed across 5 layer(s)
sample [18/100] orig=8 cf=4 -- 1635/1992 neurons fixed across 5 layer(s)
sample [19/100] orig=6 cf=8 -- 1610/1992 neurons fixed across 5 layer(s)
sample [20/100] orig=9 cf=8 -- 1554/1992 neurons fixed across 5 layer(s)
sample [21/100] orig=4 cf=8 -- 1702/1992 neurons fixed across 5 layer(s)
sample [22/100] orig=0 cf=4 -- 1619/1992 neurons fixed across 5 layer(s)
sample [23/100] orig=9 cf=4 -- 1631/1992 neurons fixed across 5 layer(s)
sample [24/100] orig=1 cf=4 -- 1518/1992 neurons fixed across 5 layer(s)
sample [25/100] orig=1 cf=4 -- 1508/1992 neurons fixed across 5 layer(s)
sample [26/100] orig=2 cf=3 -- 1762/1992 neurons fixed across 5 layer(s)
sample [27/100] orig=4 cf=8 -- 1554/1992 neurons fixed across 5 layer(s)
sample [28/100] orig=3 cf=4 -- 1552/1992 neurons fixed across 5 layer(s)
sample [29/100] orig=2 cf=8 -- 1635/1992 neurons fixed across 5 layer(s)
sample [30/100] orig=7 cf=9 -- 1636/1992 neurons fixed across 5 layer(s)
sample [31/100] orig=3 cf=4 -- 1530/1992 neurons fixed across 5 layer(s)
sample [32/100] orig=8 cf=4 -- 1659/1992 neurons fixed across 5 layer(s)
sample [33/100] orig=6 cf=4 -- 1603/1992 neurons fixed across 5 layer(s)
sample [34/100] orig=9 cf=4 -- 1565/1992 neurons fixed across 5 layer(s)
sample [35/100] orig=0 cf=4 -- 1609/1992 neurons fixed across 5 layer(s)
sample [36/100] orig=5 cf=9 -- 1617/1992 neurons fixed across 5 layer(s)
sample [37/100] orig=6 cf=4 -- 1603/1992 neurons fixed across 5 layer(s)
sample [38/100] orig=0 cf=8 -- 1607/1992 neurons fixed across 5 layer(s)
sample [39/100] orig=7 cf=2 -- 1780/1992 neurons fixed across 5 layer(s)
sample [40/100] orig=6 cf=4 -- 1602/1992 neurons fixed across 5 layer(s)
sample [41/100] orig=1 cf=4 -- 1470/1992 neurons fixed across 5 layer(s)
sample [42/100] orig=8 cf=2 -- 1672/1992 neurons fixed across 5 layer(s)
sample [43/100] orig=7 cf=9 -- 1676/1992 neurons fixed across 5 layer(s)
sample [44/100] orig=9 cf=8 -- 1499/1992 neurons fixed across 5 layer(s)
sample [45/100] orig=3 cf=7 -- 1541/1992 neurons fixed across 5 layer(s)
sample [46/100] orig=9 cf=4 -- 1568/1992 neurons fixed across 5 layer(s)
sample [47/100] orig=8 cf=2 -- 1705/1992 neurons fixed across 5 layer(s)
sample [48/100] orig=5 cf=8 -- 1544/1992 neurons fixed across 5 layer(s)
sample [49/100] orig=9 cf=8 -- 1520/1992 neurons fixed across 5 layer(s)
sample [50/100] orig=3 cf=8 -- 1583/1992 neurons fixed across 5 layer(s)
sample [51/100] orig=3 cf=2 -- 1610/1992 neurons fixed across 5 layer(s)
sample [52/100] orig=0 cf=0 -- FAILED to find a counterfactual, skipping
sample [53/100] orig=7 cf=8 -- 1628/1992 neurons fixed across 5 layer(s)
sample [54/100] orig=4 cf=8 -- 1632/1992 neurons fixed across 5 layer(s)
sample [55/100] orig=9 cf=8 -- 1572/1992 neurons fixed across 5 layer(s)
sample [56/100] orig=8 cf=4 -- 1645/1992 neurons fixed across 5 layer(s)
sample [57/100] orig=0 cf=8 -- 1617/1992 neurons fixed across 5 layer(s)
sample [58/100] orig=9 cf=4 -- 1573/1992 neurons fixed across 5 layer(s)
sample [59/100] orig=4 cf=8 -- 1678/1992 neurons fixed across 5 layer(s)
sample [60/100] orig=1 cf=4 -- 1490/1992 neurons fixed across 5 layer(s)
sample [61/100] orig=4 cf=9 -- 1651/1992 neurons fixed across 5 layer(s)
sample [62/100] orig=4 cf=9 -- 1643/1992 neurons fixed across 5 layer(s)
sample [63/100] orig=6 cf=8 -- 1658/1992 neurons fixed across 5 layer(s)
sample [64/100] orig=0 cf=4 -- 1626/1992 neurons fixed across 5 layer(s)
sample [65/100] orig=4 cf=9 -- 1672/1992 neurons fixed across 5 layer(s)
sample [66/100] orig=5 cf=9 -- 1581/1992 neurons fixed across 5 layer(s)
sample [67/100] orig=6 cf=4 -- 1530/1992 neurons fixed across 5 layer(s)
sample [68/100] orig=1 cf=7 -- 1622/1992 neurons fixed across 5 layer(s)
sample [69/100] orig=0 cf=9 -- 1723/1992 neurons fixed across 5 layer(s)
sample [70/100] orig=0 cf=8 -- 1665/1992 neurons fixed across 5 layer(s)
sample [71/100] orig=1 cf=2 -- 1624/1992 neurons fixed across 5 layer(s)
sample [72/100] orig=7 cf=8 -- 1555/1992 neurons fixed across 5 layer(s)
sample [73/100] orig=1 cf=7 -- 1605/1992 neurons fixed across 5 layer(s)
sample [74/100] orig=6 cf=4 -- 1606/1992 neurons fixed across 5 layer(s)
sample [75/100] orig=3 cf=2 -- 1595/1992 neurons fixed across 5 layer(s)
sample [76/100] orig=0 cf=8 -- 1626/1992 neurons fixed across 5 layer(s)
sample [77/100] orig=2 cf=8 -- 1564/1992 neurons fixed across 5 layer(s)
sample [78/100] orig=1 cf=4 -- 1493/1992 neurons fixed across 5 layer(s)
sample [79/100] orig=1 cf=4 -- 1473/1992 neurons fixed across 5 layer(s)
sample [80/100] orig=7 cf=9 -- 1691/1992 neurons fixed across 5 layer(s)
sample [81/100] orig=8 cf=9 -- 1762/1992 neurons fixed across 5 layer(s)
sample [82/100] orig=0 cf=8 -- 1662/1992 neurons fixed across 5 layer(s)
sample [83/100] orig=2 cf=4 -- 1621/1992 neurons fixed across 5 layer(s)
sample [84/100] orig=6 cf=4 -- 1596/1992 neurons fixed across 5 layer(s)
sample [85/100] orig=7 cf=0 -- 1572/1992 neurons fixed across 5 layer(s)
sample [86/100] orig=8 cf=0 -- 1707/1992 neurons fixed across 5 layer(s)
sample [87/100] orig=3 cf=8 -- 1536/1992 neurons fixed across 5 layer(s)
sample [88/100] orig=9 cf=8 -- 1564/1992 neurons fixed across 5 layer(s)
sample [89/100] orig=0 cf=8 -- 1612/1992 neurons fixed across 5 layer(s)
sample [90/100] orig=4 cf=9 -- 1712/1992 neurons fixed across 5 layer(s)
sample [91/100] orig=6 cf=4 -- 1608/1992 neurons fixed across 5 layer(s)
sample [92/100] orig=7 cf=8 -- 1569/1992 neurons fixed across 5 layer(s)
sample [93/100] orig=4 cf=9 -- 1597/1992 neurons fixed across 5 layer(s)
sample [94/100] orig=6 cf=8 -- 1630/1992 neurons fixed across 5 layer(s)
sample [95/100] orig=8 cf=9 -- 1734/1992 neurons fixed across 5 layer(s)
sample [96/100] orig=0 cf=8 -- 1632/1992 neurons fixed across 5 layer(s)
sample [97/100] orig=7 cf=8 -- 1546/1992 neurons fixed across 5 layer(s)
sample [98/100] orig=8 cf=4 -- 1599/1992 neurons fixed across 5 layer(s)
sample [99/100] orig=3 cf=8 -- 1555/1992 neurons fixed across 5 layer(s)
sample [100/100] orig=1 cf=4 -- 1460/1992 neurons fixed across 5 layer(s)

99/100 samples written to /Users/labbaf/Documents/NN_Explainability/spexplain/neuron-activation/spexplain/data/neuron_activations/mnist/cnn-bench/NS4.txt (1 failed to produce a counterfactual)
