Model: /Users/labbaf/Documents/NN_Explainability/spexplain/neuron-activation/spexplain/data/models/mnist/cnn-bench/NS6.onnx
  input shape [1, 1, 28, 28], 784 features, 7 ReLU layer(s), 10-class
Dataset: /Users/labbaf/Documents/NN_Explainability/spexplain/neuron-activation/spexplain/data/datasets/mnist/mnist_s100_scaled.csv (100/100 samples)
PGD: epsilon-frac=0.1 step-frac=0.1 num-steps=50
Output: /Users/labbaf/Documents/NN_Explainability/spexplain/neuron-activation/spexplain/data/neuron_activations/mnist/cnn-bench/NS6.txt

sample [1/100] orig=5 cf=3 -- 2366/2672 neurons fixed across 7 layer(s)
sample [2/100] orig=0 cf=2 -- 2236/2672 neurons fixed across 7 layer(s)
sample [3/100] orig=4 cf=8 -- 2136/2672 neurons fixed across 7 layer(s)
sample [4/100] orig=1 cf=6 -- 2193/2672 neurons fixed across 7 layer(s)
sample [5/100] orig=9 cf=8 -- 2150/2672 neurons fixed across 7 layer(s)
sample [6/100] orig=2 cf=7 -- 2256/2672 neurons fixed across 7 layer(s)
sample [7/100] orig=1 cf=8 -- 2126/2672 neurons fixed across 7 layer(s)
sample [8/100] orig=3 cf=9 -- 2285/2672 neurons fixed across 7 layer(s)
sample [9/100] orig=1 cf=4 -- 2140/2672 neurons fixed across 7 layer(s)
sample [10/100] orig=4 cf=8 -- 2109/2672 neurons fixed across 7 layer(s)
sample [11/100] orig=3 cf=9 -- 2253/2672 neurons fixed across 7 layer(s)
sample [12/100] orig=5 cf=6 -- 2211/2672 neurons fixed across 7 layer(s)
sample [13/100] orig=3 cf=3 -- FAILED to find a counterfactual, skipping
sample [14/100] orig=6 cf=4 -- 2157/2672 neurons fixed across 7 layer(s)
sample [15/100] orig=1 cf=4 -- 2140/2672 neurons fixed across 7 layer(s)
sample [16/100] orig=7 cf=3 -- 2253/2672 neurons fixed across 7 layer(s)
sample [17/100] orig=2 cf=7 -- 2157/2672 neurons fixed across 7 layer(s)
sample [18/100] orig=8 cf=0 -- 2251/2672 neurons fixed across 7 layer(s)
sample [19/100] orig=6 cf=5 -- 2252/2672 neurons fixed across 7 layer(s)
sample [20/100] orig=9 cf=8 -- 2225/2672 neurons fixed across 7 layer(s)
sample [21/100] orig=4 cf=7 -- 2259/2672 neurons fixed across 7 layer(s)
sample [22/100] orig=0 cf=9 -- 2410/2672 neurons fixed across 7 layer(s)
sample [23/100] orig=9 cf=4 -- 2214/2672 neurons fixed across 7 layer(s)
sample [24/100] orig=1 cf=4 -- 2135/2672 neurons fixed across 7 layer(s)
sample [25/100] orig=1 cf=2 -- 2280/2672 neurons fixed across 7 layer(s)
sample [26/100] orig=2 cf=3 -- 2309/2672 neurons fixed across 7 layer(s)
sample [27/100] orig=4 cf=9 -- 2259/2672 neurons fixed across 7 layer(s)
sample [28/100] orig=3 cf=2 -- 2229/2672 neurons fixed across 7 layer(s)
sample [29/100] orig=2 cf=0 -- 2220/2672 neurons fixed across 7 layer(s)
sample [30/100] orig=7 cf=3 -- 2209/2672 neurons fixed across 7 layer(s)
sample [31/100] orig=3 cf=8 -- 2185/2672 neurons fixed across 7 layer(s)
sample [32/100] orig=8 cf=0 -- 2184/2672 neurons fixed across 7 layer(s)
sample [33/100] orig=6 cf=8 -- 2052/2672 neurons fixed across 7 layer(s)
sample [34/100] orig=9 cf=7 -- 2240/2672 neurons fixed across 7 layer(s)
sample [35/100] orig=0 cf=4 -- 2179/2672 neurons fixed across 7 layer(s)
sample [36/100] orig=5 cf=9 -- 2221/2672 neurons fixed across 7 layer(s)
sample [37/100] orig=6 cf=4 -- 2146/2672 neurons fixed across 7 layer(s)
sample [38/100] orig=0 cf=4 -- 2222/2672 neurons fixed across 7 layer(s)
sample [39/100] orig=7 cf=4 -- 2212/2672 neurons fixed across 7 layer(s)
sample [40/100] orig=6 cf=4 -- 2284/2672 neurons fixed across 7 layer(s)
sample [41/100] orig=1 cf=4 -- 2202/2672 neurons fixed across 7 layer(s)
sample [42/100] orig=8 cf=3 -- 2364/2672 neurons fixed across 7 layer(s)
sample [43/100] orig=7 cf=1 -- 2324/2672 neurons fixed across 7 layer(s)
sample [44/100] orig=9 cf=8 -- 2176/2672 neurons fixed across 7 layer(s)
sample [45/100] orig=3 cf=7 -- 2123/2672 neurons fixed across 7 layer(s)
sample [46/100] orig=9 cf=8 -- 2079/2672 neurons fixed across 7 layer(s)
sample [47/100] orig=8 cf=2 -- 2282/2672 neurons fixed across 7 layer(s)
sample [48/100] orig=5 cf=8 -- 2208/2672 neurons fixed across 7 layer(s)
sample [49/100] orig=9 cf=1 -- 2172/2672 neurons fixed across 7 layer(s)
sample [50/100] orig=3 cf=5 -- 2208/2672 neurons fixed across 7 layer(s)
sample [51/100] orig=3 cf=5 -- 2146/2672 neurons fixed across 7 layer(s)
sample [52/100] orig=0 cf=0 -- FAILED to find a counterfactual, skipping
sample [53/100] orig=7 cf=8 -- 2192/2672 neurons fixed across 7 layer(s)
sample [54/100] orig=4 cf=8 -- 2180/2672 neurons fixed across 7 layer(s)
sample [55/100] orig=9 cf=8 -- 2215/2672 neurons fixed across 7 layer(s)
sample [56/100] orig=8 cf=3 -- 2323/2672 neurons fixed across 7 layer(s)
sample [57/100] orig=0 cf=0 -- FAILED to find a counterfactual, skipping
sample [58/100] orig=9 cf=8 -- 2150/2672 neurons fixed across 7 layer(s)
sample [59/100] orig=4 cf=8 -- 2223/2672 neurons fixed across 7 layer(s)
sample [60/100] orig=1 cf=6 -- 2177/2672 neurons fixed across 7 layer(s)
sample [61/100] orig=4 cf=0 -- 2303/2672 neurons fixed across 7 layer(s)
sample [62/100] orig=4 cf=6 -- 2149/2672 neurons fixed across 7 layer(s)
sample [63/100] orig=6 cf=8 -- 2160/2672 neurons fixed across 7 layer(s)
sample [64/100] orig=0 cf=8 -- 2366/2672 neurons fixed across 7 layer(s)
sample [65/100] orig=4 cf=9 -- 2343/2672 neurons fixed across 7 layer(s)
sample [66/100] orig=5 cf=8 -- 2230/2672 neurons fixed across 7 layer(s)
sample [67/100] orig=6 cf=8 -- 2048/2672 neurons fixed across 7 layer(s)
sample [68/100] orig=1 cf=8 -- 2169/2672 neurons fixed across 7 layer(s)
sample [69/100] orig=0 cf=5 -- 2220/2672 neurons fixed across 7 layer(s)
sample [70/100] orig=0 cf=2 -- 2360/2672 neurons fixed across 7 layer(s)
sample [71/100] orig=1 cf=2 -- 2294/2672 neurons fixed across 7 layer(s)
sample [72/100] orig=7 cf=4 -- 2247/2672 neurons fixed across 7 layer(s)
sample [73/100] orig=1 cf=4 -- 1996/2672 neurons fixed across 7 layer(s)
sample [74/100] orig=6 cf=2 -- 2148/2672 neurons fixed across 7 layer(s)
sample [75/100] orig=3 cf=9 -- 2181/2672 neurons fixed across 7 layer(s)
sample [76/100] orig=0 cf=2 -- 2314/2672 neurons fixed across 7 layer(s)
sample [77/100] orig=2 cf=3 -- 2180/2672 neurons fixed across 7 layer(s)
sample [78/100] orig=1 cf=4 -- 2139/2672 neurons fixed across 7 layer(s)
sample [79/100] orig=1 cf=4 -- 2199/2672 neurons fixed across 7 layer(s)
sample [80/100] orig=7 cf=4 -- 2278/2672 neurons fixed across 7 layer(s)
sample [81/100] orig=8 cf=9 -- 2418/2672 neurons fixed across 7 layer(s)
sample [82/100] orig=0 cf=2 -- 2315/2672 neurons fixed across 7 layer(s)
sample [83/100] orig=2 cf=0 -- 2184/2672 neurons fixed across 7 layer(s)
sample [84/100] orig=6 cf=4 -- 2173/2672 neurons fixed across 7 layer(s)
sample [85/100] orig=7 cf=2 -- 2256/2672 neurons fixed across 7 layer(s)
sample [86/100] orig=8 cf=2 -- 2316/2672 neurons fixed across 7 layer(s)
sample [87/100] orig=3 cf=1 -- 2268/2672 neurons fixed across 7 layer(s)
sample [88/100] orig=9 cf=4 -- 2215/2672 neurons fixed across 7 layer(s)
sample [89/100] orig=0 cf=8 -- 2302/2672 neurons fixed across 7 layer(s)
sample [90/100] orig=4 cf=6 -- 2141/2672 neurons fixed across 7 layer(s)
sample [91/100] orig=6 cf=4 -- 2129/2672 neurons fixed across 7 layer(s)
sample [92/100] orig=7 cf=3 -- 2244/2672 neurons fixed across 7 layer(s)
sample [93/100] orig=4 cf=8 -- 2160/2672 neurons fixed across 7 layer(s)
sample [94/100] orig=6 cf=8 -- 2136/2672 neurons fixed across 7 layer(s)
sample [95/100] orig=8 cf=9 -- 2385/2672 neurons fixed across 7 layer(s)
sample [96/100] orig=0 cf=2 -- 2289/2672 neurons fixed across 7 layer(s)
sample [97/100] orig=7 cf=8 -- 2249/2672 neurons fixed across 7 layer(s)
sample [98/100] orig=8 cf=0 -- 2222/2672 neurons fixed across 7 layer(s)
sample [99/100] orig=3 cf=9 -- 2220/2672 neurons fixed across 7 layer(s)
sample [100/100] orig=1 cf=4 -- 2105/2672 neurons fixed across 7 layer(s)

97/100 samples written to /Users/labbaf/Documents/NN_Explainability/spexplain/neuron-activation/spexplain/data/neuron_activations/mnist/cnn-bench/NS6.txt (3 failed to produce a counterfactual)
