Model: /Users/labbaf/Documents/NN_Explainability/spexplain/neuron-activation/spexplain/data/models/mnist/cnn-bench/P1.onnx
  input shape [1, 1, 28, 28], 784 features, 2 ReLU layer(s), 10-class
Dataset: /Users/labbaf/Documents/NN_Explainability/spexplain/neuron-activation/spexplain/data/datasets/mnist/mnist_s100_scaled.csv (100/100 samples)
PGD: epsilon-frac=0.1 step-frac=0.1 num-steps=50
Output: /Users/labbaf/Documents/NN_Explainability/spexplain/neuron-activation/spexplain/data/neuron_activations/mnist/cnn-bench/P1.txt

sample [1/100] orig=5 cf=8 -- 1276/1600 neurons fixed across 2 layer(s)
sample [2/100] orig=0 cf=8 -- 1292/1600 neurons fixed across 2 layer(s)
sample [3/100] orig=4 cf=9 -- 1264/1600 neurons fixed across 2 layer(s)
sample [4/100] orig=1 cf=8 -- 1185/1600 neurons fixed across 2 layer(s)
sample [5/100] orig=9 cf=8 -- 1237/1600 neurons fixed across 2 layer(s)
sample [6/100] orig=2 cf=8 -- 1261/1600 neurons fixed across 2 layer(s)
sample [7/100] orig=1 cf=8 -- 1192/1600 neurons fixed across 2 layer(s)
sample [8/100] orig=3 cf=2 -- 1303/1600 neurons fixed across 2 layer(s)
sample [9/100] orig=1 cf=8 -- 1177/1600 neurons fixed across 2 layer(s)
sample [10/100] orig=4 cf=8 -- 1289/1600 neurons fixed across 2 layer(s)
sample [11/100] orig=3 cf=8 -- 1268/1600 neurons fixed across 2 layer(s)
sample [12/100] orig=5 cf=8 -- 1233/1600 neurons fixed across 2 layer(s)
sample [13/100] orig=3 cf=2 -- 1327/1600 neurons fixed across 2 layer(s)
sample [14/100] orig=6 cf=8 -- 1282/1600 neurons fixed across 2 layer(s)
sample [15/100] orig=1 cf=2 -- 1210/1600 neurons fixed across 2 layer(s)
sample [16/100] orig=7 cf=8 -- 1235/1600 neurons fixed across 2 layer(s)
sample [17/100] orig=2 cf=8 -- 1259/1600 neurons fixed across 2 layer(s)
sample [18/100] orig=8 cf=2 -- 1286/1600 neurons fixed across 2 layer(s)
sample [19/100] orig=6 cf=3 -- 1256/1600 neurons fixed across 2 layer(s)
sample [20/100] orig=9 cf=8 -- 1213/1600 neurons fixed across 2 layer(s)
sample [21/100] orig=4 cf=8 -- 1306/1600 neurons fixed across 2 layer(s)
sample [22/100] orig=0 cf=8 -- 1315/1600 neurons fixed across 2 layer(s)
sample [23/100] orig=9 cf=4 -- 1229/1600 neurons fixed across 2 layer(s)
sample [24/100] orig=1 cf=8 -- 1201/1600 neurons fixed across 2 layer(s)
sample [25/100] orig=2 cf=3 -- 1285/1600 neurons fixed across 2 layer(s)
sample [26/100] orig=2 cf=3 -- 1347/1600 neurons fixed across 2 layer(s)
sample [27/100] orig=4 cf=9 -- 1239/1600 neurons fixed across 2 layer(s)
sample [28/100] orig=3 cf=2 -- 1335/1600 neurons fixed across 2 layer(s)
sample [29/100] orig=2 cf=7 -- 1321/1600 neurons fixed across 2 layer(s)
sample [30/100] orig=7 cf=9 -- 1205/1600 neurons fixed across 2 layer(s)
sample [31/100] orig=3 cf=8 -- 1254/1600 neurons fixed across 2 layer(s)
sample [32/100] orig=8 cf=9 -- 1274/1600 neurons fixed across 2 layer(s)
sample [33/100] orig=6 cf=2 -- 1258/1600 neurons fixed across 2 layer(s)
sample [34/100] orig=9 cf=8 -- 1245/1600 neurons fixed across 2 layer(s)
sample [35/100] orig=0 cf=8 -- 1270/1600 neurons fixed across 2 layer(s)
sample [36/100] orig=5 cf=2 -- 1240/1600 neurons fixed across 2 layer(s)
sample [37/100] orig=6 cf=4 -- 1248/1600 neurons fixed across 2 layer(s)
sample [38/100] orig=0 cf=8 -- 1303/1600 neurons fixed across 2 layer(s)
sample [39/100] orig=2 cf=7 -- 1264/1600 neurons fixed across 2 layer(s)
sample [40/100] orig=6 cf=4 -- 1264/1600 neurons fixed across 2 layer(s)
sample [41/100] orig=1 cf=7 -- 1199/1600 neurons fixed across 2 layer(s)
sample [42/100] orig=8 cf=2 -- 1292/1600 neurons fixed across 2 layer(s)
sample [43/100] orig=7 cf=3 -- 1181/1600 neurons fixed across 2 layer(s)
sample [44/100] orig=9 cf=8 -- 1224/1600 neurons fixed across 2 layer(s)
sample [45/100] orig=3 cf=7 -- 1264/1600 neurons fixed across 2 layer(s)
sample [46/100] orig=9 cf=8 -- 1235/1600 neurons fixed across 2 layer(s)
sample [47/100] orig=8 cf=2 -- 1277/1600 neurons fixed across 2 layer(s)
sample [48/100] orig=5 cf=8 -- 1257/1600 neurons fixed across 2 layer(s)
sample [49/100] orig=9 cf=5 -- 1257/1600 neurons fixed across 2 layer(s)
sample [50/100] orig=3 cf=5 -- 1325/1600 neurons fixed across 2 layer(s)
sample [51/100] orig=3 cf=2 -- 1255/1600 neurons fixed across 2 layer(s)
sample [52/100] orig=0 cf=2 -- 1326/1600 neurons fixed across 2 layer(s)
sample [53/100] orig=7 cf=8 -- 1256/1600 neurons fixed across 2 layer(s)
sample [54/100] orig=4 cf=7 -- 1266/1600 neurons fixed across 2 layer(s)
sample [55/100] orig=9 cf=4 -- 1252/1600 neurons fixed across 2 layer(s)
sample [56/100] orig=8 cf=9 -- 1297/1600 neurons fixed across 2 layer(s)
sample [57/100] orig=0 cf=8 -- 1306/1600 neurons fixed across 2 layer(s)
sample [58/100] orig=9 cf=8 -- 1223/1600 neurons fixed across 2 layer(s)
sample [59/100] orig=4 cf=9 -- 1310/1600 neurons fixed across 2 layer(s)
sample [60/100] orig=1 cf=8 -- 1192/1600 neurons fixed across 2 layer(s)
sample [61/100] orig=4 cf=0 -- 1288/1600 neurons fixed across 2 layer(s)
sample [62/100] orig=4 cf=9 -- 1256/1600 neurons fixed across 2 layer(s)
sample [63/100] orig=6 cf=8 -- 1249/1600 neurons fixed across 2 layer(s)
sample [64/100] orig=0 cf=8 -- 1318/1600 neurons fixed across 2 layer(s)
sample [65/100] orig=4 cf=6 -- 1304/1600 neurons fixed across 2 layer(s)
sample [66/100] orig=5 cf=8 -- 1245/1600 neurons fixed across 2 layer(s)
sample [67/100] orig=6 cf=2 -- 1296/1600 neurons fixed across 2 layer(s)
sample [68/100] orig=1 cf=9 -- 1235/1600 neurons fixed across 2 layer(s)
sample [69/100] orig=0 cf=8 -- 1278/1600 neurons fixed across 2 layer(s)
sample [70/100] orig=0 cf=8 -- 1304/1600 neurons fixed across 2 layer(s)
sample [71/100] orig=1 cf=6 -- 1209/1600 neurons fixed across 2 layer(s)
sample [72/100] orig=7 cf=8 -- 1240/1600 neurons fixed across 2 layer(s)
sample [73/100] orig=1 cf=8 -- 1169/1600 neurons fixed across 2 layer(s)
sample [74/100] orig=6 cf=4 -- 1265/1600 neurons fixed across 2 layer(s)
sample [75/100] orig=3 cf=8 -- 1256/1600 neurons fixed across 2 layer(s)
sample [76/100] orig=0 cf=8 -- 1288/1600 neurons fixed across 2 layer(s)
sample [77/100] orig=2 cf=3 -- 1269/1600 neurons fixed across 2 layer(s)
sample [78/100] orig=1 cf=8 -- 1189/1600 neurons fixed across 2 layer(s)
sample [79/100] orig=1 cf=2 -- 1241/1600 neurons fixed across 2 layer(s)
sample [80/100] orig=7 cf=9 -- 1248/1600 neurons fixed across 2 layer(s)
sample [81/100] orig=8 cf=5 -- 1306/1600 neurons fixed across 2 layer(s)
sample [82/100] orig=0 cf=8 -- 1283/1600 neurons fixed across 2 layer(s)
sample [83/100] orig=2 cf=8 -- 1286/1600 neurons fixed across 2 layer(s)
sample [84/100] orig=6 cf=0 -- 1294/1600 neurons fixed across 2 layer(s)
sample [85/100] orig=7 cf=8 -- 1218/1600 neurons fixed across 2 layer(s)
sample [86/100] orig=8 cf=2 -- 1298/1600 neurons fixed across 2 layer(s)
sample [87/100] orig=3 cf=7 -- 1286/1600 neurons fixed across 2 layer(s)
sample [88/100] orig=9 cf=8 -- 1263/1600 neurons fixed across 2 layer(s)
sample [89/100] orig=0 cf=8 -- 1301/1600 neurons fixed across 2 layer(s)
sample [90/100] orig=4 cf=3 -- 1291/1600 neurons fixed across 2 layer(s)
sample [91/100] orig=6 cf=9 -- 1282/1600 neurons fixed across 2 layer(s)
sample [92/100] orig=7 cf=3 -- 1259/1600 neurons fixed across 2 layer(s)
sample [93/100] orig=4 cf=9 -- 1245/1600 neurons fixed across 2 layer(s)
sample [94/100] orig=6 cf=8 -- 1250/1600 neurons fixed across 2 layer(s)
sample [95/100] orig=8 cf=3 -- 1285/1600 neurons fixed across 2 layer(s)
sample [96/100] orig=0 cf=8 -- 1291/1600 neurons fixed across 2 layer(s)
sample [97/100] orig=7 cf=8 -- 1222/1600 neurons fixed across 2 layer(s)
sample [98/100] orig=8 cf=2 -- 1296/1600 neurons fixed across 2 layer(s)
sample [99/100] orig=3 cf=8 -- 1260/1600 neurons fixed across 2 layer(s)
sample [100/100] orig=1 cf=8 -- 1176/1600 neurons fixed across 2 layer(s)

100/100 samples written to /Users/labbaf/Documents/NN_Explainability/spexplain/neuron-activation/spexplain/data/neuron_activations/mnist/cnn-bench/P1.txt (0 failed to produce a counterfactual)
