Model: /Users/labbaf/Documents/NN_Explainability/spexplain/neuron-activation/spexplain/data/models/mnist/cnn-bench/P2.onnx
  input shape [1, 1, 28, 28], 784 features, 3 ReLU layer(s), 10-class
Dataset: /Users/labbaf/Documents/NN_Explainability/spexplain/neuron-activation/spexplain/data/datasets/mnist/mnist_s100_scaled.csv (100/100 samples)
PGD: epsilon-frac=0.1 step-frac=0.1 num-steps=50
Output: /Users/labbaf/Documents/NN_Explainability/spexplain/neuron-activation/spexplain/data/neuron_activations/mnist/cnn-bench/P2.txt

sample [1/100] orig=5 cf=8 -- 441/568 neurons fixed across 3 layer(s)
sample [2/100] orig=0 cf=6 -- 450/568 neurons fixed across 3 layer(s)
sample [3/100] orig=4 cf=0 -- 425/568 neurons fixed across 3 layer(s)
sample [4/100] orig=1 cf=8 -- 401/568 neurons fixed across 3 layer(s)
sample [5/100] orig=9 cf=4 -- 439/568 neurons fixed across 3 layer(s)
sample [6/100] orig=2 cf=8 -- 417/568 neurons fixed across 3 layer(s)
sample [7/100] orig=1 cf=2 -- 415/568 neurons fixed across 3 layer(s)
sample [8/100] orig=3 cf=8 -- 435/568 neurons fixed across 3 layer(s)
sample [9/100] orig=1 cf=8 -- 386/568 neurons fixed across 3 layer(s)
sample [10/100] orig=4 cf=7 -- 442/568 neurons fixed across 3 layer(s)
sample [11/100] orig=3 cf=8 -- 424/568 neurons fixed across 3 layer(s)
sample [12/100] orig=5 cf=8 -- 419/568 neurons fixed across 3 layer(s)
sample [13/100] orig=3 cf=8 -- 439/568 neurons fixed across 3 layer(s)
sample [14/100] orig=6 cf=8 -- 443/568 neurons fixed across 3 layer(s)
sample [15/100] orig=1 cf=7 -- 405/568 neurons fixed across 3 layer(s)
sample [16/100] orig=7 cf=9 -- 429/568 neurons fixed across 3 layer(s)
sample [17/100] orig=2 cf=3 -- 448/568 neurons fixed across 3 layer(s)
sample [18/100] orig=8 cf=2 -- 446/568 neurons fixed across 3 layer(s)
sample [19/100] orig=6 cf=3 -- 416/568 neurons fixed across 3 layer(s)
sample [20/100] orig=9 cf=8 -- 424/568 neurons fixed across 3 layer(s)
sample [21/100] orig=4 cf=2 -- 456/568 neurons fixed across 3 layer(s)
sample [22/100] orig=0 cf=5 -- 457/568 neurons fixed across 3 layer(s)
sample [23/100] orig=9 cf=4 -- 440/568 neurons fixed across 3 layer(s)
sample [24/100] orig=1 cf=8 -- 414/568 neurons fixed across 3 layer(s)
sample [25/100] orig=1 cf=3 -- 441/568 neurons fixed across 3 layer(s)
sample [26/100] orig=2 cf=3 -- 476/568 neurons fixed across 3 layer(s)
sample [27/100] orig=4 cf=7 -- 430/568 neurons fixed across 3 layer(s)
sample [28/100] orig=3 cf=9 -- 465/568 neurons fixed across 3 layer(s)
sample [29/100] orig=2 cf=7 -- 467/568 neurons fixed across 3 layer(s)
sample [30/100] orig=7 cf=9 -- 432/568 neurons fixed across 3 layer(s)
sample [31/100] orig=3 cf=8 -- 426/568 neurons fixed across 3 layer(s)
sample [32/100] orig=8 cf=2 -- 447/568 neurons fixed across 3 layer(s)
sample [33/100] orig=6 cf=8 -- 416/568 neurons fixed across 3 layer(s)
sample [34/100] orig=9 cf=7 -- 431/568 neurons fixed across 3 layer(s)
sample [35/100] orig=0 cf=8 -- 433/568 neurons fixed across 3 layer(s)
sample [36/100] orig=5 cf=2 -- 423/568 neurons fixed across 3 layer(s)
sample [37/100] orig=6 cf=3 -- 427/568 neurons fixed across 3 layer(s)
sample [38/100] orig=0 cf=8 -- 443/568 neurons fixed across 3 layer(s)
sample [39/100] orig=7 cf=2 -- 452/568 neurons fixed across 3 layer(s)
sample [40/100] orig=6 cf=9 -- 419/568 neurons fixed across 3 layer(s)
sample [41/100] orig=1 cf=7 -- 425/568 neurons fixed across 3 layer(s)
sample [42/100] orig=8 cf=3 -- 446/568 neurons fixed across 3 layer(s)
sample [43/100] orig=7 cf=9 -- 418/568 neurons fixed across 3 layer(s)
sample [44/100] orig=9 cf=8 -- 424/568 neurons fixed across 3 layer(s)
sample [45/100] orig=3 cf=7 -- 448/568 neurons fixed across 3 layer(s)
sample [46/100] orig=9 cf=7 -- 441/568 neurons fixed across 3 layer(s)
sample [47/100] orig=8 cf=3 -- 446/568 neurons fixed across 3 layer(s)
sample [48/100] orig=5 cf=8 -- 424/568 neurons fixed across 3 layer(s)
sample [49/100] orig=9 cf=5 -- 425/568 neurons fixed across 3 layer(s)
sample [50/100] orig=3 cf=5 -- 444/568 neurons fixed across 3 layer(s)
sample [51/100] orig=3 cf=2 -- 438/568 neurons fixed across 3 layer(s)
sample [52/100] orig=0 cf=5 -- 463/568 neurons fixed across 3 layer(s)
sample [53/100] orig=7 cf=8 -- 417/568 neurons fixed across 3 layer(s)
sample [54/100] orig=4 cf=8 -- 406/568 neurons fixed across 3 layer(s)
sample [55/100] orig=9 cf=4 -- 465/568 neurons fixed across 3 layer(s)
sample [56/100] orig=8 cf=0 -- 459/568 neurons fixed across 3 layer(s)
sample [57/100] orig=0 cf=8 -- 456/568 neurons fixed across 3 layer(s)
sample [58/100] orig=9 cf=4 -- 425/568 neurons fixed across 3 layer(s)
sample [59/100] orig=4 cf=8 -- 445/568 neurons fixed across 3 layer(s)
sample [60/100] orig=1 cf=8 -- 399/568 neurons fixed across 3 layer(s)
sample [61/100] orig=4 cf=9 -- 451/568 neurons fixed across 3 layer(s)
sample [62/100] orig=4 cf=7 -- 429/568 neurons fixed across 3 layer(s)
sample [63/100] orig=6 cf=8 -- 438/568 neurons fixed across 3 layer(s)
sample [64/100] orig=0 cf=8 -- 457/568 neurons fixed across 3 layer(s)
sample [65/100] orig=4 cf=3 -- 442/568 neurons fixed across 3 layer(s)
sample [66/100] orig=5 cf=8 -- 408/568 neurons fixed across 3 layer(s)
sample [67/100] orig=6 cf=8 -- 448/568 neurons fixed across 3 layer(s)
sample [68/100] orig=1 cf=9 -- 421/568 neurons fixed across 3 layer(s)
sample [69/100] orig=0 cf=5 -- 463/568 neurons fixed across 3 layer(s)
sample [70/100] orig=0 cf=8 -- 454/568 neurons fixed across 3 layer(s)
sample [71/100] orig=1 cf=2 -- 441/568 neurons fixed across 3 layer(s)
sample [72/100] orig=7 cf=2 -- 430/568 neurons fixed across 3 layer(s)
sample [73/100] orig=1 cf=7 -- 412/568 neurons fixed across 3 layer(s)
sample [74/100] orig=6 cf=8 -- 433/568 neurons fixed across 3 layer(s)
sample [75/100] orig=3 cf=2 -- 451/568 neurons fixed across 3 layer(s)
sample [76/100] orig=0 cf=8 -- 440/568 neurons fixed across 3 layer(s)
sample [77/100] orig=2 cf=8 -- 441/568 neurons fixed across 3 layer(s)
sample [78/100] orig=1 cf=8 -- 422/568 neurons fixed across 3 layer(s)
sample [79/100] orig=1 cf=9 -- 421/568 neurons fixed across 3 layer(s)
sample [80/100] orig=7 cf=9 -- 436/568 neurons fixed across 3 layer(s)
sample [81/100] orig=8 cf=3 -- 465/568 neurons fixed across 3 layer(s)
sample [82/100] orig=0 cf=7 -- 449/568 neurons fixed across 3 layer(s)
sample [83/100] orig=2 cf=5 -- 449/568 neurons fixed across 3 layer(s)
sample [84/100] orig=6 cf=0 -- 456/568 neurons fixed across 3 layer(s)
sample [85/100] orig=7 cf=8 -- 414/568 neurons fixed across 3 layer(s)
sample [86/100] orig=8 cf=9 -- 458/568 neurons fixed across 3 layer(s)
sample [87/100] orig=3 cf=8 -- 420/568 neurons fixed across 3 layer(s)
sample [88/100] orig=9 cf=8 -- 434/568 neurons fixed across 3 layer(s)
sample [89/100] orig=0 cf=9 -- 461/568 neurons fixed across 3 layer(s)
sample [90/100] orig=4 cf=8 -- 411/568 neurons fixed across 3 layer(s)
sample [91/100] orig=6 cf=8 -- 452/568 neurons fixed across 3 layer(s)
sample [92/100] orig=7 cf=9 -- 435/568 neurons fixed across 3 layer(s)
sample [93/100] orig=4 cf=3 -- 406/568 neurons fixed across 3 layer(s)
sample [94/100] orig=6 cf=8 -- 446/568 neurons fixed across 3 layer(s)
sample [95/100] orig=8 cf=9 -- 452/568 neurons fixed across 3 layer(s)
sample [96/100] orig=0 cf=8 -- 453/568 neurons fixed across 3 layer(s)
sample [97/100] orig=7 cf=9 -- 424/568 neurons fixed across 3 layer(s)
sample [98/100] orig=8 cf=3 -- 460/568 neurons fixed across 3 layer(s)
sample [99/100] orig=3 cf=9 -- 417/568 neurons fixed across 3 layer(s)
sample [100/100] orig=1 cf=8 -- 398/568 neurons fixed across 3 layer(s)

100/100 samples written to /Users/labbaf/Documents/NN_Explainability/spexplain/neuron-activation/spexplain/data/neuron_activations/mnist/cnn-bench/P2.txt (0 failed to produce a counterfactual)
