Model: /Users/labbaf/Documents/NN_Explainability/spexplain/neuron-activation/spexplain/data/models/mnist/cnn-bench/P3.onnx
  input shape [1, 1, 28, 28], 784 features, 4 ReLU layer(s), 10-class
Dataset: /Users/labbaf/Documents/NN_Explainability/spexplain/neuron-activation/spexplain/data/datasets/mnist/mnist_s100_scaled.csv (100/100 samples)
PGD: epsilon-frac=0.1 step-frac=0.1 num-steps=50
Output: /Users/labbaf/Documents/NN_Explainability/spexplain/neuron-activation/spexplain/data/neuron_activations/mnist/cnn-bench/P3.txt

sample [1/100] orig=5 cf=8 -- 2493/3168 neurons fixed across 4 layer(s)
sample [2/100] orig=0 cf=8 -- 2454/3168 neurons fixed across 4 layer(s)
sample [3/100] orig=4 cf=9 -- 2480/3168 neurons fixed across 4 layer(s)
sample [4/100] orig=1 cf=8 -- 2355/3168 neurons fixed across 4 layer(s)
sample [5/100] orig=9 cf=8 -- 2471/3168 neurons fixed across 4 layer(s)
sample [6/100] orig=2 cf=8 -- 2481/3168 neurons fixed across 4 layer(s)
sample [7/100] orig=1 cf=8 -- 2368/3168 neurons fixed across 4 layer(s)
sample [8/100] orig=3 cf=9 -- 2556/3168 neurons fixed across 4 layer(s)
sample [9/100] orig=1 cf=8 -- 2272/3168 neurons fixed across 4 layer(s)
sample [10/100] orig=4 cf=8 -- 2452/3168 neurons fixed across 4 layer(s)
sample [11/100] orig=3 cf=9 -- 2526/3168 neurons fixed across 4 layer(s)
sample [12/100] orig=5 cf=8 -- 2352/3168 neurons fixed across 4 layer(s)
sample [13/100] orig=3 cf=9 -- 2573/3168 neurons fixed across 4 layer(s)
sample [14/100] orig=6 cf=8 -- 2499/3168 neurons fixed across 4 layer(s)
sample [15/100] orig=1 cf=8 -- 2333/3168 neurons fixed across 4 layer(s)
sample [16/100] orig=7 cf=9 -- 2510/3168 neurons fixed across 4 layer(s)
sample [17/100] orig=2 cf=9 -- 2498/3168 neurons fixed across 4 layer(s)
sample [18/100] orig=8 cf=2 -- 2547/3168 neurons fixed across 4 layer(s)
sample [19/100] orig=6 cf=5 -- 2458/3168 neurons fixed across 4 layer(s)
sample [20/100] orig=9 cf=8 -- 2383/3168 neurons fixed across 4 layer(s)
sample [21/100] orig=4 cf=1 -- 2581/3168 neurons fixed across 4 layer(s)
sample [22/100] orig=0 cf=8 -- 2544/3168 neurons fixed across 4 layer(s)
sample [23/100] orig=9 cf=8 -- 2407/3168 neurons fixed across 4 layer(s)
sample [24/100] orig=1 cf=8 -- 2336/3168 neurons fixed across 4 layer(s)
sample [25/100] orig=1 cf=2 -- 2502/3168 neurons fixed across 4 layer(s)
sample [26/100] orig=2 cf=3 -- 2665/3168 neurons fixed across 4 layer(s)
sample [27/100] orig=4 cf=8 -- 2320/3168 neurons fixed across 4 layer(s)
sample [28/100] orig=3 cf=8 -- 2617/3168 neurons fixed across 4 layer(s)
sample [29/100] orig=2 cf=7 -- 2657/3168 neurons fixed across 4 layer(s)
sample [30/100] orig=7 cf=9 -- 2451/3168 neurons fixed across 4 layer(s)
sample [31/100] orig=3 cf=8 -- 2483/3168 neurons fixed across 4 layer(s)
sample [32/100] orig=8 cf=5 -- 2599/3168 neurons fixed across 4 layer(s)
sample [33/100] orig=6 cf=5 -- 2513/3168 neurons fixed across 4 layer(s)
sample [34/100] orig=9 cf=8 -- 2438/3168 neurons fixed across 4 layer(s)
sample [35/100] orig=0 cf=8 -- 2481/3168 neurons fixed across 4 layer(s)
sample [36/100] orig=5 cf=8 -- 2378/3168 neurons fixed across 4 layer(s)
sample [37/100] orig=6 cf=8 -- 2451/3168 neurons fixed across 4 layer(s)
sample [38/100] orig=0 cf=8 -- 2505/3168 neurons fixed across 4 layer(s)
sample [39/100] orig=7 cf=2 -- 2524/3168 neurons fixed across 4 layer(s)
sample [40/100] orig=6 cf=4 -- 2496/3168 neurons fixed across 4 layer(s)
sample [41/100] orig=1 cf=9 -- 2345/3168 neurons fixed across 4 layer(s)
sample [42/100] orig=8 cf=2 -- 2580/3168 neurons fixed across 4 layer(s)
sample [43/100] orig=7 cf=8 -- 2259/3168 neurons fixed across 4 layer(s)
sample [44/100] orig=9 cf=8 -- 2431/3168 neurons fixed across 4 layer(s)
sample [45/100] orig=3 cf=7 -- 2492/3168 neurons fixed across 4 layer(s)
sample [46/100] orig=9 cf=3 -- 2502/3168 neurons fixed across 4 layer(s)
sample [47/100] orig=8 cf=8 -- FAILED to find a counterfactual, skipping
sample [48/100] orig=5 cf=8 -- 2414/3168 neurons fixed across 4 layer(s)
sample [49/100] orig=9 cf=5 -- 2478/3168 neurons fixed across 4 layer(s)
sample [50/100] orig=3 cf=8 -- 2492/3168 neurons fixed across 4 layer(s)
sample [51/100] orig=3 cf=9 -- 2445/3168 neurons fixed across 4 layer(s)
sample [52/100] orig=0 cf=0 -- FAILED to find a counterfactual, skipping
sample [53/100] orig=7 cf=8 -- 2459/3168 neurons fixed across 4 layer(s)
sample [54/100] orig=4 cf=8 -- 2395/3168 neurons fixed across 4 layer(s)
sample [55/100] orig=9 cf=8 -- 2465/3168 neurons fixed across 4 layer(s)
sample [56/100] orig=8 cf=9 -- 2615/3168 neurons fixed across 4 layer(s)
sample [57/100] orig=0 cf=0 -- FAILED to find a counterfactual, skipping
sample [58/100] orig=9 cf=8 -- 2402/3168 neurons fixed across 4 layer(s)
sample [59/100] orig=4 cf=9 -- 2504/3168 neurons fixed across 4 layer(s)
sample [60/100] orig=1 cf=8 -- 2362/3168 neurons fixed across 4 layer(s)
sample [61/100] orig=4 cf=0 -- 2575/3168 neurons fixed across 4 layer(s)
sample [62/100] orig=4 cf=8 -- 2402/3168 neurons fixed across 4 layer(s)
sample [63/100] orig=6 cf=8 -- 2515/3168 neurons fixed across 4 layer(s)
sample [64/100] orig=0 cf=8 -- 2603/3168 neurons fixed across 4 layer(s)
sample [65/100] orig=4 cf=9 -- 2509/3168 neurons fixed across 4 layer(s)
sample [66/100] orig=5 cf=8 -- 2379/3168 neurons fixed across 4 layer(s)
sample [67/100] orig=6 cf=8 -- 2511/3168 neurons fixed across 4 layer(s)
sample [68/100] orig=1 cf=7 -- 2447/3168 neurons fixed across 4 layer(s)
sample [69/100] orig=0 cf=8 -- 2478/3168 neurons fixed across 4 layer(s)
sample [70/100] orig=0 cf=8 -- 2543/3168 neurons fixed across 4 layer(s)
sample [71/100] orig=1 cf=2 -- 2417/3168 neurons fixed across 4 layer(s)
sample [72/100] orig=7 cf=9 -- 2460/3168 neurons fixed across 4 layer(s)
sample [73/100] orig=1 cf=8 -- 2297/3168 neurons fixed across 4 layer(s)
sample [74/100] orig=6 cf=4 -- 2473/3168 neurons fixed across 4 layer(s)
sample [75/100] orig=3 cf=8 -- 2443/3168 neurons fixed across 4 layer(s)
sample [76/100] orig=0 cf=8 -- 2522/3168 neurons fixed across 4 layer(s)
sample [77/100] orig=2 cf=3 -- 2573/3168 neurons fixed across 4 layer(s)
sample [78/100] orig=1 cf=8 -- 2374/3168 neurons fixed across 4 layer(s)
sample [79/100] orig=1 cf=8 -- 2434/3168 neurons fixed across 4 layer(s)
sample [80/100] orig=7 cf=9 -- 2489/3168 neurons fixed across 4 layer(s)
sample [81/100] orig=8 cf=9 -- 2578/3168 neurons fixed across 4 layer(s)
sample [82/100] orig=0 cf=8 -- 2523/3168 neurons fixed across 4 layer(s)
sample [83/100] orig=2 cf=3 -- 2565/3168 neurons fixed across 4 layer(s)
sample [84/100] orig=6 cf=4 -- 2549/3168 neurons fixed across 4 layer(s)
sample [85/100] orig=7 cf=2 -- 2488/3168 neurons fixed across 4 layer(s)
sample [86/100] orig=8 cf=9 -- 2569/3168 neurons fixed across 4 layer(s)
sample [87/100] orig=3 cf=2 -- 2525/3168 neurons fixed across 4 layer(s)
sample [88/100] orig=9 cf=8 -- 2468/3168 neurons fixed across 4 layer(s)
sample [89/100] orig=0 cf=8 -- 2539/3168 neurons fixed across 4 layer(s)
sample [90/100] orig=4 cf=9 -- 2547/3168 neurons fixed across 4 layer(s)
sample [91/100] orig=6 cf=9 -- 2525/3168 neurons fixed across 4 layer(s)
sample [92/100] orig=7 cf=9 -- 2517/3168 neurons fixed across 4 layer(s)
sample [93/100] orig=4 cf=9 -- 2433/3168 neurons fixed across 4 layer(s)
sample [94/100] orig=6 cf=8 -- 2515/3168 neurons fixed across 4 layer(s)
sample [95/100] orig=8 cf=3 -- 2617/3168 neurons fixed across 4 layer(s)
sample [96/100] orig=0 cf=4 -- 2533/3168 neurons fixed across 4 layer(s)
sample [97/100] orig=7 cf=9 -- 2376/3168 neurons fixed across 4 layer(s)
sample [98/100] orig=8 cf=3 -- 2593/3168 neurons fixed across 4 layer(s)
sample [99/100] orig=3 cf=8 -- 2408/3168 neurons fixed across 4 layer(s)
sample [100/100] orig=1 cf=8 -- 2256/3168 neurons fixed across 4 layer(s)

97/100 samples written to /Users/labbaf/Documents/NN_Explainability/spexplain/neuron-activation/spexplain/data/neuron_activations/mnist/cnn-bench/P3.txt (3 failed to produce a counterfactual)
