Model: /Users/labbaf/Documents/NN_Explainability/spexplain/neuron-activation/spexplain/data/models/mnist/cnn-bench/P4.onnx
  input shape [1, 1, 28, 28], 784 features, 5 ReLU layer(s), 10-class
Dataset: /Users/labbaf/Documents/NN_Explainability/spexplain/neuron-activation/spexplain/data/datasets/mnist/mnist_s100_scaled.csv (100/100 samples)
PGD: epsilon-frac=0.1 step-frac=0.1 num-steps=50
Output: /Users/labbaf/Documents/NN_Explainability/spexplain/neuron-activation/spexplain/data/neuron_activations/mnist/cnn-bench/P4.txt

sample [1/100] orig=5 cf=3 -- 3890/4736 neurons fixed across 5 layer(s)
sample [2/100] orig=0 cf=8 -- 3498/4736 neurons fixed across 5 layer(s)
sample [3/100] orig=4 cf=9 -- 3653/4736 neurons fixed across 5 layer(s)
sample [4/100] orig=1 cf=8 -- 3247/4736 neurons fixed across 5 layer(s)
sample [5/100] orig=9 cf=8 -- 3517/4736 neurons fixed across 5 layer(s)
sample [6/100] orig=2 cf=3 -- 3655/4736 neurons fixed across 5 layer(s)
sample [7/100] orig=1 cf=8 -- 3324/4736 neurons fixed across 5 layer(s)
sample [8/100] orig=3 cf=8 -- 3539/4736 neurons fixed across 5 layer(s)
sample [9/100] orig=1 cf=4 -- 3541/4736 neurons fixed across 5 layer(s)
sample [10/100] orig=4 cf=8 -- 3350/4736 neurons fixed across 5 layer(s)
sample [11/100] orig=3 cf=9 -- 3602/4736 neurons fixed across 5 layer(s)
sample [12/100] orig=5 cf=8 -- 3135/4736 neurons fixed across 5 layer(s)
sample [13/100] orig=3 cf=8 -- 3575/4736 neurons fixed across 5 layer(s)
sample [14/100] orig=6 cf=8 -- 3569/4736 neurons fixed across 5 layer(s)
sample [15/100] orig=1 cf=8 -- 3039/4736 neurons fixed across 5 layer(s)
sample [16/100] orig=7 cf=9 -- 3592/4736 neurons fixed across 5 layer(s)
sample [17/100] orig=2 cf=7 -- 3709/4736 neurons fixed across 5 layer(s)
sample [18/100] orig=8 cf=2 -- 3757/4736 neurons fixed across 5 layer(s)
sample [19/100] orig=6 cf=5 -- 3827/4736 neurons fixed across 5 layer(s)
sample [20/100] orig=9 cf=8 -- 3385/4736 neurons fixed across 5 layer(s)
sample [21/100] orig=4 cf=2 -- 3849/4736 neurons fixed across 5 layer(s)
sample [22/100] orig=0 cf=8 -- 3665/4736 neurons fixed across 5 layer(s)
sample [23/100] orig=9 cf=8 -- 3449/4736 neurons fixed across 5 layer(s)
sample [24/100] orig=1 cf=8 -- 3174/4736 neurons fixed across 5 layer(s)
sample [25/100] orig=1 cf=2 -- 3684/4736 neurons fixed across 5 layer(s)
sample [26/100] orig=2 cf=8 -- 3681/4736 neurons fixed across 5 layer(s)
sample [27/100] orig=4 cf=9 -- 3522/4736 neurons fixed across 5 layer(s)
sample [28/100] orig=3 cf=8 -- 3647/4736 neurons fixed across 5 layer(s)
sample [29/100] orig=2 cf=8 -- 3661/4736 neurons fixed across 5 layer(s)
sample [30/100] orig=7 cf=2 -- 3656/4736 neurons fixed across 5 layer(s)
sample [31/100] orig=3 cf=8 -- 3448/4736 neurons fixed across 5 layer(s)
sample [32/100] orig=8 cf=2 -- 3870/4736 neurons fixed across 5 layer(s)
sample [33/100] orig=6 cf=8 -- 3512/4736 neurons fixed across 5 layer(s)
sample [34/100] orig=9 cf=8 -- 3411/4736 neurons fixed across 5 layer(s)
sample [35/100] orig=0 cf=8 -- 3512/4736 neurons fixed across 5 layer(s)
sample [36/100] orig=5 cf=8 -- 3272/4736 neurons fixed across 5 layer(s)
sample [37/100] orig=6 cf=8 -- 3575/4736 neurons fixed across 5 layer(s)
sample [38/100] orig=0 cf=8 -- 3509/4736 neurons fixed across 5 layer(s)
sample [39/100] orig=7 cf=8 -- 3484/4736 neurons fixed across 5 layer(s)
sample [40/100] orig=6 cf=4 -- 3735/4736 neurons fixed across 5 layer(s)
sample [41/100] orig=1 cf=8 -- 3138/4736 neurons fixed across 5 layer(s)
sample [42/100] orig=8 cf=2 -- 3860/4736 neurons fixed across 5 layer(s)
sample [43/100] orig=7 cf=1 -- 3711/4736 neurons fixed across 5 layer(s)
sample [44/100] orig=9 cf=8 -- 3423/4736 neurons fixed across 5 layer(s)
sample [45/100] orig=3 cf=8 -- 3303/4736 neurons fixed across 5 layer(s)
sample [46/100] orig=9 cf=8 -- 3517/4736 neurons fixed across 5 layer(s)
sample [47/100] orig=8 cf=2 -- 3872/4736 neurons fixed across 5 layer(s)
sample [48/100] orig=5 cf=3 -- 3555/4736 neurons fixed across 5 layer(s)
sample [49/100] orig=9 cf=5 -- 3797/4736 neurons fixed across 5 layer(s)
sample [50/100] orig=3 cf=8 -- 3494/4736 neurons fixed across 5 layer(s)
sample [51/100] orig=3 cf=8 -- 3382/4736 neurons fixed across 5 layer(s)
sample [52/100] orig=0 cf=8 -- 3675/4736 neurons fixed across 5 layer(s)
sample [53/100] orig=7 cf=2 -- 3638/4736 neurons fixed across 5 layer(s)
sample [54/100] orig=4 cf=9 -- 3576/4736 neurons fixed across 5 layer(s)
sample [55/100] orig=9 cf=8 -- 3639/4736 neurons fixed across 5 layer(s)
sample [56/100] orig=8 cf=9 -- 3947/4736 neurons fixed across 5 layer(s)
sample [57/100] orig=0 cf=9 -- 3906/4736 neurons fixed across 5 layer(s)
sample [58/100] orig=9 cf=8 -- 3381/4736 neurons fixed across 5 layer(s)
sample [59/100] orig=4 cf=8 -- 3666/4736 neurons fixed across 5 layer(s)
sample [60/100] orig=1 cf=8 -- 3200/4736 neurons fixed across 5 layer(s)
sample [61/100] orig=4 cf=9 -- 3679/4736 neurons fixed across 5 layer(s)
sample [62/100] orig=4 cf=8 -- 3365/4736 neurons fixed across 5 layer(s)
sample [63/100] orig=6 cf=8 -- 3600/4736 neurons fixed across 5 layer(s)
sample [64/100] orig=0 cf=8 -- 3670/4736 neurons fixed across 5 layer(s)
sample [65/100] orig=4 cf=8 -- 3459/4736 neurons fixed across 5 layer(s)
sample [66/100] orig=5 cf=3 -- 3463/4736 neurons fixed across 5 layer(s)
sample [67/100] orig=6 cf=8 -- 3724/4736 neurons fixed across 5 layer(s)
sample [68/100] orig=1 cf=7 -- 3586/4736 neurons fixed across 5 layer(s)
sample [69/100] orig=0 cf=4 -- 3798/4736 neurons fixed across 5 layer(s)
sample [70/100] orig=0 cf=8 -- 3674/4736 neurons fixed across 5 layer(s)
sample [71/100] orig=1 cf=2 -- 3775/4736 neurons fixed across 5 layer(s)
sample [72/100] orig=7 cf=8 -- 3265/4736 neurons fixed across 5 layer(s)
sample [73/100] orig=1 cf=0 -- 3482/4736 neurons fixed across 5 layer(s)
sample [74/100] orig=6 cf=8 -- 3620/4736 neurons fixed across 5 layer(s)
sample [75/100] orig=3 cf=2 -- 3434/4736 neurons fixed across 5 layer(s)
sample [76/100] orig=0 cf=8 -- 3628/4736 neurons fixed across 5 layer(s)
sample [77/100] orig=2 cf=8 -- 3500/4736 neurons fixed across 5 layer(s)
sample [78/100] orig=1 cf=6 -- 3531/4736 neurons fixed across 5 layer(s)
sample [79/100] orig=1 cf=2 -- 3534/4736 neurons fixed across 5 layer(s)
sample [80/100] orig=7 cf=8 -- 3343/4736 neurons fixed across 5 layer(s)
sample [81/100] orig=9 cf=8 -- 3709/4736 neurons fixed across 5 layer(s)
sample [82/100] orig=0 cf=8 -- 3603/4736 neurons fixed across 5 layer(s)
sample [83/100] orig=2 cf=8 -- 3792/4736 neurons fixed across 5 layer(s)
sample [84/100] orig=6 cf=8 -- 3734/4736 neurons fixed across 5 layer(s)
sample [85/100] orig=7 cf=2 -- 3688/4736 neurons fixed across 5 layer(s)
sample [86/100] orig=8 cf=2 -- 3815/4736 neurons fixed across 5 layer(s)
sample [87/100] orig=3 cf=5 -- 3667/4736 neurons fixed across 5 layer(s)
sample [88/100] orig=9 cf=8 -- 3505/4736 neurons fixed across 5 layer(s)
sample [89/100] orig=0 cf=4 -- 3904/4736 neurons fixed across 5 layer(s)
sample [90/100] orig=4 cf=9 -- 3796/4736 neurons fixed across 5 layer(s)
sample [91/100] orig=6 cf=8 -- 3545/4736 neurons fixed across 5 layer(s)
sample [92/100] orig=7 cf=2 -- 3723/4736 neurons fixed across 5 layer(s)
sample [93/100] orig=4 cf=9 -- 3601/4736 neurons fixed across 5 layer(s)
sample [94/100] orig=6 cf=8 -- 3659/4736 neurons fixed across 5 layer(s)
sample [95/100] orig=8 cf=9 -- 3818/4736 neurons fixed across 5 layer(s)
sample [96/100] orig=0 cf=8 -- 3618/4736 neurons fixed across 5 layer(s)
sample [97/100] orig=7 cf=8 -- 3265/4736 neurons fixed across 5 layer(s)
sample [98/100] orig=8 cf=2 -- 3875/4736 neurons fixed across 5 layer(s)
sample [99/100] orig=3 cf=9 -- 3492/4736 neurons fixed across 5 layer(s)
sample [100/100] orig=1 cf=4 -- 3390/4736 neurons fixed across 5 layer(s)

100/100 samples written to /Users/labbaf/Documents/NN_Explainability/spexplain/neuron-activation/spexplain/data/neuron_activations/mnist/cnn-bench/P4.txt (0 failed to produce a counterfactual)
