Model: /Users/labbaf/Documents/NN_Explainability/spexplain/neuron-activation/spexplain/data/models/mnist/cnn-bench/P6.onnx
  input shape [1, 1, 28, 28], 784 features, 7 ReLU layer(s), 10-class
Dataset: /Users/labbaf/Documents/NN_Explainability/spexplain/neuron-activation/spexplain/data/datasets/mnist/mnist_s100_scaled.csv (100/100 samples)
PGD: epsilon-frac=0.1 step-frac=0.1 num-steps=50
Output: /Users/labbaf/Documents/NN_Explainability/spexplain/neuron-activation/spexplain/data/neuron_activations/mnist/cnn-bench/P6.txt

sample [1/100] orig=5 cf=3 -- 2799/3240 neurons fixed across 7 layer(s)
sample [2/100] orig=0 cf=6 -- 2792/3240 neurons fixed across 7 layer(s)
sample [3/100] orig=4 cf=8 -- 2664/3240 neurons fixed across 7 layer(s)
sample [4/100] orig=1 cf=8 -- 2653/3240 neurons fixed across 7 layer(s)
sample [5/100] orig=9 cf=8 -- 2758/3240 neurons fixed across 7 layer(s)
sample [6/100] orig=2 cf=7 -- 2774/3240 neurons fixed across 7 layer(s)
sample [7/100] orig=1 cf=8 -- 2507/3240 neurons fixed across 7 layer(s)
sample [8/100] orig=3 cf=9 -- 2779/3240 neurons fixed across 7 layer(s)
sample [9/100] orig=1 cf=8 -- 2455/3240 neurons fixed across 7 layer(s)
sample [10/100] orig=4 cf=4 -- FAILED to find a counterfactual, skipping
sample [11/100] orig=3 cf=9 -- 2751/3240 neurons fixed across 7 layer(s)
sample [12/100] orig=5 cf=6 -- 2662/3240 neurons fixed across 7 layer(s)
sample [13/100] orig=3 cf=8 -- 2705/3240 neurons fixed across 7 layer(s)
sample [14/100] orig=6 cf=6 -- FAILED to find a counterfactual, skipping
sample [15/100] orig=1 cf=4 -- 2563/3240 neurons fixed across 7 layer(s)
sample [16/100] orig=7 cf=9 -- 2763/3240 neurons fixed across 7 layer(s)
sample [17/100] orig=2 cf=7 -- 2813/3240 neurons fixed across 7 layer(s)
sample [18/100] orig=8 cf=8 -- FAILED to find a counterfactual, skipping
sample [19/100] orig=6 cf=8 -- 2667/3240 neurons fixed across 7 layer(s)
sample [20/100] orig=9 cf=8 -- 2724/3240 neurons fixed across 7 layer(s)
sample [21/100] orig=4 cf=2 -- 2840/3240 neurons fixed across 7 layer(s)
sample [22/100] orig=0 cf=6 -- 2828/3240 neurons fixed across 7 layer(s)
sample [23/100] orig=9 cf=4 -- 2783/3240 neurons fixed across 7 layer(s)
sample [24/100] orig=1 cf=4 -- 2589/3240 neurons fixed across 7 layer(s)
sample [25/100] orig=1 cf=4 -- 2731/3240 neurons fixed across 7 layer(s)
sample [26/100] orig=2 cf=3 -- 2918/3240 neurons fixed across 7 layer(s)
sample [27/100] orig=4 cf=9 -- 2711/3240 neurons fixed across 7 layer(s)
sample [28/100] orig=3 cf=9 -- 2794/3240 neurons fixed across 7 layer(s)
sample [29/100] orig=2 cf=8 -- 2811/3240 neurons fixed across 7 layer(s)
sample [30/100] orig=7 cf=3 -- 2693/3240 neurons fixed across 7 layer(s)
sample [31/100] orig=3 cf=8 -- 2640/3240 neurons fixed across 7 layer(s)
sample [32/100] orig=8 cf=8 -- FAILED to find a counterfactual, skipping
sample [33/100] orig=6 cf=8 -- 2665/3240 neurons fixed across 7 layer(s)
sample [34/100] orig=9 cf=7 -- 2860/3240 neurons fixed across 7 layer(s)
sample [35/100] orig=0 cf=6 -- 2734/3240 neurons fixed across 7 layer(s)
sample [36/100] orig=5 cf=3 -- 2783/3240 neurons fixed across 7 layer(s)
sample [37/100] orig=6 cf=5 -- 2829/3240 neurons fixed across 7 layer(s)
sample [38/100] orig=0 cf=6 -- 2815/3240 neurons fixed across 7 layer(s)
sample [39/100] orig=7 cf=8 -- 2595/3240 neurons fixed across 7 layer(s)
sample [40/100] orig=6 cf=6 -- FAILED to find a counterfactual, skipping
sample [41/100] orig=1 cf=8 -- 2539/3240 neurons fixed across 7 layer(s)
sample [42/100] orig=8 cf=8 -- FAILED to find a counterfactual, skipping
sample [43/100] orig=7 cf=9 -- 2778/3240 neurons fixed across 7 layer(s)
sample [44/100] orig=9 cf=8 -- 2706/3240 neurons fixed across 7 layer(s)
sample [45/100] orig=3 cf=7 -- 2811/3240 neurons fixed across 7 layer(s)
sample [46/100] orig=9 cf=8 -- 2721/3240 neurons fixed across 7 layer(s)
sample [47/100] orig=8 cf=8 -- FAILED to find a counterfactual, skipping
sample [48/100] orig=5 cf=3 -- 2773/3240 neurons fixed across 7 layer(s)
sample [49/100] orig=9 cf=5 -- 2786/3240 neurons fixed across 7 layer(s)
sample [50/100] orig=3 cf=8 -- 2710/3240 neurons fixed across 7 layer(s)
sample [51/100] orig=3 cf=3 -- FAILED to find a counterfactual, skipping
sample [52/100] orig=0 cf=0 -- FAILED to find a counterfactual, skipping
sample [53/100] orig=7 cf=8 -- 2745/3240 neurons fixed across 7 layer(s)
sample [54/100] orig=4 cf=8 -- 2655/3240 neurons fixed across 7 layer(s)
sample [55/100] orig=9 cf=4 -- 2806/3240 neurons fixed across 7 layer(s)
sample [56/100] orig=8 cf=8 -- FAILED to find a counterfactual, skipping
sample [57/100] orig=0 cf=0 -- FAILED to find a counterfactual, skipping
sample [58/100] orig=9 cf=8 -- 2683/3240 neurons fixed across 7 layer(s)
sample [59/100] orig=4 cf=8 -- 2720/3240 neurons fixed across 7 layer(s)
sample [60/100] orig=1 cf=8 -- 2624/3240 neurons fixed across 7 layer(s)
sample [61/100] orig=4 cf=9 -- 2782/3240 neurons fixed across 7 layer(s)
sample [62/100] orig=4 cf=8 -- 2681/3240 neurons fixed across 7 layer(s)
sample [63/100] orig=6 cf=8 -- 2762/3240 neurons fixed across 7 layer(s)
sample [64/100] orig=0 cf=8 -- 2877/3240 neurons fixed across 7 layer(s)
sample [65/100] orig=4 cf=9 -- 2799/3240 neurons fixed across 7 layer(s)
sample [66/100] orig=5 cf=8 -- 2670/3240 neurons fixed across 7 layer(s)
sample [67/100] orig=6 cf=6 -- FAILED to find a counterfactual, skipping
sample [68/100] orig=1 cf=7 -- 2784/3240 neurons fixed across 7 layer(s)
sample [69/100] orig=0 cf=6 -- 2780/3240 neurons fixed across 7 layer(s)
sample [70/100] orig=0 cf=8 -- 2805/3240 neurons fixed across 7 layer(s)
sample [71/100] orig=1 cf=2 -- 2825/3240 neurons fixed across 7 layer(s)
sample [72/100] orig=7 cf=9 -- 2794/3240 neurons fixed across 7 layer(s)
sample [73/100] orig=1 cf=4 -- 2565/3240 neurons fixed across 7 layer(s)
sample [74/100] orig=6 cf=2 -- 2823/3240 neurons fixed across 7 layer(s)
sample [75/100] orig=3 cf=3 -- FAILED to find a counterfactual, skipping
sample [76/100] orig=0 cf=6 -- 2802/3240 neurons fixed across 7 layer(s)
sample [77/100] orig=2 cf=3 -- 2841/3240 neurons fixed across 7 layer(s)
sample [78/100] orig=1 cf=4 -- 2636/3240 neurons fixed across 7 layer(s)
sample [79/100] orig=1 cf=4 -- 2576/3240 neurons fixed across 7 layer(s)
sample [80/100] orig=7 cf=9 -- 2783/3240 neurons fixed across 7 layer(s)
sample [81/100] orig=9 cf=8 -- 2819/3240 neurons fixed across 7 layer(s)
sample [82/100] orig=0 cf=6 -- 2807/3240 neurons fixed across 7 layer(s)
sample [83/100] orig=2 cf=3 -- 2867/3240 neurons fixed across 7 layer(s)
sample [84/100] orig=6 cf=6 -- FAILED to find a counterfactual, skipping
sample [85/100] orig=7 cf=2 -- 2678/3240 neurons fixed across 7 layer(s)
sample [86/100] orig=8 cf=0 -- 2837/3240 neurons fixed across 7 layer(s)
sample [87/100] orig=3 cf=5 -- 2745/3240 neurons fixed across 7 layer(s)
sample [88/100] orig=9 cf=8 -- 2724/3240 neurons fixed across 7 layer(s)
sample [89/100] orig=0 cf=9 -- 2852/3240 neurons fixed across 7 layer(s)
sample [90/100] orig=4 cf=9 -- 2741/3240 neurons fixed across 7 layer(s)
sample [91/100] orig=6 cf=6 -- FAILED to find a counterfactual, skipping
sample [92/100] orig=7 cf=9 -- 2804/3240 neurons fixed across 7 layer(s)
sample [93/100] orig=4 cf=9 -- 2687/3240 neurons fixed across 7 layer(s)
sample [94/100] orig=6 cf=6 -- FAILED to find a counterfactual, skipping
sample [95/100] orig=8 cf=8 -- FAILED to find a counterfactual, skipping
sample [96/100] orig=0 cf=6 -- 2796/3240 neurons fixed across 7 layer(s)
sample [97/100] orig=7 cf=3 -- 2703/3240 neurons fixed across 7 layer(s)
sample [98/100] orig=8 cf=8 -- FAILED to find a counterfactual, skipping
sample [99/100] orig=3 cf=3 -- FAILED to find a counterfactual, skipping
sample [100/100] orig=1 cf=9 -- 2678/3240 neurons fixed across 7 layer(s)

81/100 samples written to /Users/labbaf/Documents/NN_Explainability/spexplain/neuron-activation/spexplain/data/neuron_activations/mnist/cnn-bench/P6.txt (19 failed to produce a counterfactual)
