Model: /Users/labbaf/Documents/NN_Explainability/spexplain/neuron-activation/spexplain/data/models/mnist/cnn-bench/P8.onnx
  input shape [1, 1, 28, 28], 784 features, 9 ReLU layer(s), 10-class
Dataset: /Users/labbaf/Documents/NN_Explainability/spexplain/neuron-activation/spexplain/data/datasets/mnist/mnist_s100_scaled.csv (100/100 samples)
PGD: epsilon-frac=0.1 step-frac=0.1 num-steps=50
Output: /Users/labbaf/Documents/NN_Explainability/spexplain/neuron-activation/spexplain/data/neuron_activations/mnist/cnn-bench/P8.txt

sample [1/100] orig=5 cf=3 -- 6492/7664 neurons fixed across 9 layer(s)
sample [2/100] orig=0 cf=9 -- 6413/7664 neurons fixed across 9 layer(s)
sample [3/100] orig=4 cf=1 -- 6075/7664 neurons fixed across 9 layer(s)
sample [4/100] orig=1 cf=4 -- 5625/7664 neurons fixed across 9 layer(s)
sample [5/100] orig=9 cf=4 -- 6145/7664 neurons fixed across 9 layer(s)
sample [6/100] orig=2 cf=4 -- 6144/7664 neurons fixed across 9 layer(s)
sample [7/100] orig=1 cf=4 -- 5496/7664 neurons fixed across 9 layer(s)
sample [8/100] orig=3 cf=1 -- 6085/7664 neurons fixed across 9 layer(s)
sample [9/100] orig=1 cf=4 -- 5425/7664 neurons fixed across 9 layer(s)
sample [10/100] orig=4 cf=2 -- 6082/7664 neurons fixed across 9 layer(s)
sample [11/100] orig=3 cf=9 -- 5927/7664 neurons fixed across 9 layer(s)
sample [12/100] orig=5 cf=8 -- 6222/7664 neurons fixed across 9 layer(s)
sample [13/100] orig=3 cf=3 -- FAILED to find a counterfactual, skipping
sample [14/100] orig=6 cf=8 -- 5643/7664 neurons fixed across 9 layer(s)
sample [15/100] orig=1 cf=4 -- 5489/7664 neurons fixed across 9 layer(s)
sample [16/100] orig=7 cf=9 -- 6300/7664 neurons fixed across 9 layer(s)
sample [17/100] orig=2 cf=7 -- 6492/7664 neurons fixed across 9 layer(s)
sample [18/100] orig=8 cf=2 -- 6248/7664 neurons fixed across 9 layer(s)
sample [19/100] orig=6 cf=5 -- 6483/7664 neurons fixed across 9 layer(s)
sample [20/100] orig=9 cf=8 -- 6018/7664 neurons fixed across 9 layer(s)
sample [21/100] orig=4 cf=8 -- 6321/7664 neurons fixed across 9 layer(s)
sample [22/100] orig=0 cf=9 -- 6584/7664 neurons fixed across 9 layer(s)
sample [23/100] orig=9 cf=4 -- 5925/7664 neurons fixed across 9 layer(s)
sample [24/100] orig=1 cf=4 -- 5992/7664 neurons fixed across 9 layer(s)
sample [25/100] orig=1 cf=4 -- 6099/7664 neurons fixed across 9 layer(s)
sample [26/100] orig=2 cf=3 -- 6578/7664 neurons fixed across 9 layer(s)
sample [27/100] orig=4 cf=5 -- 5871/7664 neurons fixed across 9 layer(s)
sample [28/100] orig=3 cf=3 -- FAILED to find a counterfactual, skipping
sample [29/100] orig=2 cf=2 -- FAILED to find a counterfactual, skipping
sample [30/100] orig=7 cf=2 -- 6174/7664 neurons fixed across 9 layer(s)
sample [31/100] orig=3 cf=8 -- 6265/7664 neurons fixed across 9 layer(s)
sample [32/100] orig=8 cf=2 -- 6208/7664 neurons fixed across 9 layer(s)
sample [33/100] orig=6 cf=5 -- 6043/7664 neurons fixed across 9 layer(s)
sample [34/100] orig=9 cf=7 -- 6192/7664 neurons fixed across 9 layer(s)
sample [35/100] orig=0 cf=4 -- 6046/7664 neurons fixed across 9 layer(s)
sample [36/100] orig=5 cf=6 -- 6088/7664 neurons fixed across 9 layer(s)
sample [37/100] orig=6 cf=8 -- 5959/7664 neurons fixed across 9 layer(s)
sample [38/100] orig=0 cf=6 -- 6155/7664 neurons fixed across 9 layer(s)
sample [39/100] orig=7 cf=2 -- 6298/7664 neurons fixed across 9 layer(s)
sample [40/100] orig=6 cf=8 -- 5637/7664 neurons fixed across 9 layer(s)
sample [41/100] orig=1 cf=4 -- 5625/7664 neurons fixed across 9 layer(s)
sample [42/100] orig=8 cf=2 -- 6224/7664 neurons fixed across 9 layer(s)
sample [43/100] orig=7 cf=9 -- 6175/7664 neurons fixed across 9 layer(s)
sample [44/100] orig=9 cf=4 -- 5927/7664 neurons fixed across 9 layer(s)
sample [45/100] orig=3 cf=3 -- FAILED to find a counterfactual, skipping
sample [46/100] orig=9 cf=7 -- 6133/7664 neurons fixed across 9 layer(s)
sample [47/100] orig=8 cf=8 -- FAILED to find a counterfactual, skipping
sample [48/100] orig=5 cf=2 -- 5936/7664 neurons fixed across 9 layer(s)
sample [49/100] orig=9 cf=5 -- 6227/7664 neurons fixed across 9 layer(s)
sample [50/100] orig=3 cf=5 -- 6040/7664 neurons fixed across 9 layer(s)
sample [51/100] orig=3 cf=3 -- FAILED to find a counterfactual, skipping
sample [52/100] orig=0 cf=9 -- 6336/7664 neurons fixed across 9 layer(s)
sample [53/100] orig=7 cf=2 -- 6170/7664 neurons fixed across 9 layer(s)
sample [54/100] orig=4 cf=7 -- 6411/7664 neurons fixed across 9 layer(s)
sample [55/100] orig=9 cf=4 -- 6140/7664 neurons fixed across 9 layer(s)
sample [56/100] orig=8 cf=8 -- FAILED to find a counterfactual, skipping
sample [57/100] orig=0 cf=8 -- 6370/7664 neurons fixed across 9 layer(s)
sample [58/100] orig=9 cf=4 -- 5893/7664 neurons fixed across 9 layer(s)
sample [59/100] orig=4 cf=8 -- 6102/7664 neurons fixed across 9 layer(s)
sample [60/100] orig=1 cf=4 -- 5784/7664 neurons fixed across 9 layer(s)
sample [61/100] orig=4 cf=9 -- 6284/7664 neurons fixed across 9 layer(s)
sample [62/100] orig=4 cf=7 -- 6032/7664 neurons fixed across 9 layer(s)
sample [63/100] orig=6 cf=5 -- 6287/7664 neurons fixed across 9 layer(s)
sample [64/100] orig=0 cf=8 -- 6341/7664 neurons fixed across 9 layer(s)
sample [65/100] orig=4 cf=8 -- 5939/7664 neurons fixed across 9 layer(s)
sample [66/100] orig=5 cf=8 -- 5996/7664 neurons fixed across 9 layer(s)
sample [67/100] orig=6 cf=4 -- 5960/7664 neurons fixed across 9 layer(s)
sample [68/100] orig=1 cf=8 -- 6171/7664 neurons fixed across 9 layer(s)
sample [69/100] orig=0 cf=5 -- 6461/7664 neurons fixed across 9 layer(s)
sample [70/100] orig=0 cf=2 -- 6520/7664 neurons fixed across 9 layer(s)
sample [71/100] orig=1 cf=2 -- 6273/7664 neurons fixed across 9 layer(s)
sample [72/100] orig=7 cf=9 -- 6112/7664 neurons fixed across 9 layer(s)
sample [73/100] orig=1 cf=4 -- 5667/7664 neurons fixed across 9 layer(s)
sample [74/100] orig=6 cf=8 -- 5873/7664 neurons fixed across 9 layer(s)
sample [75/100] orig=3 cf=3 -- FAILED to find a counterfactual, skipping
sample [76/100] orig=0 cf=9 -- 6414/7664 neurons fixed across 9 layer(s)
sample [77/100] orig=2 cf=8 -- 5976/7664 neurons fixed across 9 layer(s)
sample [78/100] orig=1 cf=0 -- 5711/7664 neurons fixed across 9 layer(s)
sample [79/100] orig=1 cf=2 -- 5945/7664 neurons fixed across 9 layer(s)
sample [80/100] orig=7 cf=2 -- 5984/7664 neurons fixed across 9 layer(s)
sample [81/100] orig=9 cf=8 -- 6708/7664 neurons fixed across 9 layer(s)
sample [82/100] orig=0 cf=4 -- 6049/7664 neurons fixed across 9 layer(s)
sample [83/100] orig=2 cf=7 -- 6336/7664 neurons fixed across 9 layer(s)
sample [84/100] orig=6 cf=4 -- 5997/7664 neurons fixed across 9 layer(s)
sample [85/100] orig=7 cf=2 -- 5936/7664 neurons fixed across 9 layer(s)
sample [86/100] orig=8 cf=2 -- 6301/7664 neurons fixed across 9 layer(s)
sample [87/100] orig=3 cf=8 -- 5663/7664 neurons fixed across 9 layer(s)
sample [88/100] orig=9 cf=4 -- 6140/7664 neurons fixed across 9 layer(s)
sample [89/100] orig=0 cf=9 -- 6417/7664 neurons fixed across 9 layer(s)
sample [90/100] orig=4 cf=9 -- 5796/7664 neurons fixed across 9 layer(s)
sample [91/100] orig=6 cf=8 -- 6067/7664 neurons fixed across 9 layer(s)
sample [92/100] orig=7 cf=9 -- 6270/7664 neurons fixed across 9 layer(s)
sample [93/100] orig=4 cf=8 -- 5758/7664 neurons fixed across 9 layer(s)
sample [94/100] orig=6 cf=6 -- FAILED to find a counterfactual, skipping
sample [95/100] orig=8 cf=2 -- 6090/7664 neurons fixed across 9 layer(s)
sample [96/100] orig=0 cf=4 -- 6028/7664 neurons fixed across 9 layer(s)
sample [97/100] orig=7 cf=2 -- 6113/7664 neurons fixed across 9 layer(s)
sample [98/100] orig=8 cf=2 -- 6249/7664 neurons fixed across 9 layer(s)
sample [99/100] orig=3 cf=3 -- FAILED to find a counterfactual, skipping
sample [100/100] orig=1 cf=4 -- 5965/7664 neurons fixed across 9 layer(s)

90/100 samples written to /Users/labbaf/Documents/NN_Explainability/spexplain/neuron-activation/spexplain/data/neuron_activations/mnist/cnn-bench/P8.txt (10 failed to produce a counterfactual)
