Model: /Users/labbaf/Documents/NN_Explainability/spexplain/neuron-activation/spexplain/data/models/mnist/cnn-bench/S2.onnx
  input shape [1, 1, 28, 28], 784 features, 3 ReLU layer(s), 10-class
Dataset: /Users/labbaf/Documents/NN_Explainability/spexplain/neuron-activation/spexplain/data/datasets/mnist/mnist_s100_scaled.csv (100/100 samples)
PGD: epsilon-frac=0.1 step-frac=0.1 num-steps=50
Output: /Users/labbaf/Documents/NN_Explainability/spexplain/neuron-activation/spexplain/data/neuron_activations/mnist/cnn-bench/S2.txt

sample [1/100] orig=5 cf=3 -- 1894/2384 neurons fixed across 3 layer(s)
sample [2/100] orig=0 cf=8 -- 1863/2384 neurons fixed across 3 layer(s)
sample [3/100] orig=4 cf=8 -- 1809/2384 neurons fixed across 3 layer(s)
sample [4/100] orig=1 cf=8 -- 1738/2384 neurons fixed across 3 layer(s)
sample [5/100] orig=9 cf=8 -- 1774/2384 neurons fixed across 3 layer(s)
sample [6/100] orig=2 cf=8 -- 1874/2384 neurons fixed across 3 layer(s)
sample [7/100] orig=1 cf=8 -- 1723/2384 neurons fixed across 3 layer(s)
sample [8/100] orig=3 cf=8 -- 1896/2384 neurons fixed across 3 layer(s)
sample [9/100] orig=1 cf=8 -- 1680/2384 neurons fixed across 3 layer(s)
sample [10/100] orig=4 cf=8 -- 1824/2384 neurons fixed across 3 layer(s)
sample [11/100] orig=3 cf=9 -- 1956/2384 neurons fixed across 3 layer(s)
sample [12/100] orig=5 cf=8 -- 1698/2384 neurons fixed across 3 layer(s)
sample [13/100] orig=3 cf=8 -- 1947/2384 neurons fixed across 3 layer(s)
sample [14/100] orig=6 cf=8 -- 1848/2384 neurons fixed across 3 layer(s)
sample [15/100] orig=1 cf=8 -- 1695/2384 neurons fixed across 3 layer(s)
sample [16/100] orig=7 cf=8 -- 1812/2384 neurons fixed across 3 layer(s)
sample [17/100] orig=2 cf=8 -- 1881/2384 neurons fixed across 3 layer(s)
sample [18/100] orig=8 cf=2 -- 2014/2384 neurons fixed across 3 layer(s)
sample [19/100] orig=6 cf=8 -- 1779/2384 neurons fixed across 3 layer(s)
sample [20/100] orig=9 cf=8 -- 1749/2384 neurons fixed across 3 layer(s)
sample [21/100] orig=4 cf=8 -- 1881/2384 neurons fixed across 3 layer(s)
sample [22/100] orig=0 cf=8 -- 1898/2384 neurons fixed across 3 layer(s)
sample [23/100] orig=9 cf=8 -- 1767/2384 neurons fixed across 3 layer(s)
sample [24/100] orig=1 cf=8 -- 1698/2384 neurons fixed across 3 layer(s)
sample [25/100] orig=1 cf=8 -- 1786/2384 neurons fixed across 3 layer(s)
sample [26/100] orig=2 cf=8 -- 1943/2384 neurons fixed across 3 layer(s)
sample [27/100] orig=4 cf=8 -- 1754/2384 neurons fixed across 3 layer(s)
sample [28/100] orig=3 cf=8 -- 1938/2384 neurons fixed across 3 layer(s)
sample [29/100] orig=2 cf=8 -- 1953/2384 neurons fixed across 3 layer(s)
sample [30/100] orig=7 cf=9 -- 1894/2384 neurons fixed across 3 layer(s)
sample [31/100] orig=3 cf=8 -- 1849/2384 neurons fixed across 3 layer(s)
sample [32/100] orig=8 cf=2 -- 1998/2384 neurons fixed across 3 layer(s)
sample [33/100] orig=6 cf=8 -- 1777/2384 neurons fixed across 3 layer(s)
sample [34/100] orig=9 cf=8 -- 1779/2384 neurons fixed across 3 layer(s)
sample [35/100] orig=0 cf=8 -- 1850/2384 neurons fixed across 3 layer(s)
sample [36/100] orig=5 cf=8 -- 1713/2384 neurons fixed across 3 layer(s)
sample [37/100] orig=6 cf=8 -- 1853/2384 neurons fixed across 3 layer(s)
sample [38/100] orig=0 cf=8 -- 1855/2384 neurons fixed across 3 layer(s)
sample [39/100] orig=7 cf=8 -- 1780/2384 neurons fixed across 3 layer(s)
sample [40/100] orig=6 cf=4 -- 1960/2384 neurons fixed across 3 layer(s)
sample [41/100] orig=1 cf=8 -- 1681/2384 neurons fixed across 3 layer(s)
sample [42/100] orig=8 cf=2 -- 2049/2384 neurons fixed across 3 layer(s)
sample [43/100] orig=7 cf=8 -- 1710/2384 neurons fixed across 3 layer(s)
sample [44/100] orig=9 cf=8 -- 1799/2384 neurons fixed across 3 layer(s)
sample [45/100] orig=3 cf=8 -- 1791/2384 neurons fixed across 3 layer(s)
sample [46/100] orig=9 cf=8 -- 1778/2384 neurons fixed across 3 layer(s)
sample [47/100] orig=8 cf=2 -- 2032/2384 neurons fixed across 3 layer(s)
sample [48/100] orig=5 cf=8 -- 1758/2384 neurons fixed across 3 layer(s)
sample [49/100] orig=9 cf=8 -- 1780/2384 neurons fixed across 3 layer(s)
sample [50/100] orig=3 cf=8 -- 1914/2384 neurons fixed across 3 layer(s)
sample [51/100] orig=3 cf=8 -- 1854/2384 neurons fixed across 3 layer(s)
sample [52/100] orig=0 cf=8 -- 1930/2384 neurons fixed across 3 layer(s)
sample [53/100] orig=7 cf=8 -- 1877/2384 neurons fixed across 3 layer(s)
sample [54/100] orig=4 cf=8 -- 1782/2384 neurons fixed across 3 layer(s)
sample [55/100] orig=9 cf=8 -- 1861/2384 neurons fixed across 3 layer(s)
sample [56/100] orig=8 cf=2 -- 2026/2384 neurons fixed across 3 layer(s)
sample [57/100] orig=0 cf=8 -- 1927/2384 neurons fixed across 3 layer(s)
sample [58/100] orig=9 cf=8 -- 1780/2384 neurons fixed across 3 layer(s)
sample [59/100] orig=4 cf=8 -- 1855/2384 neurons fixed across 3 layer(s)
sample [60/100] orig=1 cf=8 -- 1705/2384 neurons fixed across 3 layer(s)
sample [61/100] orig=4 cf=0 -- 2054/2384 neurons fixed across 3 layer(s)
sample [62/100] orig=4 cf=8 -- 1784/2384 neurons fixed across 3 layer(s)
sample [63/100] orig=6 cf=8 -- 1835/2384 neurons fixed across 3 layer(s)
sample [64/100] orig=0 cf=8 -- 1929/2384 neurons fixed across 3 layer(s)
sample [65/100] orig=4 cf=0 -- 2035/2384 neurons fixed across 3 layer(s)
sample [66/100] orig=5 cf=8 -- 1717/2384 neurons fixed across 3 layer(s)
sample [67/100] orig=6 cf=8 -- 1849/2384 neurons fixed across 3 layer(s)
sample [68/100] orig=1 cf=8 -- 1715/2384 neurons fixed across 3 layer(s)
sample [69/100] orig=0 cf=8 -- 1871/2384 neurons fixed across 3 layer(s)
sample [70/100] orig=0 cf=8 -- 1907/2384 neurons fixed across 3 layer(s)
sample [71/100] orig=1 cf=8 -- 1769/2384 neurons fixed across 3 layer(s)
sample [72/100] orig=7 cf=9 -- 1904/2384 neurons fixed across 3 layer(s)
sample [73/100] orig=1 cf=8 -- 1689/2384 neurons fixed across 3 layer(s)
sample [74/100] orig=6 cf=8 -- 1811/2384 neurons fixed across 3 layer(s)
sample [75/100] orig=3 cf=8 -- 1831/2384 neurons fixed across 3 layer(s)
sample [76/100] orig=0 cf=8 -- 1858/2384 neurons fixed across 3 layer(s)
sample [77/100] orig=2 cf=8 -- 1843/2384 neurons fixed across 3 layer(s)
sample [78/100] orig=1 cf=8 -- 1719/2384 neurons fixed across 3 layer(s)
sample [79/100] orig=1 cf=8 -- 1711/2384 neurons fixed across 3 layer(s)
sample [80/100] orig=7 cf=8 -- 1808/2384 neurons fixed across 3 layer(s)
sample [81/100] orig=8 cf=9 -- 2079/2384 neurons fixed across 3 layer(s)
sample [82/100] orig=0 cf=8 -- 1866/2384 neurons fixed across 3 layer(s)
sample [83/100] orig=2 cf=8 -- 1954/2384 neurons fixed across 3 layer(s)
sample [84/100] orig=6 cf=8 -- 1851/2384 neurons fixed across 3 layer(s)
sample [85/100] orig=7 cf=8 -- 1767/2384 neurons fixed across 3 layer(s)
sample [86/100] orig=8 cf=3 -- 2086/2384 neurons fixed across 3 layer(s)
sample [87/100] orig=3 cf=8 -- 1832/2384 neurons fixed across 3 layer(s)
sample [88/100] orig=9 cf=8 -- 1845/2384 neurons fixed across 3 layer(s)
sample [89/100] orig=0 cf=8 -- 1920/2384 neurons fixed across 3 layer(s)
sample [90/100] orig=4 cf=8 -- 1840/2384 neurons fixed across 3 layer(s)
sample [91/100] orig=6 cf=8 -- 1875/2384 neurons fixed across 3 layer(s)
sample [92/100] orig=7 cf=8 -- 1828/2384 neurons fixed across 3 layer(s)
sample [93/100] orig=4 cf=0 -- 1898/2384 neurons fixed across 3 layer(s)
sample [94/100] orig=6 cf=8 -- 1838/2384 neurons fixed across 3 layer(s)
sample [95/100] orig=8 cf=2 -- 1996/2384 neurons fixed across 3 layer(s)
sample [96/100] orig=0 cf=8 -- 1858/2384 neurons fixed across 3 layer(s)
sample [97/100] orig=7 cf=8 -- 1749/2384 neurons fixed across 3 layer(s)
sample [98/100] orig=8 cf=2 -- 2005/2384 neurons fixed across 3 layer(s)
sample [99/100] orig=3 cf=9 -- 1970/2384 neurons fixed across 3 layer(s)
sample [100/100] orig=1 cf=8 -- 1673/2384 neurons fixed across 3 layer(s)

100/100 samples written to /Users/labbaf/Documents/NN_Explainability/spexplain/neuron-activation/spexplain/data/neuron_activations/mnist/cnn-bench/S2.txt (0 failed to produce a counterfactual)
