Model: /Users/labbaf/Documents/NN_Explainability/spexplain/neuron-activation/spexplain/data/models/mnist/cnn-bench/S3.onnx
  input shape [1, 1, 28, 28], 784 features, 4 ReLU layer(s), 10-class
Dataset: /Users/labbaf/Documents/NN_Explainability/spexplain/neuron-activation/spexplain/data/datasets/mnist/mnist_s100_scaled.csv (100/100 samples)
PGD: epsilon-frac=0.1 step-frac=0.1 num-steps=50
Output: /Users/labbaf/Documents/NN_Explainability/spexplain/neuron-activation/spexplain/data/neuron_activations/mnist/cnn-bench/S3.txt

sample [1/100] orig=5 cf=3 -- 2790/3168 neurons fixed across 4 layer(s)
sample [2/100] orig=0 cf=8 -- 2491/3168 neurons fixed across 4 layer(s)
sample [3/100] orig=4 cf=8 -- 2450/3168 neurons fixed across 4 layer(s)
sample [4/100] orig=1 cf=8 -- 2384/3168 neurons fixed across 4 layer(s)
sample [5/100] orig=9 cf=8 -- 2487/3168 neurons fixed across 4 layer(s)
sample [6/100] orig=2 cf=8 -- 2497/3168 neurons fixed across 4 layer(s)
sample [7/100] orig=1 cf=8 -- 2429/3168 neurons fixed across 4 layer(s)
sample [8/100] orig=3 cf=9 -- 2585/3168 neurons fixed across 4 layer(s)
sample [9/100] orig=1 cf=8 -- 2306/3168 neurons fixed across 4 layer(s)
sample [10/100] orig=4 cf=8 -- 2448/3168 neurons fixed across 4 layer(s)
sample [11/100] orig=3 cf=9 -- 2575/3168 neurons fixed across 4 layer(s)
sample [12/100] orig=5 cf=8 -- 2339/3168 neurons fixed across 4 layer(s)
sample [13/100] orig=3 cf=8 -- 2617/3168 neurons fixed across 4 layer(s)
sample [14/100] orig=6 cf=8 -- 2496/3168 neurons fixed across 4 layer(s)
sample [15/100] orig=1 cf=8 -- 2303/3168 neurons fixed across 4 layer(s)
sample [16/100] orig=7 cf=9 -- 2512/3168 neurons fixed across 4 layer(s)
sample [17/100] orig=2 cf=8 -- 2510/3168 neurons fixed across 4 layer(s)
sample [18/100] orig=8 cf=4 -- 2612/3168 neurons fixed across 4 layer(s)
sample [19/100] orig=6 cf=8 -- 2440/3168 neurons fixed across 4 layer(s)
sample [20/100] orig=9 cf=8 -- 2408/3168 neurons fixed across 4 layer(s)
sample [21/100] orig=4 cf=8 -- 2552/3168 neurons fixed across 4 layer(s)
sample [22/100] orig=0 cf=9 -- 2606/3168 neurons fixed across 4 layer(s)
sample [23/100] orig=9 cf=8 -- 2349/3168 neurons fixed across 4 layer(s)
sample [24/100] orig=1 cf=4 -- 2499/3168 neurons fixed across 4 layer(s)
sample [25/100] orig=1 cf=8 -- 2452/3168 neurons fixed across 4 layer(s)
sample [26/100] orig=2 cf=3 -- 2809/3168 neurons fixed across 4 layer(s)
sample [27/100] orig=4 cf=8 -- 2405/3168 neurons fixed across 4 layer(s)
sample [28/100] orig=3 cf=9 -- 2667/3168 neurons fixed across 4 layer(s)
sample [29/100] orig=2 cf=8 -- 2646/3168 neurons fixed across 4 layer(s)
sample [30/100] orig=7 cf=9 -- 2470/3168 neurons fixed across 4 layer(s)
sample [31/100] orig=3 cf=8 -- 2465/3168 neurons fixed across 4 layer(s)
sample [32/100] orig=8 cf=2 -- 2710/3168 neurons fixed across 4 layer(s)
sample [33/100] orig=6 cf=8 -- 2391/3168 neurons fixed across 4 layer(s)
sample [34/100] orig=9 cf=8 -- 2473/3168 neurons fixed across 4 layer(s)
sample [35/100] orig=0 cf=8 -- 2496/3168 neurons fixed across 4 layer(s)
sample [36/100] orig=5 cf=3 -- 2606/3168 neurons fixed across 4 layer(s)
sample [37/100] orig=6 cf=8 -- 2467/3168 neurons fixed across 4 layer(s)
sample [38/100] orig=0 cf=4 -- 2580/3168 neurons fixed across 4 layer(s)
sample [39/100] orig=7 cf=8 -- 2454/3168 neurons fixed across 4 layer(s)
sample [40/100] orig=6 cf=4 -- 2585/3168 neurons fixed across 4 layer(s)
sample [41/100] orig=1 cf=8 -- 2322/3168 neurons fixed across 4 layer(s)
sample [42/100] orig=8 cf=2 -- 2730/3168 neurons fixed across 4 layer(s)
sample [43/100] orig=7 cf=9 -- 2429/3168 neurons fixed across 4 layer(s)
sample [44/100] orig=9 cf=8 -- 2445/3168 neurons fixed across 4 layer(s)
sample [45/100] orig=3 cf=8 -- 2414/3168 neurons fixed across 4 layer(s)
sample [46/100] orig=9 cf=8 -- 2465/3168 neurons fixed across 4 layer(s)
sample [47/100] orig=8 cf=8 -- FAILED to find a counterfactual, skipping
sample [48/100] orig=5 cf=8 -- 2468/3168 neurons fixed across 4 layer(s)
sample [49/100] orig=9 cf=8 -- 2457/3168 neurons fixed across 4 layer(s)
sample [50/100] orig=3 cf=9 -- 2612/3168 neurons fixed across 4 layer(s)
sample [51/100] orig=3 cf=9 -- 2521/3168 neurons fixed across 4 layer(s)
sample [52/100] orig=0 cf=9 -- 2721/3168 neurons fixed across 4 layer(s)
sample [53/100] orig=7 cf=9 -- 2545/3168 neurons fixed across 4 layer(s)
sample [54/100] orig=4 cf=8 -- 2408/3168 neurons fixed across 4 layer(s)
sample [55/100] orig=9 cf=7 -- 2725/3168 neurons fixed across 4 layer(s)
sample [56/100] orig=8 cf=2 -- 2809/3168 neurons fixed across 4 layer(s)
sample [57/100] orig=0 cf=9 -- 2703/3168 neurons fixed across 4 layer(s)
sample [58/100] orig=9 cf=8 -- 2406/3168 neurons fixed across 4 layer(s)
sample [59/100] orig=4 cf=8 -- 2509/3168 neurons fixed across 4 layer(s)
sample [60/100] orig=1 cf=4 -- 2474/3168 neurons fixed across 4 layer(s)
sample [61/100] orig=4 cf=8 -- 2601/3168 neurons fixed across 4 layer(s)
sample [62/100] orig=4 cf=8 -- 2446/3168 neurons fixed across 4 layer(s)
sample [63/100] orig=6 cf=8 -- 2577/3168 neurons fixed across 4 layer(s)
sample [64/100] orig=0 cf=8 -- 2591/3168 neurons fixed across 4 layer(s)
sample [65/100] orig=4 cf=9 -- 2618/3168 neurons fixed across 4 layer(s)
sample [66/100] orig=5 cf=8 -- 2351/3168 neurons fixed across 4 layer(s)
sample [67/100] orig=6 cf=9 -- 2576/3168 neurons fixed across 4 layer(s)
sample [68/100] orig=1 cf=7 -- 2780/3168 neurons fixed across 4 layer(s)
sample [69/100] orig=0 cf=8 -- 2588/3168 neurons fixed across 4 layer(s)
sample [70/100] orig=0 cf=8 -- 2583/3168 neurons fixed across 4 layer(s)
sample [71/100] orig=1 cf=2 -- 2638/3168 neurons fixed across 4 layer(s)
sample [72/100] orig=7 cf=9 -- 2473/3168 neurons fixed across 4 layer(s)
sample [73/100] orig=1 cf=8 -- 2353/3168 neurons fixed across 4 layer(s)
sample [74/100] orig=6 cf=8 -- 2505/3168 neurons fixed across 4 layer(s)
sample [75/100] orig=3 cf=9 -- 2515/3168 neurons fixed across 4 layer(s)
sample [76/100] orig=0 cf=8 -- 2522/3168 neurons fixed across 4 layer(s)
sample [77/100] orig=2 cf=8 -- 2497/3168 neurons fixed across 4 layer(s)
sample [78/100] orig=1 cf=4 -- 2530/3168 neurons fixed across 4 layer(s)
sample [79/100] orig=1 cf=2 -- 2534/3168 neurons fixed across 4 layer(s)
sample [80/100] orig=7 cf=9 -- 2517/3168 neurons fixed across 4 layer(s)
sample [81/100] orig=8 cf=9 -- 2810/3168 neurons fixed across 4 layer(s)
sample [82/100] orig=0 cf=2 -- 2666/3168 neurons fixed across 4 layer(s)
sample [83/100] orig=2 cf=8 -- 2641/3168 neurons fixed across 4 layer(s)
sample [84/100] orig=6 cf=9 -- 2588/3168 neurons fixed across 4 layer(s)
sample [85/100] orig=7 cf=9 -- 2511/3168 neurons fixed across 4 layer(s)
sample [86/100] orig=8 cf=9 -- 2757/3168 neurons fixed across 4 layer(s)
sample [87/100] orig=3 cf=8 -- 2454/3168 neurons fixed across 4 layer(s)
sample [88/100] orig=9 cf=8 -- 2536/3168 neurons fixed across 4 layer(s)
sample [89/100] orig=0 cf=9 -- 2699/3168 neurons fixed across 4 layer(s)
sample [90/100] orig=4 cf=9 -- 2579/3168 neurons fixed across 4 layer(s)
sample [91/100] orig=6 cf=9 -- 2528/3168 neurons fixed across 4 layer(s)
sample [92/100] orig=7 cf=9 -- 2517/3168 neurons fixed across 4 layer(s)
sample [93/100] orig=4 cf=8 -- 2380/3168 neurons fixed across 4 layer(s)
sample [94/100] orig=6 cf=8 -- 2511/3168 neurons fixed across 4 layer(s)
sample [95/100] orig=8 cf=2 -- 2750/3168 neurons fixed across 4 layer(s)
sample [96/100] orig=0 cf=9 -- 2581/3168 neurons fixed across 4 layer(s)
sample [97/100] orig=7 cf=9 -- 2472/3168 neurons fixed across 4 layer(s)
sample [98/100] orig=8 cf=2 -- 2723/3168 neurons fixed across 4 layer(s)
sample [99/100] orig=3 cf=9 -- 2517/3168 neurons fixed across 4 layer(s)
sample [100/100] orig=1 cf=4 -- 2591/3168 neurons fixed across 4 layer(s)

99/100 samples written to /Users/labbaf/Documents/NN_Explainability/spexplain/neuron-activation/spexplain/data/neuron_activations/mnist/cnn-bench/S3.txt (1 failed to produce a counterfactual)
