Model: /Users/labbaf/Documents/NN_Explainability/spexplain/neuron-activation/spexplain/data/models/mnist/cnn-bench/S4.onnx
  input shape [1, 1, 28, 28], 784 features, 5 ReLU layer(s), 10-class
Dataset: /Users/labbaf/Documents/NN_Explainability/spexplain/neuron-activation/spexplain/data/datasets/mnist/mnist_s100_scaled.csv (100/100 samples)
PGD: epsilon-frac=0.1 step-frac=0.1 num-steps=50
Output: /Users/labbaf/Documents/NN_Explainability/spexplain/neuron-activation/spexplain/data/neuron_activations/mnist/cnn-bench/S4.txt

sample [1/100] orig=5 cf=3 -- 3368/3952 neurons fixed across 5 layer(s)
sample [2/100] orig=0 cf=4 -- 3162/3952 neurons fixed across 5 layer(s)
sample [3/100] orig=4 cf=9 -- 3278/3952 neurons fixed across 5 layer(s)
sample [4/100] orig=1 cf=8 -- 2968/3952 neurons fixed across 5 layer(s)
sample [5/100] orig=9 cf=8 -- 3171/3952 neurons fixed across 5 layer(s)
sample [6/100] orig=2 cf=8 -- 2996/3952 neurons fixed across 5 layer(s)
sample [7/100] orig=1 cf=4 -- 2979/3952 neurons fixed across 5 layer(s)
sample [8/100] orig=3 cf=4 -- 3077/3952 neurons fixed across 5 layer(s)
sample [9/100] orig=1 cf=4 -- 2890/3952 neurons fixed across 5 layer(s)
sample [10/100] orig=4 cf=3 -- 3193/3952 neurons fixed across 5 layer(s)
sample [11/100] orig=3 cf=4 -- 3019/3952 neurons fixed across 5 layer(s)
sample [12/100] orig=5 cf=8 -- 3018/3952 neurons fixed across 5 layer(s)
sample [13/100] orig=3 cf=4 -- 3095/3952 neurons fixed across 5 layer(s)
sample [14/100] orig=6 cf=4 -- 3126/3952 neurons fixed across 5 layer(s)
sample [15/100] orig=1 cf=4 -- 2822/3952 neurons fixed across 5 layer(s)
sample [16/100] orig=7 cf=9 -- 3184/3952 neurons fixed across 5 layer(s)
sample [17/100] orig=2 cf=4 -- 3065/3952 neurons fixed across 5 layer(s)
sample [18/100] orig=8 cf=8 -- FAILED to find a counterfactual, skipping
sample [19/100] orig=6 cf=9 -- 3121/3952 neurons fixed across 5 layer(s)
sample [20/100] orig=9 cf=8 -- 2995/3952 neurons fixed across 5 layer(s)
sample [21/100] orig=4 cf=8 -- 3211/3952 neurons fixed across 5 layer(s)
sample [22/100] orig=0 cf=4 -- 3190/3952 neurons fixed across 5 layer(s)
sample [23/100] orig=9 cf=4 -- 3054/3952 neurons fixed across 5 layer(s)
sample [24/100] orig=1 cf=4 -- 2900/3952 neurons fixed across 5 layer(s)
sample [25/100] orig=1 cf=2 -- 3250/3952 neurons fixed across 5 layer(s)
sample [26/100] orig=2 cf=3 -- 3332/3952 neurons fixed across 5 layer(s)
sample [27/100] orig=4 cf=9 -- 3232/3952 neurons fixed across 5 layer(s)
sample [28/100] orig=3 cf=4 -- 3131/3952 neurons fixed across 5 layer(s)
sample [29/100] orig=2 cf=8 -- 3277/3952 neurons fixed across 5 layer(s)
sample [30/100] orig=7 cf=8 -- 2838/3952 neurons fixed across 5 layer(s)
sample [31/100] orig=3 cf=8 -- 3117/3952 neurons fixed across 5 layer(s)
sample [32/100] orig=8 cf=3 -- 3366/3952 neurons fixed across 5 layer(s)
sample [33/100] orig=6 cf=4 -- 3000/3952 neurons fixed across 5 layer(s)
sample [34/100] orig=9 cf=7 -- 3358/3952 neurons fixed across 5 layer(s)
sample [35/100] orig=0 cf=4 -- 3073/3952 neurons fixed across 5 layer(s)
sample [36/100] orig=5 cf=3 -- 3097/3952 neurons fixed across 5 layer(s)
sample [37/100] orig=6 cf=4 -- 3040/3952 neurons fixed across 5 layer(s)
sample [38/100] orig=0 cf=4 -- 3219/3952 neurons fixed across 5 layer(s)
sample [39/100] orig=7 cf=2 -- 3404/3952 neurons fixed across 5 layer(s)
sample [40/100] orig=6 cf=4 -- 3010/3952 neurons fixed across 5 layer(s)
sample [41/100] orig=1 cf=4 -- 2978/3952 neurons fixed across 5 layer(s)
sample [42/100] orig=8 cf=3 -- 3321/3952 neurons fixed across 5 layer(s)
sample [43/100] orig=7 cf=1 -- 3111/3952 neurons fixed across 5 layer(s)
sample [44/100] orig=9 cf=8 -- 3026/3952 neurons fixed across 5 layer(s)
sample [45/100] orig=3 cf=8 -- 2961/3952 neurons fixed across 5 layer(s)
sample [46/100] orig=9 cf=8 -- 3106/3952 neurons fixed across 5 layer(s)
sample [47/100] orig=8 cf=8 -- FAILED to find a counterfactual, skipping
sample [48/100] orig=5 cf=3 -- 3160/3952 neurons fixed across 5 layer(s)
sample [49/100] orig=9 cf=4 -- 3017/3952 neurons fixed across 5 layer(s)
sample [50/100] orig=3 cf=8 -- 3214/3952 neurons fixed across 5 layer(s)
sample [51/100] orig=3 cf=9 -- 3033/3952 neurons fixed across 5 layer(s)
sample [52/100] orig=0 cf=4 -- 3315/3952 neurons fixed across 5 layer(s)
sample [53/100] orig=7 cf=8 -- 3168/3952 neurons fixed across 5 layer(s)
sample [54/100] orig=4 cf=8 -- 3205/3952 neurons fixed across 5 layer(s)
sample [55/100] orig=9 cf=4 -- 3281/3952 neurons fixed across 5 layer(s)
sample [56/100] orig=8 cf=8 -- FAILED to find a counterfactual, skipping
sample [57/100] orig=0 cf=4 -- 3314/3952 neurons fixed across 5 layer(s)
sample [58/100] orig=9 cf=8 -- 2965/3952 neurons fixed across 5 layer(s)
sample [59/100] orig=4 cf=8 -- 3280/3952 neurons fixed across 5 layer(s)
sample [60/100] orig=1 cf=4 -- 2863/3952 neurons fixed across 5 layer(s)
sample [61/100] orig=4 cf=9 -- 3281/3952 neurons fixed across 5 layer(s)
sample [62/100] orig=4 cf=8 -- 3212/3952 neurons fixed across 5 layer(s)
sample [63/100] orig=6 cf=8 -- 3300/3952 neurons fixed across 5 layer(s)
sample [64/100] orig=0 cf=4 -- 3273/3952 neurons fixed across 5 layer(s)
sample [65/100] orig=4 cf=9 -- 3359/3952 neurons fixed across 5 layer(s)
sample [66/100] orig=5 cf=3 -- 3041/3952 neurons fixed across 5 layer(s)
sample [67/100] orig=6 cf=4 -- 3149/3952 neurons fixed across 5 layer(s)
sample [68/100] orig=1 cf=7 -- 3313/3952 neurons fixed across 5 layer(s)
sample [69/100] orig=0 cf=9 -- 3415/3952 neurons fixed across 5 layer(s)
sample [70/100] orig=0 cf=4 -- 3144/3952 neurons fixed across 5 layer(s)
sample [71/100] orig=1 cf=8 -- 3156/3952 neurons fixed across 5 layer(s)
sample [72/100] orig=7 cf=9 -- 3246/3952 neurons fixed across 5 layer(s)
sample [73/100] orig=1 cf=4 -- 2860/3952 neurons fixed across 5 layer(s)
sample [74/100] orig=6 cf=8 -- 3189/3952 neurons fixed across 5 layer(s)
sample [75/100] orig=3 cf=8 -- 3112/3952 neurons fixed across 5 layer(s)
sample [76/100] orig=0 cf=8 -- 3236/3952 neurons fixed across 5 layer(s)
sample [77/100] orig=2 cf=4 -- 2994/3952 neurons fixed across 5 layer(s)
sample [78/100] orig=1 cf=8 -- 3010/3952 neurons fixed across 5 layer(s)
sample [79/100] orig=1 cf=4 -- 3028/3952 neurons fixed across 5 layer(s)
sample [80/100] orig=7 cf=4 -- 2920/3952 neurons fixed across 5 layer(s)
sample [81/100] orig=9 cf=8 -- 3313/3952 neurons fixed across 5 layer(s)
sample [82/100] orig=0 cf=4 -- 3165/3952 neurons fixed across 5 layer(s)
sample [83/100] orig=2 cf=8 -- 3174/3952 neurons fixed across 5 layer(s)
sample [84/100] orig=6 cf=4 -- 3074/3952 neurons fixed across 5 layer(s)
sample [85/100] orig=7 cf=2 -- 3164/3952 neurons fixed across 5 layer(s)
sample [86/100] orig=8 cf=8 -- FAILED to find a counterfactual, skipping
sample [87/100] orig=3 cf=5 -- 3247/3952 neurons fixed across 5 layer(s)
sample [88/100] orig=9 cf=4 -- 3031/3952 neurons fixed across 5 layer(s)
sample [89/100] orig=0 cf=4 -- 3249/3952 neurons fixed across 5 layer(s)
sample [90/100] orig=4 cf=3 -- 3184/3952 neurons fixed across 5 layer(s)
sample [91/100] orig=6 cf=4 -- 3111/3952 neurons fixed across 5 layer(s)
sample [92/100] orig=7 cf=9 -- 3217/3952 neurons fixed across 5 layer(s)
sample [93/100] orig=4 cf=9 -- 3224/3952 neurons fixed across 5 layer(s)
sample [94/100] orig=6 cf=4 -- 3040/3952 neurons fixed across 5 layer(s)
sample [95/100] orig=8 cf=9 -- 3411/3952 neurons fixed across 5 layer(s)
sample [96/100] orig=0 cf=4 -- 3208/3952 neurons fixed across 5 layer(s)
sample [97/100] orig=7 cf=8 -- 2963/3952 neurons fixed across 5 layer(s)
sample [98/100] orig=8 cf=8 -- FAILED to find a counterfactual, skipping
sample [99/100] orig=3 cf=8 -- 3048/3952 neurons fixed across 5 layer(s)
sample [100/100] orig=1 cf=4 -- 2899/3952 neurons fixed across 5 layer(s)

95/100 samples written to /Users/labbaf/Documents/NN_Explainability/spexplain/neuron-activation/spexplain/data/neuron_activations/mnist/cnn-bench/S4.txt (5 failed to produce a counterfactual)
