Model: /Users/labbaf/Documents/NN_Explainability/spexplain/neuron-activation/spexplain/data/models/mnist/cnn-bench/S5.onnx
  input shape [1, 1, 28, 28], 784 features, 6 ReLU layer(s), 10-class
Dataset: /Users/labbaf/Documents/NN_Explainability/spexplain/neuron-activation/spexplain/data/datasets/mnist/mnist_s100_scaled.csv (100/100 samples)
PGD: epsilon-frac=0.1 step-frac=0.1 num-steps=50
Output: /Users/labbaf/Documents/NN_Explainability/spexplain/neuron-activation/spexplain/data/neuron_activations/mnist/cnn-bench/S5.txt

sample [1/100] orig=5 cf=3 -- 4023/4736 neurons fixed across 6 layer(s)
sample [2/100] orig=0 cf=8 -- 3711/4736 neurons fixed across 6 layer(s)
sample [3/100] orig=4 cf=8 -- 3596/4736 neurons fixed across 6 layer(s)
sample [4/100] orig=1 cf=6 -- 3801/4736 neurons fixed across 6 layer(s)
sample [5/100] orig=9 cf=8 -- 3757/4736 neurons fixed across 6 layer(s)
sample [6/100] orig=2 cf=4 -- 3832/4736 neurons fixed across 6 layer(s)
sample [7/100] orig=1 cf=8 -- 3528/4736 neurons fixed across 6 layer(s)
sample [8/100] orig=3 cf=9 -- 3999/4736 neurons fixed across 6 layer(s)
sample [9/100] orig=1 cf=4 -- 3400/4736 neurons fixed across 6 layer(s)
sample [10/100] orig=4 cf=8 -- 3782/4736 neurons fixed across 6 layer(s)
sample [11/100] orig=3 cf=4 -- 3842/4736 neurons fixed across 6 layer(s)
sample [12/100] orig=5 cf=8 -- 3539/4736 neurons fixed across 6 layer(s)
sample [13/100] orig=3 cf=5 -- 3981/4736 neurons fixed across 6 layer(s)
sample [14/100] orig=6 cf=8 -- 3820/4736 neurons fixed across 6 layer(s)
sample [15/100] orig=1 cf=8 -- 3468/4736 neurons fixed across 6 layer(s)
sample [16/100] orig=7 cf=9 -- 3804/4736 neurons fixed across 6 layer(s)
sample [17/100] orig=2 cf=8 -- 3783/4736 neurons fixed across 6 layer(s)
sample [18/100] orig=8 cf=2 -- 3983/4736 neurons fixed across 6 layer(s)
sample [19/100] orig=6 cf=8 -- 3701/4736 neurons fixed across 6 layer(s)
sample [20/100] orig=9 cf=8 -- 3713/4736 neurons fixed across 6 layer(s)
sample [21/100] orig=4 cf=8 -- 3771/4736 neurons fixed across 6 layer(s)
sample [22/100] orig=0 cf=4 -- 4012/4736 neurons fixed across 6 layer(s)
sample [23/100] orig=9 cf=4 -- 3701/4736 neurons fixed across 6 layer(s)
sample [24/100] orig=1 cf=4 -- 3601/4736 neurons fixed across 6 layer(s)
sample [25/100] orig=1 cf=8 -- 3561/4736 neurons fixed across 6 layer(s)
sample [26/100] orig=2 cf=3 -- 4115/4736 neurons fixed across 6 layer(s)
sample [27/100] orig=4 cf=8 -- 3864/4736 neurons fixed across 6 layer(s)
sample [28/100] orig=3 cf=9 -- 4006/4736 neurons fixed across 6 layer(s)
sample [29/100] orig=2 cf=7 -- 4175/4736 neurons fixed across 6 layer(s)
sample [30/100] orig=7 cf=9 -- 3716/4736 neurons fixed across 6 layer(s)
sample [31/100] orig=3 cf=8 -- 3645/4736 neurons fixed across 6 layer(s)
sample [32/100] orig=8 cf=3 -- 3916/4736 neurons fixed across 6 layer(s)
sample [33/100] orig=6 cf=8 -- 3699/4736 neurons fixed across 6 layer(s)
sample [34/100] orig=9 cf=8 -- 3722/4736 neurons fixed across 6 layer(s)
sample [35/100] orig=0 cf=4 -- 3792/4736 neurons fixed across 6 layer(s)
sample [36/100] orig=5 cf=3 -- 3822/4736 neurons fixed across 6 layer(s)
sample [37/100] orig=6 cf=8 -- 3869/4736 neurons fixed across 6 layer(s)
sample [38/100] orig=0 cf=4 -- 3774/4736 neurons fixed across 6 layer(s)
sample [39/100] orig=7 cf=2 -- 3953/4736 neurons fixed across 6 layer(s)
sample [40/100] orig=6 cf=4 -- 3813/4736 neurons fixed across 6 layer(s)
sample [41/100] orig=1 cf=4 -- 3507/4736 neurons fixed across 6 layer(s)
sample [42/100] orig=8 cf=3 -- 4105/4736 neurons fixed across 6 layer(s)
sample [43/100] orig=7 cf=1 -- 3813/4736 neurons fixed across 6 layer(s)
sample [44/100] orig=9 cf=8 -- 3616/4736 neurons fixed across 6 layer(s)
sample [45/100] orig=3 cf=8 -- 3656/4736 neurons fixed across 6 layer(s)
sample [46/100] orig=9 cf=8 -- 3619/4736 neurons fixed across 6 layer(s)
sample [47/100] orig=8 cf=8 -- FAILED to find a counterfactual, skipping
sample [48/100] orig=5 cf=3 -- 3872/4736 neurons fixed across 6 layer(s)
sample [49/100] orig=9 cf=4 -- 3787/4736 neurons fixed across 6 layer(s)
sample [50/100] orig=3 cf=9 -- 3997/4736 neurons fixed across 6 layer(s)
sample [51/100] orig=3 cf=9 -- 3859/4736 neurons fixed across 6 layer(s)
sample [52/100] orig=0 cf=0 -- FAILED to find a counterfactual, skipping
sample [53/100] orig=7 cf=8 -- 3751/4736 neurons fixed across 6 layer(s)
sample [54/100] orig=4 cf=8 -- 3903/4736 neurons fixed across 6 layer(s)
sample [55/100] orig=9 cf=4 -- 3826/4736 neurons fixed across 6 layer(s)
sample [56/100] orig=8 cf=3 -- 4050/4736 neurons fixed across 6 layer(s)
sample [57/100] orig=0 cf=4 -- 3975/4736 neurons fixed across 6 layer(s)
sample [58/100] orig=9 cf=4 -- 3685/4736 neurons fixed across 6 layer(s)
sample [59/100] orig=4 cf=8 -- 3918/4736 neurons fixed across 6 layer(s)
sample [60/100] orig=1 cf=6 -- 3764/4736 neurons fixed across 6 layer(s)
sample [61/100] orig=4 cf=9 -- 4055/4736 neurons fixed across 6 layer(s)
sample [62/100] orig=4 cf=8 -- 3864/4736 neurons fixed across 6 layer(s)
sample [63/100] orig=6 cf=5 -- 4201/4736 neurons fixed across 6 layer(s)
sample [64/100] orig=0 cf=8 -- 3881/4736 neurons fixed across 6 layer(s)
sample [65/100] orig=4 cf=9 -- 4174/4736 neurons fixed across 6 layer(s)
sample [66/100] orig=5 cf=8 -- 3505/4736 neurons fixed across 6 layer(s)
sample [67/100] orig=6 cf=8 -- 3845/4736 neurons fixed across 6 layer(s)
sample [68/100] orig=1 cf=7 -- 4059/4736 neurons fixed across 6 layer(s)
sample [69/100] orig=0 cf=8 -- 3800/4736 neurons fixed across 6 layer(s)
sample [70/100] orig=0 cf=4 -- 3932/4736 neurons fixed across 6 layer(s)
sample [71/100] orig=1 cf=2 -- 4013/4736 neurons fixed across 6 layer(s)
sample [72/100] orig=7 cf=9 -- 3793/4736 neurons fixed across 6 layer(s)
sample [73/100] orig=1 cf=8 -- 3426/4736 neurons fixed across 6 layer(s)
sample [74/100] orig=6 cf=8 -- 3710/4736 neurons fixed across 6 layer(s)
sample [75/100] orig=3 cf=2 -- 3788/4736 neurons fixed across 6 layer(s)
sample [76/100] orig=0 cf=8 -- 3775/4736 neurons fixed across 6 layer(s)
sample [77/100] orig=2 cf=3 -- 3977/4736 neurons fixed across 6 layer(s)
sample [78/100] orig=1 cf=6 -- 3877/4736 neurons fixed across 6 layer(s)
sample [79/100] orig=1 cf=4 -- 3683/4736 neurons fixed across 6 layer(s)
sample [80/100] orig=7 cf=4 -- 3589/4736 neurons fixed across 6 layer(s)
sample [81/100] orig=8 cf=2 -- 4176/4736 neurons fixed across 6 layer(s)
sample [82/100] orig=0 cf=4 -- 3941/4736 neurons fixed across 6 layer(s)
sample [83/100] orig=2 cf=8 -- 3983/4736 neurons fixed across 6 layer(s)
sample [84/100] orig=6 cf=4 -- 3757/4736 neurons fixed across 6 layer(s)
sample [85/100] orig=7 cf=2 -- 3836/4736 neurons fixed across 6 layer(s)
sample [86/100] orig=8 cf=8 -- FAILED to find a counterfactual, skipping
sample [87/100] orig=3 cf=5 -- 3965/4736 neurons fixed across 6 layer(s)
sample [88/100] orig=9 cf=8 -- 3738/4736 neurons fixed across 6 layer(s)
sample [89/100] orig=0 cf=0 -- FAILED to find a counterfactual, skipping
sample [90/100] orig=4 cf=8 -- 3752/4736 neurons fixed across 6 layer(s)
sample [91/100] orig=6 cf=8 -- 3786/4736 neurons fixed across 6 layer(s)
sample [92/100] orig=7 cf=9 -- 3912/4736 neurons fixed across 6 layer(s)
sample [93/100] orig=4 cf=8 -- 3599/4736 neurons fixed across 6 layer(s)
sample [94/100] orig=6 cf=8 -- 3849/4736 neurons fixed across 6 layer(s)
sample [95/100] orig=8 cf=9 -- 4005/4736 neurons fixed across 6 layer(s)
sample [96/100] orig=0 cf=4 -- 3945/4736 neurons fixed across 6 layer(s)
sample [97/100] orig=7 cf=8 -- 3669/4736 neurons fixed across 6 layer(s)
sample [98/100] orig=8 cf=8 -- FAILED to find a counterfactual, skipping
sample [99/100] orig=3 cf=8 -- 3728/4736 neurons fixed across 6 layer(s)
sample [100/100] orig=1 cf=4 -- 3589/4736 neurons fixed across 6 layer(s)

95/100 samples written to /Users/labbaf/Documents/NN_Explainability/spexplain/neuron-activation/spexplain/data/neuron_activations/mnist/cnn-bench/S5.txt (5 failed to produce a counterfactual)
