Model: /Users/labbaf/Documents/NN_Explainability/spexplain/neuron-activation/spexplain/data/models/mnist/cnn-bench/S6.onnx
  input shape [1, 1, 28, 28], 784 features, 7 ReLU layer(s), 10-class
Dataset: /Users/labbaf/Documents/NN_Explainability/spexplain/neuron-activation/spexplain/data/datasets/mnist/mnist_s100_scaled.csv (100/100 samples)
PGD: epsilon-frac=0.1 step-frac=0.1 num-steps=50
Output: /Users/labbaf/Documents/NN_Explainability/spexplain/neuron-activation/spexplain/data/neuron_activations/mnist/cnn-bench/S6.txt

sample [1/100] orig=5 cf=3 -- 4477/5312 neurons fixed across 7 layer(s)
sample [2/100] orig=0 cf=2 -- 4486/5312 neurons fixed across 7 layer(s)
sample [3/100] orig=4 cf=8 -- 4183/5312 neurons fixed across 7 layer(s)
sample [4/100] orig=1 cf=6 -- 4285/5312 neurons fixed across 7 layer(s)
sample [5/100] orig=9 cf=4 -- 4482/5312 neurons fixed across 7 layer(s)
sample [6/100] orig=2 cf=4 -- 4346/5312 neurons fixed across 7 layer(s)
sample [7/100] orig=1 cf=4 -- 4225/5312 neurons fixed across 7 layer(s)
sample [8/100] orig=3 cf=8 -- 4346/5312 neurons fixed across 7 layer(s)
sample [9/100] orig=1 cf=4 -- 4148/5312 neurons fixed across 7 layer(s)
sample [10/100] orig=4 cf=8 -- 4150/5312 neurons fixed across 7 layer(s)
sample [11/100] orig=3 cf=2 -- 4361/5312 neurons fixed across 7 layer(s)
sample [12/100] orig=5 cf=8 -- 4320/5312 neurons fixed across 7 layer(s)
sample [13/100] orig=3 cf=3 -- FAILED to find a counterfactual, skipping
sample [14/100] orig=6 cf=8 -- 4257/5312 neurons fixed across 7 layer(s)
sample [15/100] orig=1 cf=9 -- 4250/5312 neurons fixed across 7 layer(s)
sample [16/100] orig=7 cf=9 -- 4435/5312 neurons fixed across 7 layer(s)
sample [17/100] orig=2 cf=8 -- 4233/5312 neurons fixed across 7 layer(s)
sample [18/100] orig=8 cf=2 -- 4539/5312 neurons fixed across 7 layer(s)
sample [19/100] orig=6 cf=8 -- 4149/5312 neurons fixed across 7 layer(s)
sample [20/100] orig=9 cf=8 -- 4325/5312 neurons fixed across 7 layer(s)
sample [21/100] orig=4 cf=8 -- 4352/5312 neurons fixed across 7 layer(s)
sample [22/100] orig=0 cf=9 -- 4581/5312 neurons fixed across 7 layer(s)
sample [23/100] orig=9 cf=4 -- 4469/5312 neurons fixed across 7 layer(s)
sample [24/100] orig=1 cf=0 -- 4198/5312 neurons fixed across 7 layer(s)
sample [25/100] orig=1 cf=4 -- 4237/5312 neurons fixed across 7 layer(s)
sample [26/100] orig=2 cf=8 -- 4553/5312 neurons fixed across 7 layer(s)
sample [27/100] orig=4 cf=8 -- 4141/5312 neurons fixed across 7 layer(s)
sample [28/100] orig=3 cf=3 -- FAILED to find a counterfactual, skipping
sample [29/100] orig=2 cf=8 -- 4393/5312 neurons fixed across 7 layer(s)
sample [30/100] orig=7 cf=3 -- 4516/5312 neurons fixed across 7 layer(s)
sample [31/100] orig=3 cf=8 -- 4241/5312 neurons fixed across 7 layer(s)
sample [32/100] orig=8 cf=6 -- 4437/5312 neurons fixed across 7 layer(s)
sample [33/100] orig=6 cf=8 -- 4175/5312 neurons fixed across 7 layer(s)
sample [34/100] orig=9 cf=8 -- 4183/5312 neurons fixed across 7 layer(s)
sample [35/100] orig=0 cf=0 -- FAILED to find a counterfactual, skipping
sample [36/100] orig=5 cf=8 -- 4365/5312 neurons fixed across 7 layer(s)
sample [37/100] orig=6 cf=8 -- 4316/5312 neurons fixed across 7 layer(s)
sample [38/100] orig=0 cf=4 -- 4481/5312 neurons fixed across 7 layer(s)
sample [39/100] orig=7 cf=2 -- 4426/5312 neurons fixed across 7 layer(s)
sample [40/100] orig=6 cf=4 -- 4569/5312 neurons fixed across 7 layer(s)
sample [41/100] orig=1 cf=4 -- 4234/5312 neurons fixed across 7 layer(s)
sample [42/100] orig=8 cf=2 -- 4569/5312 neurons fixed across 7 layer(s)
sample [43/100] orig=7 cf=9 -- 4372/5312 neurons fixed across 7 layer(s)
sample [44/100] orig=9 cf=8 -- 4140/5312 neurons fixed across 7 layer(s)
sample [45/100] orig=3 cf=8 -- 4071/5312 neurons fixed across 7 layer(s)
sample [46/100] orig=9 cf=8 -- 4306/5312 neurons fixed across 7 layer(s)
sample [47/100] orig=8 cf=8 -- FAILED to find a counterfactual, skipping
sample [48/100] orig=5 cf=9 -- 4386/5312 neurons fixed across 7 layer(s)
sample [49/100] orig=9 cf=3 -- 4505/5312 neurons fixed across 7 layer(s)
sample [50/100] orig=3 cf=5 -- 4473/5312 neurons fixed across 7 layer(s)
sample [51/100] orig=3 cf=2 -- 4288/5312 neurons fixed across 7 layer(s)
sample [52/100] orig=0 cf=0 -- FAILED to find a counterfactual, skipping
sample [53/100] orig=7 cf=8 -- 4413/5312 neurons fixed across 7 layer(s)
sample [54/100] orig=4 cf=8 -- 4126/5312 neurons fixed across 7 layer(s)
sample [55/100] orig=9 cf=4 -- 4507/5312 neurons fixed across 7 layer(s)
sample [56/100] orig=8 cf=2 -- 4628/5312 neurons fixed across 7 layer(s)
sample [57/100] orig=0 cf=8 -- 4402/5312 neurons fixed across 7 layer(s)
sample [58/100] orig=9 cf=8 -- 4223/5312 neurons fixed across 7 layer(s)
sample [59/100] orig=4 cf=8 -- 4391/5312 neurons fixed across 7 layer(s)
sample [60/100] orig=1 cf=6 -- 4248/5312 neurons fixed across 7 layer(s)
sample [61/100] orig=4 cf=9 -- 4540/5312 neurons fixed across 7 layer(s)
sample [62/100] orig=4 cf=8 -- 4046/5312 neurons fixed across 7 layer(s)
sample [63/100] orig=6 cf=8 -- 4293/5312 neurons fixed across 7 layer(s)
sample [64/100] orig=0 cf=8 -- 4505/5312 neurons fixed across 7 layer(s)
sample [65/100] orig=4 cf=8 -- 4420/5312 neurons fixed across 7 layer(s)
sample [66/100] orig=5 cf=3 -- 4272/5312 neurons fixed across 7 layer(s)
sample [67/100] orig=6 cf=8 -- 4293/5312 neurons fixed across 7 layer(s)
sample [68/100] orig=1 cf=8 -- 4095/5312 neurons fixed across 7 layer(s)
sample [69/100] orig=0 cf=5 -- 4673/5312 neurons fixed across 7 layer(s)
sample [70/100] orig=0 cf=2 -- 4637/5312 neurons fixed across 7 layer(s)
sample [71/100] orig=1 cf=2 -- 4460/5312 neurons fixed across 7 layer(s)
sample [72/100] orig=7 cf=9 -- 4574/5312 neurons fixed across 7 layer(s)
sample [73/100] orig=1 cf=4 -- 4183/5312 neurons fixed across 7 layer(s)
sample [74/100] orig=6 cf=8 -- 4287/5312 neurons fixed across 7 layer(s)
sample [75/100] orig=3 cf=1 -- 4333/5312 neurons fixed across 7 layer(s)
sample [76/100] orig=0 cf=8 -- 4432/5312 neurons fixed across 7 layer(s)
sample [77/100] orig=2 cf=8 -- 4291/5312 neurons fixed across 7 layer(s)
sample [78/100] orig=1 cf=6 -- 4291/5312 neurons fixed across 7 layer(s)
sample [79/100] orig=1 cf=0 -- 4261/5312 neurons fixed across 7 layer(s)
sample [80/100] orig=7 cf=8 -- 4324/5312 neurons fixed across 7 layer(s)
sample [81/100] orig=8 cf=9 -- 4846/5312 neurons fixed across 7 layer(s)
sample [82/100] orig=0 cf=4 -- 4556/5312 neurons fixed across 7 layer(s)
sample [83/100] orig=2 cf=8 -- 4398/5312 neurons fixed across 7 layer(s)
sample [84/100] orig=6 cf=6 -- FAILED to find a counterfactual, skipping
sample [85/100] orig=7 cf=8 -- 4136/5312 neurons fixed across 7 layer(s)
sample [86/100] orig=8 cf=2 -- 4533/5312 neurons fixed across 7 layer(s)
sample [87/100] orig=3 cf=8 -- 4207/5312 neurons fixed across 7 layer(s)
sample [88/100] orig=9 cf=8 -- 4328/5312 neurons fixed across 7 layer(s)
sample [89/100] orig=0 cf=6 -- 4419/5312 neurons fixed across 7 layer(s)
sample [90/100] orig=4 cf=8 -- 4340/5312 neurons fixed across 7 layer(s)
sample [91/100] orig=6 cf=0 -- 4664/5312 neurons fixed across 7 layer(s)
sample [92/100] orig=7 cf=3 -- 4418/5312 neurons fixed across 7 layer(s)
sample [93/100] orig=4 cf=8 -- 4163/5312 neurons fixed across 7 layer(s)
sample [94/100] orig=6 cf=8 -- 4356/5312 neurons fixed across 7 layer(s)
sample [95/100] orig=8 cf=2 -- 4569/5312 neurons fixed across 7 layer(s)
sample [96/100] orig=0 cf=0 -- FAILED to find a counterfactual, skipping
sample [97/100] orig=7 cf=0 -- 4176/5312 neurons fixed across 7 layer(s)
sample [98/100] orig=8 cf=2 -- 4501/5312 neurons fixed across 7 layer(s)
sample [99/100] orig=3 cf=9 -- 4381/5312 neurons fixed across 7 layer(s)
sample [100/100] orig=1 cf=0 -- 4074/5312 neurons fixed across 7 layer(s)

93/100 samples written to /Users/labbaf/Documents/NN_Explainability/spexplain/neuron-activation/spexplain/data/neuron_activations/mnist/cnn-bench/S6.txt (7 failed to produce a counterfactual)
