Model: /Users/labbaf/Documents/NN_Explainability/spexplain/neuron-activation/spexplain/data/models/mnist/cnn-bench/S8.onnx
  input shape [1, 1, 28, 28], 784 features, 9 ReLU layer(s), 10-class
Dataset: /Users/labbaf/Documents/NN_Explainability/spexplain/neuron-activation/spexplain/data/datasets/mnist/mnist_s100_scaled.csv (100/100 samples)
PGD: epsilon-frac=0.1 step-frac=0.1 num-steps=50
Output: /Users/labbaf/Documents/NN_Explainability/spexplain/neuron-activation/spexplain/data/neuron_activations/mnist/cnn-bench/S8.txt

sample [1/100] orig=5 cf=3 -- 6442/7664 neurons fixed across 9 layer(s)
sample [2/100] orig=0 cf=9 -- 6656/7664 neurons fixed across 9 layer(s)
sample [3/100] orig=4 cf=9 -- 5934/7664 neurons fixed across 9 layer(s)
sample [4/100] orig=1 cf=6 -- 5751/7664 neurons fixed across 9 layer(s)
sample [5/100] orig=9 cf=4 -- 6240/7664 neurons fixed across 9 layer(s)
sample [6/100] orig=2 cf=3 -- 6349/7664 neurons fixed across 9 layer(s)
sample [7/100] orig=1 cf=5 -- 6122/7664 neurons fixed across 9 layer(s)
sample [8/100] orig=3 cf=1 -- 6175/7664 neurons fixed across 9 layer(s)
sample [9/100] orig=1 cf=4 -- 5932/7664 neurons fixed across 9 layer(s)
sample [10/100] orig=4 cf=4 -- FAILED to find a counterfactual, skipping
sample [11/100] orig=3 cf=2 -- 6112/7664 neurons fixed across 9 layer(s)
sample [12/100] orig=5 cf=8 -- 5956/7664 neurons fixed across 9 layer(s)
sample [13/100] orig=3 cf=3 -- FAILED to find a counterfactual, skipping
sample [14/100] orig=6 cf=8 -- 6027/7664 neurons fixed across 9 layer(s)
sample [15/100] orig=1 cf=4 -- 5778/7664 neurons fixed across 9 layer(s)
sample [16/100] orig=7 cf=9 -- 6152/7664 neurons fixed across 9 layer(s)
sample [17/100] orig=2 cf=7 -- 6408/7664 neurons fixed across 9 layer(s)
sample [18/100] orig=8 cf=8 -- FAILED to find a counterfactual, skipping
sample [19/100] orig=6 cf=8 -- 6124/7664 neurons fixed across 9 layer(s)
sample [20/100] orig=9 cf=8 -- 6330/7664 neurons fixed across 9 layer(s)
sample [21/100] orig=4 cf=2 -- 6602/7664 neurons fixed across 9 layer(s)
sample [22/100] orig=0 cf=4 -- 6483/7664 neurons fixed across 9 layer(s)
sample [23/100] orig=9 cf=4 -- 6184/7664 neurons fixed across 9 layer(s)
sample [24/100] orig=1 cf=4 -- 6084/7664 neurons fixed across 9 layer(s)
sample [25/100] orig=1 cf=2 -- 6271/7664 neurons fixed across 9 layer(s)
sample [26/100] orig=2 cf=3 -- 6671/7664 neurons fixed across 9 layer(s)
sample [27/100] orig=4 cf=9 -- 5934/7664 neurons fixed across 9 layer(s)
sample [28/100] orig=3 cf=1 -- 6238/7664 neurons fixed across 9 layer(s)
sample [29/100] orig=2 cf=7 -- 6597/7664 neurons fixed across 9 layer(s)
sample [30/100] orig=7 cf=9 -- 5992/7664 neurons fixed across 9 layer(s)
sample [31/100] orig=3 cf=5 -- 6308/7664 neurons fixed across 9 layer(s)
sample [32/100] orig=8 cf=8 -- FAILED to find a counterfactual, skipping
sample [33/100] orig=6 cf=8 -- 5954/7664 neurons fixed across 9 layer(s)
sample [34/100] orig=9 cf=7 -- 5991/7664 neurons fixed across 9 layer(s)
sample [35/100] orig=0 cf=2 -- 6352/7664 neurons fixed across 9 layer(s)
sample [36/100] orig=5 cf=5 -- FAILED to find a counterfactual, skipping
sample [37/100] orig=6 cf=8 -- 6058/7664 neurons fixed across 9 layer(s)
sample [38/100] orig=0 cf=4 -- 6318/7664 neurons fixed across 9 layer(s)
sample [39/100] orig=7 cf=2 -- 6623/7664 neurons fixed across 9 layer(s)
sample [40/100] orig=6 cf=4 -- 6123/7664 neurons fixed across 9 layer(s)
sample [41/100] orig=1 cf=4 -- 5919/7664 neurons fixed across 9 layer(s)
sample [42/100] orig=8 cf=2 -- 6235/7664 neurons fixed across 9 layer(s)
sample [43/100] orig=7 cf=9 -- 6127/7664 neurons fixed across 9 layer(s)
sample [44/100] orig=9 cf=2 -- 5888/7664 neurons fixed across 9 layer(s)
sample [45/100] orig=3 cf=5 -- 6036/7664 neurons fixed across 9 layer(s)
sample [46/100] orig=9 cf=4 -- 6137/7664 neurons fixed across 9 layer(s)
sample [47/100] orig=8 cf=2 -- 6154/7664 neurons fixed across 9 layer(s)
sample [48/100] orig=5 cf=5 -- FAILED to find a counterfactual, skipping
sample [49/100] orig=9 cf=5 -- 6663/7664 neurons fixed across 9 layer(s)
sample [50/100] orig=3 cf=5 -- 6081/7664 neurons fixed across 9 layer(s)
sample [51/100] orig=3 cf=3 -- FAILED to find a counterfactual, skipping
sample [52/100] orig=0 cf=9 -- 6815/7664 neurons fixed across 9 layer(s)
sample [53/100] orig=7 cf=2 -- 6406/7664 neurons fixed across 9 layer(s)
sample [54/100] orig=4 cf=8 -- 6279/7664 neurons fixed across 9 layer(s)
sample [55/100] orig=9 cf=4 -- 6499/7664 neurons fixed across 9 layer(s)
sample [56/100] orig=8 cf=8 -- FAILED to find a counterfactual, skipping
sample [57/100] orig=0 cf=0 -- FAILED to find a counterfactual, skipping
sample [58/100] orig=9 cf=2 -- 6080/7664 neurons fixed across 9 layer(s)
sample [59/100] orig=4 cf=9 -- 6336/7664 neurons fixed across 9 layer(s)
sample [60/100] orig=1 cf=4 -- 5904/7664 neurons fixed across 9 layer(s)
sample [61/100] orig=4 cf=9 -- 6164/7664 neurons fixed across 9 layer(s)
sample [62/100] orig=4 cf=8 -- 5861/7664 neurons fixed across 9 layer(s)
sample [63/100] orig=6 cf=8 -- 6057/7664 neurons fixed across 9 layer(s)
sample [64/100] orig=0 cf=2 -- 6706/7664 neurons fixed across 9 layer(s)
sample [65/100] orig=4 cf=2 -- 6330/7664 neurons fixed across 9 layer(s)
sample [66/100] orig=5 cf=8 -- 5687/7664 neurons fixed across 9 layer(s)
sample [67/100] orig=6 cf=8 -- 6125/7664 neurons fixed across 9 layer(s)
sample [68/100] orig=1 cf=4 -- 6037/7664 neurons fixed across 9 layer(s)
sample [69/100] orig=0 cf=8 -- 6362/7664 neurons fixed across 9 layer(s)
sample [70/100] orig=0 cf=2 -- 6442/7664 neurons fixed across 9 layer(s)
sample [71/100] orig=1 cf=2 -- 6428/7664 neurons fixed across 9 layer(s)
sample [72/100] orig=7 cf=9 -- 6192/7664 neurons fixed across 9 layer(s)
sample [73/100] orig=1 cf=4 -- 5789/7664 neurons fixed across 9 layer(s)
sample [74/100] orig=6 cf=8 -- 5931/7664 neurons fixed across 9 layer(s)
sample [75/100] orig=3 cf=9 -- 6210/7664 neurons fixed across 9 layer(s)
sample [76/100] orig=0 cf=2 -- 6621/7664 neurons fixed across 9 layer(s)
sample [77/100] orig=2 cf=0 -- 6418/7664 neurons fixed across 9 layer(s)
sample [78/100] orig=1 cf=6 -- 5816/7664 neurons fixed across 9 layer(s)
sample [79/100] orig=1 cf=4 -- 5815/7664 neurons fixed across 9 layer(s)
sample [80/100] orig=7 cf=9 -- 6035/7664 neurons fixed across 9 layer(s)
sample [81/100] orig=8 cf=2 -- 6468/7664 neurons fixed across 9 layer(s)
sample [82/100] orig=0 cf=2 -- 6557/7664 neurons fixed across 9 layer(s)
sample [83/100] orig=2 cf=2 -- FAILED to find a counterfactual, skipping
sample [84/100] orig=6 cf=8 -- 6001/7664 neurons fixed across 9 layer(s)
sample [85/100] orig=7 cf=9 -- 6293/7664 neurons fixed across 9 layer(s)
sample [86/100] orig=8 cf=2 -- 6285/7664 neurons fixed across 9 layer(s)
sample [87/100] orig=3 cf=9 -- 6216/7664 neurons fixed across 9 layer(s)
sample [88/100] orig=9 cf=8 -- 6219/7664 neurons fixed across 9 layer(s)
sample [89/100] orig=0 cf=9 -- 6609/7664 neurons fixed across 9 layer(s)
sample [90/100] orig=4 cf=4 -- FAILED to find a counterfactual, skipping
sample [91/100] orig=6 cf=8 -- 6029/7664 neurons fixed across 9 layer(s)
sample [92/100] orig=7 cf=9 -- 6431/7664 neurons fixed across 9 layer(s)
sample [93/100] orig=4 cf=8 -- 5781/7664 neurons fixed across 9 layer(s)
sample [94/100] orig=6 cf=8 -- 5982/7664 neurons fixed across 9 layer(s)
sample [95/100] orig=8 cf=2 -- 6249/7664 neurons fixed across 9 layer(s)
sample [96/100] orig=0 cf=9 -- 6668/7664 neurons fixed across 9 layer(s)
sample [97/100] orig=7 cf=9 -- 6392/7664 neurons fixed across 9 layer(s)
sample [98/100] orig=8 cf=2 -- 6274/7664 neurons fixed across 9 layer(s)
sample [99/100] orig=3 cf=9 -- 6150/7664 neurons fixed across 9 layer(s)
sample [100/100] orig=1 cf=4 -- 5967/7664 neurons fixed across 9 layer(s)

89/100 samples written to /Users/labbaf/Documents/NN_Explainability/spexplain/neuron-activation/spexplain/data/neuron_activations/mnist/cnn-bench/S8.txt (11 failed to produce a counterfactual)
