Model: data/models/loan/loan_200x14.onnx
  input shape [1, 22], 22 features, 14 ReLU layer(s), binary
Dataset: data/datasets/loan/loan_s100_scaled.csv (100/100 samples)
PGD: epsilon-frac=0.5 step-frac=0.1 num-steps=50
Output: data/neuron_activations/loan/loan_200x14.txt

sample [1/100] orig=0 cf=1 -- 1950/2800 neurons fixed across 14 layer(s)
sample [2/100] orig=0 cf=1 -- 1926/2800 neurons fixed across 14 layer(s)
sample [3/100] orig=0 cf=1 -- 1956/2800 neurons fixed across 14 layer(s)
sample [4/100] orig=0 cf=1 -- 1943/2800 neurons fixed across 14 layer(s)
sample [5/100] orig=0 cf=1 -- 1919/2800 neurons fixed across 14 layer(s)
sample [6/100] orig=0 cf=1 -- 1982/2800 neurons fixed across 14 layer(s)
sample [7/100] orig=0 cf=1 -- 1968/2800 neurons fixed across 14 layer(s)
sample [8/100] orig=1 cf=0 -- 1942/2800 neurons fixed across 14 layer(s)
sample [9/100] orig=0 cf=1 -- 1954/2800 neurons fixed across 14 layer(s)
sample [10/100] orig=0 cf=1 -- 2068/2800 neurons fixed across 14 layer(s)
sample [11/100] orig=0 cf=1 -- 1886/2800 neurons fixed across 14 layer(s)
sample [12/100] orig=0 cf=1 -- 1899/2800 neurons fixed across 14 layer(s)
sample [13/100] orig=0 cf=1 -- 1885/2800 neurons fixed across 14 layer(s)
sample [14/100] orig=0 cf=1 -- 1986/2800 neurons fixed across 14 layer(s)
sample [15/100] orig=0 cf=1 -- 1926/2800 neurons fixed across 14 layer(s)
sample [16/100] orig=0 cf=1 -- 1894/2800 neurons fixed across 14 layer(s)
sample [17/100] orig=0 cf=1 -- 2164/2800 neurons fixed across 14 layer(s)
sample [18/100] orig=0 cf=1 -- 1949/2800 neurons fixed across 14 layer(s)
sample [19/100] orig=0 cf=1 -- 1880/2800 neurons fixed across 14 layer(s)
sample [20/100] orig=1 cf=0 -- 1908/2800 neurons fixed across 14 layer(s)
sample [21/100] orig=0 cf=1 -- 2194/2800 neurons fixed across 14 layer(s)
sample [22/100] orig=0 cf=1 -- 1953/2800 neurons fixed across 14 layer(s)
sample [23/100] orig=0 cf=1 -- 2248/2800 neurons fixed across 14 layer(s)
sample [24/100] orig=0 cf=1 -- 1921/2800 neurons fixed across 14 layer(s)
sample [25/100] orig=0 cf=1 -- 2105/2800 neurons fixed across 14 layer(s)
sample [26/100] orig=0 cf=1 -- 1883/2800 neurons fixed across 14 layer(s)
sample [27/100] orig=1 cf=0 -- 1945/2800 neurons fixed across 14 layer(s)
sample [28/100] orig=0 cf=1 -- 1932/2800 neurons fixed across 14 layer(s)
sample [29/100] orig=0 cf=1 -- 1968/2800 neurons fixed across 14 layer(s)
sample [30/100] orig=1 cf=0 -- 1965/2800 neurons fixed across 14 layer(s)
sample [31/100] orig=0 cf=1 -- 2081/2800 neurons fixed across 14 layer(s)
sample [32/100] orig=0 cf=1 -- 1888/2800 neurons fixed across 14 layer(s)
sample [33/100] orig=0 cf=1 -- 1940/2800 neurons fixed across 14 layer(s)
sample [34/100] orig=0 cf=1 -- 2457/2800 neurons fixed across 14 layer(s)
sample [35/100] orig=0 cf=1 -- 1965/2800 neurons fixed across 14 layer(s)
sample [36/100] orig=0 cf=1 -- 1889/2800 neurons fixed across 14 layer(s)
sample [37/100] orig=0 cf=1 -- 1929/2800 neurons fixed across 14 layer(s)
sample [38/100] orig=0 cf=1 -- 2180/2800 neurons fixed across 14 layer(s)
sample [39/100] orig=1 cf=0 -- 1942/2800 neurons fixed across 14 layer(s)
sample [40/100] orig=0 cf=1 -- 1965/2800 neurons fixed across 14 layer(s)
sample [41/100] orig=0 cf=1 -- 1934/2800 neurons fixed across 14 layer(s)
sample [42/100] orig=0 cf=1 -- 2172/2800 neurons fixed across 14 layer(s)
sample [43/100] orig=1 cf=0 -- 2006/2800 neurons fixed across 14 layer(s)
sample [44/100] orig=0 cf=1 -- 2137/2800 neurons fixed across 14 layer(s)
sample [45/100] orig=0 cf=1 -- 2013/2800 neurons fixed across 14 layer(s)
sample [46/100] orig=0 cf=1 -- 2136/2800 neurons fixed across 14 layer(s)
sample [47/100] orig=1 cf=0 -- 1929/2800 neurons fixed across 14 layer(s)
sample [48/100] orig=0 cf=1 -- 2417/2800 neurons fixed across 14 layer(s)
sample [49/100] orig=0 cf=1 -- 1933/2800 neurons fixed across 14 layer(s)
sample [50/100] orig=1 cf=1 -- FAILED to find a counterfactual, using the final PGD iterate -- 2800/2800 neurons fixed across 14 layer(s)
sample [51/100] orig=0 cf=1 -- 1935/2800 neurons fixed across 14 layer(s)
sample [52/100] orig=1 cf=0 -- 1939/2800 neurons fixed across 14 layer(s)
sample [53/100] orig=1 cf=0 -- 1923/2800 neurons fixed across 14 layer(s)
sample [54/100] orig=1 cf=0 -- 1938/2800 neurons fixed across 14 layer(s)
sample [55/100] orig=0 cf=1 -- 1897/2800 neurons fixed across 14 layer(s)
sample [56/100] orig=0 cf=1 -- 2195/2800 neurons fixed across 14 layer(s)
sample [57/100] orig=0 cf=1 -- 1965/2800 neurons fixed across 14 layer(s)
sample [58/100] orig=0 cf=1 -- 2456/2800 neurons fixed across 14 layer(s)
sample [59/100] orig=0 cf=1 -- 1949/2800 neurons fixed across 14 layer(s)
sample [60/100] orig=0 cf=1 -- 1923/2800 neurons fixed across 14 layer(s)
sample [61/100] orig=0 cf=1 -- 1905/2800 neurons fixed across 14 layer(s)
sample [62/100] orig=0 cf=1 -- 1959/2800 neurons fixed across 14 layer(s)
sample [63/100] orig=0 cf=1 -- 1885/2800 neurons fixed across 14 layer(s)
sample [64/100] orig=0 cf=1 -- 1913/2800 neurons fixed across 14 layer(s)
sample [65/100] orig=1 cf=0 -- 1933/2800 neurons fixed across 14 layer(s)
sample [66/100] orig=0 cf=1 -- 1990/2800 neurons fixed across 14 layer(s)
sample [67/100] orig=0 cf=1 -- 1929/2800 neurons fixed across 14 layer(s)
sample [68/100] orig=0 cf=1 -- 2149/2800 neurons fixed across 14 layer(s)
sample [69/100] orig=0 cf=1 -- 2035/2800 neurons fixed across 14 layer(s)
sample [70/100] orig=0 cf=1 -- 2438/2800 neurons fixed across 14 layer(s)
sample [71/100] orig=0 cf=1 -- 1961/2800 neurons fixed across 14 layer(s)
sample [72/100] orig=0 cf=0 -- FAILED to find a counterfactual, using the final PGD iterate -- 2800/2800 neurons fixed across 14 layer(s)
sample [73/100] orig=0 cf=1 -- 2005/2800 neurons fixed across 14 layer(s)
sample [74/100] orig=0 cf=1 -- 1993/2800 neurons fixed across 14 layer(s)
sample [75/100] orig=0 cf=1 -- 2012/2800 neurons fixed across 14 layer(s)
sample [76/100] orig=0 cf=1 -- 1929/2800 neurons fixed across 14 layer(s)
sample [77/100] orig=0 cf=1 -- 1877/2800 neurons fixed across 14 layer(s)
sample [78/100] orig=1 cf=0 -- 1894/2800 neurons fixed across 14 layer(s)
sample [79/100] orig=0 cf=1 -- 1880/2800 neurons fixed across 14 layer(s)
sample [80/100] orig=1 cf=0 -- 2033/2800 neurons fixed across 14 layer(s)
sample [81/100] orig=0 cf=1 -- 2006/2800 neurons fixed across 14 layer(s)
sample [82/100] orig=0 cf=1 -- 2290/2800 neurons fixed across 14 layer(s)
sample [83/100] orig=0 cf=1 -- 1904/2800 neurons fixed across 14 layer(s)
sample [84/100] orig=0 cf=1 -- 2102/2800 neurons fixed across 14 layer(s)
sample [85/100] orig=1 cf=0 -- 1904/2800 neurons fixed across 14 layer(s)
sample [86/100] orig=0 cf=1 -- 1942/2800 neurons fixed across 14 layer(s)
sample [87/100] orig=1 cf=0 -- 1961/2800 neurons fixed across 14 layer(s)
sample [88/100] orig=0 cf=1 -- 2008/2800 neurons fixed across 14 layer(s)
sample [89/100] orig=1 cf=0 -- 1996/2800 neurons fixed across 14 layer(s)
sample [90/100] orig=1 cf=0 -- 2035/2800 neurons fixed across 14 layer(s)
sample [91/100] orig=0 cf=1 -- 1926/2800 neurons fixed across 14 layer(s)
sample [92/100] orig=0 cf=1 -- 1903/2800 neurons fixed across 14 layer(s)
sample [93/100] orig=1 cf=1 -- FAILED to find a counterfactual, using the final PGD iterate -- 2800/2800 neurons fixed across 14 layer(s)
sample [94/100] orig=0 cf=1 -- 2166/2800 neurons fixed across 14 layer(s)
sample [95/100] orig=0 cf=1 -- 1971/2800 neurons fixed across 14 layer(s)
sample [96/100] orig=0 cf=1 -- 1949/2800 neurons fixed across 14 layer(s)
sample [97/100] orig=0 cf=1 -- 2092/2800 neurons fixed across 14 layer(s)
sample [98/100] orig=0 cf=1 -- 1927/2800 neurons fixed across 14 layer(s)
sample [99/100] orig=0 cf=1 -- 2047/2800 neurons fixed across 14 layer(s)
sample [100/100] orig=0 cf=1 -- 1955/2800 neurons fixed across 14 layer(s)

100/100 samples written to data/neuron_activations/loan/loan_200x14.txt (3 failed to produce a counterfactual, kept)
