Model: data/models/loan/loan_200x8.onnx
  input shape [1, 22], 22 features, 8 ReLU layer(s), binary
Dataset: data/datasets/loan/loan_s100_scaled.csv (100/100 samples)
PGD: epsilon-frac=0.5 step-frac=0.1 num-steps=50
Output: data/neuron_activations/loan/loan_200x8.txt

sample [1/100] orig=0 cf=1 -- 1044/1600 neurons fixed across 8 layer(s)
sample [2/100] orig=0 cf=1 -- 1008/1600 neurons fixed across 8 layer(s)
sample [3/100] orig=0 cf=1 -- 1032/1600 neurons fixed across 8 layer(s)
sample [4/100] orig=0 cf=1 -- 1073/1600 neurons fixed across 8 layer(s)
sample [5/100] orig=0 cf=1 -- 1032/1600 neurons fixed across 8 layer(s)
sample [6/100] orig=0 cf=1 -- 1036/1600 neurons fixed across 8 layer(s)
sample [7/100] orig=0 cf=1 -- 1039/1600 neurons fixed across 8 layer(s)
sample [8/100] orig=1 cf=0 -- 1042/1600 neurons fixed across 8 layer(s)
sample [9/100] orig=0 cf=1 -- 1054/1600 neurons fixed across 8 layer(s)
sample [10/100] orig=0 cf=1 -- 1110/1600 neurons fixed across 8 layer(s)
sample [11/100] orig=0 cf=1 -- 1044/1600 neurons fixed across 8 layer(s)
sample [12/100] orig=0 cf=1 -- 1005/1600 neurons fixed across 8 layer(s)
sample [13/100] orig=0 cf=1 -- 1030/1600 neurons fixed across 8 layer(s)
sample [14/100] orig=0 cf=1 -- 1060/1600 neurons fixed across 8 layer(s)
sample [15/100] orig=0 cf=1 -- 1041/1600 neurons fixed across 8 layer(s)
sample [16/100] orig=0 cf=1 -- 1045/1600 neurons fixed across 8 layer(s)
sample [17/100] orig=0 cf=1 -- 1165/1600 neurons fixed across 8 layer(s)
sample [18/100] orig=0 cf=1 -- 1024/1600 neurons fixed across 8 layer(s)
sample [19/100] orig=0 cf=1 -- 1047/1600 neurons fixed across 8 layer(s)
sample [20/100] orig=1 cf=0 -- 1008/1600 neurons fixed across 8 layer(s)
sample [21/100] orig=0 cf=1 -- 1171/1600 neurons fixed across 8 layer(s)
sample [22/100] orig=0 cf=1 -- 1060/1600 neurons fixed across 8 layer(s)
sample [23/100] orig=0 cf=1 -- 1173/1600 neurons fixed across 8 layer(s)
sample [24/100] orig=0 cf=1 -- 1052/1600 neurons fixed across 8 layer(s)
sample [25/100] orig=0 cf=1 -- 1140/1600 neurons fixed across 8 layer(s)
sample [26/100] orig=0 cf=1 -- 1051/1600 neurons fixed across 8 layer(s)
sample [27/100] orig=1 cf=0 -- 1026/1600 neurons fixed across 8 layer(s)
sample [28/100] orig=0 cf=1 -- 1030/1600 neurons fixed across 8 layer(s)
sample [29/100] orig=0 cf=1 -- 1036/1600 neurons fixed across 8 layer(s)
sample [30/100] orig=1 cf=0 -- 1028/1600 neurons fixed across 8 layer(s)
sample [31/100] orig=0 cf=1 -- 1151/1600 neurons fixed across 8 layer(s)
sample [32/100] orig=0 cf=1 -- 1058/1600 neurons fixed across 8 layer(s)
sample [33/100] orig=0 cf=1 -- 1029/1600 neurons fixed across 8 layer(s)
sample [34/100] orig=0 cf=1 -- 1182/1600 neurons fixed across 8 layer(s)
sample [35/100] orig=0 cf=1 -- 1041/1600 neurons fixed across 8 layer(s)
sample [36/100] orig=0 cf=1 -- 1009/1600 neurons fixed across 8 layer(s)
sample [37/100] orig=0 cf=1 -- 1028/1600 neurons fixed across 8 layer(s)
sample [38/100] orig=0 cf=1 -- 1193/1600 neurons fixed across 8 layer(s)
sample [39/100] orig=1 cf=0 -- 1053/1600 neurons fixed across 8 layer(s)
sample [40/100] orig=0 cf=1 -- 1048/1600 neurons fixed across 8 layer(s)
sample [41/100] orig=0 cf=1 -- 1032/1600 neurons fixed across 8 layer(s)
sample [42/100] orig=0 cf=1 -- 1160/1600 neurons fixed across 8 layer(s)
sample [43/100] orig=0 cf=1 -- 1174/1600 neurons fixed across 8 layer(s)
sample [44/100] orig=0 cf=1 -- 1168/1600 neurons fixed across 8 layer(s)
sample [45/100] orig=0 cf=1 -- 1142/1600 neurons fixed across 8 layer(s)
sample [46/100] orig=0 cf=1 -- 1162/1600 neurons fixed across 8 layer(s)
sample [47/100] orig=1 cf=0 -- 1032/1600 neurons fixed across 8 layer(s)
sample [48/100] orig=0 cf=1 -- 1199/1600 neurons fixed across 8 layer(s)
sample [49/100] orig=0 cf=1 -- 1056/1600 neurons fixed across 8 layer(s)
sample [50/100] orig=1 cf=1 -- FAILED to find a counterfactual, using the final PGD iterate -- 1600/1600 neurons fixed across 8 layer(s)
sample [51/100] orig=0 cf=1 -- 1037/1600 neurons fixed across 8 layer(s)
sample [52/100] orig=1 cf=0 -- 1057/1600 neurons fixed across 8 layer(s)
sample [53/100] orig=1 cf=0 -- 1027/1600 neurons fixed across 8 layer(s)
sample [54/100] orig=1 cf=0 -- 1053/1600 neurons fixed across 8 layer(s)
sample [55/100] orig=0 cf=1 -- 1041/1600 neurons fixed across 8 layer(s)
sample [56/100] orig=0 cf=1 -- 1177/1600 neurons fixed across 8 layer(s)
sample [57/100] orig=0 cf=1 -- 1112/1600 neurons fixed across 8 layer(s)
sample [58/100] orig=0 cf=1 -- 1219/1600 neurons fixed across 8 layer(s)
sample [59/100] orig=0 cf=1 -- 1017/1600 neurons fixed across 8 layer(s)
sample [60/100] orig=0 cf=1 -- 1018/1600 neurons fixed across 8 layer(s)
sample [61/100] orig=0 cf=1 -- 1056/1600 neurons fixed across 8 layer(s)
sample [62/100] orig=0 cf=1 -- 1029/1600 neurons fixed across 8 layer(s)
sample [63/100] orig=0 cf=1 -- 1034/1600 neurons fixed across 8 layer(s)
sample [64/100] orig=0 cf=1 -- 1027/1600 neurons fixed across 8 layer(s)
sample [65/100] orig=1 cf=0 -- 1020/1600 neurons fixed across 8 layer(s)
sample [66/100] orig=0 cf=1 -- 1050/1600 neurons fixed across 8 layer(s)
sample [67/100] orig=0 cf=1 -- 1047/1600 neurons fixed across 8 layer(s)
sample [68/100] orig=0 cf=1 -- 1125/1600 neurons fixed across 8 layer(s)
sample [69/100] orig=0 cf=1 -- 1133/1600 neurons fixed across 8 layer(s)
sample [70/100] orig=0 cf=1 -- 1278/1600 neurons fixed across 8 layer(s)
sample [71/100] orig=0 cf=1 -- 1036/1600 neurons fixed across 8 layer(s)
sample [72/100] orig=0 cf=1 -- 1062/1600 neurons fixed across 8 layer(s)
sample [73/100] orig=0 cf=1 -- 1052/1600 neurons fixed across 8 layer(s)
sample [74/100] orig=0 cf=1 -- 1089/1600 neurons fixed across 8 layer(s)
sample [75/100] orig=0 cf=1 -- 1139/1600 neurons fixed across 8 layer(s)
sample [76/100] orig=0 cf=1 -- 1054/1600 neurons fixed across 8 layer(s)
sample [77/100] orig=0 cf=1 -- 1008/1600 neurons fixed across 8 layer(s)
sample [78/100] orig=1 cf=0 -- 1000/1600 neurons fixed across 8 layer(s)
sample [79/100] orig=0 cf=1 -- 1008/1600 neurons fixed across 8 layer(s)
sample [80/100] orig=0 cf=1 -- 1272/1600 neurons fixed across 8 layer(s)
sample [81/100] orig=0 cf=1 -- 1132/1600 neurons fixed across 8 layer(s)
sample [82/100] orig=0 cf=1 -- 1197/1600 neurons fixed across 8 layer(s)
sample [83/100] orig=0 cf=1 -- 1072/1600 neurons fixed across 8 layer(s)
sample [84/100] orig=0 cf=1 -- 1148/1600 neurons fixed across 8 layer(s)
sample [85/100] orig=1 cf=0 -- 1003/1600 neurons fixed across 8 layer(s)
sample [86/100] orig=0 cf=1 -- 1038/1600 neurons fixed across 8 layer(s)
sample [87/100] orig=1 cf=0 -- 1033/1600 neurons fixed across 8 layer(s)
sample [88/100] orig=0 cf=1 -- 1128/1600 neurons fixed across 8 layer(s)
sample [89/100] orig=1 cf=0 -- 1087/1600 neurons fixed across 8 layer(s)
sample [90/100] orig=1 cf=0 -- 1132/1600 neurons fixed across 8 layer(s)
sample [91/100] orig=0 cf=1 -- 1001/1600 neurons fixed across 8 layer(s)
sample [92/100] orig=0 cf=1 -- 1039/1600 neurons fixed across 8 layer(s)
sample [93/100] orig=1 cf=1 -- FAILED to find a counterfactual, using the final PGD iterate -- 1600/1600 neurons fixed across 8 layer(s)
sample [94/100] orig=0 cf=1 -- 1164/1600 neurons fixed across 8 layer(s)
sample [95/100] orig=0 cf=1 -- 1040/1600 neurons fixed across 8 layer(s)
sample [96/100] orig=0 cf=1 -- 1042/1600 neurons fixed across 8 layer(s)
sample [97/100] orig=0 cf=1 -- 1152/1600 neurons fixed across 8 layer(s)
sample [98/100] orig=0 cf=1 -- 994/1600 neurons fixed across 8 layer(s)
sample [99/100] orig=0 cf=1 -- 1116/1600 neurons fixed across 8 layer(s)
sample [100/100] orig=0 cf=1 -- 1018/1600 neurons fixed across 8 layer(s)

100/100 samples written to data/neuron_activations/loan/loan_200x8.txt (2 failed to produce a counterfactual, kept)
