Model: data/models/loan/loan_200x9.onnx
  input shape [1, 22], 22 features, 9 ReLU layer(s), binary
Dataset: data/datasets/loan/loan_s100_scaled.csv (100/100 samples)
PGD: epsilon-frac=0.5 step-frac=0.1 num-steps=50
Output: data/neuron_activations/loan/loan_200x9.txt

sample [1/100] orig=0 cf=1 -- 1129/1800 neurons fixed across 9 layer(s)
sample [2/100] orig=0 cf=1 -- 1138/1800 neurons fixed across 9 layer(s)
sample [3/100] orig=0 cf=1 -- 1218/1800 neurons fixed across 9 layer(s)
sample [4/100] orig=0 cf=1 -- 1189/1800 neurons fixed across 9 layer(s)
sample [5/100] orig=0 cf=1 -- 1137/1800 neurons fixed across 9 layer(s)
sample [6/100] orig=0 cf=1 -- 1247/1800 neurons fixed across 9 layer(s)
sample [7/100] orig=0 cf=1 -- 1198/1800 neurons fixed across 9 layer(s)
sample [8/100] orig=1 cf=0 -- 1172/1800 neurons fixed across 9 layer(s)
sample [9/100] orig=0 cf=1 -- 1110/1800 neurons fixed across 9 layer(s)
sample [10/100] orig=0 cf=1 -- 1263/1800 neurons fixed across 9 layer(s)
sample [11/100] orig=0 cf=1 -- 1227/1800 neurons fixed across 9 layer(s)
sample [12/100] orig=0 cf=1 -- 1119/1800 neurons fixed across 9 layer(s)
sample [13/100] orig=0 cf=1 -- 1104/1800 neurons fixed across 9 layer(s)
sample [14/100] orig=0 cf=1 -- 1315/1800 neurons fixed across 9 layer(s)
sample [15/100] orig=0 cf=1 -- 1124/1800 neurons fixed across 9 layer(s)
sample [16/100] orig=0 cf=1 -- 1126/1800 neurons fixed across 9 layer(s)
sample [17/100] orig=0 cf=1 -- 1332/1800 neurons fixed across 9 layer(s)
sample [18/100] orig=0 cf=1 -- 1118/1800 neurons fixed across 9 layer(s)
sample [19/100] orig=0 cf=1 -- 1270/1800 neurons fixed across 9 layer(s)
sample [20/100] orig=1 cf=0 -- 1116/1800 neurons fixed across 9 layer(s)
sample [21/100] orig=0 cf=1 -- 1334/1800 neurons fixed across 9 layer(s)
sample [22/100] orig=0 cf=1 -- 1145/1800 neurons fixed across 9 layer(s)
sample [23/100] orig=0 cf=1 -- 1295/1800 neurons fixed across 9 layer(s)
sample [24/100] orig=0 cf=1 -- 1129/1800 neurons fixed across 9 layer(s)
sample [25/100] orig=0 cf=1 -- 1306/1800 neurons fixed across 9 layer(s)
sample [26/100] orig=0 cf=1 -- 1142/1800 neurons fixed across 9 layer(s)
sample [27/100] orig=1 cf=0 -- 1173/1800 neurons fixed across 9 layer(s)
sample [28/100] orig=0 cf=1 -- 1119/1800 neurons fixed across 9 layer(s)
sample [29/100] orig=0 cf=1 -- 1157/1800 neurons fixed across 9 layer(s)
sample [30/100] orig=1 cf=0 -- 1167/1800 neurons fixed across 9 layer(s)
sample [31/100] orig=0 cf=1 -- 1292/1800 neurons fixed across 9 layer(s)
sample [32/100] orig=0 cf=1 -- 1131/1800 neurons fixed across 9 layer(s)
sample [33/100] orig=0 cf=1 -- 1104/1800 neurons fixed across 9 layer(s)
sample [34/100] orig=0 cf=1 -- 1358/1800 neurons fixed across 9 layer(s)
sample [35/100] orig=0 cf=1 -- 1305/1800 neurons fixed across 9 layer(s)
sample [36/100] orig=0 cf=1 -- 1125/1800 neurons fixed across 9 layer(s)
sample [37/100] orig=0 cf=1 -- 1147/1800 neurons fixed across 9 layer(s)
sample [38/100] orig=1 cf=0 -- 1277/1800 neurons fixed across 9 layer(s)
sample [39/100] orig=1 cf=0 -- 1167/1800 neurons fixed across 9 layer(s)
sample [40/100] orig=0 cf=1 -- 1156/1800 neurons fixed across 9 layer(s)
sample [41/100] orig=0 cf=1 -- 1135/1800 neurons fixed across 9 layer(s)
sample [42/100] orig=0 cf=1 -- 1334/1800 neurons fixed across 9 layer(s)
sample [43/100] orig=1 cf=0 -- 1332/1800 neurons fixed across 9 layer(s)
sample [44/100] orig=0 cf=1 -- 1265/1800 neurons fixed across 9 layer(s)
sample [45/100] orig=1 cf=0 -- 1269/1800 neurons fixed across 9 layer(s)
sample [46/100] orig=0 cf=1 -- 1308/1800 neurons fixed across 9 layer(s)
sample [47/100] orig=1 cf=0 -- 1175/1800 neurons fixed across 9 layer(s)
sample [48/100] orig=0 cf=1 -- 1411/1800 neurons fixed across 9 layer(s)
sample [49/100] orig=0 cf=1 -- 1267/1800 neurons fixed across 9 layer(s)
sample [50/100] orig=1 cf=1 -- FAILED to find a counterfactual, using the final PGD iterate -- 1800/1800 neurons fixed across 9 layer(s)
sample [51/100] orig=0 cf=1 -- 1159/1800 neurons fixed across 9 layer(s)
sample [52/100] orig=1 cf=0 -- 1169/1800 neurons fixed across 9 layer(s)
sample [53/100] orig=1 cf=0 -- 1158/1800 neurons fixed across 9 layer(s)
sample [54/100] orig=1 cf=0 -- 1152/1800 neurons fixed across 9 layer(s)
sample [55/100] orig=0 cf=1 -- 1123/1800 neurons fixed across 9 layer(s)
sample [56/100] orig=0 cf=1 -- 1331/1800 neurons fixed across 9 layer(s)
sample [57/100] orig=0 cf=1 -- 1239/1800 neurons fixed across 9 layer(s)
sample [58/100] orig=1 cf=0 -- 1337/1800 neurons fixed across 9 layer(s)
sample [59/100] orig=0 cf=1 -- 1137/1800 neurons fixed across 9 layer(s)
sample [60/100] orig=0 cf=1 -- 1136/1800 neurons fixed across 9 layer(s)
sample [61/100] orig=0 cf=1 -- 1131/1800 neurons fixed across 9 layer(s)
sample [62/100] orig=0 cf=1 -- 1170/1800 neurons fixed across 9 layer(s)
sample [63/100] orig=0 cf=1 -- 1096/1800 neurons fixed across 9 layer(s)
sample [64/100] orig=0 cf=1 -- 1228/1800 neurons fixed across 9 layer(s)
sample [65/100] orig=1 cf=0 -- 1167/1800 neurons fixed across 9 layer(s)
sample [66/100] orig=0 cf=1 -- 1108/1800 neurons fixed across 9 layer(s)
sample [67/100] orig=0 cf=1 -- 1258/1800 neurons fixed across 9 layer(s)
sample [68/100] orig=0 cf=1 -- 1263/1800 neurons fixed across 9 layer(s)
sample [69/100] orig=0 cf=1 -- 1255/1800 neurons fixed across 9 layer(s)
sample [70/100] orig=1 cf=0 -- 1267/1800 neurons fixed across 9 layer(s)
sample [71/100] orig=0 cf=1 -- 1202/1800 neurons fixed across 9 layer(s)
sample [72/100] orig=0 cf=1 -- 1242/1800 neurons fixed across 9 layer(s)
sample [73/100] orig=0 cf=1 -- 1222/1800 neurons fixed across 9 layer(s)
sample [74/100] orig=0 cf=1 -- 1233/1800 neurons fixed across 9 layer(s)
sample [75/100] orig=0 cf=1 -- 1257/1800 neurons fixed across 9 layer(s)
sample [76/100] orig=0 cf=1 -- 1136/1800 neurons fixed across 9 layer(s)
sample [77/100] orig=0 cf=1 -- 1104/1800 neurons fixed across 9 layer(s)
sample [78/100] orig=1 cf=0 -- 1121/1800 neurons fixed across 9 layer(s)
sample [79/100] orig=0 cf=1 -- 1099/1800 neurons fixed across 9 layer(s)
sample [80/100] orig=1 cf=0 -- 1286/1800 neurons fixed across 9 layer(s)
sample [81/100] orig=0 cf=1 -- 1212/1800 neurons fixed across 9 layer(s)
sample [82/100] orig=0 cf=1 -- 1341/1800 neurons fixed across 9 layer(s)
sample [83/100] orig=0 cf=1 -- 1141/1800 neurons fixed across 9 layer(s)
sample [84/100] orig=0 cf=1 -- 1265/1800 neurons fixed across 9 layer(s)
sample [85/100] orig=1 cf=0 -- 1134/1800 neurons fixed across 9 layer(s)
sample [86/100] orig=0 cf=1 -- 1125/1800 neurons fixed across 9 layer(s)
sample [87/100] orig=1 cf=0 -- 1170/1800 neurons fixed across 9 layer(s)
sample [88/100] orig=0 cf=1 -- 1239/1800 neurons fixed across 9 layer(s)
sample [89/100] orig=1 cf=0 -- 1203/1800 neurons fixed across 9 layer(s)
sample [90/100] orig=1 cf=0 -- 1239/1800 neurons fixed across 9 layer(s)
sample [91/100] orig=0 cf=1 -- 1120/1800 neurons fixed across 9 layer(s)
sample [92/100] orig=0 cf=1 -- 1131/1800 neurons fixed across 9 layer(s)
sample [93/100] orig=1 cf=0 -- 1108/1800 neurons fixed across 9 layer(s)
sample [94/100] orig=0 cf=1 -- 1334/1800 neurons fixed across 9 layer(s)
sample [95/100] orig=0 cf=1 -- 1320/1800 neurons fixed across 9 layer(s)
sample [96/100] orig=0 cf=1 -- 1144/1800 neurons fixed across 9 layer(s)
sample [97/100] orig=0 cf=1 -- 1268/1800 neurons fixed across 9 layer(s)
sample [98/100] orig=0 cf=1 -- 1228/1800 neurons fixed across 9 layer(s)
sample [99/100] orig=0 cf=1 -- 1274/1800 neurons fixed across 9 layer(s)
sample [100/100] orig=0 cf=1 -- 1325/1800 neurons fixed across 9 layer(s)

100/100 samples written to data/neuron_activations/loan/loan_200x9.txt (1 failed to produce a counterfactual, kept)
