Model: data/models/loan/loan_50x10.onnx
  input shape [1, 22], 22 features, 10 ReLU layer(s), binary
Dataset: data/datasets/loan/loan_s100_scaled.csv (100/100 samples)
PGD: epsilon-frac=0.5 step-frac=0.1 num-steps=50
Output: data/neuron_activations/loan/loan_50x10.txt

sample [1/100] orig=0 cf=1 -- 247/500 neurons fixed across 10 layer(s)
sample [2/100] orig=0 cf=1 -- 209/500 neurons fixed across 10 layer(s)
sample [3/100] orig=0 cf=1 -- 259/500 neurons fixed across 10 layer(s)
sample [4/100] orig=0 cf=1 -- 215/500 neurons fixed across 10 layer(s)
sample [5/100] orig=0 cf=1 -- 243/500 neurons fixed across 10 layer(s)
sample [6/100] orig=0 cf=1 -- 245/500 neurons fixed across 10 layer(s)
sample [7/100] orig=0 cf=1 -- 256/500 neurons fixed across 10 layer(s)
sample [8/100] orig=1 cf=0 -- 254/500 neurons fixed across 10 layer(s)
sample [9/100] orig=0 cf=1 -- 206/500 neurons fixed across 10 layer(s)
sample [10/100] orig=0 cf=1 -- 213/500 neurons fixed across 10 layer(s)
sample [11/100] orig=0 cf=1 -- 256/500 neurons fixed across 10 layer(s)
sample [12/100] orig=0 cf=1 -- 206/500 neurons fixed across 10 layer(s)
sample [13/100] orig=0 cf=1 -- 249/500 neurons fixed across 10 layer(s)
sample [14/100] orig=0 cf=1 -- 236/500 neurons fixed across 10 layer(s)
sample [15/100] orig=0 cf=1 -- 196/500 neurons fixed across 10 layer(s)
sample [16/100] orig=0 cf=1 -- 207/500 neurons fixed across 10 layer(s)
sample [17/100] orig=0 cf=1 -- 222/500 neurons fixed across 10 layer(s)
sample [18/100] orig=0 cf=1 -- 206/500 neurons fixed across 10 layer(s)
sample [19/100] orig=0 cf=1 -- 237/500 neurons fixed across 10 layer(s)
sample [20/100] orig=1 cf=0 -- 213/500 neurons fixed across 10 layer(s)
sample [21/100] orig=0 cf=1 -- 245/500 neurons fixed across 10 layer(s)
sample [22/100] orig=0 cf=1 -- 246/500 neurons fixed across 10 layer(s)
sample [23/100] orig=0 cf=1 -- 216/500 neurons fixed across 10 layer(s)
sample [24/100] orig=0 cf=1 -- 256/500 neurons fixed across 10 layer(s)
sample [25/100] orig=0 cf=1 -- 234/500 neurons fixed across 10 layer(s)
sample [26/100] orig=0 cf=1 -- 216/500 neurons fixed across 10 layer(s)
sample [27/100] orig=1 cf=0 -- 235/500 neurons fixed across 10 layer(s)
sample [28/100] orig=0 cf=1 -- 223/500 neurons fixed across 10 layer(s)
sample [29/100] orig=0 cf=1 -- 225/500 neurons fixed across 10 layer(s)
sample [30/100] orig=1 cf=0 -- 223/500 neurons fixed across 10 layer(s)
sample [31/100] orig=0 cf=1 -- 220/500 neurons fixed across 10 layer(s)
sample [32/100] orig=0 cf=1 -- 208/500 neurons fixed across 10 layer(s)
sample [33/100] orig=0 cf=1 -- 228/500 neurons fixed across 10 layer(s)
sample [34/100] orig=0 cf=1 -- 249/500 neurons fixed across 10 layer(s)
sample [35/100] orig=0 cf=1 -- 232/500 neurons fixed across 10 layer(s)
sample [36/100] orig=0 cf=1 -- 210/500 neurons fixed across 10 layer(s)
sample [37/100] orig=0 cf=1 -- 254/500 neurons fixed across 10 layer(s)
sample [38/100] orig=0 cf=1 -- 243/500 neurons fixed across 10 layer(s)
sample [39/100] orig=1 cf=0 -- 274/500 neurons fixed across 10 layer(s)
sample [40/100] orig=0 cf=1 -- 237/500 neurons fixed across 10 layer(s)
sample [41/100] orig=0 cf=1 -- 252/500 neurons fixed across 10 layer(s)
sample [42/100] orig=0 cf=1 -- 229/500 neurons fixed across 10 layer(s)
sample [43/100] orig=0 cf=1 -- 242/500 neurons fixed across 10 layer(s)
sample [44/100] orig=0 cf=1 -- 229/500 neurons fixed across 10 layer(s)
sample [45/100] orig=0 cf=1 -- 223/500 neurons fixed across 10 layer(s)
sample [46/100] orig=0 cf=1 -- 238/500 neurons fixed across 10 layer(s)
sample [47/100] orig=1 cf=0 -- 277/500 neurons fixed across 10 layer(s)
sample [48/100] orig=0 cf=1 -- 245/500 neurons fixed across 10 layer(s)
sample [49/100] orig=0 cf=1 -- 238/500 neurons fixed across 10 layer(s)
sample [50/100] orig=1 cf=0 -- 203/500 neurons fixed across 10 layer(s)
sample [51/100] orig=0 cf=1 -- 220/500 neurons fixed across 10 layer(s)
sample [52/100] orig=1 cf=0 -- 362/500 neurons fixed across 10 layer(s)
sample [53/100] orig=1 cf=0 -- 207/500 neurons fixed across 10 layer(s)
sample [54/100] orig=1 cf=0 -- 248/500 neurons fixed across 10 layer(s)
sample [55/100] orig=0 cf=1 -- 213/500 neurons fixed across 10 layer(s)
sample [56/100] orig=0 cf=1 -- 230/500 neurons fixed across 10 layer(s)
sample [57/100] orig=0 cf=1 -- 212/500 neurons fixed across 10 layer(s)
sample [58/100] orig=0 cf=1 -- 243/500 neurons fixed across 10 layer(s)
sample [59/100] orig=0 cf=1 -- 228/500 neurons fixed across 10 layer(s)
sample [60/100] orig=0 cf=1 -- 230/500 neurons fixed across 10 layer(s)
sample [61/100] orig=0 cf=1 -- 241/500 neurons fixed across 10 layer(s)
sample [62/100] orig=0 cf=1 -- 234/500 neurons fixed across 10 layer(s)
sample [63/100] orig=0 cf=1 -- 219/500 neurons fixed across 10 layer(s)
sample [64/100] orig=0 cf=1 -- 223/500 neurons fixed across 10 layer(s)
sample [65/100] orig=1 cf=0 -- 206/500 neurons fixed across 10 layer(s)
sample [66/100] orig=0 cf=1 -- 203/500 neurons fixed across 10 layer(s)
sample [67/100] orig=0 cf=1 -- 252/500 neurons fixed across 10 layer(s)
sample [68/100] orig=0 cf=1 -- 221/500 neurons fixed across 10 layer(s)
sample [69/100] orig=0 cf=1 -- 215/500 neurons fixed across 10 layer(s)
sample [70/100] orig=0 cf=1 -- 238/500 neurons fixed across 10 layer(s)
sample [71/100] orig=0 cf=1 -- 242/500 neurons fixed across 10 layer(s)
sample [72/100] orig=0 cf=1 -- 239/500 neurons fixed across 10 layer(s)
sample [73/100] orig=0 cf=1 -- 253/500 neurons fixed across 10 layer(s)
sample [74/100] orig=0 cf=1 -- 211/500 neurons fixed across 10 layer(s)
sample [75/100] orig=0 cf=1 -- 205/500 neurons fixed across 10 layer(s)
sample [76/100] orig=0 cf=1 -- 239/500 neurons fixed across 10 layer(s)
sample [77/100] orig=0 cf=1 -- 205/500 neurons fixed across 10 layer(s)
sample [78/100] orig=1 cf=0 -- 215/500 neurons fixed across 10 layer(s)
sample [79/100] orig=0 cf=1 -- 210/500 neurons fixed across 10 layer(s)
sample [80/100] orig=0 cf=1 -- 270/500 neurons fixed across 10 layer(s)
sample [81/100] orig=0 cf=1 -- 216/500 neurons fixed across 10 layer(s)
sample [82/100] orig=0 cf=1 -- 239/500 neurons fixed across 10 layer(s)
sample [83/100] orig=0 cf=1 -- 207/500 neurons fixed across 10 layer(s)
sample [84/100] orig=0 cf=1 -- 226/500 neurons fixed across 10 layer(s)
sample [85/100] orig=1 cf=0 -- 216/500 neurons fixed across 10 layer(s)
sample [86/100] orig=0 cf=1 -- 229/500 neurons fixed across 10 layer(s)
sample [87/100] orig=1 cf=0 -- 245/500 neurons fixed across 10 layer(s)
sample [88/100] orig=0 cf=1 -- 214/500 neurons fixed across 10 layer(s)
sample [89/100] orig=0 cf=1 -- 256/500 neurons fixed across 10 layer(s)
sample [90/100] orig=1 cf=0 -- 296/500 neurons fixed across 10 layer(s)
sample [91/100] orig=0 cf=1 -- 241/500 neurons fixed across 10 layer(s)
sample [92/100] orig=0 cf=1 -- 252/500 neurons fixed across 10 layer(s)
sample [93/100] orig=1 cf=0 -- 201/500 neurons fixed across 10 layer(s)
sample [94/100] orig=0 cf=1 -- 226/500 neurons fixed across 10 layer(s)
sample [95/100] orig=0 cf=1 -- 245/500 neurons fixed across 10 layer(s)
sample [96/100] orig=0 cf=1 -- 227/500 neurons fixed across 10 layer(s)
sample [97/100] orig=0 cf=1 -- 226/500 neurons fixed across 10 layer(s)
sample [98/100] orig=0 cf=1 -- 211/500 neurons fixed across 10 layer(s)
sample [99/100] orig=0 cf=1 -- 218/500 neurons fixed across 10 layer(s)
sample [100/100] orig=0 cf=1 -- 204/500 neurons fixed across 10 layer(s)

100/100 samples written to data/neuron_activations/loan/loan_50x10.txt (0 failed to produce a counterfactual)
