Model: data/models/loan/loan_200x12.onnx
  input shape [1, 22], 22 features, 12 ReLU layer(s), binary
Dataset: data/datasets/loan/loan_s100_scaled.csv (100/100 samples)
PGD: epsilon-frac=0.5 step-frac=0.1 num-steps=50
Output: data/neuron_activations/loan/loan_200x12.txt

sample [1/100] orig=0 cf=1 -- 1680/2400 neurons fixed across 12 layer(s)
sample [2/100] orig=0 cf=1 -- 1680/2400 neurons fixed across 12 layer(s)
sample [3/100] orig=0 cf=1 -- 1679/2400 neurons fixed across 12 layer(s)
sample [4/100] orig=0 cf=1 -- 1693/2400 neurons fixed across 12 layer(s)
sample [5/100] orig=0 cf=1 -- 1637/2400 neurons fixed across 12 layer(s)
sample [6/100] orig=0 cf=1 -- 1640/2400 neurons fixed across 12 layer(s)
sample [7/100] orig=0 cf=1 -- 1707/2400 neurons fixed across 12 layer(s)
sample [8/100] orig=1 cf=0 -- 1665/2400 neurons fixed across 12 layer(s)
sample [9/100] orig=0 cf=1 -- 1679/2400 neurons fixed across 12 layer(s)
sample [10/100] orig=0 cf=1 -- 1734/2400 neurons fixed across 12 layer(s)
sample [11/100] orig=0 cf=1 -- 1675/2400 neurons fixed across 12 layer(s)
sample [12/100] orig=0 cf=1 -- 1622/2400 neurons fixed across 12 layer(s)
sample [13/100] orig=0 cf=1 -- 1623/2400 neurons fixed across 12 layer(s)
sample [14/100] orig=0 cf=1 -- 1641/2400 neurons fixed across 12 layer(s)
sample [15/100] orig=0 cf=1 -- 1652/2400 neurons fixed across 12 layer(s)
sample [16/100] orig=0 cf=1 -- 1692/2400 neurons fixed across 12 layer(s)
sample [17/100] orig=0 cf=1 -- 1911/2400 neurons fixed across 12 layer(s)
sample [18/100] orig=0 cf=1 -- 1650/2400 neurons fixed across 12 layer(s)
sample [19/100] orig=0 cf=1 -- 1641/2400 neurons fixed across 12 layer(s)
sample [20/100] orig=1 cf=0 -- 1642/2400 neurons fixed across 12 layer(s)
sample [21/100] orig=0 cf=1 -- 1853/2400 neurons fixed across 12 layer(s)
sample [22/100] orig=0 cf=1 -- 1677/2400 neurons fixed across 12 layer(s)
sample [23/100] orig=0 cf=1 -- 1793/2400 neurons fixed across 12 layer(s)
sample [24/100] orig=0 cf=1 -- 1702/2400 neurons fixed across 12 layer(s)
sample [25/100] orig=0 cf=1 -- 1806/2400 neurons fixed across 12 layer(s)
sample [26/100] orig=0 cf=1 -- 1619/2400 neurons fixed across 12 layer(s)
sample [27/100] orig=1 cf=0 -- 1657/2400 neurons fixed across 12 layer(s)
sample [28/100] orig=0 cf=1 -- 1690/2400 neurons fixed across 12 layer(s)
sample [29/100] orig=0 cf=1 -- 1656/2400 neurons fixed across 12 layer(s)
sample [30/100] orig=1 cf=0 -- 1636/2400 neurons fixed across 12 layer(s)
sample [31/100] orig=0 cf=1 -- 1793/2400 neurons fixed across 12 layer(s)
sample [32/100] orig=0 cf=1 -- 1669/2400 neurons fixed across 12 layer(s)
sample [33/100] orig=0 cf=1 -- 1621/2400 neurons fixed across 12 layer(s)
sample [34/100] orig=0 cf=1 -- 2073/2400 neurons fixed across 12 layer(s)
sample [35/100] orig=0 cf=1 -- 1697/2400 neurons fixed across 12 layer(s)
sample [36/100] orig=0 cf=1 -- 1663/2400 neurons fixed across 12 layer(s)
sample [37/100] orig=0 cf=1 -- 1638/2400 neurons fixed across 12 layer(s)
sample [38/100] orig=0 cf=1 -- 2036/2400 neurons fixed across 12 layer(s)
sample [39/100] orig=1 cf=0 -- 1652/2400 neurons fixed across 12 layer(s)
sample [40/100] orig=0 cf=1 -- 1688/2400 neurons fixed across 12 layer(s)
sample [41/100] orig=0 cf=1 -- 1644/2400 neurons fixed across 12 layer(s)
sample [42/100] orig=0 cf=1 -- 1832/2400 neurons fixed across 12 layer(s)
sample [43/100] orig=1 cf=0 -- 1696/2400 neurons fixed across 12 layer(s)
sample [44/100] orig=0 cf=1 -- 1846/2400 neurons fixed across 12 layer(s)
sample [45/100] orig=1 cf=0 -- 1702/2400 neurons fixed across 12 layer(s)
sample [46/100] orig=0 cf=1 -- 1888/2400 neurons fixed across 12 layer(s)
sample [47/100] orig=1 cf=0 -- 1639/2400 neurons fixed across 12 layer(s)
sample [48/100] orig=0 cf=1 -- 2090/2400 neurons fixed across 12 layer(s)
sample [49/100] orig=0 cf=1 -- 1654/2400 neurons fixed across 12 layer(s)
sample [50/100] orig=1 cf=1 -- FAILED to find a counterfactual, using the final PGD iterate -- 2400/2400 neurons fixed across 12 layer(s)
sample [51/100] orig=0 cf=1 -- 1643/2400 neurons fixed across 12 layer(s)
sample [52/100] orig=1 cf=0 -- 1714/2400 neurons fixed across 12 layer(s)
sample [53/100] orig=1 cf=0 -- 1624/2400 neurons fixed across 12 layer(s)
sample [54/100] orig=1 cf=0 -- 1664/2400 neurons fixed across 12 layer(s)
sample [55/100] orig=0 cf=1 -- 1688/2400 neurons fixed across 12 layer(s)
sample [56/100] orig=0 cf=1 -- 1826/2400 neurons fixed across 12 layer(s)
sample [57/100] orig=0 cf=1 -- 1732/2400 neurons fixed across 12 layer(s)
sample [58/100] orig=1 cf=0 -- 1740/2400 neurons fixed across 12 layer(s)
sample [59/100] orig=0 cf=1 -- 1626/2400 neurons fixed across 12 layer(s)
sample [60/100] orig=0 cf=1 -- 1642/2400 neurons fixed across 12 layer(s)
sample [61/100] orig=0 cf=1 -- 1656/2400 neurons fixed across 12 layer(s)
sample [62/100] orig=0 cf=1 -- 1660/2400 neurons fixed across 12 layer(s)
sample [63/100] orig=0 cf=1 -- 1631/2400 neurons fixed across 12 layer(s)
sample [64/100] orig=0 cf=1 -- 1659/2400 neurons fixed across 12 layer(s)
sample [65/100] orig=1 cf=0 -- 1651/2400 neurons fixed across 12 layer(s)
sample [66/100] orig=0 cf=1 -- 1663/2400 neurons fixed across 12 layer(s)
sample [67/100] orig=0 cf=1 -- 1689/2400 neurons fixed across 12 layer(s)
sample [68/100] orig=0 cf=1 -- 1770/2400 neurons fixed across 12 layer(s)
sample [69/100] orig=0 cf=1 -- 1748/2400 neurons fixed across 12 layer(s)
sample [70/100] orig=1 cf=0 -- 1730/2400 neurons fixed across 12 layer(s)
sample [71/100] orig=0 cf=1 -- 1669/2400 neurons fixed across 12 layer(s)
sample [72/100] orig=0 cf=1 -- 1705/2400 neurons fixed across 12 layer(s)
sample [73/100] orig=0 cf=1 -- 1718/2400 neurons fixed across 12 layer(s)
sample [74/100] orig=0 cf=1 -- 1719/2400 neurons fixed across 12 layer(s)
sample [75/100] orig=0 cf=1 -- 1758/2400 neurons fixed across 12 layer(s)
sample [76/100] orig=0 cf=1 -- 1671/2400 neurons fixed across 12 layer(s)
sample [77/100] orig=0 cf=1 -- 1629/2400 neurons fixed across 12 layer(s)
sample [78/100] orig=1 cf=0 -- 1616/2400 neurons fixed across 12 layer(s)
sample [79/100] orig=0 cf=1 -- 1652/2400 neurons fixed across 12 layer(s)
sample [80/100] orig=1 cf=0 -- 1701/2400 neurons fixed across 12 layer(s)
sample [81/100] orig=0 cf=1 -- 1733/2400 neurons fixed across 12 layer(s)
sample [82/100] orig=0 cf=1 -- 1959/2400 neurons fixed across 12 layer(s)
sample [83/100] orig=0 cf=1 -- 1694/2400 neurons fixed across 12 layer(s)
sample [84/100] orig=0 cf=1 -- 1795/2400 neurons fixed across 12 layer(s)
sample [85/100] orig=1 cf=0 -- 1622/2400 neurons fixed across 12 layer(s)
sample [86/100] orig=0 cf=1 -- 1671/2400 neurons fixed across 12 layer(s)
sample [87/100] orig=1 cf=0 -- 1639/2400 neurons fixed across 12 layer(s)
sample [88/100] orig=0 cf=1 -- 1751/2400 neurons fixed across 12 layer(s)
sample [89/100] orig=0 cf=1 -- 1933/2400 neurons fixed across 12 layer(s)
sample [90/100] orig=0 cf=1 -- 2161/2400 neurons fixed across 12 layer(s)
sample [91/100] orig=0 cf=1 -- 1650/2400 neurons fixed across 12 layer(s)
sample [92/100] orig=0 cf=1 -- 1611/2400 neurons fixed across 12 layer(s)
sample [93/100] orig=1 cf=0 -- 1606/2400 neurons fixed across 12 layer(s)
sample [94/100] orig=0 cf=1 -- 1821/2400 neurons fixed across 12 layer(s)
sample [95/100] orig=0 cf=1 -- 1680/2400 neurons fixed across 12 layer(s)
sample [96/100] orig=0 cf=1 -- 1687/2400 neurons fixed across 12 layer(s)
sample [97/100] orig=0 cf=1 -- 1794/2400 neurons fixed across 12 layer(s)
sample [98/100] orig=0 cf=1 -- 1663/2400 neurons fixed across 12 layer(s)
sample [99/100] orig=0 cf=1 -- 1750/2400 neurons fixed across 12 layer(s)
sample [100/100] orig=0 cf=1 -- 1644/2400 neurons fixed across 12 layer(s)

100/100 samples written to data/neuron_activations/loan/loan_200x12.txt (1 failed to produce a counterfactual, kept)
