Model: data/models/loan/loan_200x7.onnx
  input shape [1, 22], 22 features, 7 ReLU layer(s), binary
Dataset: data/datasets/loan/loan_s100_scaled.csv (100/100 samples)
PGD: epsilon-frac=0.5 step-frac=0.1 num-steps=50
Output: data/neuron_activations/loan/loan_200x7.txt

sample [1/100] orig=0 cf=1 -- 878/1400 neurons fixed across 7 layer(s)
sample [2/100] orig=0 cf=1 -- 879/1400 neurons fixed across 7 layer(s)
sample [3/100] orig=0 cf=1 -- 881/1400 neurons fixed across 7 layer(s)
sample [4/100] orig=0 cf=1 -- 918/1400 neurons fixed across 7 layer(s)
sample [5/100] orig=0 cf=1 -- 951/1400 neurons fixed across 7 layer(s)
sample [6/100] orig=0 cf=1 -- 882/1400 neurons fixed across 7 layer(s)
sample [7/100] orig=0 cf=0 -- FAILED to find a counterfactual, using the final PGD iterate -- 1400/1400 neurons fixed across 7 layer(s)
sample [8/100] orig=1 cf=0 -- 879/1400 neurons fixed across 7 layer(s)
sample [9/100] orig=0 cf=1 -- 892/1400 neurons fixed across 7 layer(s)
sample [10/100] orig=0 cf=1 -- 946/1400 neurons fixed across 7 layer(s)
sample [11/100] orig=0 cf=1 -- 903/1400 neurons fixed across 7 layer(s)
sample [12/100] orig=0 cf=1 -- 989/1400 neurons fixed across 7 layer(s)
sample [13/100] orig=0 cf=1 -- 941/1400 neurons fixed across 7 layer(s)
sample [14/100] orig=0 cf=1 -- 881/1400 neurons fixed across 7 layer(s)
sample [15/100] orig=0 cf=1 -- 880/1400 neurons fixed across 7 layer(s)
sample [16/100] orig=0 cf=1 -- 956/1400 neurons fixed across 7 layer(s)
sample [17/100] orig=0 cf=1 -- 984/1400 neurons fixed across 7 layer(s)
sample [18/100] orig=0 cf=0 -- FAILED to find a counterfactual, using the final PGD iterate -- 1400/1400 neurons fixed across 7 layer(s)
sample [19/100] orig=0 cf=1 -- 876/1400 neurons fixed across 7 layer(s)
sample [20/100] orig=1 cf=0 -- 850/1400 neurons fixed across 7 layer(s)
sample [21/100] orig=0 cf=1 -- 1005/1400 neurons fixed across 7 layer(s)
sample [22/100] orig=0 cf=1 -- 944/1400 neurons fixed across 7 layer(s)
sample [23/100] orig=0 cf=1 -- 992/1400 neurons fixed across 7 layer(s)
sample [24/100] orig=0 cf=1 -- 918/1400 neurons fixed across 7 layer(s)
sample [25/100] orig=0 cf=1 -- 981/1400 neurons fixed across 7 layer(s)
sample [26/100] orig=0 cf=1 -- 864/1400 neurons fixed across 7 layer(s)
sample [27/100] orig=1 cf=0 -- 891/1400 neurons fixed across 7 layer(s)
sample [28/100] orig=0 cf=1 -- 939/1400 neurons fixed across 7 layer(s)
sample [29/100] orig=0 cf=1 -- 903/1400 neurons fixed across 7 layer(s)
sample [30/100] orig=1 cf=0 -- 855/1400 neurons fixed across 7 layer(s)
sample [31/100] orig=0 cf=1 -- 981/1400 neurons fixed across 7 layer(s)
sample [32/100] orig=0 cf=1 -- 897/1400 neurons fixed across 7 layer(s)
sample [33/100] orig=0 cf=1 -- 881/1400 neurons fixed across 7 layer(s)
sample [34/100] orig=0 cf=1 -- 981/1400 neurons fixed across 7 layer(s)
sample [35/100] orig=0 cf=1 -- 932/1400 neurons fixed across 7 layer(s)
sample [36/100] orig=0 cf=1 -- 874/1400 neurons fixed across 7 layer(s)
sample [37/100] orig=0 cf=1 -- 898/1400 neurons fixed across 7 layer(s)
sample [38/100] orig=0 cf=1 -- 992/1400 neurons fixed across 7 layer(s)
sample [39/100] orig=1 cf=0 -- 872/1400 neurons fixed across 7 layer(s)
sample [40/100] orig=0 cf=1 -- 893/1400 neurons fixed across 7 layer(s)
sample [41/100] orig=0 cf=1 -- 856/1400 neurons fixed across 7 layer(s)
sample [42/100] orig=0 cf=1 -- 991/1400 neurons fixed across 7 layer(s)
sample [43/100] orig=0 cf=1 -- 959/1400 neurons fixed across 7 layer(s)
sample [44/100] orig=0 cf=1 -- 952/1400 neurons fixed across 7 layer(s)
sample [45/100] orig=0 cf=1 -- 958/1400 neurons fixed across 7 layer(s)
sample [46/100] orig=0 cf=1 -- 1021/1400 neurons fixed across 7 layer(s)
sample [47/100] orig=1 cf=0 -- 856/1400 neurons fixed across 7 layer(s)
sample [48/100] orig=0 cf=1 -- 1001/1400 neurons fixed across 7 layer(s)
sample [49/100] orig=0 cf=1 -- 912/1400 neurons fixed across 7 layer(s)
sample [50/100] orig=1 cf=1 -- FAILED to find a counterfactual, using the final PGD iterate -- 1400/1400 neurons fixed across 7 layer(s)
sample [51/100] orig=0 cf=1 -- 934/1400 neurons fixed across 7 layer(s)
sample [52/100] orig=1 cf=0 -- 930/1400 neurons fixed across 7 layer(s)
sample [53/100] orig=1 cf=0 -- 843/1400 neurons fixed across 7 layer(s)
sample [54/100] orig=1 cf=0 -- 916/1400 neurons fixed across 7 layer(s)
sample [55/100] orig=0 cf=1 -- 884/1400 neurons fixed across 7 layer(s)
sample [56/100] orig=0 cf=1 -- 999/1400 neurons fixed across 7 layer(s)
sample [57/100] orig=0 cf=1 -- 941/1400 neurons fixed across 7 layer(s)
sample [58/100] orig=0 cf=1 -- 1036/1400 neurons fixed across 7 layer(s)
sample [59/100] orig=0 cf=1 -- 874/1400 neurons fixed across 7 layer(s)
sample [60/100] orig=0 cf=1 -- 881/1400 neurons fixed across 7 layer(s)
sample [61/100] orig=0 cf=1 -- 943/1400 neurons fixed across 7 layer(s)
sample [62/100] orig=0 cf=1 -- 941/1400 neurons fixed across 7 layer(s)
sample [63/100] orig=0 cf=1 -- 926/1400 neurons fixed across 7 layer(s)
sample [64/100] orig=0 cf=0 -- FAILED to find a counterfactual, using the final PGD iterate -- 1400/1400 neurons fixed across 7 layer(s)
sample [65/100] orig=1 cf=0 -- 854/1400 neurons fixed across 7 layer(s)
sample [66/100] orig=0 cf=1 -- 865/1400 neurons fixed across 7 layer(s)
sample [67/100] orig=0 cf=0 -- FAILED to find a counterfactual, using the final PGD iterate -- 1400/1400 neurons fixed across 7 layer(s)
sample [68/100] orig=0 cf=1 -- 988/1400 neurons fixed across 7 layer(s)
sample [69/100] orig=0 cf=1 -- 961/1400 neurons fixed across 7 layer(s)
sample [70/100] orig=0 cf=1 -- 930/1400 neurons fixed across 7 layer(s)
sample [71/100] orig=0 cf=1 -- 897/1400 neurons fixed across 7 layer(s)
sample [72/100] orig=0 cf=0 -- FAILED to find a counterfactual, using the final PGD iterate -- 1400/1400 neurons fixed across 7 layer(s)
sample [73/100] orig=0 cf=1 -- 946/1400 neurons fixed across 7 layer(s)
sample [74/100] orig=0 cf=1 -- 957/1400 neurons fixed across 7 layer(s)
sample [75/100] orig=0 cf=1 -- 959/1400 neurons fixed across 7 layer(s)
sample [76/100] orig=0 cf=1 -- 929/1400 neurons fixed across 7 layer(s)
sample [77/100] orig=0 cf=1 -- 910/1400 neurons fixed across 7 layer(s)
sample [78/100] orig=1 cf=0 -- 835/1400 neurons fixed across 7 layer(s)
sample [79/100] orig=0 cf=1 -- 870/1400 neurons fixed across 7 layer(s)
sample [80/100] orig=0 cf=1 -- 1079/1400 neurons fixed across 7 layer(s)
sample [81/100] orig=0 cf=1 -- 959/1400 neurons fixed across 7 layer(s)
sample [82/100] orig=0 cf=1 -- 1014/1400 neurons fixed across 7 layer(s)
sample [83/100] orig=0 cf=1 -- 924/1400 neurons fixed across 7 layer(s)
sample [84/100] orig=0 cf=1 -- 979/1400 neurons fixed across 7 layer(s)
sample [85/100] orig=1 cf=0 -- 859/1400 neurons fixed across 7 layer(s)
sample [86/100] orig=0 cf=0 -- FAILED to find a counterfactual, using the final PGD iterate -- 1400/1400 neurons fixed across 7 layer(s)
sample [87/100] orig=1 cf=0 -- 875/1400 neurons fixed across 7 layer(s)
sample [88/100] orig=0 cf=1 -- 969/1400 neurons fixed across 7 layer(s)
sample [89/100] orig=1 cf=0 -- 993/1400 neurons fixed across 7 layer(s)
sample [90/100] orig=1 cf=0 -- 973/1400 neurons fixed across 7 layer(s)
sample [91/100] orig=0 cf=1 -- 869/1400 neurons fixed across 7 layer(s)
sample [92/100] orig=0 cf=0 -- FAILED to find a counterfactual, using the final PGD iterate -- 1400/1400 neurons fixed across 7 layer(s)
sample [93/100] orig=1 cf=1 -- FAILED to find a counterfactual, using the final PGD iterate -- 1400/1400 neurons fixed across 7 layer(s)
sample [94/100] orig=0 cf=1 -- 1011/1400 neurons fixed across 7 layer(s)
sample [95/100] orig=0 cf=1 -- 973/1400 neurons fixed across 7 layer(s)
sample [96/100] orig=0 cf=1 -- 870/1400 neurons fixed across 7 layer(s)
sample [97/100] orig=0 cf=1 -- 970/1400 neurons fixed across 7 layer(s)
sample [98/100] orig=0 cf=1 -- 906/1400 neurons fixed across 7 layer(s)
sample [99/100] orig=0 cf=1 -- 950/1400 neurons fixed across 7 layer(s)
sample [100/100] orig=0 cf=1 -- 874/1400 neurons fixed across 7 layer(s)

100/100 samples written to data/neuron_activations/loan/loan_200x7.txt (9 failed to produce a counterfactual, kept)
