Model: data/models/loan/loan_200x5.onnx
  input shape [1, 22], 22 features, 5 ReLU layer(s), binary
Dataset: data/datasets/loan/loan_s100_scaled.csv (100/100 samples)
PGD: epsilon-frac=0.5 step-frac=0.1 num-steps=50
Output: data/neuron_activations/loan/loan_200x5.txt

sample [1/100] orig=0 cf=1 -- 583/1000 neurons fixed across 5 layer(s)
sample [2/100] orig=0 cf=1 -- 521/1000 neurons fixed across 5 layer(s)
sample [3/100] orig=0 cf=0 -- FAILED to find a counterfactual, using the final PGD iterate -- 1000/1000 neurons fixed across 5 layer(s)
sample [4/100] orig=0 cf=1 -- 585/1000 neurons fixed across 5 layer(s)
sample [5/100] orig=0 cf=1 -- 510/1000 neurons fixed across 5 layer(s)
sample [6/100] orig=0 cf=1 -- 569/1000 neurons fixed across 5 layer(s)
sample [7/100] orig=0 cf=1 -- 618/1000 neurons fixed across 5 layer(s)
sample [8/100] orig=1 cf=0 -- 511/1000 neurons fixed across 5 layer(s)
sample [9/100] orig=0 cf=1 -- 556/1000 neurons fixed across 5 layer(s)
sample [10/100] orig=0 cf=1 -- 640/1000 neurons fixed across 5 layer(s)
sample [11/100] orig=0 cf=1 -- 616/1000 neurons fixed across 5 layer(s)
sample [12/100] orig=0 cf=1 -- 508/1000 neurons fixed across 5 layer(s)
sample [13/100] orig=0 cf=1 -- 552/1000 neurons fixed across 5 layer(s)
sample [14/100] orig=0 cf=1 -- 583/1000 neurons fixed across 5 layer(s)
sample [15/100] orig=0 cf=1 -- 591/1000 neurons fixed across 5 layer(s)
sample [16/100] orig=0 cf=1 -- 554/1000 neurons fixed across 5 layer(s)
sample [17/100] orig=0 cf=1 -- 671/1000 neurons fixed across 5 layer(s)
sample [18/100] orig=0 cf=1 -- 551/1000 neurons fixed across 5 layer(s)
sample [19/100] orig=0 cf=1 -- 521/1000 neurons fixed across 5 layer(s)
sample [20/100] orig=1 cf=0 -- 477/1000 neurons fixed across 5 layer(s)
sample [21/100] orig=0 cf=1 -- 685/1000 neurons fixed across 5 layer(s)
sample [22/100] orig=0 cf=1 -- 537/1000 neurons fixed across 5 layer(s)
sample [23/100] orig=0 cf=1 -- 707/1000 neurons fixed across 5 layer(s)
sample [24/100] orig=0 cf=1 -- 540/1000 neurons fixed across 5 layer(s)
sample [25/100] orig=0 cf=1 -- 655/1000 neurons fixed across 5 layer(s)
sample [26/100] orig=0 cf=1 -- 576/1000 neurons fixed across 5 layer(s)
sample [27/100] orig=1 cf=0 -- 512/1000 neurons fixed across 5 layer(s)
sample [28/100] orig=0 cf=1 -- 594/1000 neurons fixed across 5 layer(s)
sample [29/100] orig=0 cf=1 -- 546/1000 neurons fixed across 5 layer(s)
sample [30/100] orig=1 cf=0 -- 516/1000 neurons fixed across 5 layer(s)
sample [31/100] orig=0 cf=1 -- 657/1000 neurons fixed across 5 layer(s)
sample [32/100] orig=0 cf=1 -- 605/1000 neurons fixed across 5 layer(s)
sample [33/100] orig=0 cf=1 -- 553/1000 neurons fixed across 5 layer(s)
sample [34/100] orig=0 cf=1 -- 652/1000 neurons fixed across 5 layer(s)
sample [35/100] orig=0 cf=1 -- 532/1000 neurons fixed across 5 layer(s)
sample [36/100] orig=0 cf=1 -- 492/1000 neurons fixed across 5 layer(s)
sample [37/100] orig=0 cf=1 -- 609/1000 neurons fixed across 5 layer(s)
sample [38/100] orig=0 cf=1 -- 672/1000 neurons fixed across 5 layer(s)
sample [39/100] orig=1 cf=0 -- 518/1000 neurons fixed across 5 layer(s)
sample [40/100] orig=0 cf=1 -- 608/1000 neurons fixed across 5 layer(s)
sample [41/100] orig=0 cf=1 -- 598/1000 neurons fixed across 5 layer(s)
sample [42/100] orig=0 cf=1 -- 695/1000 neurons fixed across 5 layer(s)
sample [43/100] orig=0 cf=1 -- 735/1000 neurons fixed across 5 layer(s)
sample [44/100] orig=0 cf=1 -- 680/1000 neurons fixed across 5 layer(s)
sample [45/100] orig=1 cf=0 -- 620/1000 neurons fixed across 5 layer(s)
sample [46/100] orig=0 cf=1 -- 679/1000 neurons fixed across 5 layer(s)
sample [47/100] orig=1 cf=0 -- 507/1000 neurons fixed across 5 layer(s)
sample [48/100] orig=0 cf=1 -- 724/1000 neurons fixed across 5 layer(s)
sample [49/100] orig=0 cf=1 -- 561/1000 neurons fixed across 5 layer(s)
sample [50/100] orig=1 cf=1 -- FAILED to find a counterfactual, using the final PGD iterate -- 1000/1000 neurons fixed across 5 layer(s)
sample [51/100] orig=0 cf=1 -- 545/1000 neurons fixed across 5 layer(s)
sample [52/100] orig=1 cf=0 -- 522/1000 neurons fixed across 5 layer(s)
sample [53/100] orig=1 cf=0 -- 504/1000 neurons fixed across 5 layer(s)
sample [54/100] orig=1 cf=0 -- 507/1000 neurons fixed across 5 layer(s)
sample [55/100] orig=0 cf=1 -- 494/1000 neurons fixed across 5 layer(s)
sample [56/100] orig=0 cf=1 -- 695/1000 neurons fixed across 5 layer(s)
sample [57/100] orig=0 cf=1 -- 628/1000 neurons fixed across 5 layer(s)
sample [58/100] orig=0 cf=1 -- 729/1000 neurons fixed across 5 layer(s)
sample [59/100] orig=0 cf=1 -- 558/1000 neurons fixed across 5 layer(s)
sample [60/100] orig=0 cf=1 -- 547/1000 neurons fixed across 5 layer(s)
sample [61/100] orig=0 cf=1 -- 507/1000 neurons fixed across 5 layer(s)
sample [62/100] orig=0 cf=1 -- 513/1000 neurons fixed across 5 layer(s)
sample [63/100] orig=0 cf=1 -- 553/1000 neurons fixed across 5 layer(s)
sample [64/100] orig=0 cf=1 -- 553/1000 neurons fixed across 5 layer(s)
sample [65/100] orig=1 cf=0 -- 503/1000 neurons fixed across 5 layer(s)
sample [66/100] orig=0 cf=1 -- 588/1000 neurons fixed across 5 layer(s)
sample [67/100] orig=0 cf=0 -- FAILED to find a counterfactual, using the final PGD iterate -- 1000/1000 neurons fixed across 5 layer(s)
sample [68/100] orig=0 cf=1 -- 655/1000 neurons fixed across 5 layer(s)
sample [69/100] orig=0 cf=1 -- 618/1000 neurons fixed across 5 layer(s)
sample [70/100] orig=0 cf=1 -- 710/1000 neurons fixed across 5 layer(s)
sample [71/100] orig=0 cf=1 -- 556/1000 neurons fixed across 5 layer(s)
sample [72/100] orig=0 cf=0 -- FAILED to find a counterfactual, using the final PGD iterate -- 1000/1000 neurons fixed across 5 layer(s)
sample [73/100] orig=0 cf=1 -- 602/1000 neurons fixed across 5 layer(s)
sample [74/100] orig=0 cf=1 -- 613/1000 neurons fixed across 5 layer(s)
sample [75/100] orig=0 cf=1 -- 645/1000 neurons fixed across 5 layer(s)
sample [76/100] orig=0 cf=1 -- 614/1000 neurons fixed across 5 layer(s)
sample [77/100] orig=0 cf=1 -- 487/1000 neurons fixed across 5 layer(s)
sample [78/100] orig=1 cf=0 -- 477/1000 neurons fixed across 5 layer(s)
sample [79/100] orig=0 cf=1 -- 476/1000 neurons fixed across 5 layer(s)
sample [80/100] orig=1 cf=0 -- 621/1000 neurons fixed across 5 layer(s)
sample [81/100] orig=0 cf=1 -- 611/1000 neurons fixed across 5 layer(s)
sample [82/100] orig=0 cf=1 -- 706/1000 neurons fixed across 5 layer(s)
sample [83/100] orig=0 cf=1 -- 544/1000 neurons fixed across 5 layer(s)
sample [84/100] orig=0 cf=1 -- 670/1000 neurons fixed across 5 layer(s)
sample [85/100] orig=1 cf=0 -- 489/1000 neurons fixed across 5 layer(s)
sample [86/100] orig=0 cf=1 -- 596/1000 neurons fixed across 5 layer(s)
sample [87/100] orig=1 cf=0 -- 511/1000 neurons fixed across 5 layer(s)
sample [88/100] orig=0 cf=1 -- 622/1000 neurons fixed across 5 layer(s)
sample [89/100] orig=0 cf=1 -- 771/1000 neurons fixed across 5 layer(s)
sample [90/100] orig=1 cf=0 -- 538/1000 neurons fixed across 5 layer(s)
sample [91/100] orig=0 cf=1 -- 536/1000 neurons fixed across 5 layer(s)
sample [92/100] orig=0 cf=1 -- 530/1000 neurons fixed across 5 layer(s)
sample [93/100] orig=1 cf=0 -- 485/1000 neurons fixed across 5 layer(s)
sample [94/100] orig=0 cf=1 -- 698/1000 neurons fixed across 5 layer(s)
sample [95/100] orig=0 cf=1 -- 544/1000 neurons fixed across 5 layer(s)
sample [96/100] orig=0 cf=1 -- 591/1000 neurons fixed across 5 layer(s)
sample [97/100] orig=0 cf=1 -- 670/1000 neurons fixed across 5 layer(s)
sample [98/100] orig=0 cf=1 -- 559/1000 neurons fixed across 5 layer(s)
sample [99/100] orig=0 cf=1 -- 627/1000 neurons fixed across 5 layer(s)
sample [100/100] orig=0 cf=1 -- 509/1000 neurons fixed across 5 layer(s)

100/100 samples written to data/neuron_activations/loan/loan_200x5.txt (4 failed to produce a counterfactual, kept)
