Model: data/models/loan/loan_200x10.onnx
  input shape [1, 22], 22 features, 10 ReLU layer(s), binary
Dataset: data/datasets/loan/loan_s100_scaled.csv (100/100 samples)
PGD: epsilon-frac=0.5 step-frac=0.1 num-steps=50
Output: data/neuron_activations/loan/loan_200x10.txt

sample [1/100] orig=0 cf=1 -- 1305/2000 neurons fixed across 10 layer(s)
sample [2/100] orig=0 cf=1 -- 1361/2000 neurons fixed across 10 layer(s)
sample [3/100] orig=0 cf=1 -- 1276/2000 neurons fixed across 10 layer(s)
sample [4/100] orig=0 cf=1 -- 1339/2000 neurons fixed across 10 layer(s)
sample [5/100] orig=0 cf=1 -- 1364/2000 neurons fixed across 10 layer(s)
sample [6/100] orig=0 cf=1 -- 1336/2000 neurons fixed across 10 layer(s)
sample [7/100] orig=0 cf=1 -- 1301/2000 neurons fixed across 10 layer(s)
sample [8/100] orig=1 cf=0 -- 1329/2000 neurons fixed across 10 layer(s)
sample [9/100] orig=0 cf=1 -- 1319/2000 neurons fixed across 10 layer(s)
sample [10/100] orig=0 cf=1 -- 1386/2000 neurons fixed across 10 layer(s)
sample [11/100] orig=0 cf=1 -- 1317/2000 neurons fixed across 10 layer(s)
sample [12/100] orig=0 cf=1 -- 1301/2000 neurons fixed across 10 layer(s)
sample [13/100] orig=0 cf=1 -- 1271/2000 neurons fixed across 10 layer(s)
sample [14/100] orig=0 cf=1 -- 1306/2000 neurons fixed across 10 layer(s)
sample [15/100] orig=0 cf=1 -- 1317/2000 neurons fixed across 10 layer(s)
sample [16/100] orig=0 cf=1 -- 1293/2000 neurons fixed across 10 layer(s)
sample [17/100] orig=0 cf=1 -- 1449/2000 neurons fixed across 10 layer(s)
sample [18/100] orig=0 cf=1 -- 1310/2000 neurons fixed across 10 layer(s)
sample [19/100] orig=0 cf=1 -- 1291/2000 neurons fixed across 10 layer(s)
sample [20/100] orig=1 cf=0 -- 1296/2000 neurons fixed across 10 layer(s)
sample [21/100] orig=0 cf=1 -- 1448/2000 neurons fixed across 10 layer(s)
sample [22/100] orig=0 cf=1 -- 1318/2000 neurons fixed across 10 layer(s)
sample [23/100] orig=0 cf=1 -- 1458/2000 neurons fixed across 10 layer(s)
sample [24/100] orig=0 cf=1 -- 1314/2000 neurons fixed across 10 layer(s)
sample [25/100] orig=0 cf=1 -- 1444/2000 neurons fixed across 10 layer(s)
sample [26/100] orig=0 cf=1 -- 1293/2000 neurons fixed across 10 layer(s)
sample [27/100] orig=1 cf=0 -- 1320/2000 neurons fixed across 10 layer(s)
sample [28/100] orig=0 cf=1 -- 1316/2000 neurons fixed across 10 layer(s)
sample [29/100] orig=0 cf=1 -- 1314/2000 neurons fixed across 10 layer(s)
sample [30/100] orig=1 cf=0 -- 1330/2000 neurons fixed across 10 layer(s)
sample [31/100] orig=0 cf=1 -- 1420/2000 neurons fixed across 10 layer(s)
sample [32/100] orig=0 cf=1 -- 1314/2000 neurons fixed across 10 layer(s)
sample [33/100] orig=0 cf=1 -- 1286/2000 neurons fixed across 10 layer(s)
sample [34/100] orig=0 cf=1 -- 1493/2000 neurons fixed across 10 layer(s)
sample [35/100] orig=0 cf=1 -- 1325/2000 neurons fixed across 10 layer(s)
sample [36/100] orig=0 cf=1 -- 1289/2000 neurons fixed across 10 layer(s)
sample [37/100] orig=0 cf=1 -- 1315/2000 neurons fixed across 10 layer(s)
sample [38/100] orig=0 cf=1 -- 1455/2000 neurons fixed across 10 layer(s)
sample [39/100] orig=1 cf=0 -- 1349/2000 neurons fixed across 10 layer(s)
sample [40/100] orig=0 cf=1 -- 1313/2000 neurons fixed across 10 layer(s)
sample [41/100] orig=0 cf=1 -- 1299/2000 neurons fixed across 10 layer(s)
sample [42/100] orig=0 cf=1 -- 1422/2000 neurons fixed across 10 layer(s)
sample [43/100] orig=0 cf=1 -- 1428/2000 neurons fixed across 10 layer(s)
sample [44/100] orig=0 cf=1 -- 1451/2000 neurons fixed across 10 layer(s)
sample [45/100] orig=0 cf=1 -- 1619/2000 neurons fixed across 10 layer(s)
sample [46/100] orig=0 cf=1 -- 1467/2000 neurons fixed across 10 layer(s)
sample [47/100] orig=1 cf=0 -- 1358/2000 neurons fixed across 10 layer(s)
sample [48/100] orig=0 cf=1 -- 1453/2000 neurons fixed across 10 layer(s)
sample [49/100] orig=0 cf=1 -- 1308/2000 neurons fixed across 10 layer(s)
sample [50/100] orig=1 cf=1 -- FAILED to find a counterfactual, using the final PGD iterate -- 2000/2000 neurons fixed across 10 layer(s)
sample [51/100] orig=0 cf=1 -- 1317/2000 neurons fixed across 10 layer(s)
sample [52/100] orig=1 cf=0 -- 1345/2000 neurons fixed across 10 layer(s)
sample [53/100] orig=1 cf=0 -- 1319/2000 neurons fixed across 10 layer(s)
sample [54/100] orig=1 cf=0 -- 1337/2000 neurons fixed across 10 layer(s)
sample [55/100] orig=0 cf=1 -- 1316/2000 neurons fixed across 10 layer(s)
sample [56/100] orig=0 cf=1 -- 1442/2000 neurons fixed across 10 layer(s)
sample [57/100] orig=0 cf=1 -- 1390/2000 neurons fixed across 10 layer(s)
sample [58/100] orig=0 cf=1 -- 1483/2000 neurons fixed across 10 layer(s)
sample [59/100] orig=0 cf=1 -- 1292/2000 neurons fixed across 10 layer(s)
sample [60/100] orig=0 cf=1 -- 1309/2000 neurons fixed across 10 layer(s)
sample [61/100] orig=0 cf=1 -- 1307/2000 neurons fixed across 10 layer(s)
sample [62/100] orig=0 cf=1 -- 1331/2000 neurons fixed across 10 layer(s)
sample [63/100] orig=0 cf=1 -- 1310/2000 neurons fixed across 10 layer(s)
sample [64/100] orig=0 cf=1 -- 1366/2000 neurons fixed across 10 layer(s)
sample [65/100] orig=1 cf=0 -- 1333/2000 neurons fixed across 10 layer(s)
sample [66/100] orig=0 cf=1 -- 1321/2000 neurons fixed across 10 layer(s)
sample [67/100] orig=0 cf=1 -- 1360/2000 neurons fixed across 10 layer(s)
sample [68/100] orig=0 cf=1 -- 1442/2000 neurons fixed across 10 layer(s)
sample [69/100] orig=0 cf=1 -- 1409/2000 neurons fixed across 10 layer(s)
sample [70/100] orig=0 cf=1 -- 1484/2000 neurons fixed across 10 layer(s)
sample [71/100] orig=0 cf=1 -- 1341/2000 neurons fixed across 10 layer(s)
sample [72/100] orig=0 cf=1 -- 1321/2000 neurons fixed across 10 layer(s)
sample [73/100] orig=0 cf=1 -- 1395/2000 neurons fixed across 10 layer(s)
sample [74/100] orig=0 cf=1 -- 1393/2000 neurons fixed across 10 layer(s)
sample [75/100] orig=0 cf=1 -- 1398/2000 neurons fixed across 10 layer(s)
sample [76/100] orig=0 cf=1 -- 1305/2000 neurons fixed across 10 layer(s)
sample [77/100] orig=0 cf=1 -- 1284/2000 neurons fixed across 10 layer(s)
sample [78/100] orig=1 cf=1 -- FAILED to find a counterfactual, using the final PGD iterate -- 2000/2000 neurons fixed across 10 layer(s)
sample [79/100] orig=0 cf=1 -- 1332/2000 neurons fixed across 10 layer(s)
sample [80/100] orig=0 cf=1 -- 1697/2000 neurons fixed across 10 layer(s)
sample [81/100] orig=0 cf=1 -- 1389/2000 neurons fixed across 10 layer(s)
sample [82/100] orig=0 cf=1 -- 1464/2000 neurons fixed across 10 layer(s)
sample [83/100] orig=0 cf=1 -- 1329/2000 neurons fixed across 10 layer(s)
sample [84/100] orig=0 cf=1 -- 1437/2000 neurons fixed across 10 layer(s)
sample [85/100] orig=1 cf=0 -- 1302/2000 neurons fixed across 10 layer(s)
sample [86/100] orig=0 cf=1 -- 1291/2000 neurons fixed across 10 layer(s)
sample [87/100] orig=1 cf=0 -- 1337/2000 neurons fixed across 10 layer(s)
sample [88/100] orig=0 cf=1 -- 1392/2000 neurons fixed across 10 layer(s)
sample [89/100] orig=1 cf=0 -- 1385/2000 neurons fixed across 10 layer(s)
sample [90/100] orig=1 cf=0 -- 1346/2000 neurons fixed across 10 layer(s)
sample [91/100] orig=0 cf=1 -- 1354/2000 neurons fixed across 10 layer(s)
sample [92/100] orig=0 cf=1 -- 1301/2000 neurons fixed across 10 layer(s)
sample [93/100] orig=1 cf=1 -- FAILED to find a counterfactual, using the final PGD iterate -- 2000/2000 neurons fixed across 10 layer(s)
sample [94/100] orig=0 cf=1 -- 1435/2000 neurons fixed across 10 layer(s)
sample [95/100] orig=0 cf=1 -- 1365/2000 neurons fixed across 10 layer(s)
sample [96/100] orig=0 cf=1 -- 1307/2000 neurons fixed across 10 layer(s)
sample [97/100] orig=0 cf=1 -- 1429/2000 neurons fixed across 10 layer(s)
sample [98/100] orig=0 cf=1 -- 1296/2000 neurons fixed across 10 layer(s)
sample [99/100] orig=0 cf=1 -- 1397/2000 neurons fixed across 10 layer(s)
sample [100/100] orig=0 cf=1 -- 1324/2000 neurons fixed across 10 layer(s)

100/100 samples written to data/neuron_activations/loan/loan_200x10.txt (3 failed to produce a counterfactual, kept)
