Model: data/models/loan/loan_200x4.onnx
  input shape [1, 22], 22 features, 4 ReLU layer(s), binary
Dataset: data/datasets/loan/loan_s100_scaled.csv (100/100 samples)
PGD: epsilon-frac=0.5 step-frac=0.1 num-steps=50
Output: data/neuron_activations/loan/loan_200x4.txt

sample [1/100] orig=0 cf=1 -- 511/800 neurons fixed across 4 layer(s)
sample [2/100] orig=0 cf=1 -- 380/800 neurons fixed across 4 layer(s)
sample [3/100] orig=0 cf=1 -- 524/800 neurons fixed across 4 layer(s)
sample [4/100] orig=0 cf=1 -- 439/800 neurons fixed across 4 layer(s)
sample [5/100] orig=0 cf=1 -- 411/800 neurons fixed across 4 layer(s)
sample [6/100] orig=0 cf=1 -- 422/800 neurons fixed across 4 layer(s)
sample [7/100] orig=0 cf=1 -- 422/800 neurons fixed across 4 layer(s)
sample [8/100] orig=1 cf=0 -- 388/800 neurons fixed across 4 layer(s)
sample [9/100] orig=0 cf=1 -- 545/800 neurons fixed across 4 layer(s)
sample [10/100] orig=0 cf=1 -- 465/800 neurons fixed across 4 layer(s)
sample [11/100] orig=0 cf=1 -- 559/800 neurons fixed across 4 layer(s)
sample [12/100] orig=0 cf=1 -- 360/800 neurons fixed across 4 layer(s)
sample [13/100] orig=0 cf=1 -- 564/800 neurons fixed across 4 layer(s)
sample [14/100] orig=0 cf=1 -- 458/800 neurons fixed across 4 layer(s)
sample [15/100] orig=0 cf=1 -- 525/800 neurons fixed across 4 layer(s)
sample [16/100] orig=0 cf=1 -- 461/800 neurons fixed across 4 layer(s)
sample [17/100] orig=0 cf=1 -- 513/800 neurons fixed across 4 layer(s)
sample [18/100] orig=0 cf=1 -- 403/800 neurons fixed across 4 layer(s)
sample [19/100] orig=0 cf=1 -- 413/800 neurons fixed across 4 layer(s)
sample [20/100] orig=1 cf=0 -- 374/800 neurons fixed across 4 layer(s)
sample [21/100] orig=0 cf=1 -- 519/800 neurons fixed across 4 layer(s)
sample [22/100] orig=0 cf=1 -- 386/800 neurons fixed across 4 layer(s)
sample [23/100] orig=0 cf=1 -- 509/800 neurons fixed across 4 layer(s)
sample [24/100] orig=0 cf=1 -- 415/800 neurons fixed across 4 layer(s)
sample [25/100] orig=0 cf=1 -- 530/800 neurons fixed across 4 layer(s)
sample [26/100] orig=0 cf=1 -- 383/800 neurons fixed across 4 layer(s)
sample [27/100] orig=1 cf=0 -- 406/800 neurons fixed across 4 layer(s)
sample [28/100] orig=0 cf=1 -- 531/800 neurons fixed across 4 layer(s)
sample [29/100] orig=0 cf=1 -- 417/800 neurons fixed across 4 layer(s)
sample [30/100] orig=1 cf=0 -- 384/800 neurons fixed across 4 layer(s)
sample [31/100] orig=0 cf=1 -- 508/800 neurons fixed across 4 layer(s)
sample [32/100] orig=0 cf=1 -- 419/800 neurons fixed across 4 layer(s)
sample [33/100] orig=0 cf=1 -- 441/800 neurons fixed across 4 layer(s)
sample [34/100] orig=0 cf=1 -- 539/800 neurons fixed across 4 layer(s)
sample [35/100] orig=0 cf=1 -- 431/800 neurons fixed across 4 layer(s)
sample [36/100] orig=0 cf=1 -- 390/800 neurons fixed across 4 layer(s)
sample [37/100] orig=0 cf=1 -- 471/800 neurons fixed across 4 layer(s)
sample [38/100] orig=0 cf=1 -- 522/800 neurons fixed across 4 layer(s)
sample [39/100] orig=0 cf=1 -- 649/800 neurons fixed across 4 layer(s)
sample [40/100] orig=0 cf=1 -- 391/800 neurons fixed across 4 layer(s)
sample [41/100] orig=0 cf=1 -- 402/800 neurons fixed across 4 layer(s)
sample [42/100] orig=0 cf=1 -- 513/800 neurons fixed across 4 layer(s)
sample [43/100] orig=0 cf=1 -- 553/800 neurons fixed across 4 layer(s)
sample [44/100] orig=0 cf=1 -- 556/800 neurons fixed across 4 layer(s)
sample [45/100] orig=1 cf=0 -- 584/800 neurons fixed across 4 layer(s)
sample [46/100] orig=0 cf=1 -- 534/800 neurons fixed across 4 layer(s)
sample [47/100] orig=1 cf=0 -- 393/800 neurons fixed across 4 layer(s)
sample [48/100] orig=0 cf=1 -- 507/800 neurons fixed across 4 layer(s)
sample [49/100] orig=0 cf=1 -- 492/800 neurons fixed across 4 layer(s)
sample [50/100] orig=1 cf=1 -- FAILED to find a counterfactual, using the final PGD iterate -- 800/800 neurons fixed across 4 layer(s)
sample [51/100] orig=0 cf=0 -- FAILED to find a counterfactual, using the final PGD iterate -- 642/800 neurons fixed across 4 layer(s)
sample [52/100] orig=1 cf=0 -- 481/800 neurons fixed across 4 layer(s)
sample [53/100] orig=1 cf=0 -- 375/800 neurons fixed across 4 layer(s)
sample [54/100] orig=1 cf=0 -- 394/800 neurons fixed across 4 layer(s)
sample [55/100] orig=0 cf=1 -- 432/800 neurons fixed across 4 layer(s)
sample [56/100] orig=0 cf=1 -- 505/800 neurons fixed across 4 layer(s)
sample [57/100] orig=0 cf=1 -- 463/800 neurons fixed across 4 layer(s)
sample [58/100] orig=0 cf=1 -- 568/800 neurons fixed across 4 layer(s)
sample [59/100] orig=0 cf=1 -- 502/800 neurons fixed across 4 layer(s)
sample [60/100] orig=0 cf=1 -- 482/800 neurons fixed across 4 layer(s)
sample [61/100] orig=0 cf=1 -- 418/800 neurons fixed across 4 layer(s)
sample [62/100] orig=0 cf=1 -- 410/800 neurons fixed across 4 layer(s)
sample [63/100] orig=0 cf=1 -- 420/800 neurons fixed across 4 layer(s)
sample [64/100] orig=0 cf=1 -- 547/800 neurons fixed across 4 layer(s)
sample [65/100] orig=1 cf=0 -- 396/800 neurons fixed across 4 layer(s)
sample [66/100] orig=0 cf=1 -- 452/800 neurons fixed across 4 layer(s)
sample [67/100] orig=0 cf=1 -- 420/800 neurons fixed across 4 layer(s)
sample [68/100] orig=0 cf=1 -- 515/800 neurons fixed across 4 layer(s)
sample [69/100] orig=0 cf=1 -- 497/800 neurons fixed across 4 layer(s)
sample [70/100] orig=0 cf=1 -- 530/800 neurons fixed across 4 layer(s)
sample [71/100] orig=0 cf=1 -- 433/800 neurons fixed across 4 layer(s)
sample [72/100] orig=0 cf=1 -- 478/800 neurons fixed across 4 layer(s)
sample [73/100] orig=0 cf=1 -- 453/800 neurons fixed across 4 layer(s)
sample [74/100] orig=0 cf=1 -- 473/800 neurons fixed across 4 layer(s)
sample [75/100] orig=0 cf=1 -- 489/800 neurons fixed across 4 layer(s)
sample [76/100] orig=0 cf=1 -- 434/800 neurons fixed across 4 layer(s)
sample [77/100] orig=0 cf=1 -- 363/800 neurons fixed across 4 layer(s)
sample [78/100] orig=1 cf=0 -- 367/800 neurons fixed across 4 layer(s)
sample [79/100] orig=0 cf=1 -- 418/800 neurons fixed across 4 layer(s)
sample [80/100] orig=1 cf=0 -- 474/800 neurons fixed across 4 layer(s)
sample [81/100] orig=0 cf=1 -- 484/800 neurons fixed across 4 layer(s)
sample [82/100] orig=0 cf=1 -- 537/800 neurons fixed across 4 layer(s)
sample [83/100] orig=0 cf=1 -- 437/800 neurons fixed across 4 layer(s)
sample [84/100] orig=0 cf=1 -- 499/800 neurons fixed across 4 layer(s)
sample [85/100] orig=1 cf=0 -- 374/800 neurons fixed across 4 layer(s)
sample [86/100] orig=0 cf=1 -- 577/800 neurons fixed across 4 layer(s)
sample [87/100] orig=1 cf=0 -- 380/800 neurons fixed across 4 layer(s)
sample [88/100] orig=0 cf=1 -- 516/800 neurons fixed across 4 layer(s)
sample [89/100] orig=1 cf=0 -- 466/800 neurons fixed across 4 layer(s)
sample [90/100] orig=1 cf=0 -- 469/800 neurons fixed across 4 layer(s)
sample [91/100] orig=0 cf=1 -- 489/800 neurons fixed across 4 layer(s)
sample [92/100] orig=0 cf=1 -- 528/800 neurons fixed across 4 layer(s)
sample [93/100] orig=1 cf=0 -- 367/800 neurons fixed across 4 layer(s)
sample [94/100] orig=0 cf=1 -- 554/800 neurons fixed across 4 layer(s)
sample [95/100] orig=0 cf=1 -- 433/800 neurons fixed across 4 layer(s)
sample [96/100] orig=0 cf=1 -- 460/800 neurons fixed across 4 layer(s)
sample [97/100] orig=0 cf=1 -- 532/800 neurons fixed across 4 layer(s)
sample [98/100] orig=0 cf=1 -- 387/800 neurons fixed across 4 layer(s)
sample [99/100] orig=0 cf=1 -- 493/800 neurons fixed across 4 layer(s)
sample [100/100] orig=0 cf=1 -- 382/800 neurons fixed across 4 layer(s)

100/100 samples written to data/neuron_activations/loan/loan_200x4.txt (2 failed to produce a counterfactual, kept)
