Model: data/models/loan/loan_200x6.onnx
  input shape [1, 22], 22 features, 6 ReLU layer(s), binary
Dataset: data/datasets/loan/loan_s100_scaled.csv (100/100 samples)
PGD: epsilon-frac=0.5 step-frac=0.1 num-steps=50
Output: data/neuron_activations/loan/loan_200x6.txt

sample [1/100] orig=0 cf=1 -- 713/1200 neurons fixed across 6 layer(s)
sample [2/100] orig=0 cf=1 -- 714/1200 neurons fixed across 6 layer(s)
sample [3/100] orig=0 cf=0 -- FAILED to find a counterfactual, using the final PGD iterate -- 1200/1200 neurons fixed across 6 layer(s)
sample [4/100] orig=0 cf=1 -- 773/1200 neurons fixed across 6 layer(s)
sample [5/100] orig=0 cf=1 -- 726/1200 neurons fixed across 6 layer(s)
sample [6/100] orig=0 cf=1 -- 681/1200 neurons fixed across 6 layer(s)
sample [7/100] orig=0 cf=1 -- 722/1200 neurons fixed across 6 layer(s)
sample [8/100] orig=1 cf=0 -- 652/1200 neurons fixed across 6 layer(s)
sample [9/100] orig=0 cf=1 -- 745/1200 neurons fixed across 6 layer(s)
sample [10/100] orig=0 cf=1 -- 770/1200 neurons fixed across 6 layer(s)
sample [11/100] orig=0 cf=1 -- 769/1200 neurons fixed across 6 layer(s)
sample [12/100] orig=0 cf=1 -- 795/1200 neurons fixed across 6 layer(s)
sample [13/100] orig=0 cf=1 -- 713/1200 neurons fixed across 6 layer(s)
sample [14/100] orig=0 cf=1 -- 752/1200 neurons fixed across 6 layer(s)
sample [15/100] orig=0 cf=1 -- 709/1200 neurons fixed across 6 layer(s)
sample [16/100] orig=0 cf=1 -- 771/1200 neurons fixed across 6 layer(s)
sample [17/100] orig=0 cf=1 -- 762/1200 neurons fixed across 6 layer(s)
sample [18/100] orig=0 cf=1 -- 695/1200 neurons fixed across 6 layer(s)
sample [19/100] orig=0 cf=1 -- 684/1200 neurons fixed across 6 layer(s)
sample [20/100] orig=1 cf=0 -- 626/1200 neurons fixed across 6 layer(s)
sample [21/100] orig=0 cf=1 -- 797/1200 neurons fixed across 6 layer(s)
sample [22/100] orig=0 cf=1 -- 793/1200 neurons fixed across 6 layer(s)
sample [23/100] orig=0 cf=1 -- 785/1200 neurons fixed across 6 layer(s)
sample [24/100] orig=0 cf=1 -- 707/1200 neurons fixed across 6 layer(s)
sample [25/100] orig=0 cf=1 -- 796/1200 neurons fixed across 6 layer(s)
sample [26/100] orig=0 cf=1 -- 776/1200 neurons fixed across 6 layer(s)
sample [27/100] orig=1 cf=0 -- 668/1200 neurons fixed across 6 layer(s)
sample [28/100] orig=0 cf=1 -- 676/1200 neurons fixed across 6 layer(s)
sample [29/100] orig=0 cf=1 -- 717/1200 neurons fixed across 6 layer(s)
sample [30/100] orig=1 cf=0 -- 671/1200 neurons fixed across 6 layer(s)
sample [31/100] orig=0 cf=1 -- 766/1200 neurons fixed across 6 layer(s)
sample [32/100] orig=0 cf=1 -- 702/1200 neurons fixed across 6 layer(s)
sample [33/100] orig=0 cf=1 -- 764/1200 neurons fixed across 6 layer(s)
sample [34/100] orig=0 cf=1 -- 903/1200 neurons fixed across 6 layer(s)
sample [35/100] orig=0 cf=1 -- 794/1200 neurons fixed across 6 layer(s)
sample [36/100] orig=0 cf=1 -- 708/1200 neurons fixed across 6 layer(s)
sample [37/100] orig=0 cf=1 -- 786/1200 neurons fixed across 6 layer(s)
sample [38/100] orig=0 cf=1 -- 804/1200 neurons fixed across 6 layer(s)
sample [39/100] orig=1 cf=0 -- 681/1200 neurons fixed across 6 layer(s)
sample [40/100] orig=0 cf=1 -- 695/1200 neurons fixed across 6 layer(s)
sample [41/100] orig=0 cf=1 -- 700/1200 neurons fixed across 6 layer(s)
sample [42/100] orig=0 cf=1 -- 779/1200 neurons fixed across 6 layer(s)
sample [43/100] orig=0 cf=1 -- 791/1200 neurons fixed across 6 layer(s)
sample [44/100] orig=0 cf=1 -- 776/1200 neurons fixed across 6 layer(s)
sample [45/100] orig=0 cf=1 -- 814/1200 neurons fixed across 6 layer(s)
sample [46/100] orig=0 cf=1 -- 792/1200 neurons fixed across 6 layer(s)
sample [47/100] orig=1 cf=0 -- 643/1200 neurons fixed across 6 layer(s)
sample [48/100] orig=0 cf=1 -- 811/1200 neurons fixed across 6 layer(s)
sample [49/100] orig=0 cf=1 -- 721/1200 neurons fixed across 6 layer(s)
sample [50/100] orig=1 cf=1 -- FAILED to find a counterfactual, using the final PGD iterate -- 1200/1200 neurons fixed across 6 layer(s)
sample [51/100] orig=0 cf=1 -- 718/1200 neurons fixed across 6 layer(s)
sample [52/100] orig=1 cf=0 -- 665/1200 neurons fixed across 6 layer(s)
sample [53/100] orig=1 cf=0 -- 645/1200 neurons fixed across 6 layer(s)
sample [54/100] orig=1 cf=0 -- 665/1200 neurons fixed across 6 layer(s)
sample [55/100] orig=0 cf=1 -- 706/1200 neurons fixed across 6 layer(s)
sample [56/100] orig=0 cf=1 -- 779/1200 neurons fixed across 6 layer(s)
sample [57/100] orig=0 cf=1 -- 781/1200 neurons fixed across 6 layer(s)
sample [58/100] orig=0 cf=1 -- 791/1200 neurons fixed across 6 layer(s)
sample [59/100] orig=0 cf=1 -- 718/1200 neurons fixed across 6 layer(s)
sample [60/100] orig=0 cf=1 -- 710/1200 neurons fixed across 6 layer(s)
sample [61/100] orig=0 cf=1 -- 760/1200 neurons fixed across 6 layer(s)
sample [62/100] orig=0 cf=1 -- 745/1200 neurons fixed across 6 layer(s)
sample [63/100] orig=0 cf=1 -- 709/1200 neurons fixed across 6 layer(s)
sample [64/100] orig=0 cf=1 -- 739/1200 neurons fixed across 6 layer(s)
sample [65/100] orig=1 cf=0 -- 647/1200 neurons fixed across 6 layer(s)
sample [66/100] orig=0 cf=1 -- 774/1200 neurons fixed across 6 layer(s)
sample [67/100] orig=0 cf=0 -- FAILED to find a counterfactual, using the final PGD iterate -- 1200/1200 neurons fixed across 6 layer(s)
sample [68/100] orig=0 cf=1 -- 813/1200 neurons fixed across 6 layer(s)
sample [69/100] orig=0 cf=1 -- 744/1200 neurons fixed across 6 layer(s)
sample [70/100] orig=0 cf=1 -- 767/1200 neurons fixed across 6 layer(s)
sample [71/100] orig=0 cf=1 -- 677/1200 neurons fixed across 6 layer(s)
sample [72/100] orig=0 cf=0 -- FAILED to find a counterfactual, using the final PGD iterate -- 1200/1200 neurons fixed across 6 layer(s)
sample [73/100] orig=0 cf=1 -- 705/1200 neurons fixed across 6 layer(s)
sample [74/100] orig=0 cf=1 -- 758/1200 neurons fixed across 6 layer(s)
sample [75/100] orig=0 cf=1 -- 764/1200 neurons fixed across 6 layer(s)
sample [76/100] orig=0 cf=1 -- 713/1200 neurons fixed across 6 layer(s)
sample [77/100] orig=0 cf=1 -- 745/1200 neurons fixed across 6 layer(s)
sample [78/100] orig=1 cf=0 -- 631/1200 neurons fixed across 6 layer(s)
sample [79/100] orig=0 cf=1 -- 757/1200 neurons fixed across 6 layer(s)
sample [80/100] orig=1 cf=0 -- 746/1200 neurons fixed across 6 layer(s)
sample [81/100] orig=0 cf=1 -- 760/1200 neurons fixed across 6 layer(s)
sample [82/100] orig=0 cf=1 -- 803/1200 neurons fixed across 6 layer(s)
sample [83/100] orig=0 cf=1 -- 787/1200 neurons fixed across 6 layer(s)
sample [84/100] orig=0 cf=1 -- 789/1200 neurons fixed across 6 layer(s)
sample [85/100] orig=1 cf=0 -- 630/1200 neurons fixed across 6 layer(s)
sample [86/100] orig=0 cf=1 -- 753/1200 neurons fixed across 6 layer(s)
sample [87/100] orig=1 cf=0 -- 658/1200 neurons fixed across 6 layer(s)
sample [88/100] orig=0 cf=1 -- 743/1200 neurons fixed across 6 layer(s)
sample [89/100] orig=1 cf=0 -- 715/1200 neurons fixed across 6 layer(s)
sample [90/100] orig=0 cf=1 -- 811/1200 neurons fixed across 6 layer(s)
sample [91/100] orig=0 cf=1 -- 742/1200 neurons fixed across 6 layer(s)
sample [92/100] orig=0 cf=1 -- 700/1200 neurons fixed across 6 layer(s)
sample [93/100] orig=1 cf=0 -- 627/1200 neurons fixed across 6 layer(s)
sample [94/100] orig=0 cf=1 -- 796/1200 neurons fixed across 6 layer(s)
sample [95/100] orig=0 cf=0 -- FAILED to find a counterfactual, using the final PGD iterate -- 1200/1200 neurons fixed across 6 layer(s)
sample [96/100] orig=0 cf=1 -- 764/1200 neurons fixed across 6 layer(s)
sample [97/100] orig=0 cf=1 -- 768/1200 neurons fixed across 6 layer(s)
sample [98/100] orig=0 cf=1 -- 729/1200 neurons fixed across 6 layer(s)
sample [99/100] orig=0 cf=1 -- 782/1200 neurons fixed across 6 layer(s)
sample [100/100] orig=0 cf=1 -- 691/1200 neurons fixed across 6 layer(s)

100/100 samples written to data/neuron_activations/loan/loan_200x6.txt (5 failed to produce a counterfactual, kept)
