Model: data/models/loan/loan_200x2.onnx
  input shape [1, 22], 22 features, 2 ReLU layer(s), binary
Dataset: data/datasets/loan/loan_s100_scaled.csv (100/100 samples)
PGD: epsilon-frac=0.5 step-frac=0.1 num-steps=50
Output: data/neuron_activations/loan/loan_200x2.txt

sample [1/100] orig=0 cf=1 -- 281/400 neurons fixed across 2 layer(s)
sample [2/100] orig=0 cf=1 -- 258/400 neurons fixed across 2 layer(s)
sample [3/100] orig=0 cf=1 -- 276/400 neurons fixed across 2 layer(s)
sample [4/100] orig=0 cf=1 -- 183/400 neurons fixed across 2 layer(s)
sample [5/100] orig=0 cf=1 -- 238/400 neurons fixed across 2 layer(s)
sample [6/100] orig=0 cf=1 -- 275/400 neurons fixed across 2 layer(s)
sample [7/100] orig=0 cf=1 -- 300/400 neurons fixed across 2 layer(s)
sample [8/100] orig=1 cf=0 -- 234/400 neurons fixed across 2 layer(s)
sample [9/100] orig=0 cf=1 -- 274/400 neurons fixed across 2 layer(s)
sample [10/100] orig=0 cf=1 -- 192/400 neurons fixed across 2 layer(s)
sample [11/100] orig=0 cf=1 -- 280/400 neurons fixed across 2 layer(s)
sample [12/100] orig=0 cf=1 -- 280/400 neurons fixed across 2 layer(s)
sample [13/100] orig=0 cf=1 -- 278/400 neurons fixed across 2 layer(s)
sample [14/100] orig=0 cf=1 -- 287/400 neurons fixed across 2 layer(s)
sample [15/100] orig=0 cf=1 -- 267/400 neurons fixed across 2 layer(s)
sample [16/100] orig=0 cf=1 -- 275/400 neurons fixed across 2 layer(s)
sample [17/100] orig=0 cf=1 -- 226/400 neurons fixed across 2 layer(s)
sample [18/100] orig=0 cf=1 -- 271/400 neurons fixed across 2 layer(s)
sample [19/100] orig=0 cf=1 -- 277/400 neurons fixed across 2 layer(s)
sample [20/100] orig=1 cf=0 -- 224/400 neurons fixed across 2 layer(s)
sample [21/100] orig=0 cf=1 -- 249/400 neurons fixed across 2 layer(s)
sample [22/100] orig=0 cf=1 -- 285/400 neurons fixed across 2 layer(s)
sample [23/100] orig=0 cf=1 -- 246/400 neurons fixed across 2 layer(s)
sample [24/100] orig=0 cf=1 -- 246/400 neurons fixed across 2 layer(s)
sample [25/100] orig=0 cf=1 -- 246/400 neurons fixed across 2 layer(s)
sample [26/100] orig=0 cf=1 -- 286/400 neurons fixed across 2 layer(s)
sample [27/100] orig=1 cf=0 -- 262/400 neurons fixed across 2 layer(s)
sample [28/100] orig=0 cf=1 -- 275/400 neurons fixed across 2 layer(s)
sample [29/100] orig=0 cf=1 -- 262/400 neurons fixed across 2 layer(s)
sample [30/100] orig=1 cf=0 -- 239/400 neurons fixed across 2 layer(s)
sample [31/100] orig=0 cf=1 -- 217/400 neurons fixed across 2 layer(s)
sample [32/100] orig=0 cf=1 -- 270/400 neurons fixed across 2 layer(s)
sample [33/100] orig=0 cf=1 -- 266/400 neurons fixed across 2 layer(s)
sample [34/100] orig=0 cf=1 -- 226/400 neurons fixed across 2 layer(s)
sample [35/100] orig=0 cf=1 -- 268/400 neurons fixed across 2 layer(s)
sample [36/100] orig=0 cf=1 -- 239/400 neurons fixed across 2 layer(s)
sample [37/100] orig=0 cf=1 -- 257/400 neurons fixed across 2 layer(s)
sample [38/100] orig=0 cf=1 -- 221/400 neurons fixed across 2 layer(s)
sample [39/100] orig=1 cf=0 -- 267/400 neurons fixed across 2 layer(s)
sample [40/100] orig=0 cf=1 -- 270/400 neurons fixed across 2 layer(s)
sample [41/100] orig=0 cf=1 -- 255/400 neurons fixed across 2 layer(s)
sample [42/100] orig=0 cf=1 -- 244/400 neurons fixed across 2 layer(s)
sample [43/100] orig=0 cf=1 -- 239/400 neurons fixed across 2 layer(s)
sample [44/100] orig=0 cf=1 -- 222/400 neurons fixed across 2 layer(s)
sample [45/100] orig=0 cf=1 -- 232/400 neurons fixed across 2 layer(s)
sample [46/100] orig=0 cf=1 -- 260/400 neurons fixed across 2 layer(s)
sample [47/100] orig=1 cf=0 -- 231/400 neurons fixed across 2 layer(s)
sample [48/100] orig=0 cf=1 -- 251/400 neurons fixed across 2 layer(s)
sample [49/100] orig=0 cf=1 -- 254/400 neurons fixed across 2 layer(s)
sample [50/100] orig=1 cf=1 -- FAILED to find a counterfactual, using the final PGD iterate -- 400/400 neurons fixed across 2 layer(s)
sample [51/100] orig=0 cf=1 -- 255/400 neurons fixed across 2 layer(s)
sample [52/100] orig=1 cf=0 -- 253/400 neurons fixed across 2 layer(s)
sample [53/100] orig=1 cf=0 -- 179/400 neurons fixed across 2 layer(s)
sample [54/100] orig=1 cf=0 -- 261/400 neurons fixed across 2 layer(s)
sample [55/100] orig=0 cf=1 -- 270/400 neurons fixed across 2 layer(s)
sample [56/100] orig=0 cf=1 -- 235/400 neurons fixed across 2 layer(s)
sample [57/100] orig=0 cf=1 -- 215/400 neurons fixed across 2 layer(s)
sample [58/100] orig=0 cf=1 -- 237/400 neurons fixed across 2 layer(s)
sample [59/100] orig=0 cf=1 -- 246/400 neurons fixed across 2 layer(s)
sample [60/100] orig=0 cf=1 -- 264/400 neurons fixed across 2 layer(s)
sample [61/100] orig=0 cf=1 -- 279/400 neurons fixed across 2 layer(s)
sample [62/100] orig=0 cf=1 -- 282/400 neurons fixed across 2 layer(s)
sample [63/100] orig=0 cf=1 -- 264/400 neurons fixed across 2 layer(s)
sample [64/100] orig=0 cf=1 -- 267/400 neurons fixed across 2 layer(s)
sample [65/100] orig=1 cf=0 -- 189/400 neurons fixed across 2 layer(s)
sample [66/100] orig=0 cf=1 -- 268/400 neurons fixed across 2 layer(s)
sample [67/100] orig=0 cf=1 -- 278/400 neurons fixed across 2 layer(s)
sample [68/100] orig=0 cf=1 -- 229/400 neurons fixed across 2 layer(s)
sample [69/100] orig=0 cf=1 -- 202/400 neurons fixed across 2 layer(s)
sample [70/100] orig=0 cf=1 -- 223/400 neurons fixed across 2 layer(s)
sample [71/100] orig=0 cf=1 -- 273/400 neurons fixed across 2 layer(s)
sample [72/100] orig=0 cf=1 -- 297/400 neurons fixed across 2 layer(s)
sample [73/100] orig=0 cf=1 -- 280/400 neurons fixed across 2 layer(s)
sample [74/100] orig=0 cf=1 -- 189/400 neurons fixed across 2 layer(s)
sample [75/100] orig=0 cf=1 -- 210/400 neurons fixed across 2 layer(s)
sample [76/100] orig=0 cf=1 -- 265/400 neurons fixed across 2 layer(s)
sample [77/100] orig=0 cf=1 -- 261/400 neurons fixed across 2 layer(s)
sample [78/100] orig=1 cf=0 -- 199/400 neurons fixed across 2 layer(s)
sample [79/100] orig=0 cf=1 -- 265/400 neurons fixed across 2 layer(s)
sample [80/100] orig=1 cf=0 -- 274/400 neurons fixed across 2 layer(s)
sample [81/100] orig=0 cf=1 -- 206/400 neurons fixed across 2 layer(s)
sample [82/100] orig=0 cf=1 -- 244/400 neurons fixed across 2 layer(s)
sample [83/100] orig=0 cf=1 -- 284/400 neurons fixed across 2 layer(s)
sample [84/100] orig=0 cf=1 -- 244/400 neurons fixed across 2 layer(s)
sample [85/100] orig=1 cf=0 -- 238/400 neurons fixed across 2 layer(s)
sample [86/100] orig=0 cf=1 -- 275/400 neurons fixed across 2 layer(s)
sample [87/100] orig=1 cf=0 -- 233/400 neurons fixed across 2 layer(s)
sample [88/100] orig=0 cf=1 -- 213/400 neurons fixed across 2 layer(s)
sample [89/100] orig=1 cf=0 -- 274/400 neurons fixed across 2 layer(s)
sample [90/100] orig=1 cf=0 -- 264/400 neurons fixed across 2 layer(s)
sample [91/100] orig=0 cf=1 -- 272/400 neurons fixed across 2 layer(s)
sample [92/100] orig=0 cf=1 -- 285/400 neurons fixed across 2 layer(s)
sample [93/100] orig=1 cf=0 -- 211/400 neurons fixed across 2 layer(s)
sample [94/100] orig=0 cf=1 -- 240/400 neurons fixed across 2 layer(s)
sample [95/100] orig=0 cf=1 -- 283/400 neurons fixed across 2 layer(s)
sample [96/100] orig=0 cf=1 -- 265/400 neurons fixed across 2 layer(s)
sample [97/100] orig=0 cf=1 -- 224/400 neurons fixed across 2 layer(s)
sample [98/100] orig=0 cf=1 -- 250/400 neurons fixed across 2 layer(s)
sample [99/100] orig=0 cf=1 -- 224/400 neurons fixed across 2 layer(s)
sample [100/100] orig=0 cf=1 -- 264/400 neurons fixed across 2 layer(s)

100/100 samples written to data/neuron_activations/loan/loan_200x2.txt (1 failed to produce a counterfactual, kept)
