Model: data/models/loan/loan_50x14.onnx
  input shape [1, 22], 22 features, 14 ReLU layer(s), binary
Dataset: data/datasets/loan/loan_s100_scaled.csv (100/100 samples)
PGD: epsilon-frac=0.5 step-frac=0.1 num-steps=50
Output: data/neuron_activations/loan/loan_50x14.txt

sample [1/100] orig=0 cf=1 -- 353/700 neurons fixed across 14 layer(s)
sample [2/100] orig=0 cf=1 -- 485/700 neurons fixed across 14 layer(s)
sample [3/100] orig=0 cf=1 -- 347/700 neurons fixed across 14 layer(s)
sample [4/100] orig=0 cf=1 -- 313/700 neurons fixed across 14 layer(s)
sample [5/100] orig=0 cf=1 -- 325/700 neurons fixed across 14 layer(s)
sample [6/100] orig=0 cf=1 -- 363/700 neurons fixed across 14 layer(s)
sample [7/100] orig=0 cf=1 -- 455/700 neurons fixed across 14 layer(s)
sample [8/100] orig=1 cf=0 -- 462/700 neurons fixed across 14 layer(s)
sample [9/100] orig=0 cf=1 -- 355/700 neurons fixed across 14 layer(s)
sample [10/100] orig=0 cf=1 -- 329/700 neurons fixed across 14 layer(s)
sample [11/100] orig=0 cf=1 -- 353/700 neurons fixed across 14 layer(s)
sample [12/100] orig=0 cf=1 -- 333/700 neurons fixed across 14 layer(s)
sample [13/100] orig=0 cf=1 -- 362/700 neurons fixed across 14 layer(s)
sample [14/100] orig=0 cf=1 -- 419/700 neurons fixed across 14 layer(s)
sample [15/100] orig=0 cf=1 -- 347/700 neurons fixed across 14 layer(s)
sample [16/100] orig=0 cf=1 -- 355/700 neurons fixed across 14 layer(s)
sample [17/100] orig=0 cf=1 -- 327/700 neurons fixed across 14 layer(s)
sample [18/100] orig=0 cf=1 -- 355/700 neurons fixed across 14 layer(s)
sample [19/100] orig=0 cf=1 -- 357/700 neurons fixed across 14 layer(s)
sample [20/100] orig=1 cf=0 -- 319/700 neurons fixed across 14 layer(s)
sample [21/100] orig=0 cf=1 -- 339/700 neurons fixed across 14 layer(s)
sample [22/100] orig=0 cf=1 -- 337/700 neurons fixed across 14 layer(s)
sample [23/100] orig=0 cf=1 -- 347/700 neurons fixed across 14 layer(s)
sample [24/100] orig=0 cf=1 -- 334/700 neurons fixed across 14 layer(s)
sample [25/100] orig=0 cf=1 -- 340/700 neurons fixed across 14 layer(s)
sample [26/100] orig=0 cf=1 -- 369/700 neurons fixed across 14 layer(s)
sample [27/100] orig=1 cf=0 -- 463/700 neurons fixed across 14 layer(s)
sample [28/100] orig=0 cf=1 -- 347/700 neurons fixed across 14 layer(s)
sample [29/100] orig=0 cf=1 -- 334/700 neurons fixed across 14 layer(s)
sample [30/100] orig=1 cf=0 -- 347/700 neurons fixed across 14 layer(s)
sample [31/100] orig=0 cf=1 -- 328/700 neurons fixed across 14 layer(s)
sample [32/100] orig=0 cf=1 -- 365/700 neurons fixed across 14 layer(s)
sample [33/100] orig=0 cf=1 -- 357/700 neurons fixed across 14 layer(s)
sample [34/100] orig=1 cf=0 -- 586/700 neurons fixed across 14 layer(s)
sample [35/100] orig=0 cf=1 -- 353/700 neurons fixed across 14 layer(s)
sample [36/100] orig=0 cf=1 -- 322/700 neurons fixed across 14 layer(s)
sample [37/100] orig=0 cf=1 -- 334/700 neurons fixed across 14 layer(s)
sample [38/100] orig=0 cf=1 -- 350/700 neurons fixed across 14 layer(s)
sample [39/100] orig=1 cf=0 -- 483/700 neurons fixed across 14 layer(s)
sample [40/100] orig=0 cf=1 -- 354/700 neurons fixed across 14 layer(s)
sample [41/100] orig=0 cf=1 -- 352/700 neurons fixed across 14 layer(s)
sample [42/100] orig=0 cf=1 -- 332/700 neurons fixed across 14 layer(s)
sample [43/100] orig=0 cf=1 -- 375/700 neurons fixed across 14 layer(s)
sample [44/100] orig=0 cf=1 -- 331/700 neurons fixed across 14 layer(s)
sample [45/100] orig=0 cf=1 -- 339/700 neurons fixed across 14 layer(s)
sample [46/100] orig=0 cf=1 -- 336/700 neurons fixed across 14 layer(s)
sample [47/100] orig=1 cf=0 -- 360/700 neurons fixed across 14 layer(s)
sample [48/100] orig=0 cf=1 -- 349/700 neurons fixed across 14 layer(s)
sample [49/100] orig=0 cf=1 -- 350/700 neurons fixed across 14 layer(s)
sample [50/100] orig=1 cf=1 -- FAILED to find a counterfactual, using the final PGD iterate -- 700/700 neurons fixed across 14 layer(s)
sample [51/100] orig=0 cf=1 -- 342/700 neurons fixed across 14 layer(s)
sample [52/100] orig=1 cf=0 -- 419/700 neurons fixed across 14 layer(s)
sample [53/100] orig=1 cf=0 -- 324/700 neurons fixed across 14 layer(s)
sample [54/100] orig=1 cf=0 -- 335/700 neurons fixed across 14 layer(s)
sample [55/100] orig=0 cf=1 -- 328/700 neurons fixed across 14 layer(s)
sample [56/100] orig=0 cf=1 -- 336/700 neurons fixed across 14 layer(s)
sample [57/100] orig=0 cf=1 -- 325/700 neurons fixed across 14 layer(s)
sample [58/100] orig=0 cf=1 -- 332/700 neurons fixed across 14 layer(s)
sample [59/100] orig=0 cf=1 -- 358/700 neurons fixed across 14 layer(s)
sample [60/100] orig=0 cf=1 -- 333/700 neurons fixed across 14 layer(s)
sample [61/100] orig=0 cf=1 -- 373/700 neurons fixed across 14 layer(s)
sample [62/100] orig=0 cf=1 -- 368/700 neurons fixed across 14 layer(s)
sample [63/100] orig=0 cf=1 -- 328/700 neurons fixed across 14 layer(s)
sample [64/100] orig=0 cf=1 -- 362/700 neurons fixed across 14 layer(s)
sample [65/100] orig=1 cf=0 -- 323/700 neurons fixed across 14 layer(s)
sample [66/100] orig=0 cf=1 -- 328/700 neurons fixed across 14 layer(s)
sample [67/100] orig=0 cf=1 -- 350/700 neurons fixed across 14 layer(s)
sample [68/100] orig=0 cf=1 -- 330/700 neurons fixed across 14 layer(s)
sample [69/100] orig=0 cf=1 -- 320/700 neurons fixed across 14 layer(s)
sample [70/100] orig=0 cf=1 -- 368/700 neurons fixed across 14 layer(s)
sample [71/100] orig=0 cf=1 -- 468/700 neurons fixed across 14 layer(s)
sample [72/100] orig=0 cf=1 -- 366/700 neurons fixed across 14 layer(s)
sample [73/100] orig=0 cf=1 -- 506/700 neurons fixed across 14 layer(s)
sample [74/100] orig=0 cf=1 -- 314/700 neurons fixed across 14 layer(s)
sample [75/100] orig=0 cf=1 -- 313/700 neurons fixed across 14 layer(s)
sample [76/100] orig=0 cf=1 -- 345/700 neurons fixed across 14 layer(s)
sample [77/100] orig=0 cf=1 -- 328/700 neurons fixed across 14 layer(s)
sample [78/100] orig=1 cf=0 -- 320/700 neurons fixed across 14 layer(s)
sample [79/100] orig=0 cf=1 -- 337/700 neurons fixed across 14 layer(s)
sample [80/100] orig=0 cf=1 -- 386/700 neurons fixed across 14 layer(s)
sample [81/100] orig=0 cf=1 -- 322/700 neurons fixed across 14 layer(s)
sample [82/100] orig=1 cf=0 -- 574/700 neurons fixed across 14 layer(s)
sample [83/100] orig=0 cf=1 -- 373/700 neurons fixed across 14 layer(s)
sample [84/100] orig=0 cf=1 -- 331/700 neurons fixed across 14 layer(s)
sample [85/100] orig=1 cf=0 -- 315/700 neurons fixed across 14 layer(s)
sample [86/100] orig=0 cf=1 -- 355/700 neurons fixed across 14 layer(s)
sample [87/100] orig=1 cf=0 -- 569/700 neurons fixed across 14 layer(s)
sample [88/100] orig=0 cf=1 -- 312/700 neurons fixed across 14 layer(s)
sample [89/100] orig=1 cf=0 -- 409/700 neurons fixed across 14 layer(s)
sample [90/100] orig=1 cf=0 -- 561/700 neurons fixed across 14 layer(s)
sample [91/100] orig=0 cf=1 -- 386/700 neurons fixed across 14 layer(s)
sample [92/100] orig=0 cf=1 -- 529/700 neurons fixed across 14 layer(s)
sample [93/100] orig=1 cf=0 -- 315/700 neurons fixed across 14 layer(s)
sample [94/100] orig=0 cf=1 -- 338/700 neurons fixed across 14 layer(s)
sample [95/100] orig=0 cf=0 -- FAILED to find a counterfactual, using the final PGD iterate -- 619/700 neurons fixed across 14 layer(s)
sample [96/100] orig=0 cf=1 -- 371/700 neurons fixed across 14 layer(s)
sample [97/100] orig=0 cf=1 -- 323/700 neurons fixed across 14 layer(s)
sample [98/100] orig=0 cf=1 -- 375/700 neurons fixed across 14 layer(s)
sample [99/100] orig=0 cf=1 -- 330/700 neurons fixed across 14 layer(s)
sample [100/100] orig=0 cf=1 -- 365/700 neurons fixed across 14 layer(s)

100/100 samples written to data/neuron_activations/loan/loan_50x14.txt (2 failed to produce a counterfactual, kept)
