Model: data/models/loan/loan_50x1.onnx
  input shape [1, 22], 22 features, 1 ReLU layer(s), binary
Dataset: data/datasets/loan/loan_s100_scaled.csv (100/100 samples)
PGD: epsilon-frac=0.5 step-frac=0.1 num-steps=50
Output: data/neuron_activations/loan/loan_50x1.txt

sample [1/100] orig=0 cf=1 -- 29/50 neurons fixed across 1 layer(s)
sample [2/100] orig=0 cf=1 -- 32/50 neurons fixed across 1 layer(s)
sample [3/100] orig=0 cf=1 -- 27/50 neurons fixed across 1 layer(s)
sample [4/100] orig=0 cf=1 -- 32/50 neurons fixed across 1 layer(s)
sample [5/100] orig=0 cf=1 -- 35/50 neurons fixed across 1 layer(s)
sample [6/100] orig=0 cf=1 -- 29/50 neurons fixed across 1 layer(s)
sample [7/100] orig=0 cf=1 -- 33/50 neurons fixed across 1 layer(s)
sample [8/100] orig=1 cf=0 -- 38/50 neurons fixed across 1 layer(s)
sample [9/100] orig=0 cf=1 -- 39/50 neurons fixed across 1 layer(s)
sample [10/100] orig=0 cf=1 -- 32/50 neurons fixed across 1 layer(s)
sample [11/100] orig=0 cf=1 -- 28/50 neurons fixed across 1 layer(s)
sample [12/100] orig=0 cf=1 -- 30/50 neurons fixed across 1 layer(s)
sample [13/100] orig=0 cf=1 -- 29/50 neurons fixed across 1 layer(s)
sample [14/100] orig=0 cf=1 -- 38/50 neurons fixed across 1 layer(s)
sample [15/100] orig=0 cf=1 -- 37/50 neurons fixed across 1 layer(s)
sample [16/100] orig=0 cf=1 -- 36/50 neurons fixed across 1 layer(s)
sample [17/100] orig=0 cf=1 -- 38/50 neurons fixed across 1 layer(s)
sample [18/100] orig=0 cf=1 -- 27/50 neurons fixed across 1 layer(s)
sample [19/100] orig=0 cf=1 -- 28/50 neurons fixed across 1 layer(s)
sample [20/100] orig=1 cf=0 -- 36/50 neurons fixed across 1 layer(s)
sample [21/100] orig=0 cf=1 -- 38/50 neurons fixed across 1 layer(s)
sample [22/100] orig=0 cf=1 -- 36/50 neurons fixed across 1 layer(s)
sample [23/100] orig=0 cf=1 -- 43/50 neurons fixed across 1 layer(s)
sample [24/100] orig=0 cf=1 -- 37/50 neurons fixed across 1 layer(s)
sample [25/100] orig=0 cf=1 -- 32/50 neurons fixed across 1 layer(s)
sample [26/100] orig=0 cf=1 -- 33/50 neurons fixed across 1 layer(s)
sample [27/100] orig=1 cf=0 -- 35/50 neurons fixed across 1 layer(s)
sample [28/100] orig=0 cf=1 -- 30/50 neurons fixed across 1 layer(s)
sample [29/100] orig=0 cf=1 -- 29/50 neurons fixed across 1 layer(s)
sample [30/100] orig=1 cf=0 -- 34/50 neurons fixed across 1 layer(s)
sample [31/100] orig=0 cf=1 -- 38/50 neurons fixed across 1 layer(s)
sample [32/100] orig=0 cf=1 -- 26/50 neurons fixed across 1 layer(s)
sample [33/100] orig=0 cf=1 -- 28/50 neurons fixed across 1 layer(s)
sample [34/100] orig=0 cf=1 -- 28/50 neurons fixed across 1 layer(s)
sample [35/100] orig=0 cf=1 -- 33/50 neurons fixed across 1 layer(s)
sample [36/100] orig=0 cf=1 -- 31/50 neurons fixed across 1 layer(s)
sample [37/100] orig=0 cf=1 -- 35/50 neurons fixed across 1 layer(s)
sample [38/100] orig=0 cf=1 -- 35/50 neurons fixed across 1 layer(s)
sample [39/100] orig=1 cf=0 -- 35/50 neurons fixed across 1 layer(s)
sample [40/100] orig=0 cf=1 -- 32/50 neurons fixed across 1 layer(s)
sample [41/100] orig=0 cf=1 -- 28/50 neurons fixed across 1 layer(s)
sample [42/100] orig=0 cf=1 -- 41/50 neurons fixed across 1 layer(s)
sample [43/100] orig=0 cf=1 -- 32/50 neurons fixed across 1 layer(s)
sample [44/100] orig=0 cf=1 -- 32/50 neurons fixed across 1 layer(s)
sample [45/100] orig=0 cf=1 -- 43/50 neurons fixed across 1 layer(s)
sample [46/100] orig=0 cf=1 -- 33/50 neurons fixed across 1 layer(s)
sample [47/100] orig=1 cf=0 -- 41/50 neurons fixed across 1 layer(s)
sample [48/100] orig=0 cf=1 -- 42/50 neurons fixed across 1 layer(s)
sample [49/100] orig=0 cf=1 -- 38/50 neurons fixed across 1 layer(s)
sample [50/100] orig=1 cf=0 -- 40/50 neurons fixed across 1 layer(s)
sample [51/100] orig=0 cf=1 -- 34/50 neurons fixed across 1 layer(s)
sample [52/100] orig=1 cf=0 -- 38/50 neurons fixed across 1 layer(s)
sample [53/100] orig=1 cf=0 -- 42/50 neurons fixed across 1 layer(s)
sample [54/100] orig=1 cf=0 -- 39/50 neurons fixed across 1 layer(s)
sample [55/100] orig=0 cf=1 -- 32/50 neurons fixed across 1 layer(s)
sample [56/100] orig=0 cf=1 -- 40/50 neurons fixed across 1 layer(s)
sample [57/100] orig=0 cf=1 -- 38/50 neurons fixed across 1 layer(s)
sample [58/100] orig=0 cf=1 -- 38/50 neurons fixed across 1 layer(s)
sample [59/100] orig=0 cf=1 -- 32/50 neurons fixed across 1 layer(s)
sample [60/100] orig=0 cf=1 -- 35/50 neurons fixed across 1 layer(s)
sample [61/100] orig=0 cf=1 -- 32/50 neurons fixed across 1 layer(s)
sample [62/100] orig=0 cf=1 -- 34/50 neurons fixed across 1 layer(s)
sample [63/100] orig=0 cf=1 -- 31/50 neurons fixed across 1 layer(s)
sample [64/100] orig=0 cf=1 -- 33/50 neurons fixed across 1 layer(s)
sample [65/100] orig=1 cf=0 -- 44/50 neurons fixed across 1 layer(s)
sample [66/100] orig=0 cf=1 -- 27/50 neurons fixed across 1 layer(s)
sample [67/100] orig=0 cf=1 -- 30/50 neurons fixed across 1 layer(s)
sample [68/100] orig=0 cf=1 -- 37/50 neurons fixed across 1 layer(s)
sample [69/100] orig=0 cf=1 -- 40/50 neurons fixed across 1 layer(s)
sample [70/100] orig=0 cf=1 -- 35/50 neurons fixed across 1 layer(s)
sample [71/100] orig=0 cf=1 -- 25/50 neurons fixed across 1 layer(s)
sample [72/100] orig=0 cf=1 -- 34/50 neurons fixed across 1 layer(s)
sample [73/100] orig=0 cf=1 -- 32/50 neurons fixed across 1 layer(s)
sample [74/100] orig=0 cf=1 -- 40/50 neurons fixed across 1 layer(s)
sample [75/100] orig=0 cf=1 -- 39/50 neurons fixed across 1 layer(s)
sample [76/100] orig=0 cf=1 -- 38/50 neurons fixed across 1 layer(s)
sample [77/100] orig=0 cf=1 -- 34/50 neurons fixed across 1 layer(s)
sample [78/100] orig=1 cf=0 -- 37/50 neurons fixed across 1 layer(s)
sample [79/100] orig=0 cf=1 -- 27/50 neurons fixed across 1 layer(s)
sample [80/100] orig=0 cf=1 -- 28/50 neurons fixed across 1 layer(s)
sample [81/100] orig=0 cf=1 -- 40/50 neurons fixed across 1 layer(s)
sample [82/100] orig=1 cf=0 -- 36/50 neurons fixed across 1 layer(s)
sample [83/100] orig=0 cf=1 -- 34/50 neurons fixed across 1 layer(s)
sample [84/100] orig=0 cf=1 -- 40/50 neurons fixed across 1 layer(s)
sample [85/100] orig=1 cf=0 -- 38/50 neurons fixed across 1 layer(s)
sample [86/100] orig=0 cf=1 -- 29/50 neurons fixed across 1 layer(s)
sample [87/100] orig=1 cf=0 -- 32/50 neurons fixed across 1 layer(s)
sample [88/100] orig=0 cf=1 -- 42/50 neurons fixed across 1 layer(s)
sample [89/100] orig=1 cf=0 -- 39/50 neurons fixed across 1 layer(s)
sample [90/100] orig=1 cf=0 -- 34/50 neurons fixed across 1 layer(s)
sample [91/100] orig=0 cf=1 -- 32/50 neurons fixed across 1 layer(s)
sample [92/100] orig=0 cf=1 -- 30/50 neurons fixed across 1 layer(s)
sample [93/100] orig=1 cf=0 -- 35/50 neurons fixed across 1 layer(s)
sample [94/100] orig=0 cf=1 -- 40/50 neurons fixed across 1 layer(s)
sample [95/100] orig=0 cf=1 -- 31/50 neurons fixed across 1 layer(s)
sample [96/100] orig=0 cf=1 -- 31/50 neurons fixed across 1 layer(s)
sample [97/100] orig=0 cf=1 -- 32/50 neurons fixed across 1 layer(s)
sample [98/100] orig=0 cf=1 -- 29/50 neurons fixed across 1 layer(s)
sample [99/100] orig=0 cf=1 -- 44/50 neurons fixed across 1 layer(s)
sample [100/100] orig=0 cf=1 -- 27/50 neurons fixed across 1 layer(s)

100/100 samples written to data/neuron_activations/loan/loan_50x1.txt (0 failed to produce a counterfactual)
