Model: data/models/loan/loan_50x7.onnx
  input shape [1, 22], 22 features, 7 ReLU layer(s), binary
Dataset: data/datasets/loan/loan_s100_scaled.csv (100/100 samples)
PGD: epsilon-frac=0.5 step-frac=0.1 num-steps=50
Output: data/neuron_activations/loan/loan_50x7.txt

sample [1/100] orig=0 cf=1 -- 141/350 neurons fixed across 7 layer(s)
sample [2/100] orig=0 cf=1 -- 134/350 neurons fixed across 7 layer(s)
sample [3/100] orig=0 cf=1 -- 145/350 neurons fixed across 7 layer(s)
sample [4/100] orig=0 cf=1 -- 139/350 neurons fixed across 7 layer(s)
sample [5/100] orig=0 cf=1 -- 143/350 neurons fixed across 7 layer(s)
sample [6/100] orig=0 cf=1 -- 161/350 neurons fixed across 7 layer(s)
sample [7/100] orig=0 cf=1 -- 153/350 neurons fixed across 7 layer(s)
sample [8/100] orig=1 cf=0 -- 169/350 neurons fixed across 7 layer(s)
sample [9/100] orig=0 cf=1 -- 139/350 neurons fixed across 7 layer(s)
sample [10/100] orig=0 cf=1 -- 149/350 neurons fixed across 7 layer(s)
sample [11/100] orig=0 cf=1 -- 162/350 neurons fixed across 7 layer(s)
sample [12/100] orig=0 cf=1 -- 142/350 neurons fixed across 7 layer(s)
sample [13/100] orig=0 cf=1 -- 135/350 neurons fixed across 7 layer(s)
sample [14/100] orig=0 cf=1 -- 174/350 neurons fixed across 7 layer(s)
sample [15/100] orig=0 cf=1 -- 138/350 neurons fixed across 7 layer(s)
sample [16/100] orig=0 cf=1 -- 159/350 neurons fixed across 7 layer(s)
sample [17/100] orig=0 cf=1 -- 161/350 neurons fixed across 7 layer(s)
sample [18/100] orig=0 cf=1 -- 144/350 neurons fixed across 7 layer(s)
sample [19/100] orig=0 cf=1 -- 175/350 neurons fixed across 7 layer(s)
sample [20/100] orig=1 cf=0 -- 130/350 neurons fixed across 7 layer(s)
sample [21/100] orig=0 cf=1 -- 172/350 neurons fixed across 7 layer(s)
sample [22/100] orig=0 cf=1 -- 155/350 neurons fixed across 7 layer(s)
sample [23/100] orig=0 cf=1 -- 162/350 neurons fixed across 7 layer(s)
sample [24/100] orig=0 cf=1 -- 139/350 neurons fixed across 7 layer(s)
sample [25/100] orig=0 cf=1 -- 162/350 neurons fixed across 7 layer(s)
sample [26/100] orig=0 cf=1 -- 133/350 neurons fixed across 7 layer(s)
sample [27/100] orig=1 cf=0 -- 141/350 neurons fixed across 7 layer(s)
sample [28/100] orig=0 cf=1 -- 136/350 neurons fixed across 7 layer(s)
sample [29/100] orig=0 cf=1 -- 167/350 neurons fixed across 7 layer(s)
sample [30/100] orig=1 cf=0 -- 162/350 neurons fixed across 7 layer(s)
sample [31/100] orig=0 cf=1 -- 159/350 neurons fixed across 7 layer(s)
sample [32/100] orig=0 cf=1 -- 138/350 neurons fixed across 7 layer(s)
sample [33/100] orig=0 cf=1 -- 141/350 neurons fixed across 7 layer(s)
sample [34/100] orig=0 cf=1 -- 174/350 neurons fixed across 7 layer(s)
sample [35/100] orig=0 cf=1 -- 176/350 neurons fixed across 7 layer(s)
sample [36/100] orig=0 cf=1 -- 134/350 neurons fixed across 7 layer(s)
sample [37/100] orig=0 cf=1 -- 158/350 neurons fixed across 7 layer(s)
sample [38/100] orig=0 cf=1 -- 166/350 neurons fixed across 7 layer(s)
sample [39/100] orig=1 cf=0 -- 182/350 neurons fixed across 7 layer(s)
sample [40/100] orig=0 cf=1 -- 178/350 neurons fixed across 7 layer(s)
sample [41/100] orig=0 cf=1 -- 160/350 neurons fixed across 7 layer(s)
sample [42/100] orig=0 cf=1 -- 159/350 neurons fixed across 7 layer(s)
sample [43/100] orig=0 cf=1 -- 195/350 neurons fixed across 7 layer(s)
sample [44/100] orig=0 cf=1 -- 163/350 neurons fixed across 7 layer(s)
sample [45/100] orig=1 cf=0 -- 234/350 neurons fixed across 7 layer(s)
sample [46/100] orig=0 cf=1 -- 176/350 neurons fixed across 7 layer(s)
sample [47/100] orig=1 cf=0 -- 147/350 neurons fixed across 7 layer(s)
sample [48/100] orig=0 cf=1 -- 165/350 neurons fixed across 7 layer(s)
sample [49/100] orig=0 cf=1 -- 172/350 neurons fixed across 7 layer(s)
sample [50/100] orig=1 cf=0 -- 126/350 neurons fixed across 7 layer(s)
sample [51/100] orig=0 cf=1 -- 157/350 neurons fixed across 7 layer(s)
sample [52/100] orig=1 cf=0 -- 189/350 neurons fixed across 7 layer(s)
sample [53/100] orig=1 cf=0 -- 136/350 neurons fixed across 7 layer(s)
sample [54/100] orig=1 cf=0 -- 151/350 neurons fixed across 7 layer(s)
sample [55/100] orig=0 cf=1 -- 142/350 neurons fixed across 7 layer(s)
sample [56/100] orig=0 cf=1 -- 172/350 neurons fixed across 7 layer(s)
sample [57/100] orig=0 cf=1 -- 144/350 neurons fixed across 7 layer(s)
sample [58/100] orig=0 cf=1 -- 160/350 neurons fixed across 7 layer(s)
sample [59/100] orig=0 cf=1 -- 145/350 neurons fixed across 7 layer(s)
sample [60/100] orig=0 cf=1 -- 140/350 neurons fixed across 7 layer(s)
sample [61/100] orig=0 cf=1 -- 144/350 neurons fixed across 7 layer(s)
sample [62/100] orig=0 cf=1 -- 140/350 neurons fixed across 7 layer(s)
sample [63/100] orig=0 cf=1 -- 133/350 neurons fixed across 7 layer(s)
sample [64/100] orig=0 cf=1 -- 166/350 neurons fixed across 7 layer(s)
sample [65/100] orig=1 cf=0 -- 136/350 neurons fixed across 7 layer(s)
sample [66/100] orig=0 cf=1 -- 142/350 neurons fixed across 7 layer(s)
sample [67/100] orig=0 cf=1 -- 153/350 neurons fixed across 7 layer(s)
sample [68/100] orig=0 cf=1 -- 167/350 neurons fixed across 7 layer(s)
sample [69/100] orig=0 cf=1 -- 148/350 neurons fixed across 7 layer(s)
sample [70/100] orig=0 cf=1 -- 178/350 neurons fixed across 7 layer(s)
sample [71/100] orig=0 cf=1 -- 211/350 neurons fixed across 7 layer(s)
sample [72/100] orig=0 cf=1 -- 170/350 neurons fixed across 7 layer(s)
sample [73/100] orig=0 cf=1 -- 156/350 neurons fixed across 7 layer(s)
sample [74/100] orig=0 cf=1 -- 148/350 neurons fixed across 7 layer(s)
sample [75/100] orig=0 cf=1 -- 150/350 neurons fixed across 7 layer(s)
sample [76/100] orig=0 cf=1 -- 135/350 neurons fixed across 7 layer(s)
sample [77/100] orig=0 cf=1 -- 131/350 neurons fixed across 7 layer(s)
sample [78/100] orig=1 cf=0 -- 128/350 neurons fixed across 7 layer(s)
sample [79/100] orig=0 cf=1 -- 136/350 neurons fixed across 7 layer(s)
sample [80/100] orig=1 cf=0 -- 233/350 neurons fixed across 7 layer(s)
sample [81/100] orig=0 cf=1 -- 151/350 neurons fixed across 7 layer(s)
sample [82/100] orig=0 cf=1 -- 172/350 neurons fixed across 7 layer(s)
sample [83/100] orig=0 cf=1 -- 146/350 neurons fixed across 7 layer(s)
sample [84/100] orig=0 cf=1 -- 150/350 neurons fixed across 7 layer(s)
sample [85/100] orig=1 cf=0 -- 144/350 neurons fixed across 7 layer(s)
sample [86/100] orig=0 cf=1 -- 146/350 neurons fixed across 7 layer(s)
sample [87/100] orig=1 cf=0 -- 176/350 neurons fixed across 7 layer(s)
sample [88/100] orig=0 cf=1 -- 157/350 neurons fixed across 7 layer(s)
sample [89/100] orig=1 cf=0 -- 192/350 neurons fixed across 7 layer(s)
sample [90/100] orig=0 cf=1 -- 175/350 neurons fixed across 7 layer(s)
sample [91/100] orig=0 cf=1 -- 149/350 neurons fixed across 7 layer(s)
sample [92/100] orig=0 cf=1 -- 191/350 neurons fixed across 7 layer(s)
sample [93/100] orig=1 cf=0 -- 128/350 neurons fixed across 7 layer(s)
sample [94/100] orig=0 cf=1 -- 161/350 neurons fixed across 7 layer(s)
sample [95/100] orig=0 cf=1 -- 153/350 neurons fixed across 7 layer(s)
sample [96/100] orig=0 cf=1 -- 157/350 neurons fixed across 7 layer(s)
sample [97/100] orig=0 cf=1 -- 163/350 neurons fixed across 7 layer(s)
sample [98/100] orig=0 cf=1 -- 134/350 neurons fixed across 7 layer(s)
sample [99/100] orig=0 cf=1 -- 143/350 neurons fixed across 7 layer(s)
sample [100/100] orig=0 cf=1 -- 141/350 neurons fixed across 7 layer(s)

100/100 samples written to data/neuron_activations/loan/loan_50x7.txt (0 failed to produce a counterfactual)
