Model: data/models/loan/loan_50x9.onnx
  input shape [1, 22], 22 features, 9 ReLU layer(s), binary
Dataset: data/datasets/loan/loan_s100_scaled.csv (100/100 samples)
PGD: epsilon-frac=0.5 step-frac=0.1 num-steps=50
Output: data/neuron_activations/loan/loan_50x9.txt

sample [1/100] orig=0 cf=1 -- 196/450 neurons fixed across 9 layer(s)
sample [2/100] orig=0 cf=1 -- 169/450 neurons fixed across 9 layer(s)
sample [3/100] orig=0 cf=1 -- 200/450 neurons fixed across 9 layer(s)
sample [4/100] orig=0 cf=1 -- 172/450 neurons fixed across 9 layer(s)
sample [5/100] orig=0 cf=1 -- 181/450 neurons fixed across 9 layer(s)
sample [6/100] orig=0 cf=1 -- 191/450 neurons fixed across 9 layer(s)
sample [7/100] orig=0 cf=1 -- 209/450 neurons fixed across 9 layer(s)
sample [8/100] orig=1 cf=0 -- 284/450 neurons fixed across 9 layer(s)
sample [9/100] orig=0 cf=1 -- 206/450 neurons fixed across 9 layer(s)
sample [10/100] orig=0 cf=1 -- 186/450 neurons fixed across 9 layer(s)
sample [11/100] orig=0 cf=1 -- 225/450 neurons fixed across 9 layer(s)
sample [12/100] orig=0 cf=1 -- 194/450 neurons fixed across 9 layer(s)
sample [13/100] orig=0 cf=1 -- 205/450 neurons fixed across 9 layer(s)
sample [14/100] orig=0 cf=1 -- 202/450 neurons fixed across 9 layer(s)
sample [15/100] orig=0 cf=1 -- 189/450 neurons fixed across 9 layer(s)
sample [16/100] orig=0 cf=1 -- 193/450 neurons fixed across 9 layer(s)
sample [17/100] orig=0 cf=1 -- 193/450 neurons fixed across 9 layer(s)
sample [18/100] orig=0 cf=1 -- 196/450 neurons fixed across 9 layer(s)
sample [19/100] orig=0 cf=1 -- 217/450 neurons fixed across 9 layer(s)
sample [20/100] orig=1 cf=0 -- 180/450 neurons fixed across 9 layer(s)
sample [21/100] orig=0 cf=1 -- 212/450 neurons fixed across 9 layer(s)
sample [22/100] orig=0 cf=1 -- 223/450 neurons fixed across 9 layer(s)
sample [23/100] orig=0 cf=1 -- 211/450 neurons fixed across 9 layer(s)
sample [24/100] orig=0 cf=1 -- 177/450 neurons fixed across 9 layer(s)
sample [25/100] orig=0 cf=1 -- 189/450 neurons fixed across 9 layer(s)
sample [26/100] orig=0 cf=1 -- 195/450 neurons fixed across 9 layer(s)
sample [27/100] orig=1 cf=0 -- 218/450 neurons fixed across 9 layer(s)
sample [28/100] orig=0 cf=1 -- 222/450 neurons fixed across 9 layer(s)
sample [29/100] orig=0 cf=1 -- 190/450 neurons fixed across 9 layer(s)
sample [30/100] orig=1 cf=0 -- 247/450 neurons fixed across 9 layer(s)
sample [31/100] orig=0 cf=1 -- 182/450 neurons fixed across 9 layer(s)
sample [32/100] orig=0 cf=1 -- 191/450 neurons fixed across 9 layer(s)
sample [33/100] orig=0 cf=1 -- 209/450 neurons fixed across 9 layer(s)
sample [34/100] orig=0 cf=1 -- 209/450 neurons fixed across 9 layer(s)
sample [35/100] orig=0 cf=1 -- 197/450 neurons fixed across 9 layer(s)
sample [36/100] orig=0 cf=1 -- 169/450 neurons fixed across 9 layer(s)
sample [37/100] orig=0 cf=1 -- 179/450 neurons fixed across 9 layer(s)
sample [38/100] orig=0 cf=1 -- 188/450 neurons fixed across 9 layer(s)
sample [39/100] orig=1 cf=0 -- 324/450 neurons fixed across 9 layer(s)
sample [40/100] orig=0 cf=1 -- 212/450 neurons fixed across 9 layer(s)
sample [41/100] orig=0 cf=1 -- 182/450 neurons fixed across 9 layer(s)
sample [42/100] orig=0 cf=1 -- 202/450 neurons fixed across 9 layer(s)
sample [43/100] orig=0 cf=1 -- 210/450 neurons fixed across 9 layer(s)
sample [44/100] orig=0 cf=1 -- 196/450 neurons fixed across 9 layer(s)
sample [45/100] orig=0 cf=1 -- 192/450 neurons fixed across 9 layer(s)
sample [46/100] orig=0 cf=1 -- 197/450 neurons fixed across 9 layer(s)
sample [47/100] orig=1 cf=0 -- 198/450 neurons fixed across 9 layer(s)
sample [48/100] orig=0 cf=1 -- 205/450 neurons fixed across 9 layer(s)
sample [49/100] orig=0 cf=1 -- 190/450 neurons fixed across 9 layer(s)
sample [50/100] orig=1 cf=1 -- FAILED to find a counterfactual, using the final PGD iterate -- 450/450 neurons fixed across 9 layer(s)
sample [51/100] orig=0 cf=1 -- 190/450 neurons fixed across 9 layer(s)
sample [52/100] orig=1 cf=0 -- 265/450 neurons fixed across 9 layer(s)
sample [53/100] orig=1 cf=0 -- 174/450 neurons fixed across 9 layer(s)
sample [54/100] orig=1 cf=0 -- 223/450 neurons fixed across 9 layer(s)
sample [55/100] orig=0 cf=1 -- 212/450 neurons fixed across 9 layer(s)
sample [56/100] orig=0 cf=1 -- 193/450 neurons fixed across 9 layer(s)
sample [57/100] orig=0 cf=1 -- 176/450 neurons fixed across 9 layer(s)
sample [58/100] orig=0 cf=1 -- 204/450 neurons fixed across 9 layer(s)
sample [59/100] orig=0 cf=1 -- 177/450 neurons fixed across 9 layer(s)
sample [60/100] orig=0 cf=1 -- 180/450 neurons fixed across 9 layer(s)
sample [61/100] orig=0 cf=1 -- 203/450 neurons fixed across 9 layer(s)
sample [62/100] orig=0 cf=1 -- 186/450 neurons fixed across 9 layer(s)
sample [63/100] orig=0 cf=1 -- 170/450 neurons fixed across 9 layer(s)
sample [64/100] orig=0 cf=1 -- 203/450 neurons fixed across 9 layer(s)
sample [65/100] orig=1 cf=0 -- 179/450 neurons fixed across 9 layer(s)
sample [66/100] orig=0 cf=1 -- 205/450 neurons fixed across 9 layer(s)
sample [67/100] orig=0 cf=1 -- 206/450 neurons fixed across 9 layer(s)
sample [68/100] orig=0 cf=1 -- 196/450 neurons fixed across 9 layer(s)
sample [69/100] orig=0 cf=1 -- 188/450 neurons fixed across 9 layer(s)
sample [70/100] orig=0 cf=1 -- 207/450 neurons fixed across 9 layer(s)
sample [71/100] orig=0 cf=1 -- 198/450 neurons fixed across 9 layer(s)
sample [72/100] orig=0 cf=1 -- 209/450 neurons fixed across 9 layer(s)
sample [73/100] orig=0 cf=1 -- 215/450 neurons fixed across 9 layer(s)
sample [74/100] orig=0 cf=1 -- 175/450 neurons fixed across 9 layer(s)
sample [75/100] orig=0 cf=1 -- 180/450 neurons fixed across 9 layer(s)
sample [76/100] orig=0 cf=1 -- 180/450 neurons fixed across 9 layer(s)
sample [77/100] orig=0 cf=1 -- 171/450 neurons fixed across 9 layer(s)
sample [78/100] orig=1 cf=0 -- 177/450 neurons fixed across 9 layer(s)
sample [79/100] orig=0 cf=1 -- 188/450 neurons fixed across 9 layer(s)
sample [80/100] orig=0 cf=1 -- 212/450 neurons fixed across 9 layer(s)
sample [81/100] orig=0 cf=1 -- 183/450 neurons fixed across 9 layer(s)
sample [82/100] orig=0 cf=1 -- 207/450 neurons fixed across 9 layer(s)
sample [83/100] orig=0 cf=1 -- 225/450 neurons fixed across 9 layer(s)
sample [84/100] orig=0 cf=1 -- 192/450 neurons fixed across 9 layer(s)
sample [85/100] orig=1 cf=0 -- 190/450 neurons fixed across 9 layer(s)
sample [86/100] orig=0 cf=1 -- 221/450 neurons fixed across 9 layer(s)
sample [87/100] orig=0 cf=1 -- 216/450 neurons fixed across 9 layer(s)
sample [88/100] orig=0 cf=1 -- 181/450 neurons fixed across 9 layer(s)
sample [89/100] orig=0 cf=1 -- 226/450 neurons fixed across 9 layer(s)
sample [90/100] orig=0 cf=1 -- 208/450 neurons fixed across 9 layer(s)
sample [91/100] orig=0 cf=1 -- 185/450 neurons fixed across 9 layer(s)
sample [92/100] orig=0 cf=1 -- 213/450 neurons fixed across 9 layer(s)
sample [93/100] orig=1 cf=0 -- 176/450 neurons fixed across 9 layer(s)
sample [94/100] orig=0 cf=1 -- 197/450 neurons fixed across 9 layer(s)
sample [95/100] orig=0 cf=1 -- 198/450 neurons fixed across 9 layer(s)
sample [96/100] orig=0 cf=1 -- 208/450 neurons fixed across 9 layer(s)
sample [97/100] orig=0 cf=1 -- 188/450 neurons fixed across 9 layer(s)
sample [98/100] orig=0 cf=1 -- 180/450 neurons fixed across 9 layer(s)
sample [99/100] orig=0 cf=1 -- 186/450 neurons fixed across 9 layer(s)
sample [100/100] orig=0 cf=1 -- 193/450 neurons fixed across 9 layer(s)

100/100 samples written to data/neuron_activations/loan/loan_50x9.txt (1 failed to produce a counterfactual, kept)
