Model: data/models/loan/loan_200x3.onnx
  input shape [1, 22], 22 features, 3 ReLU layer(s), binary
Dataset: data/datasets/loan/loan_s100_scaled.csv (100/100 samples)
PGD: epsilon-frac=0.5 step-frac=0.1 num-steps=50
Output: data/neuron_activations/loan/loan_200x3.txt

sample [1/100] orig=0 cf=1 -- 318/600 neurons fixed across 3 layer(s)
sample [2/100] orig=0 cf=1 -- 325/600 neurons fixed across 3 layer(s)
sample [3/100] orig=0 cf=1 -- 337/600 neurons fixed across 3 layer(s)
sample [4/100] orig=0 cf=1 -- 342/600 neurons fixed across 3 layer(s)
sample [5/100] orig=0 cf=1 -- 335/600 neurons fixed across 3 layer(s)
sample [6/100] orig=0 cf=1 -- 351/600 neurons fixed across 3 layer(s)
sample [7/100] orig=0 cf=1 -- 336/600 neurons fixed across 3 layer(s)
sample [8/100] orig=1 cf=0 -- 299/600 neurons fixed across 3 layer(s)
sample [9/100] orig=0 cf=1 -- 349/600 neurons fixed across 3 layer(s)
sample [10/100] orig=0 cf=1 -- 364/600 neurons fixed across 3 layer(s)
sample [11/100] orig=0 cf=1 -- 326/600 neurons fixed across 3 layer(s)
sample [12/100] orig=0 cf=1 -- 288/600 neurons fixed across 3 layer(s)
sample [13/100] orig=0 cf=1 -- 342/600 neurons fixed across 3 layer(s)
sample [14/100] orig=0 cf=1 -- 300/600 neurons fixed across 3 layer(s)
sample [15/100] orig=0 cf=1 -- 340/600 neurons fixed across 3 layer(s)
sample [16/100] orig=0 cf=1 -- 325/600 neurons fixed across 3 layer(s)
sample [17/100] orig=0 cf=1 -- 379/600 neurons fixed across 3 layer(s)
sample [18/100] orig=0 cf=1 -- 330/600 neurons fixed across 3 layer(s)
sample [19/100] orig=0 cf=1 -- 321/600 neurons fixed across 3 layer(s)
sample [20/100] orig=1 cf=0 -- 270/600 neurons fixed across 3 layer(s)
sample [21/100] orig=0 cf=1 -- 437/600 neurons fixed across 3 layer(s)
sample [22/100] orig=0 cf=1 -- 351/600 neurons fixed across 3 layer(s)
sample [23/100] orig=0 cf=1 -- 419/600 neurons fixed across 3 layer(s)
sample [24/100] orig=0 cf=1 -- 323/600 neurons fixed across 3 layer(s)
sample [25/100] orig=0 cf=1 -- 393/600 neurons fixed across 3 layer(s)
sample [26/100] orig=0 cf=1 -- 336/600 neurons fixed across 3 layer(s)
sample [27/100] orig=1 cf=0 -- 295/600 neurons fixed across 3 layer(s)
sample [28/100] orig=0 cf=1 -- 316/600 neurons fixed across 3 layer(s)
sample [29/100] orig=0 cf=1 -- 325/600 neurons fixed across 3 layer(s)
sample [30/100] orig=1 cf=0 -- 294/600 neurons fixed across 3 layer(s)
sample [31/100] orig=0 cf=1 -- 371/600 neurons fixed across 3 layer(s)
sample [32/100] orig=0 cf=1 -- 344/600 neurons fixed across 3 layer(s)
sample [33/100] orig=0 cf=1 -- 332/600 neurons fixed across 3 layer(s)
sample [34/100] orig=0 cf=1 -- 407/600 neurons fixed across 3 layer(s)
sample [35/100] orig=0 cf=1 -- 349/600 neurons fixed across 3 layer(s)
sample [36/100] orig=0 cf=1 -- 313/600 neurons fixed across 3 layer(s)
sample [37/100] orig=0 cf=1 -- 318/600 neurons fixed across 3 layer(s)
sample [38/100] orig=0 cf=1 -- 421/600 neurons fixed across 3 layer(s)
sample [39/100] orig=1 cf=0 -- 335/600 neurons fixed across 3 layer(s)
sample [40/100] orig=0 cf=1 -- 320/600 neurons fixed across 3 layer(s)
sample [41/100] orig=0 cf=1 -- 330/600 neurons fixed across 3 layer(s)
sample [42/100] orig=0 cf=1 -- 395/600 neurons fixed across 3 layer(s)
sample [43/100] orig=0 cf=1 -- 405/600 neurons fixed across 3 layer(s)
sample [44/100] orig=0 cf=1 -- 412/600 neurons fixed across 3 layer(s)
sample [45/100] orig=0 cf=1 -- 429/600 neurons fixed across 3 layer(s)
sample [46/100] orig=0 cf=1 -- 429/600 neurons fixed across 3 layer(s)
sample [47/100] orig=1 cf=0 -- 297/600 neurons fixed across 3 layer(s)
sample [48/100] orig=0 cf=1 -- 407/600 neurons fixed across 3 layer(s)
sample [49/100] orig=0 cf=1 -- 355/600 neurons fixed across 3 layer(s)
sample [50/100] orig=1 cf=1 -- FAILED to find a counterfactual, using the final PGD iterate -- 600/600 neurons fixed across 3 layer(s)
sample [51/100] orig=0 cf=1 -- 335/600 neurons fixed across 3 layer(s)
sample [52/100] orig=1 cf=0 -- 332/600 neurons fixed across 3 layer(s)
sample [53/100] orig=1 cf=0 -- 281/600 neurons fixed across 3 layer(s)
sample [54/100] orig=1 cf=0 -- 316/600 neurons fixed across 3 layer(s)
sample [55/100] orig=0 cf=1 -- 350/600 neurons fixed across 3 layer(s)
sample [56/100] orig=0 cf=1 -- 376/600 neurons fixed across 3 layer(s)
sample [57/100] orig=0 cf=1 -- 357/600 neurons fixed across 3 layer(s)
sample [58/100] orig=0 cf=1 -- 389/600 neurons fixed across 3 layer(s)
sample [59/100] orig=0 cf=1 -- 340/600 neurons fixed across 3 layer(s)
sample [60/100] orig=0 cf=1 -- 330/600 neurons fixed across 3 layer(s)
sample [61/100] orig=0 cf=1 -- 342/600 neurons fixed across 3 layer(s)
sample [62/100] orig=0 cf=1 -- 297/600 neurons fixed across 3 layer(s)
sample [63/100] orig=0 cf=1 -- 324/600 neurons fixed across 3 layer(s)
sample [64/100] orig=0 cf=1 -- 328/600 neurons fixed across 3 layer(s)
sample [65/100] orig=1 cf=0 -- 266/600 neurons fixed across 3 layer(s)
sample [66/100] orig=0 cf=1 -- 321/600 neurons fixed across 3 layer(s)
sample [67/100] orig=0 cf=1 -- 358/600 neurons fixed across 3 layer(s)
sample [68/100] orig=0 cf=1 -- 418/600 neurons fixed across 3 layer(s)
sample [69/100] orig=0 cf=1 -- 361/600 neurons fixed across 3 layer(s)
sample [70/100] orig=1 cf=0 -- 371/600 neurons fixed across 3 layer(s)
sample [71/100] orig=0 cf=1 -- 357/600 neurons fixed across 3 layer(s)
sample [72/100] orig=0 cf=1 -- 354/600 neurons fixed across 3 layer(s)
sample [73/100] orig=0 cf=1 -- 367/600 neurons fixed across 3 layer(s)
sample [74/100] orig=0 cf=1 -- 312/600 neurons fixed across 3 layer(s)
sample [75/100] orig=0 cf=1 -- 359/600 neurons fixed across 3 layer(s)
sample [76/100] orig=0 cf=1 -- 361/600 neurons fixed across 3 layer(s)
sample [77/100] orig=0 cf=1 -- 251/600 neurons fixed across 3 layer(s)
sample [78/100] orig=1 cf=0 -- 240/600 neurons fixed across 3 layer(s)
sample [79/100] orig=0 cf=1 -- 328/600 neurons fixed across 3 layer(s)
sample [80/100] orig=1 cf=0 -- 375/600 neurons fixed across 3 layer(s)
sample [81/100] orig=0 cf=1 -- 368/600 neurons fixed across 3 layer(s)
sample [82/100] orig=0 cf=1 -- 457/600 neurons fixed across 3 layer(s)
sample [83/100] orig=0 cf=1 -- 345/600 neurons fixed across 3 layer(s)
sample [84/100] orig=0 cf=1 -- 366/600 neurons fixed across 3 layer(s)
sample [85/100] orig=1 cf=0 -- 274/600 neurons fixed across 3 layer(s)
sample [86/100] orig=0 cf=1 -- 355/600 neurons fixed across 3 layer(s)
sample [87/100] orig=1 cf=0 -- 288/600 neurons fixed across 3 layer(s)
sample [88/100] orig=0 cf=1 -- 388/600 neurons fixed across 3 layer(s)
sample [89/100] orig=1 cf=0 -- 369/600 neurons fixed across 3 layer(s)
sample [90/100] orig=1 cf=0 -- 358/600 neurons fixed across 3 layer(s)
sample [91/100] orig=0 cf=1 -- 330/600 neurons fixed across 3 layer(s)
sample [92/100] orig=0 cf=1 -- 348/600 neurons fixed across 3 layer(s)
sample [93/100] orig=1 cf=0 -- 264/600 neurons fixed across 3 layer(s)
sample [94/100] orig=0 cf=1 -- 395/600 neurons fixed across 3 layer(s)
sample [95/100] orig=0 cf=1 -- 344/600 neurons fixed across 3 layer(s)
sample [96/100] orig=0 cf=1 -- 348/600 neurons fixed across 3 layer(s)
sample [97/100] orig=0 cf=1 -- 372/600 neurons fixed across 3 layer(s)
sample [98/100] orig=0 cf=1 -- 322/600 neurons fixed across 3 layer(s)
sample [99/100] orig=0 cf=1 -- 368/600 neurons fixed across 3 layer(s)
sample [100/100] orig=0 cf=1 -- 318/600 neurons fixed across 3 layer(s)

100/100 samples written to data/neuron_activations/loan/loan_200x3.txt (1 failed to produce a counterfactual, kept)
