Model: /Users/labbaf/Documents/NN_Explainability/spexplain/neuron-activation/spexplain/data/models/gtsrb/cnn-bench/AB1.onnx
  input shape [1, 3, 32, 32], 3072 features, 2 ReLU layer(s), 43-class
Dataset: /Users/labbaf/Documents/NN_Explainability/spexplain/neuron-activation/spexplain/data/datasets/gtsrb/gtsrb_s100_scaled.csv (100/100 samples)
PGD: epsilon-frac=0.1 step-frac=0.1 num-steps=50
Output: /Users/labbaf/Documents/NN_Explainability/spexplain/neuron-activation/spexplain/data/neuron_activations/gtsrb/cnn-bench/AB1.txt

sample [1/100] orig=16 cf=7 -- 1765/2080 neurons fixed across 2 layer(s)
sample [2/100] orig=1 cf=5 -- 1735/2080 neurons fixed across 2 layer(s)
sample [3/100] orig=38 cf=1 -- 1850/2080 neurons fixed across 2 layer(s)
sample [4/100] orig=33 cf=39 -- 1861/2080 neurons fixed across 2 layer(s)
sample [5/100] orig=11 cf=5 -- 1473/2080 neurons fixed across 2 layer(s)
sample [6/100] orig=38 cf=2 -- 1561/2080 neurons fixed across 2 layer(s)
sample [7/100] orig=18 cf=26 -- 1819/2080 neurons fixed across 2 layer(s)
sample [8/100] orig=12 cf=8 -- 1447/2080 neurons fixed across 2 layer(s)
sample [9/100] orig=25 cf=4 -- 1781/2080 neurons fixed across 2 layer(s)
sample [10/100] orig=35 cf=15 -- 1557/2080 neurons fixed across 2 layer(s)
sample [11/100] orig=12 cf=30 -- 1578/2080 neurons fixed across 2 layer(s)
sample [12/100] orig=7 cf=8 -- 1547/2080 neurons fixed across 2 layer(s)
sample [13/100] orig=31 cf=3 -- 1364/2080 neurons fixed across 2 layer(s)
sample [14/100] orig=5 cf=10 -- 1640/2080 neurons fixed across 2 layer(s)
sample [15/100] orig=4 cf=2 -- 1838/2080 neurons fixed across 2 layer(s)
sample [16/100] orig=9 cf=31 -- 1406/2080 neurons fixed across 2 layer(s)
sample [17/100] orig=21 cf=2 -- 1771/2080 neurons fixed across 2 layer(s)
sample [18/100] orig=23 cf=26 -- 1451/2080 neurons fixed across 2 layer(s)
sample [19/100] orig=27 cf=12 -- 1605/2080 neurons fixed across 2 layer(s)
sample [20/100] orig=38 cf=29 -- 1609/2080 neurons fixed across 2 layer(s)
sample [21/100] orig=4 cf=8 -- 1386/2080 neurons fixed across 2 layer(s)
sample [22/100] orig=33 cf=1 -- 1902/2080 neurons fixed across 2 layer(s)
sample [23/100] orig=9 cf=6 -- 1334/2080 neurons fixed across 2 layer(s)
sample [24/100] orig=5 cf=3 -- 1481/2080 neurons fixed across 2 layer(s)
sample [25/100] orig=2 cf=4 -- 1784/2080 neurons fixed across 2 layer(s)
sample [26/100] orig=11 cf=25 -- 1833/2080 neurons fixed across 2 layer(s)
sample [27/100] orig=13 cf=15 -- 1729/2080 neurons fixed across 2 layer(s)
sample [28/100] orig=10 cf=3 -- 1422/2080 neurons fixed across 2 layer(s)
sample [29/100] orig=9 cf=10 -- 1580/2080 neurons fixed across 2 layer(s)
sample [30/100] orig=11 cf=23 -- 1762/2080 neurons fixed across 2 layer(s)
sample [31/100] orig=8 cf=13 -- 1559/2080 neurons fixed across 2 layer(s)
sample [32/100] orig=17 cf=28 -- 1612/2080 neurons fixed across 2 layer(s)
sample [33/100] orig=34 cf=10 -- 1801/2080 neurons fixed across 2 layer(s)
sample [34/100] orig=31 cf=3 -- 1348/2080 neurons fixed across 2 layer(s)
sample [35/100] orig=2 cf=16 -- 1785/2080 neurons fixed across 2 layer(s)
sample [36/100] orig=17 cf=7 -- 1654/2080 neurons fixed across 2 layer(s)
sample [37/100] orig=3 cf=5 -- 1607/2080 neurons fixed across 2 layer(s)
sample [38/100] orig=12 cf=9 -- 1596/2080 neurons fixed across 2 layer(s)
sample [39/100] orig=16 cf=7 -- 1710/2080 neurons fixed across 2 layer(s)
sample [40/100] orig=5 cf=26 -- 1355/2080 neurons fixed across 2 layer(s)
sample [41/100] orig=7 cf=25 -- 1437/2080 neurons fixed across 2 layer(s)
sample [42/100] orig=30 cf=19 -- 1370/2080 neurons fixed across 2 layer(s)
sample [43/100] orig=18 cf=26 -- 1729/2080 neurons fixed across 2 layer(s)
sample [44/100] orig=12 cf=10 -- 1383/2080 neurons fixed across 2 layer(s)
sample [45/100] orig=24 cf=11 -- 1697/2080 neurons fixed across 2 layer(s)
sample [46/100] orig=25 cf=10 -- 1696/2080 neurons fixed across 2 layer(s)
sample [47/100] orig=3 cf=37 -- 1495/2080 neurons fixed across 2 layer(s)
sample [48/100] orig=10 cf=8 -- 1474/2080 neurons fixed across 2 layer(s)
sample [49/100] orig=25 cf=6 -- 1477/2080 neurons fixed across 2 layer(s)
sample [50/100] orig=1 cf=6 -- 1432/2080 neurons fixed across 2 layer(s)
sample [51/100] orig=18 cf=2 -- 1404/2080 neurons fixed across 2 layer(s)
sample [52/100] orig=13 cf=22 -- 1717/2080 neurons fixed across 2 layer(s)
sample [53/100] orig=15 cf=13 -- 1533/2080 neurons fixed across 2 layer(s)
sample [54/100] orig=9 cf=10 -- 1629/2080 neurons fixed across 2 layer(s)
sample [55/100] orig=13 cf=10 -- 1453/2080 neurons fixed across 2 layer(s)
sample [56/100] orig=35 cf=1 -- 1973/2080 neurons fixed across 2 layer(s)
sample [57/100] orig=5 cf=12 -- 1351/2080 neurons fixed across 2 layer(s)
sample [58/100] orig=26 cf=28 -- 1689/2080 neurons fixed across 2 layer(s)
sample [59/100] orig=9 cf=12 -- 1472/2080 neurons fixed across 2 layer(s)
sample [60/100] orig=16 cf=7 -- 1564/2080 neurons fixed across 2 layer(s)
sample [61/100] orig=38 cf=10 -- 1575/2080 neurons fixed across 2 layer(s)
sample [62/100] orig=10 cf=8 -- 1366/2080 neurons fixed across 2 layer(s)
sample [63/100] orig=4 cf=1 -- 1578/2080 neurons fixed across 2 layer(s)
sample [64/100] orig=10 cf=8 -- 1381/2080 neurons fixed across 2 layer(s)
sample [65/100] orig=15 cf=4 -- 1498/2080 neurons fixed across 2 layer(s)
sample [66/100] orig=9 cf=23 -- 1688/2080 neurons fixed across 2 layer(s)
sample [67/100] orig=26 cf=28 -- 1492/2080 neurons fixed across 2 layer(s)
sample [68/100] orig=2 cf=5 -- 1430/2080 neurons fixed across 2 layer(s)
sample [69/100] orig=8 cf=3 -- 1708/2080 neurons fixed across 2 layer(s)
sample [70/100] orig=22 cf=11 -- 1680/2080 neurons fixed across 2 layer(s)
sample [71/100] orig=11 cf=31 -- 1753/2080 neurons fixed across 2 layer(s)
sample [72/100] orig=25 cf=8 -- 1328/2080 neurons fixed across 2 layer(s)
sample [73/100] orig=30 cf=18 -- 1409/2080 neurons fixed across 2 layer(s)
sample [74/100] orig=35 cf=23 -- 1694/2080 neurons fixed across 2 layer(s)
sample [75/100] orig=5 cf=12 -- 1472/2080 neurons fixed across 2 layer(s)
sample [76/100] orig=12 cf=18 -- 1574/2080 neurons fixed across 2 layer(s)
sample [77/100] orig=1 cf=5 -- 1523/2080 neurons fixed across 2 layer(s)
sample [78/100] orig=10 cf=8 -- 1600/2080 neurons fixed across 2 layer(s)
sample [79/100] orig=25 cf=4 -- 1711/2080 neurons fixed across 2 layer(s)
sample [80/100] orig=25 cf=4 -- 1592/2080 neurons fixed across 2 layer(s)
sample [81/100] orig=21 cf=19 -- 1568/2080 neurons fixed across 2 layer(s)
sample [82/100] orig=33 cf=4 -- 1589/2080 neurons fixed across 2 layer(s)
sample [83/100] orig=25 cf=8 -- 1321/2080 neurons fixed across 2 layer(s)
sample [84/100] orig=3 cf=10 -- 1691/2080 neurons fixed across 2 layer(s)
sample [85/100] orig=10 cf=8 -- 1470/2080 neurons fixed across 2 layer(s)
sample [86/100] orig=35 cf=23 -- 1619/2080 neurons fixed across 2 layer(s)
sample [87/100] orig=3 cf=13 -- 1449/2080 neurons fixed across 2 layer(s)
sample [88/100] orig=5 cf=41 -- 1595/2080 neurons fixed across 2 layer(s)
sample [89/100] orig=22 cf=7 -- 1352/2080 neurons fixed across 2 layer(s)
sample [90/100] orig=13 cf=2 -- 1524/2080 neurons fixed across 2 layer(s)
sample [91/100] orig=5 cf=23 -- 1428/2080 neurons fixed across 2 layer(s)
sample [92/100] orig=1 cf=6 -- 1619/2080 neurons fixed across 2 layer(s)
sample [93/100] orig=2 cf=0 -- 1864/2080 neurons fixed across 2 layer(s)
sample [94/100] orig=14 cf=3 -- 1755/2080 neurons fixed across 2 layer(s)
sample [95/100] orig=12 cf=1 -- 1674/2080 neurons fixed across 2 layer(s)
sample [96/100] orig=32 cf=6 -- 1573/2080 neurons fixed across 2 layer(s)
sample [97/100] orig=3 cf=37 -- 1593/2080 neurons fixed across 2 layer(s)
sample [98/100] orig=38 cf=26 -- 1441/2080 neurons fixed across 2 layer(s)
sample [99/100] orig=9 cf=10 -- 1586/2080 neurons fixed across 2 layer(s)
sample [100/100] orig=33 cf=10 -- 1617/2080 neurons fixed across 2 layer(s)

100/100 samples written to /Users/labbaf/Documents/NN_Explainability/spexplain/neuron-activation/spexplain/data/neuron_activations/gtsrb/cnn-bench/AB1.txt (0 failed to produce a counterfactual)
