Model: /Users/labbaf/Documents/NN_Explainability/spexplain/neuron-activation/spexplain/data/models/gtsrb/cnn-bench/AB2.onnx
  input shape [1, 3, 32, 32], 3072 features, 3 ReLU layer(s), 43-class
Dataset: /Users/labbaf/Documents/NN_Explainability/spexplain/neuron-activation/spexplain/data/datasets/gtsrb/gtsrb_s100_scaled.csv (100/100 samples)
PGD: epsilon-frac=0.1 step-frac=0.1 num-steps=50
Output: /Users/labbaf/Documents/NN_Explainability/spexplain/neuron-activation/spexplain/data/neuron_activations/gtsrb/cnn-bench/AB2.txt

sample [1/100] orig=16 cf=5 -- 2569/3104 neurons fixed across 3 layer(s)
sample [2/100] orig=1 cf=5 -- 2563/3104 neurons fixed across 3 layer(s)
sample [3/100] orig=38 cf=15 -- 2362/3104 neurons fixed across 3 layer(s)
sample [4/100] orig=33 cf=39 -- 2687/3104 neurons fixed across 3 layer(s)
sample [5/100] orig=11 cf=7 -- 2130/3104 neurons fixed across 3 layer(s)
sample [6/100] orig=38 cf=8 -- 2230/3104 neurons fixed across 3 layer(s)
sample [7/100] orig=18 cf=26 -- 2604/3104 neurons fixed across 3 layer(s)
sample [8/100] orig=12 cf=8 -- 2225/3104 neurons fixed across 3 layer(s)
sample [9/100] orig=25 cf=2 -- 2660/3104 neurons fixed across 3 layer(s)
sample [10/100] orig=35 cf=39 -- 2300/3104 neurons fixed across 3 layer(s)
sample [11/100] orig=12 cf=7 -- 2324/3104 neurons fixed across 3 layer(s)
sample [12/100] orig=7 cf=8 -- 2095/3104 neurons fixed across 3 layer(s)
sample [13/100] orig=19 cf=30 -- 2090/3104 neurons fixed across 3 layer(s)
sample [14/100] orig=3 cf=31 -- 2521/3104 neurons fixed across 3 layer(s)
sample [15/100] orig=4 cf=23 -- 2713/3104 neurons fixed across 3 layer(s)
sample [16/100] orig=9 cf=25 -- 2011/3104 neurons fixed across 3 layer(s)
sample [17/100] orig=21 cf=2 -- 2515/3104 neurons fixed across 3 layer(s)
sample [18/100] orig=20 cf=2 -- 2211/3104 neurons fixed across 3 layer(s)
sample [19/100] orig=27 cf=18 -- 2282/3104 neurons fixed across 3 layer(s)
sample [20/100] orig=38 cf=13 -- 2339/3104 neurons fixed across 3 layer(s)
sample [21/100] orig=4 cf=3 -- 1959/3104 neurons fixed across 3 layer(s)
sample [22/100] orig=33 cf=38 -- 2598/3104 neurons fixed across 3 layer(s)
sample [23/100] orig=9 cf=2 -- 1988/3104 neurons fixed across 3 layer(s)
sample [24/100] orig=5 cf=3 -- 2179/3104 neurons fixed across 3 layer(s)
sample [25/100] orig=1 cf=2 -- 2702/3104 neurons fixed across 3 layer(s)
sample [26/100] orig=11 cf=15 -- 2685/3104 neurons fixed across 3 layer(s)
sample [27/100] orig=13 cf=3 -- 2551/3104 neurons fixed across 3 layer(s)
sample [28/100] orig=10 cf=28 -- 1951/3104 neurons fixed across 3 layer(s)
sample [29/100] orig=9 cf=20 -- 2196/3104 neurons fixed across 3 layer(s)
sample [30/100] orig=11 cf=9 -- 2432/3104 neurons fixed across 3 layer(s)
sample [31/100] orig=5 cf=0 -- 2305/3104 neurons fixed across 3 layer(s)
sample [32/100] orig=17 cf=2 -- 2348/3104 neurons fixed across 3 layer(s)
sample [33/100] orig=34 cf=36 -- 2669/3104 neurons fixed across 3 layer(s)
sample [34/100] orig=19 cf=22 -- 2026/3104 neurons fixed across 3 layer(s)
sample [35/100] orig=2 cf=10 -- 2642/3104 neurons fixed across 3 layer(s)
sample [36/100] orig=17 cf=5 -- 2521/3104 neurons fixed across 3 layer(s)
sample [37/100] orig=3 cf=21 -- 2273/3104 neurons fixed across 3 layer(s)
sample [38/100] orig=12 cf=42 -- 2396/3104 neurons fixed across 3 layer(s)
sample [39/100] orig=16 cf=2 -- 2511/3104 neurons fixed across 3 layer(s)
sample [40/100] orig=3 cf=30 -- 1916/3104 neurons fixed across 3 layer(s)
sample [41/100] orig=7 cf=18 -- 2015/3104 neurons fixed across 3 layer(s)
sample [42/100] orig=23 cf=26 -- 1890/3104 neurons fixed across 3 layer(s)
sample [43/100] orig=18 cf=26 -- 2467/3104 neurons fixed across 3 layer(s)
sample [44/100] orig=12 cf=7 -- 1931/3104 neurons fixed across 3 layer(s)
sample [45/100] orig=24 cf=18 -- 2470/3104 neurons fixed across 3 layer(s)
sample [46/100] orig=25 cf=11 -- 2525/3104 neurons fixed across 3 layer(s)
sample [47/100] orig=3 cf=2 -- 2297/3104 neurons fixed across 3 layer(s)
sample [48/100] orig=10 cf=8 -- 2033/3104 neurons fixed across 3 layer(s)
sample [49/100] orig=18 cf=10 -- 2041/3104 neurons fixed across 3 layer(s)
sample [50/100] orig=1 cf=8 -- 2038/3104 neurons fixed across 3 layer(s)
sample [51/100] orig=33 cf=4 -- 2009/3104 neurons fixed across 3 layer(s)
sample [52/100] orig=13 cf=11 -- 2571/3104 neurons fixed across 3 layer(s)
sample [53/100] orig=15 cf=13 -- 2165/3104 neurons fixed across 3 layer(s)
sample [54/100] orig=9 cf=10 -- 2304/3104 neurons fixed across 3 layer(s)
sample [55/100] orig=13 cf=5 -- 1996/3104 neurons fixed across 3 layer(s)
sample [56/100] orig=35 cf=7 -- 2663/3104 neurons fixed across 3 layer(s)
sample [57/100] orig=5 cf=28 -- 1886/3104 neurons fixed across 3 layer(s)
sample [58/100] orig=26 cf=18 -- 2525/3104 neurons fixed across 3 layer(s)
sample [59/100] orig=9 cf=7 -- 2276/3104 neurons fixed across 3 layer(s)
sample [60/100] orig=16 cf=19 -- 2103/3104 neurons fixed across 3 layer(s)
sample [61/100] orig=38 cf=29 -- 2225/3104 neurons fixed across 3 layer(s)
sample [62/100] orig=10 cf=7 -- 1882/3104 neurons fixed across 3 layer(s)
sample [63/100] orig=4 cf=3 -- 2248/3104 neurons fixed across 3 layer(s)
sample [64/100] orig=9 cf=5 -- 1896/3104 neurons fixed across 3 layer(s)
sample [65/100] orig=15 cf=1 -- 2089/3104 neurons fixed across 3 layer(s)
sample [66/100] orig=9 cf=10 -- 2504/3104 neurons fixed across 3 layer(s)
sample [67/100] orig=26 cf=18 -- 2160/3104 neurons fixed across 3 layer(s)
sample [68/100] orig=5 cf=2 -- 2070/3104 neurons fixed across 3 layer(s)
sample [69/100] orig=8 cf=3 -- 2432/3104 neurons fixed across 3 layer(s)
sample [70/100] orig=20 cf=1 -- 2387/3104 neurons fixed across 3 layer(s)
sample [71/100] orig=30 cf=18 -- 2552/3104 neurons fixed across 3 layer(s)
sample [72/100] orig=25 cf=28 -- 1939/3104 neurons fixed across 3 layer(s)
sample [73/100] orig=30 cf=18 -- 2041/3104 neurons fixed across 3 layer(s)
sample [74/100] orig=34 cf=38 -- 2406/3104 neurons fixed across 3 layer(s)
sample [75/100] orig=5 cf=3 -- 2203/3104 neurons fixed across 3 layer(s)
sample [76/100] orig=12 cf=5 -- 2372/3104 neurons fixed across 3 layer(s)
sample [77/100] orig=1 cf=5 -- 2221/3104 neurons fixed across 3 layer(s)
sample [78/100] orig=10 cf=3 -- 2398/3104 neurons fixed across 3 layer(s)
sample [79/100] orig=25 cf=8 -- 2446/3104 neurons fixed across 3 layer(s)
sample [80/100] orig=25 cf=8 -- 2323/3104 neurons fixed across 3 layer(s)
sample [81/100] orig=21 cf=31 -- 2290/3104 neurons fixed across 3 layer(s)
sample [82/100] orig=33 cf=4 -- 2281/3104 neurons fixed across 3 layer(s)
sample [83/100] orig=25 cf=16 -- 1952/3104 neurons fixed across 3 layer(s)
sample [84/100] orig=5 cf=3 -- 2490/3104 neurons fixed across 3 layer(s)
sample [85/100] orig=10 cf=28 -- 1962/3104 neurons fixed across 3 layer(s)
sample [86/100] orig=35 cf=38 -- 2321/3104 neurons fixed across 3 layer(s)
sample [87/100] orig=3 cf=5 -- 2147/3104 neurons fixed across 3 layer(s)
sample [88/100] orig=7 cf=8 -- 2455/3104 neurons fixed across 3 layer(s)
sample [89/100] orig=22 cf=27 -- 1965/3104 neurons fixed across 3 layer(s)
sample [90/100] orig=13 cf=2 -- 2081/3104 neurons fixed across 3 layer(s)
sample [91/100] orig=3 cf=21 -- 2037/3104 neurons fixed across 3 layer(s)
sample [92/100] orig=1 cf=31 -- 2413/3104 neurons fixed across 3 layer(s)
sample [93/100] orig=1 cf=2 -- 2793/3104 neurons fixed across 3 layer(s)
sample [94/100] orig=14 cf=2 -- 2502/3104 neurons fixed across 3 layer(s)
sample [95/100] orig=12 cf=7 -- 2098/3104 neurons fixed across 3 layer(s)
sample [96/100] orig=32 cf=1 -- 2357/3104 neurons fixed across 3 layer(s)
sample [97/100] orig=3 cf=21 -- 2326/3104 neurons fixed across 3 layer(s)
sample [98/100] orig=38 cf=25 -- 2014/3104 neurons fixed across 3 layer(s)
sample [99/100] orig=9 cf=5 -- 2232/3104 neurons fixed across 3 layer(s)
sample [100/100] orig=33 cf=35 -- 2467/3104 neurons fixed across 3 layer(s)

100/100 samples written to /Users/labbaf/Documents/NN_Explainability/spexplain/neuron-activation/spexplain/data/neuron_activations/gtsrb/cnn-bench/AB2.txt (0 failed to produce a counterfactual)
