Model: /Users/labbaf/Documents/NN_Explainability/spexplain/neuron-activation/spexplain/data/models/gtsrb/cnn-bench/AB3.onnx
  input shape [1, 3, 32, 32], 3072 features, 4 ReLU layer(s), 43-class
Dataset: /Users/labbaf/Documents/NN_Explainability/spexplain/neuron-activation/spexplain/data/datasets/gtsrb/gtsrb_s100_scaled.csv (100/100 samples)
PGD: epsilon-frac=0.1 step-frac=0.1 num-steps=50
Output: /Users/labbaf/Documents/NN_Explainability/spexplain/neuron-activation/spexplain/data/neuron_activations/gtsrb/cnn-bench/AB3.txt

sample [1/100] orig=16 cf=2 -- 3328/4128 neurons fixed across 4 layer(s)
sample [2/100] orig=1 cf=25 -- 3397/4128 neurons fixed across 4 layer(s)
sample [3/100] orig=38 cf=36 -- 3232/4128 neurons fixed across 4 layer(s)
sample [4/100] orig=33 cf=34 -- 3502/4128 neurons fixed across 4 layer(s)
sample [5/100] orig=11 cf=22 -- 2815/4128 neurons fixed across 4 layer(s)
sample [6/100] orig=38 cf=36 -- 3065/4128 neurons fixed across 4 layer(s)
sample [7/100] orig=18 cf=26 -- 3420/4128 neurons fixed across 4 layer(s)
sample [8/100] orig=12 cf=7 -- 2883/4128 neurons fixed across 4 layer(s)
sample [9/100] orig=25 cf=34 -- 3476/4128 neurons fixed across 4 layer(s)
sample [10/100] orig=35 cf=39 -- 3060/4128 neurons fixed across 4 layer(s)
sample [11/100] orig=12 cf=16 -- 3071/4128 neurons fixed across 4 layer(s)
sample [12/100] orig=7 cf=8 -- 2853/4128 neurons fixed across 4 layer(s)
sample [13/100] orig=26 cf=31 -- 2628/4128 neurons fixed across 4 layer(s)
sample [14/100] orig=7 cf=3 -- 3236/4128 neurons fixed across 4 layer(s)
sample [15/100] orig=4 cf=5 -- 3516/4128 neurons fixed across 4 layer(s)
sample [16/100] orig=9 cf=8 -- 2863/4128 neurons fixed across 4 layer(s)
sample [17/100] orig=21 cf=23 -- 3241/4128 neurons fixed across 4 layer(s)
sample [18/100] orig=20 cf=26 -- 2800/4128 neurons fixed across 4 layer(s)
sample [19/100] orig=27 cf=20 -- 2999/4128 neurons fixed across 4 layer(s)
sample [20/100] orig=38 cf=25 -- 3147/4128 neurons fixed across 4 layer(s)
sample [21/100] orig=4 cf=3 -- 2604/4128 neurons fixed across 4 layer(s)
sample [22/100] orig=33 cf=39 -- 3562/4128 neurons fixed across 4 layer(s)
sample [23/100] orig=9 cf=10 -- 2752/4128 neurons fixed across 4 layer(s)
sample [24/100] orig=3 cf=17 -- 2814/4128 neurons fixed across 4 layer(s)
sample [25/100] orig=1 cf=2 -- 3498/4128 neurons fixed across 4 layer(s)
sample [26/100] orig=11 cf=25 -- 3396/4128 neurons fixed across 4 layer(s)
sample [27/100] orig=13 cf=9 -- 3272/4128 neurons fixed across 4 layer(s)
sample [28/100] orig=10 cf=0 -- 2631/4128 neurons fixed across 4 layer(s)
sample [29/100] orig=9 cf=5 -- 3015/4128 neurons fixed across 4 layer(s)
sample [30/100] orig=11 cf=3 -- 3108/4128 neurons fixed across 4 layer(s)
sample [31/100] orig=3 cf=7 -- 3032/4128 neurons fixed across 4 layer(s)
sample [32/100] orig=17 cf=14 -- 3101/4128 neurons fixed across 4 layer(s)
sample [33/100] orig=34 cf=38 -- 3531/4128 neurons fixed across 4 layer(s)
sample [34/100] orig=26 cf=23 -- 2491/4128 neurons fixed across 4 layer(s)
sample [35/100] orig=2 cf=16 -- 3367/4128 neurons fixed across 4 layer(s)
sample [36/100] orig=17 cf=14 -- 3295/4128 neurons fixed across 4 layer(s)
sample [37/100] orig=3 cf=1 -- 3040/4128 neurons fixed across 4 layer(s)
sample [38/100] orig=12 cf=3 -- 3087/4128 neurons fixed across 4 layer(s)
sample [39/100] orig=16 cf=2 -- 3304/4128 neurons fixed across 4 layer(s)
sample [40/100] orig=8 cf=3 -- 2468/4128 neurons fixed across 4 layer(s)
sample [41/100] orig=7 cf=22 -- 2792/4128 neurons fixed across 4 layer(s)
sample [42/100] orig=11 cf=22 -- 2643/4128 neurons fixed across 4 layer(s)
sample [43/100] orig=18 cf=26 -- 3225/4128 neurons fixed across 4 layer(s)
sample [44/100] orig=12 cf=4 -- 2392/4128 neurons fixed across 4 layer(s)
sample [45/100] orig=27 cf=25 -- 3250/4128 neurons fixed across 4 layer(s)
sample [46/100] orig=25 cf=9 -- 3267/4128 neurons fixed across 4 layer(s)
sample [47/100] orig=3 cf=1 -- 3000/4128 neurons fixed across 4 layer(s)
sample [48/100] orig=10 cf=0 -- 2806/4128 neurons fixed across 4 layer(s)
sample [49/100] orig=18 cf=25 -- 2722/4128 neurons fixed across 4 layer(s)
sample [50/100] orig=8 cf=2 -- 2732/4128 neurons fixed across 4 layer(s)
sample [51/100] orig=33 cf=4 -- 2553/4128 neurons fixed across 4 layer(s)
sample [52/100] orig=13 cf=31 -- 3391/4128 neurons fixed across 4 layer(s)
sample [53/100] orig=15 cf=3 -- 2963/4128 neurons fixed across 4 layer(s)
sample [54/100] orig=9 cf=7 -- 3095/4128 neurons fixed across 4 layer(s)
sample [55/100] orig=13 cf=29 -- 2634/4128 neurons fixed across 4 layer(s)
sample [56/100] orig=35 cf=1 -- 3480/4128 neurons fixed across 4 layer(s)
sample [57/100] orig=5 cf=2 -- 2607/4128 neurons fixed across 4 layer(s)
sample [58/100] orig=26 cf=11 -- 3251/4128 neurons fixed across 4 layer(s)
sample [59/100] orig=9 cf=10 -- 3021/4128 neurons fixed across 4 layer(s)
sample [60/100] orig=16 cf=2 -- 3005/4128 neurons fixed across 4 layer(s)
sample [61/100] orig=38 cf=35 -- 3000/4128 neurons fixed across 4 layer(s)
sample [62/100] orig=10 cf=0 -- 2502/4128 neurons fixed across 4 layer(s)
sample [63/100] orig=4 cf=1 -- 2971/4128 neurons fixed across 4 layer(s)
sample [64/100] orig=9 cf=5 -- 2535/4128 neurons fixed across 4 layer(s)
sample [65/100] orig=15 cf=4 -- 2773/4128 neurons fixed across 4 layer(s)
sample [66/100] orig=9 cf=16 -- 3296/4128 neurons fixed across 4 layer(s)
sample [67/100] orig=26 cf=28 -- 2924/4128 neurons fixed across 4 layer(s)
sample [68/100] orig=2 cf=20 -- 2697/4128 neurons fixed across 4 layer(s)
sample [69/100] orig=5 cf=8 -- 3220/4128 neurons fixed across 4 layer(s)
sample [70/100] orig=28 cf=25 -- 3197/4128 neurons fixed across 4 layer(s)
sample [71/100] orig=11 cf=18 -- 3417/4128 neurons fixed across 4 layer(s)
sample [72/100] orig=25 cf=3 -- 2487/4128 neurons fixed across 4 layer(s)
sample [73/100] orig=25 cf=9 -- 2517/4128 neurons fixed across 4 layer(s)
sample [74/100] orig=34 cf=36 -- 3209/4128 neurons fixed across 4 layer(s)
sample [75/100] orig=5 cf=2 -- 2908/4128 neurons fixed across 4 layer(s)
sample [76/100] orig=12 cf=3 -- 3063/4128 neurons fixed across 4 layer(s)
sample [77/100] orig=1 cf=5 -- 2925/4128 neurons fixed across 4 layer(s)
sample [78/100] orig=10 cf=3 -- 3197/4128 neurons fixed across 4 layer(s)
sample [79/100] orig=25 cf=9 -- 3273/4128 neurons fixed across 4 layer(s)
sample [80/100] orig=25 cf=4 -- 3140/4128 neurons fixed across 4 layer(s)
sample [81/100] orig=21 cf=28 -- 3007/4128 neurons fixed across 4 layer(s)
sample [82/100] orig=33 cf=35 -- 3123/4128 neurons fixed across 4 layer(s)
sample [83/100] orig=25 cf=34 -- 2483/4128 neurons fixed across 4 layer(s)
sample [84/100] orig=5 cf=9 -- 3247/4128 neurons fixed across 4 layer(s)
sample [85/100] orig=10 cf=16 -- 2720/4128 neurons fixed across 4 layer(s)
sample [86/100] orig=35 cf=38 -- 2996/4128 neurons fixed across 4 layer(s)
sample [87/100] orig=3 cf=5 -- 2973/4128 neurons fixed across 4 layer(s)
sample [88/100] orig=8 cf=2 -- 3154/4128 neurons fixed across 4 layer(s)
sample [89/100] orig=22 cf=3 -- 2567/4128 neurons fixed across 4 layer(s)
sample [90/100] orig=13 cf=4 -- 2829/4128 neurons fixed across 4 layer(s)
sample [91/100] orig=3 cf=5 -- 2723/4128 neurons fixed across 4 layer(s)
sample [92/100] orig=1 cf=16 -- 3274/4128 neurons fixed across 4 layer(s)
sample [93/100] orig=1 cf=5 -- 3647/4128 neurons fixed across 4 layer(s)
sample [94/100] orig=14 cf=2 -- 3380/4128 neurons fixed across 4 layer(s)
sample [95/100] orig=12 cf=7 -- 2774/4128 neurons fixed across 4 layer(s)
sample [96/100] orig=32 cf=36 -- 3074/4128 neurons fixed across 4 layer(s)
sample [97/100] orig=3 cf=4 -- 3079/4128 neurons fixed across 4 layer(s)
sample [98/100] orig=38 cf=25 -- 2725/4128 neurons fixed across 4 layer(s)
sample [99/100] orig=9 cf=10 -- 3077/4128 neurons fixed across 4 layer(s)
sample [100/100] orig=33 cf=39 -- 3328/4128 neurons fixed across 4 layer(s)

100/100 samples written to /Users/labbaf/Documents/NN_Explainability/spexplain/neuron-activation/spexplain/data/neuron_activations/gtsrb/cnn-bench/AB3.txt (0 failed to produce a counterfactual)
