Model: /Users/labbaf/Documents/NN_Explainability/spexplain/neuron-activation/spexplain/data/models/gtsrb/cnn-bench/AB4.onnx
  input shape [1, 3, 32, 32], 3072 features, 5 ReLU layer(s), 43-class
Dataset: /Users/labbaf/Documents/NN_Explainability/spexplain/neuron-activation/spexplain/data/datasets/gtsrb/gtsrb_s100_scaled.csv (100/100 samples)
PGD: epsilon-frac=0.1 step-frac=0.1 num-steps=50
Output: /Users/labbaf/Documents/NN_Explainability/spexplain/neuron-activation/spexplain/data/neuron_activations/gtsrb/cnn-bench/AB4.txt

sample [1/100] orig=16 cf=7 -- 4182/5152 neurons fixed across 5 layer(s)
sample [2/100] orig=1 cf=8 -- 4162/5152 neurons fixed across 5 layer(s)
sample [3/100] orig=38 cf=40 -- 4019/5152 neurons fixed across 5 layer(s)
sample [4/100] orig=33 cf=3 -- 4282/5152 neurons fixed across 5 layer(s)
sample [5/100] orig=11 cf=20 -- 3659/5152 neurons fixed across 5 layer(s)
sample [6/100] orig=38 cf=40 -- 3783/5152 neurons fixed across 5 layer(s)
sample [7/100] orig=18 cf=25 -- 4246/5152 neurons fixed across 5 layer(s)
sample [8/100] orig=12 cf=4 -- 3443/5152 neurons fixed across 5 layer(s)
sample [9/100] orig=25 cf=10 -- 4243/5152 neurons fixed across 5 layer(s)
sample [10/100] orig=35 cf=12 -- 3808/5152 neurons fixed across 5 layer(s)
sample [11/100] orig=12 cf=40 -- 3835/5152 neurons fixed across 5 layer(s)
sample [12/100] orig=7 cf=8 -- 3615/5152 neurons fixed across 5 layer(s)
sample [13/100] orig=19 cf=28 -- 3303/5152 neurons fixed across 5 layer(s)
sample [14/100] orig=5 cf=8 -- 4069/5152 neurons fixed across 5 layer(s)
sample [15/100] orig=4 cf=15 -- 4302/5152 neurons fixed across 5 layer(s)
sample [16/100] orig=9 cf=10 -- 3550/5152 neurons fixed across 5 layer(s)
sample [17/100] orig=31 cf=0 -- 3878/5152 neurons fixed across 5 layer(s)
sample [18/100] orig=20 cf=2 -- 3472/5152 neurons fixed across 5 layer(s)
sample [19/100] orig=27 cf=26 -- 3903/5152 neurons fixed across 5 layer(s)
sample [20/100] orig=38 cf=12 -- 4016/5152 neurons fixed across 5 layer(s)
sample [21/100] orig=4 cf=29 -- 3237/5152 neurons fixed across 5 layer(s)
sample [22/100] orig=33 cf=39 -- 4269/5152 neurons fixed across 5 layer(s)
sample [23/100] orig=9 cf=42 -- 3325/5152 neurons fixed across 5 layer(s)
sample [24/100] orig=3 cf=10 -- 3654/5152 neurons fixed across 5 layer(s)
sample [25/100] orig=1 cf=2 -- 4411/5152 neurons fixed across 5 layer(s)
sample [26/100] orig=11 cf=25 -- 4276/5152 neurons fixed across 5 layer(s)
sample [27/100] orig=13 cf=9 -- 3995/5152 neurons fixed across 5 layer(s)
sample [28/100] orig=10 cf=1 -- 3373/5152 neurons fixed across 5 layer(s)
sample [29/100] orig=9 cf=10 -- 3771/5152 neurons fixed across 5 layer(s)
sample [30/100] orig=11 cf=25 -- 4020/5152 neurons fixed across 5 layer(s)
sample [31/100] orig=5 cf=3 -- 3859/5152 neurons fixed across 5 layer(s)
sample [32/100] orig=17 cf=8 -- 3843/5152 neurons fixed across 5 layer(s)
sample [33/100] orig=34 cf=38 -- 4320/5152 neurons fixed across 5 layer(s)
sample [34/100] orig=19 cf=20 -- 3327/5152 neurons fixed across 5 layer(s)
sample [35/100] orig=2 cf=0 -- 4182/5152 neurons fixed across 5 layer(s)
sample [36/100] orig=17 cf=8 -- 4197/5152 neurons fixed across 5 layer(s)
sample [37/100] orig=3 cf=5 -- 3820/5152 neurons fixed across 5 layer(s)
sample [38/100] orig=12 cf=6 -- 3859/5152 neurons fixed across 5 layer(s)
sample [39/100] orig=16 cf=7 -- 4143/5152 neurons fixed across 5 layer(s)
sample [40/100] orig=3 cf=8 -- 3304/5152 neurons fixed across 5 layer(s)
sample [41/100] orig=7 cf=3 -- 3649/5152 neurons fixed across 5 layer(s)
sample [42/100] orig=30 cf=31 -- 3382/5152 neurons fixed across 5 layer(s)
sample [43/100] orig=18 cf=15 -- 4069/5152 neurons fixed across 5 layer(s)
sample [44/100] orig=12 cf=7 -- 3272/5152 neurons fixed across 5 layer(s)
sample [45/100] orig=24 cf=18 -- 4050/5152 neurons fixed across 5 layer(s)
sample [46/100] orig=25 cf=22 -- 4126/5152 neurons fixed across 5 layer(s)
sample [47/100] orig=3 cf=31 -- 3602/5152 neurons fixed across 5 layer(s)
sample [48/100] orig=10 cf=9 -- 3534/5152 neurons fixed across 5 layer(s)
sample [49/100] orig=10 cf=27 -- 3550/5152 neurons fixed across 5 layer(s)
sample [50/100] orig=8 cf=1 -- 3615/5152 neurons fixed across 5 layer(s)
sample [51/100] orig=39 cf=4 -- 3279/5152 neurons fixed across 5 layer(s)
sample [52/100] orig=13 cf=35 -- 4210/5152 neurons fixed across 5 layer(s)
sample [53/100] orig=15 cf=5 -- 3780/5152 neurons fixed across 5 layer(s)
sample [54/100] orig=9 cf=10 -- 3691/5152 neurons fixed across 5 layer(s)
sample [55/100] orig=13 cf=3 -- 3508/5152 neurons fixed across 5 layer(s)
sample [56/100] orig=35 cf=5 -- 4355/5152 neurons fixed across 5 layer(s)
sample [57/100] orig=5 cf=2 -- 3342/5152 neurons fixed across 5 layer(s)
sample [58/100] orig=26 cf=28 -- 4046/5152 neurons fixed across 5 layer(s)
sample [59/100] orig=9 cf=10 -- 3754/5152 neurons fixed across 5 layer(s)
sample [60/100] orig=16 cf=3 -- 3652/5152 neurons fixed across 5 layer(s)
sample [61/100] orig=38 cf=35 -- 3821/5152 neurons fixed across 5 layer(s)
sample [62/100] orig=10 cf=4 -- 3381/5152 neurons fixed across 5 layer(s)
sample [63/100] orig=4 cf=1 -- 3709/5152 neurons fixed across 5 layer(s)
sample [64/100] orig=9 cf=4 -- 3263/5152 neurons fixed across 5 layer(s)
sample [65/100] orig=15 cf=1 -- 3701/5152 neurons fixed across 5 layer(s)
sample [66/100] orig=9 cf=13 -- 4030/5152 neurons fixed across 5 layer(s)
sample [67/100] orig=26 cf=18 -- 3743/5152 neurons fixed across 5 layer(s)
sample [68/100] orig=2 cf=8 -- 3591/5152 neurons fixed across 5 layer(s)
sample [69/100] orig=5 cf=3 -- 4055/5152 neurons fixed across 5 layer(s)
sample [70/100] orig=28 cf=12 -- 3943/5152 neurons fixed across 5 layer(s)
sample [71/100] orig=11 cf=28 -- 4121/5152 neurons fixed across 5 layer(s)
sample [72/100] orig=25 cf=28 -- 3262/5152 neurons fixed across 5 layer(s)
sample [73/100] orig=30 cf=18 -- 3405/5152 neurons fixed across 5 layer(s)
sample [74/100] orig=34 cf=33 -- 4022/5152 neurons fixed across 5 layer(s)
sample [75/100] orig=5 cf=41 -- 3597/5152 neurons fixed across 5 layer(s)
sample [76/100] orig=12 cf=34 -- 3963/5152 neurons fixed across 5 layer(s)
sample [77/100] orig=1 cf=8 -- 3802/5152 neurons fixed across 5 layer(s)
sample [78/100] orig=10 cf=3 -- 4127/5152 neurons fixed across 5 layer(s)
sample [79/100] orig=25 cf=22 -- 4162/5152 neurons fixed across 5 layer(s)
sample [80/100] orig=25 cf=22 -- 3867/5152 neurons fixed across 5 layer(s)
sample [81/100] orig=21 cf=31 -- 3714/5152 neurons fixed across 5 layer(s)
sample [82/100] orig=33 cf=37 -- 3837/5152 neurons fixed across 5 layer(s)
sample [83/100] orig=25 cf=16 -- 3191/5152 neurons fixed across 5 layer(s)
sample [84/100] orig=8 cf=2 -- 4112/5152 neurons fixed across 5 layer(s)
sample [85/100] orig=10 cf=1 -- 3597/5152 neurons fixed across 5 layer(s)
sample [86/100] orig=35 cf=25 -- 3670/5152 neurons fixed across 5 layer(s)
sample [87/100] orig=3 cf=21 -- 3508/5152 neurons fixed across 5 layer(s)
sample [88/100] orig=7 cf=4 -- 3960/5152 neurons fixed across 5 layer(s)
sample [89/100] orig=22 cf=26 -- 3305/5152 neurons fixed across 5 layer(s)
sample [90/100] orig=13 cf=15 -- 3635/5152 neurons fixed across 5 layer(s)
sample [91/100] orig=3 cf=2 -- 3492/5152 neurons fixed across 5 layer(s)
sample [92/100] orig=1 cf=2 -- 4078/5152 neurons fixed across 5 layer(s)
sample [93/100] orig=2 cf=0 -- 4424/5152 neurons fixed across 5 layer(s)
sample [94/100] orig=14 cf=2 -- 4174/5152 neurons fixed across 5 layer(s)
sample [95/100] orig=12 cf=0 -- 3602/5152 neurons fixed across 5 layer(s)
sample [96/100] orig=32 cf=12 -- 3781/5152 neurons fixed across 5 layer(s)
sample [97/100] orig=3 cf=31 -- 3902/5152 neurons fixed across 5 layer(s)
sample [98/100] orig=38 cf=17 -- 3399/5152 neurons fixed across 5 layer(s)
sample [99/100] orig=9 cf=2 -- 3718/5152 neurons fixed across 5 layer(s)
sample [100/100] orig=33 cf=37 -- 4033/5152 neurons fixed across 5 layer(s)

100/100 samples written to /Users/labbaf/Documents/NN_Explainability/spexplain/neuron-activation/spexplain/data/neuron_activations/gtsrb/cnn-bench/AB4.txt (0 failed to produce a counterfactual)
