Model: /Users/labbaf/Documents/NN_Explainability/spexplain/neuron-activation/spexplain/data/models/gtsrb/cnn-bench/AB5.onnx
  input shape [1, 3, 32, 32], 3072 features, 6 ReLU layer(s), 43-class
Dataset: /Users/labbaf/Documents/NN_Explainability/spexplain/neuron-activation/spexplain/data/datasets/gtsrb/gtsrb_s100_scaled.csv (100/100 samples)
PGD: epsilon-frac=0.1 step-frac=0.1 num-steps=50
Output: /Users/labbaf/Documents/NN_Explainability/spexplain/neuron-activation/spexplain/data/neuron_activations/gtsrb/cnn-bench/AB5.txt

sample [1/100] orig=16 cf=15 -- 4819/6176 neurons fixed across 6 layer(s)
sample [2/100] orig=1 cf=5 -- 5043/6176 neurons fixed across 6 layer(s)
sample [3/100] orig=38 cf=34 -- 4780/6176 neurons fixed across 6 layer(s)
sample [4/100] orig=33 cf=11 -- 5116/6176 neurons fixed across 6 layer(s)
sample [5/100] orig=11 cf=7 -- 4318/6176 neurons fixed across 6 layer(s)
sample [6/100] orig=38 cf=34 -- 4612/6176 neurons fixed across 6 layer(s)
sample [7/100] orig=18 cf=28 -- 4968/6176 neurons fixed across 6 layer(s)
sample [8/100] orig=12 cf=36 -- 4164/6176 neurons fixed across 6 layer(s)
sample [9/100] orig=25 cf=3 -- 5030/6176 neurons fixed across 6 layer(s)
sample [10/100] orig=35 cf=39 -- 4448/6176 neurons fixed across 6 layer(s)
sample [11/100] orig=12 cf=20 -- 4466/6176 neurons fixed across 6 layer(s)
sample [12/100] orig=7 cf=3 -- 4167/6176 neurons fixed across 6 layer(s)
sample [13/100] orig=11 cf=8 -- 3907/6176 neurons fixed across 6 layer(s)
sample [14/100] orig=3 cf=7 -- 4894/6176 neurons fixed across 6 layer(s)
sample [15/100] orig=2 cf=4 -- 5179/6176 neurons fixed across 6 layer(s)
sample [16/100] orig=9 cf=10 -- 4346/6176 neurons fixed across 6 layer(s)
sample [17/100] orig=21 cf=11 -- 4758/6176 neurons fixed across 6 layer(s)
sample [18/100] orig=20 cf=36 -- 3969/6176 neurons fixed across 6 layer(s)
sample [19/100] orig=27 cf=26 -- 4585/6176 neurons fixed across 6 layer(s)
sample [20/100] orig=38 cf=33 -- 4705/6176 neurons fixed across 6 layer(s)
sample [21/100] orig=4 cf=7 -- 3960/6176 neurons fixed across 6 layer(s)
sample [22/100] orig=33 cf=39 -- 5141/6176 neurons fixed across 6 layer(s)
sample [23/100] orig=9 cf=3 -- 3891/6176 neurons fixed across 6 layer(s)
sample [24/100] orig=5 cf=28 -- 4239/6176 neurons fixed across 6 layer(s)
sample [25/100] orig=1 cf=2 -- 5183/6176 neurons fixed across 6 layer(s)
sample [26/100] orig=11 cf=28 -- 5112/6176 neurons fixed across 6 layer(s)
sample [27/100] orig=13 cf=5 -- 4800/6176 neurons fixed across 6 layer(s)
sample [28/100] orig=10 cf=31 -- 3990/6176 neurons fixed across 6 layer(s)
sample [29/100] orig=9 cf=10 -- 4649/6176 neurons fixed across 6 layer(s)
sample [30/100] orig=11 cf=29 -- 4752/6176 neurons fixed across 6 layer(s)
sample [31/100] orig=5 cf=2 -- 4451/6176 neurons fixed across 6 layer(s)
sample [32/100] orig=17 cf=10 -- 4383/6176 neurons fixed across 6 layer(s)
sample [33/100] orig=34 cf=38 -- 5161/6176 neurons fixed across 6 layer(s)
sample [34/100] orig=24 cf=20 -- 3955/6176 neurons fixed across 6 layer(s)
sample [35/100] orig=2 cf=1 -- 5062/6176 neurons fixed across 6 layer(s)
sample [36/100] orig=17 cf=14 -- 4811/6176 neurons fixed across 6 layer(s)
sample [37/100] orig=3 cf=1 -- 4485/6176 neurons fixed across 6 layer(s)
sample [38/100] orig=12 cf=34 -- 4724/6176 neurons fixed across 6 layer(s)
sample [39/100] orig=16 cf=2 -- 4724/6176 neurons fixed across 6 layer(s)
sample [40/100] orig=5 cf=36 -- 3697/6176 neurons fixed across 6 layer(s)
sample [41/100] orig=7 cf=15 -- 4181/6176 neurons fixed across 6 layer(s)
sample [42/100] orig=30 cf=19 -- 3815/6176 neurons fixed across 6 layer(s)
sample [43/100] orig=18 cf=26 -- 4835/6176 neurons fixed across 6 layer(s)
sample [44/100] orig=12 cf=9 -- 3846/6176 neurons fixed across 6 layer(s)
sample [45/100] orig=24 cf=42 -- 4630/6176 neurons fixed across 6 layer(s)
sample [46/100] orig=25 cf=0 -- 5004/6176 neurons fixed across 6 layer(s)
sample [47/100] orig=3 cf=2 -- 4545/6176 neurons fixed across 6 layer(s)
sample [48/100] orig=10 cf=9 -- 4286/6176 neurons fixed across 6 layer(s)
sample [49/100] orig=18 cf=7 -- 3980/6176 neurons fixed across 6 layer(s)
sample [50/100] orig=8 cf=4 -- 4165/6176 neurons fixed across 6 layer(s)
sample [51/100] orig=24 cf=39 -- 3818/6176 neurons fixed across 6 layer(s)
sample [52/100] orig=13 cf=2 -- 4927/6176 neurons fixed across 6 layer(s)
sample [53/100] orig=15 cf=2 -- 4493/6176 neurons fixed across 6 layer(s)
sample [54/100] orig=9 cf=10 -- 4524/6176 neurons fixed across 6 layer(s)
sample [55/100] orig=13 cf=8 -- 4139/6176 neurons fixed across 6 layer(s)
sample [56/100] orig=35 cf=40 -- 5045/6176 neurons fixed across 6 layer(s)
sample [57/100] orig=5 cf=7 -- 4033/6176 neurons fixed across 6 layer(s)
sample [58/100] orig=26 cf=18 -- 4856/6176 neurons fixed across 6 layer(s)
sample [59/100] orig=9 cf=10 -- 4525/6176 neurons fixed across 6 layer(s)
sample [60/100] orig=16 cf=5 -- 4382/6176 neurons fixed across 6 layer(s)
sample [61/100] orig=38 cf=33 -- 4240/6176 neurons fixed across 6 layer(s)
sample [62/100] orig=10 cf=8 -- 3969/6176 neurons fixed across 6 layer(s)
sample [63/100] orig=4 cf=8 -- 4411/6176 neurons fixed across 6 layer(s)
sample [64/100] orig=9 cf=5 -- 3934/6176 neurons fixed across 6 layer(s)
sample [65/100] orig=15 cf=8 -- 4312/6176 neurons fixed across 6 layer(s)
sample [66/100] orig=9 cf=10 -- 4814/6176 neurons fixed across 6 layer(s)
sample [67/100] orig=26 cf=27 -- 4407/6176 neurons fixed across 6 layer(s)
sample [68/100] orig=2 cf=3 -- 4187/6176 neurons fixed across 6 layer(s)
sample [69/100] orig=3 cf=2 -- 4876/6176 neurons fixed across 6 layer(s)
sample [70/100] orig=28 cf=18 -- 4681/6176 neurons fixed across 6 layer(s)
sample [71/100] orig=11 cf=29 -- 5040/6176 neurons fixed across 6 layer(s)
sample [72/100] orig=25 cf=30 -- 4011/6176 neurons fixed across 6 layer(s)
sample [73/100] orig=11 cf=22 -- 3910/6176 neurons fixed across 6 layer(s)
sample [74/100] orig=34 cf=38 -- 4750/6176 neurons fixed across 6 layer(s)
sample [75/100] orig=5 cf=2 -- 4456/6176 neurons fixed across 6 layer(s)
sample [76/100] orig=12 cf=40 -- 4607/6176 neurons fixed across 6 layer(s)
sample [77/100] orig=1 cf=2 -- 4494/6176 neurons fixed across 6 layer(s)
sample [78/100] orig=10 cf=1 -- 4642/6176 neurons fixed across 6 layer(s)
sample [79/100] orig=25 cf=26 -- 4966/6176 neurons fixed across 6 layer(s)
sample [80/100] orig=25 cf=26 -- 4542/6176 neurons fixed across 6 layer(s)
sample [81/100] orig=21 cf=31 -- 4537/6176 neurons fixed across 6 layer(s)
sample [82/100] orig=33 cf=35 -- 4683/6176 neurons fixed across 6 layer(s)
sample [83/100] orig=25 cf=16 -- 3784/6176 neurons fixed across 6 layer(s)
sample [84/100] orig=3 cf=8 -- 4801/6176 neurons fixed across 6 layer(s)
sample [85/100] orig=10 cf=1 -- 4014/6176 neurons fixed across 6 layer(s)
sample [86/100] orig=35 cf=39 -- 4424/6176 neurons fixed across 6 layer(s)
sample [87/100] orig=3 cf=2 -- 4501/6176 neurons fixed across 6 layer(s)
sample [88/100] orig=7 cf=8 -- 4690/6176 neurons fixed across 6 layer(s)
sample [89/100] orig=22 cf=11 -- 4030/6176 neurons fixed across 6 layer(s)
sample [90/100] orig=13 cf=5 -- 4281/6176 neurons fixed across 6 layer(s)
sample [91/100] orig=3 cf=2 -- 4043/6176 neurons fixed across 6 layer(s)
sample [92/100] orig=1 cf=2 -- 4857/6176 neurons fixed across 6 layer(s)
sample [93/100] orig=2 cf=1 -- 5345/6176 neurons fixed across 6 layer(s)
sample [94/100] orig=14 cf=8 -- 4913/6176 neurons fixed across 6 layer(s)
sample [95/100] orig=12 cf=9 -- 4109/6176 neurons fixed across 6 layer(s)
sample [96/100] orig=32 cf=42 -- 4496/6176 neurons fixed across 6 layer(s)
sample [97/100] orig=3 cf=10 -- 4690/6176 neurons fixed across 6 layer(s)
sample [98/100] orig=38 cf=15 -- 3990/6176 neurons fixed across 6 layer(s)
sample [99/100] orig=9 cf=10 -- 4536/6176 neurons fixed across 6 layer(s)
sample [100/100] orig=33 cf=38 -- 4580/6176 neurons fixed across 6 layer(s)

100/100 samples written to /Users/labbaf/Documents/NN_Explainability/spexplain/neuron-activation/spexplain/data/neuron_activations/gtsrb/cnn-bench/AB5.txt (0 failed to produce a counterfactual)
