Model: /Users/labbaf/Documents/NN_Explainability/spexplain/neuron-activation/spexplain/data/models/gtsrb/cnn-bench/AB6.onnx
  input shape [1, 3, 32, 32], 3072 features, 7 ReLU layer(s), 43-class
Dataset: /Users/labbaf/Documents/NN_Explainability/spexplain/neuron-activation/spexplain/data/datasets/gtsrb/gtsrb_s100_scaled.csv (100/100 samples)
PGD: epsilon-frac=0.1 step-frac=0.1 num-steps=50
Output: /Users/labbaf/Documents/NN_Explainability/spexplain/neuron-activation/spexplain/data/neuron_activations/gtsrb/cnn-bench/AB6.txt

sample [1/100] orig=16 cf=5 -- 5985/7200 neurons fixed across 7 layer(s)
sample [2/100] orig=1 cf=5 -- 5869/7200 neurons fixed across 7 layer(s)
sample [3/100] orig=38 cf=34 -- 5461/7200 neurons fixed across 7 layer(s)
sample [4/100] orig=33 cf=39 -- 6042/7200 neurons fixed across 7 layer(s)
sample [5/100] orig=11 cf=29 -- 5113/7200 neurons fixed across 7 layer(s)
sample [6/100] orig=38 cf=34 -- 5370/7200 neurons fixed across 7 layer(s)
sample [7/100] orig=18 cf=27 -- 5982/7200 neurons fixed across 7 layer(s)
sample [8/100] orig=12 cf=15 -- 5004/7200 neurons fixed across 7 layer(s)
sample [9/100] orig=25 cf=18 -- 6011/7200 neurons fixed across 7 layer(s)
sample [10/100] orig=35 cf=39 -- 5381/7200 neurons fixed across 7 layer(s)
sample [11/100] orig=12 cf=18 -- 5337/7200 neurons fixed across 7 layer(s)
sample [12/100] orig=7 cf=8 -- 5227/7200 neurons fixed across 7 layer(s)
sample [13/100] orig=19 cf=30 -- 4830/7200 neurons fixed across 7 layer(s)
sample [14/100] orig=7 cf=15 -- 5705/7200 neurons fixed across 7 layer(s)
sample [15/100] orig=4 cf=2 -- 6144/7200 neurons fixed across 7 layer(s)
sample [16/100] orig=9 cf=10 -- 5070/7200 neurons fixed across 7 layer(s)
sample [17/100] orig=11 cf=31 -- 5610/7200 neurons fixed across 7 layer(s)
sample [18/100] orig=20 cf=11 -- 5148/7200 neurons fixed across 7 layer(s)
sample [19/100] orig=27 cf=18 -- 5426/7200 neurons fixed across 7 layer(s)
sample [20/100] orig=38 cf=7 -- 5707/7200 neurons fixed across 7 layer(s)
sample [21/100] orig=4 cf=1 -- 4797/7200 neurons fixed across 7 layer(s)
sample [22/100] orig=33 cf=34 -- 5979/7200 neurons fixed across 7 layer(s)
sample [23/100] orig=9 cf=10 -- 4821/7200 neurons fixed across 7 layer(s)
sample [24/100] orig=3 cf=30 -- 5194/7200 neurons fixed across 7 layer(s)
sample [25/100] orig=1 cf=4 -- 5950/7200 neurons fixed across 7 layer(s)
sample [26/100] orig=11 cf=28 -- 6034/7200 neurons fixed across 7 layer(s)
sample [27/100] orig=13 cf=1 -- 5807/7200 neurons fixed across 7 layer(s)
sample [28/100] orig=10 cf=3 -- 4875/7200 neurons fixed across 7 layer(s)
sample [29/100] orig=9 cf=10 -- 5349/7200 neurons fixed across 7 layer(s)
sample [30/100] orig=11 cf=12 -- 5626/7200 neurons fixed across 7 layer(s)
sample [31/100] orig=3 cf=2 -- 5445/7200 neurons fixed across 7 layer(s)
sample [32/100] orig=17 cf=9 -- 5252/7200 neurons fixed across 7 layer(s)
sample [33/100] orig=34 cf=35 -- 6054/7200 neurons fixed across 7 layer(s)
sample [34/100] orig=19 cf=30 -- 4856/7200 neurons fixed across 7 layer(s)
sample [35/100] orig=2 cf=0 -- 5960/7200 neurons fixed across 7 layer(s)
sample [36/100] orig=17 cf=10 -- 5713/7200 neurons fixed across 7 layer(s)
sample [37/100] orig=3 cf=2 -- 5355/7200 neurons fixed across 7 layer(s)
sample [38/100] orig=12 cf=13 -- 5449/7200 neurons fixed across 7 layer(s)
sample [39/100] orig=16 cf=8 -- 5948/7200 neurons fixed across 7 layer(s)
sample [40/100] orig=3 cf=4 -- 4635/7200 neurons fixed across 7 layer(s)
sample [41/100] orig=7 cf=13 -- 4955/7200 neurons fixed across 7 layer(s)
sample [42/100] orig=30 cf=11 -- 4742/7200 neurons fixed across 7 layer(s)
sample [43/100] orig=18 cf=26 -- 5790/7200 neurons fixed across 7 layer(s)
sample [44/100] orig=12 cf=18 -- 4804/7200 neurons fixed across 7 layer(s)
sample [45/100] orig=24 cf=11 -- 5843/7200 neurons fixed across 7 layer(s)
sample [46/100] orig=25 cf=22 -- 5806/7200 neurons fixed across 7 layer(s)
sample [47/100] orig=3 cf=2 -- 5264/7200 neurons fixed across 7 layer(s)
sample [48/100] orig=10 cf=5 -- 5138/7200 neurons fixed across 7 layer(s)
sample [49/100] orig=20 cf=21 -- 4909/7200 neurons fixed across 7 layer(s)
sample [50/100] orig=8 cf=2 -- 5058/7200 neurons fixed across 7 layer(s)
sample [51/100] orig=18 cf=28 -- 4523/7200 neurons fixed across 7 layer(s)
sample [52/100] orig=13 cf=5 -- 5919/7200 neurons fixed across 7 layer(s)
sample [53/100] orig=15 cf=5 -- 5487/7200 neurons fixed across 7 layer(s)
sample [54/100] orig=9 cf=10 -- 5488/7200 neurons fixed across 7 layer(s)
sample [55/100] orig=13 cf=2 -- 4868/7200 neurons fixed across 7 layer(s)
sample [56/100] orig=35 cf=8 -- 6014/7200 neurons fixed across 7 layer(s)
sample [57/100] orig=5 cf=2 -- 4858/7200 neurons fixed across 7 layer(s)
sample [58/100] orig=26 cf=18 -- 5825/7200 neurons fixed across 7 layer(s)
sample [59/100] orig=9 cf=10 -- 5493/7200 neurons fixed across 7 layer(s)
sample [60/100] orig=16 cf=1 -- 5237/7200 neurons fixed across 7 layer(s)
sample [61/100] orig=38 cf=39 -- 5182/7200 neurons fixed across 7 layer(s)
sample [62/100] orig=10 cf=8 -- 4997/7200 neurons fixed across 7 layer(s)
sample [63/100] orig=4 cf=1 -- 5207/7200 neurons fixed across 7 layer(s)
sample [64/100] orig=9 cf=7 -- 4737/7200 neurons fixed across 7 layer(s)
sample [65/100] orig=15 cf=4 -- 5293/7200 neurons fixed across 7 layer(s)
sample [66/100] orig=9 cf=10 -- 5663/7200 neurons fixed across 7 layer(s)
sample [67/100] orig=26 cf=18 -- 5189/7200 neurons fixed across 7 layer(s)
sample [68/100] orig=2 cf=5 -- 4934/7200 neurons fixed across 7 layer(s)
sample [69/100] orig=5 cf=2 -- 5737/7200 neurons fixed across 7 layer(s)
sample [70/100] orig=28 cf=30 -- 5613/7200 neurons fixed across 7 layer(s)
sample [71/100] orig=11 cf=29 -- 5844/7200 neurons fixed across 7 layer(s)
sample [72/100] orig=25 cf=26 -- 4751/7200 neurons fixed across 7 layer(s)
sample [73/100] orig=25 cf=11 -- 4866/7200 neurons fixed across 7 layer(s)
sample [74/100] orig=34 cf=38 -- 5691/7200 neurons fixed across 7 layer(s)
sample [75/100] orig=5 cf=2 -- 5275/7200 neurons fixed across 7 layer(s)
sample [76/100] orig=12 cf=10 -- 5606/7200 neurons fixed across 7 layer(s)
sample [77/100] orig=1 cf=8 -- 5216/7200 neurons fixed across 7 layer(s)
sample [78/100] orig=10 cf=7 -- 5736/7200 neurons fixed across 7 layer(s)
sample [79/100] orig=25 cf=22 -- 5788/7200 neurons fixed across 7 layer(s)
sample [80/100] orig=25 cf=22 -- 5519/7200 neurons fixed across 7 layer(s)
sample [81/100] orig=21 cf=11 -- 5312/7200 neurons fixed across 7 layer(s)
sample [82/100] orig=33 cf=37 -- 5486/7200 neurons fixed across 7 layer(s)
sample [83/100] orig=25 cf=26 -- 4753/7200 neurons fixed across 7 layer(s)
sample [84/100] orig=7 cf=3 -- 5786/7200 neurons fixed across 7 layer(s)
sample [85/100] orig=10 cf=7 -- 5081/7200 neurons fixed across 7 layer(s)
sample [86/100] orig=35 cf=33 -- 5509/7200 neurons fixed across 7 layer(s)
sample [87/100] orig=3 cf=1 -- 5181/7200 neurons fixed across 7 layer(s)
sample [88/100] orig=7 cf=4 -- 5736/7200 neurons fixed across 7 layer(s)
sample [89/100] orig=22 cf=23 -- 4841/7200 neurons fixed across 7 layer(s)
sample [90/100] orig=13 cf=17 -- 4911/7200 neurons fixed across 7 layer(s)
sample [91/100] orig=3 cf=10 -- 4964/7200 neurons fixed across 7 layer(s)
sample [92/100] orig=1 cf=5 -- 5768/7200 neurons fixed across 7 layer(s)
sample [93/100] orig=2 cf=0 -- 6196/7200 neurons fixed across 7 layer(s)
sample [94/100] orig=14 cf=13 -- 5852/7200 neurons fixed across 7 layer(s)
sample [95/100] orig=12 cf=15 -- 4910/7200 neurons fixed across 7 layer(s)
sample [96/100] orig=32 cf=42 -- 5513/7200 neurons fixed across 7 layer(s)
sample [97/100] orig=3 cf=2 -- 5540/7200 neurons fixed across 7 layer(s)
sample [98/100] orig=38 cf=13 -- 4963/7200 neurons fixed across 7 layer(s)
sample [99/100] orig=9 cf=10 -- 5420/7200 neurons fixed across 7 layer(s)
sample [100/100] orig=33 cf=35 -- 5631/7200 neurons fixed across 7 layer(s)

100/100 samples written to /Users/labbaf/Documents/NN_Explainability/spexplain/neuron-activation/spexplain/data/neuron_activations/gtsrb/cnn-bench/AB6.txt (0 failed to produce a counterfactual)
