Model: /Users/labbaf/Documents/NN_Explainability/spexplain/neuron-activation/spexplain/data/models/gtsrb/cnn-bench/NAB1.onnx
  input shape [1, 3, 32, 32], 3072 features, 2 ReLU layer(s), 43-class
Dataset: /Users/labbaf/Documents/NN_Explainability/spexplain/neuron-activation/spexplain/data/datasets/gtsrb/gtsrb_s100_scaled.csv (100/100 samples)
PGD: epsilon-frac=0.1 step-frac=0.1 num-steps=50
Output: /Users/labbaf/Documents/NN_Explainability/spexplain/neuron-activation/spexplain/data/neuron_activations/gtsrb/cnn-bench/NAB1.txt

sample [1/100] orig=16 cf=10 -- 863/1056 neurons fixed across 2 layer(s)
sample [2/100] orig=1 cf=5 -- 876/1056 neurons fixed across 2 layer(s)
sample [3/100] orig=38 cf=38 -- FAILED to find a counterfactual, skipping
sample [4/100] orig=33 cf=39 -- 924/1056 neurons fixed across 2 layer(s)
sample [5/100] orig=11 cf=8 -- 688/1056 neurons fixed across 2 layer(s)
sample [6/100] orig=38 cf=33 -- 780/1056 neurons fixed across 2 layer(s)
sample [7/100] orig=18 cf=26 -- 891/1056 neurons fixed across 2 layer(s)
sample [8/100] orig=12 cf=15 -- 840/1056 neurons fixed across 2 layer(s)
sample [9/100] orig=25 cf=4 -- 852/1056 neurons fixed across 2 layer(s)
sample [10/100] orig=35 cf=10 -- 786/1056 neurons fixed across 2 layer(s)
sample [11/100] orig=12 cf=8 -- 751/1056 neurons fixed across 2 layer(s)
sample [12/100] orig=7 cf=15 -- 814/1056 neurons fixed across 2 layer(s)
sample [13/100] orig=20 cf=10 -- 784/1056 neurons fixed across 2 layer(s)
sample [14/100] orig=3 cf=7 -- 852/1056 neurons fixed across 2 layer(s)
sample [15/100] orig=4 cf=15 -- 894/1056 neurons fixed across 2 layer(s)
sample [16/100] orig=9 cf=8 -- 750/1056 neurons fixed across 2 layer(s)
sample [17/100] orig=31 cf=2 -- 843/1056 neurons fixed across 2 layer(s)
sample [18/100] orig=27 cf=13 -- 757/1056 neurons fixed across 2 layer(s)
sample [19/100] orig=27 cf=12 -- 787/1056 neurons fixed across 2 layer(s)
sample [20/100] orig=38 cf=12 -- 841/1056 neurons fixed across 2 layer(s)
sample [21/100] orig=4 cf=5 -- 774/1056 neurons fixed across 2 layer(s)
sample [22/100] orig=33 cf=38 -- 900/1056 neurons fixed across 2 layer(s)
sample [23/100] orig=9 cf=7 -- 750/1056 neurons fixed across 2 layer(s)
sample [24/100] orig=5 cf=30 -- 815/1056 neurons fixed across 2 layer(s)
sample [25/100] orig=2 cf=15 -- 899/1056 neurons fixed across 2 layer(s)
sample [26/100] orig=11 cf=22 -- 880/1056 neurons fixed across 2 layer(s)
sample [27/100] orig=13 cf=2 -- 818/1056 neurons fixed across 2 layer(s)
sample [28/100] orig=10 cf=0 -- 712/1056 neurons fixed across 2 layer(s)
sample [29/100] orig=10 cf=1 -- 787/1056 neurons fixed across 2 layer(s)
sample [30/100] orig=11 cf=17 -- 824/1056 neurons fixed across 2 layer(s)
sample [31/100] orig=5 cf=10 -- 811/1056 neurons fixed across 2 layer(s)
sample [32/100] orig=17 cf=10 -- 835/1056 neurons fixed across 2 layer(s)
sample [33/100] orig=34 cf=38 -- 927/1056 neurons fixed across 2 layer(s)
sample [34/100] orig=26 cf=5 -- 750/1056 neurons fixed across 2 layer(s)
sample [35/100] orig=2 cf=0 -- 877/1056 neurons fixed across 2 layer(s)
sample [36/100] orig=17 cf=10 -- 814/1056 neurons fixed across 2 layer(s)
sample [37/100] orig=7 cf=15 -- 822/1056 neurons fixed across 2 layer(s)
sample [38/100] orig=12 cf=27 -- 771/1056 neurons fixed across 2 layer(s)
sample [39/100] orig=16 cf=8 -- 881/1056 neurons fixed across 2 layer(s)
sample [40/100] orig=5 cf=26 -- 789/1056 neurons fixed across 2 layer(s)
sample [41/100] orig=5 cf=22 -- 722/1056 neurons fixed across 2 layer(s)
sample [42/100] orig=11 cf=13 -- 683/1056 neurons fixed across 2 layer(s)
sample [43/100] orig=18 cf=26 -- 819/1056 neurons fixed across 2 layer(s)
sample [44/100] orig=12 cf=27 -- 722/1056 neurons fixed across 2 layer(s)
sample [45/100] orig=11 cf=22 -- 828/1056 neurons fixed across 2 layer(s)
sample [46/100] orig=25 cf=10 -- 820/1056 neurons fixed across 2 layer(s)
sample [47/100] orig=5 cf=0 -- 739/1056 neurons fixed across 2 layer(s)
sample [48/100] orig=10 cf=0 -- 720/1056 neurons fixed across 2 layer(s)
sample [49/100] orig=25 cf=13 -- 746/1056 neurons fixed across 2 layer(s)
sample [50/100] orig=3 cf=13 -- 726/1056 neurons fixed across 2 layer(s)
sample [51/100] orig=4 cf=26 -- 781/1056 neurons fixed across 2 layer(s)
sample [52/100] orig=13 cf=6 -- 876/1056 neurons fixed across 2 layer(s)
sample [53/100] orig=15 cf=7 -- 801/1056 neurons fixed across 2 layer(s)
sample [54/100] orig=9 cf=10 -- 832/1056 neurons fixed across 2 layer(s)
sample [55/100] orig=13 cf=27 -- 717/1056 neurons fixed across 2 layer(s)
sample [56/100] orig=35 cf=8 -- 905/1056 neurons fixed across 2 layer(s)
sample [57/100] orig=5 cf=30 -- 719/1056 neurons fixed across 2 layer(s)
sample [58/100] orig=26 cf=18 -- 869/1056 neurons fixed across 2 layer(s)
sample [59/100] orig=9 cf=1 -- 806/1056 neurons fixed across 2 layer(s)
sample [60/100] orig=16 cf=8 -- 745/1056 neurons fixed across 2 layer(s)
sample [61/100] orig=38 cf=10 -- 765/1056 neurons fixed across 2 layer(s)
sample [62/100] orig=10 cf=1 -- 714/1056 neurons fixed across 2 layer(s)
sample [63/100] orig=4 cf=28 -- 714/1056 neurons fixed across 2 layer(s)
sample [64/100] orig=10 cf=27 -- 694/1056 neurons fixed across 2 layer(s)
sample [65/100] orig=15 cf=7 -- 757/1056 neurons fixed across 2 layer(s)
sample [66/100] orig=9 cf=41 -- 833/1056 neurons fixed across 2 layer(s)
sample [67/100] orig=26 cf=42 -- 792/1056 neurons fixed across 2 layer(s)
sample [68/100] orig=7 cf=15 -- 766/1056 neurons fixed across 2 layer(s)
sample [69/100] orig=8 cf=13 -- 808/1056 neurons fixed across 2 layer(s)
sample [70/100] orig=28 cf=18 -- 812/1056 neurons fixed across 2 layer(s)
sample [71/100] orig=11 cf=13 -- 832/1056 neurons fixed across 2 layer(s)
sample [72/100] orig=25 cf=9 -- 749/1056 neurons fixed across 2 layer(s)
sample [73/100] orig=30 cf=2 -- 748/1056 neurons fixed across 2 layer(s)
sample [74/100] orig=35 cf=18 -- 860/1056 neurons fixed across 2 layer(s)
sample [75/100] orig=5 cf=1 -- 758/1056 neurons fixed across 2 layer(s)
sample [76/100] orig=12 cf=4 -- 787/1056 neurons fixed across 2 layer(s)
sample [77/100] orig=1 cf=8 -- 743/1056 neurons fixed across 2 layer(s)
sample [78/100] orig=10 cf=0 -- 823/1056 neurons fixed across 2 layer(s)
sample [79/100] orig=25 cf=2 -- 821/1056 neurons fixed across 2 layer(s)
sample [80/100] orig=25 cf=10 -- 802/1056 neurons fixed across 2 layer(s)
sample [81/100] orig=21 cf=31 -- 752/1056 neurons fixed across 2 layer(s)
sample [82/100] orig=33 cf=36 -- 806/1056 neurons fixed across 2 layer(s)
sample [83/100] orig=25 cf=9 -- 727/1056 neurons fixed across 2 layer(s)
sample [84/100] orig=3 cf=13 -- 833/1056 neurons fixed across 2 layer(s)
sample [85/100] orig=10 cf=1 -- 707/1056 neurons fixed across 2 layer(s)
sample [86/100] orig=35 cf=10 -- 786/1056 neurons fixed across 2 layer(s)
sample [87/100] orig=3 cf=7 -- 736/1056 neurons fixed across 2 layer(s)
sample [88/100] orig=5 cf=30 -- 777/1056 neurons fixed across 2 layer(s)
sample [89/100] orig=25 cf=15 -- 717/1056 neurons fixed across 2 layer(s)
sample [90/100] orig=13 cf=10 -- 723/1056 neurons fixed across 2 layer(s)
sample [91/100] orig=5 cf=22 -- 783/1056 neurons fixed across 2 layer(s)
sample [92/100] orig=1 cf=10 -- 826/1056 neurons fixed across 2 layer(s)
sample [93/100] orig=2 cf=16 -- 917/1056 neurons fixed across 2 layer(s)
sample [94/100] orig=10 cf=0 -- 851/1056 neurons fixed across 2 layer(s)
sample [95/100] orig=12 cf=1 -- 697/1056 neurons fixed across 2 layer(s)
sample [96/100] orig=32 cf=7 -- 798/1056 neurons fixed across 2 layer(s)
sample [97/100] orig=3 cf=18 -- 842/1056 neurons fixed across 2 layer(s)
sample [98/100] orig=38 cf=15 -- 712/1056 neurons fixed across 2 layer(s)
sample [99/100] orig=9 cf=7 -- 726/1056 neurons fixed across 2 layer(s)
sample [100/100] orig=33 cf=36 -- 827/1056 neurons fixed across 2 layer(s)

99/100 samples written to /Users/labbaf/Documents/NN_Explainability/spexplain/neuron-activation/spexplain/data/neuron_activations/gtsrb/cnn-bench/NAB1.txt (1 failed to produce a counterfactual)
