Model: /Users/labbaf/Documents/NN_Explainability/spexplain/neuron-activation/spexplain/data/models/gtsrb/cnn-bench/NAB2.onnx
  input shape [1, 3, 32, 32], 3072 features, 3 ReLU layer(s), 43-class
Dataset: /Users/labbaf/Documents/NN_Explainability/spexplain/neuron-activation/spexplain/data/datasets/gtsrb/gtsrb_s100_scaled.csv (100/100 samples)
PGD: epsilon-frac=0.1 step-frac=0.1 num-steps=50
Output: /Users/labbaf/Documents/NN_Explainability/spexplain/neuron-activation/spexplain/data/neuron_activations/gtsrb/cnn-bench/NAB2.txt

sample [1/100] orig=16 cf=8 -- 1281/1568 neurons fixed across 3 layer(s)
sample [2/100] orig=1 cf=2 -- 1290/1568 neurons fixed across 3 layer(s)
sample [3/100] orig=38 cf=37 -- 1236/1568 neurons fixed across 3 layer(s)
sample [4/100] orig=33 cf=22 -- 1343/1568 neurons fixed across 3 layer(s)
sample [5/100] orig=11 cf=22 -- 1046/1568 neurons fixed across 3 layer(s)
sample [6/100] orig=38 cf=35 -- 1106/1568 neurons fixed across 3 layer(s)
sample [7/100] orig=18 cf=26 -- 1318/1568 neurons fixed across 3 layer(s)
sample [8/100] orig=12 cf=7 -- 1068/1568 neurons fixed across 3 layer(s)
sample [9/100] orig=25 cf=2 -- 1290/1568 neurons fixed across 3 layer(s)
sample [10/100] orig=35 cf=39 -- 1238/1568 neurons fixed across 3 layer(s)
sample [11/100] orig=12 cf=8 -- 1169/1568 neurons fixed across 3 layer(s)
sample [12/100] orig=7 cf=3 -- 1063/1568 neurons fixed across 3 layer(s)
sample [13/100] orig=19 cf=8 -- 933/1568 neurons fixed across 3 layer(s)
sample [14/100] orig=7 cf=3 -- 1255/1568 neurons fixed across 3 layer(s)
sample [15/100] orig=4 cf=2 -- 1378/1568 neurons fixed across 3 layer(s)
sample [16/100] orig=9 cf=10 -- 1019/1568 neurons fixed across 3 layer(s)
sample [17/100] orig=21 cf=2 -- 1247/1568 neurons fixed across 3 layer(s)
sample [18/100] orig=20 cf=25 -- 1078/1568 neurons fixed across 3 layer(s)
sample [19/100] orig=27 cf=11 -- 1177/1568 neurons fixed across 3 layer(s)
sample [20/100] orig=38 cf=34 -- 1244/1568 neurons fixed across 3 layer(s)
sample [21/100] orig=4 cf=42 -- 941/1568 neurons fixed across 3 layer(s)
sample [22/100] orig=33 cf=35 -- 1342/1568 neurons fixed across 3 layer(s)
sample [23/100] orig=9 cf=5 -- 942/1568 neurons fixed across 3 layer(s)
sample [24/100] orig=3 cf=16 -- 1040/1568 neurons fixed across 3 layer(s)
sample [25/100] orig=1 cf=2 -- 1330/1568 neurons fixed across 3 layer(s)
sample [26/100] orig=11 cf=16 -- 1352/1568 neurons fixed across 3 layer(s)
sample [27/100] orig=13 cf=16 -- 1271/1568 neurons fixed across 3 layer(s)
sample [28/100] orig=10 cf=13 -- 896/1568 neurons fixed across 3 layer(s)
sample [29/100] orig=9 cf=5 -- 1118/1568 neurons fixed across 3 layer(s)
sample [30/100] orig=11 cf=13 -- 1213/1568 neurons fixed across 3 layer(s)
sample [31/100] orig=3 cf=8 -- 1162/1568 neurons fixed across 3 layer(s)
sample [32/100] orig=17 cf=2 -- 1162/1568 neurons fixed across 3 layer(s)
sample [33/100] orig=34 cf=37 -- 1351/1568 neurons fixed across 3 layer(s)
sample [34/100] orig=26 cf=7 -- 901/1568 neurons fixed across 3 layer(s)
sample [35/100] orig=2 cf=0 -- 1290/1568 neurons fixed across 3 layer(s)
sample [36/100] orig=17 cf=8 -- 1213/1568 neurons fixed across 3 layer(s)
sample [37/100] orig=3 cf=7 -- 1163/1568 neurons fixed across 3 layer(s)
sample [38/100] orig=12 cf=40 -- 1172/1568 neurons fixed across 3 layer(s)
sample [39/100] orig=16 cf=13 -- 1272/1568 neurons fixed across 3 layer(s)
sample [40/100] orig=5 cf=26 -- 950/1568 neurons fixed across 3 layer(s)
sample [41/100] orig=7 cf=15 -- 1033/1568 neurons fixed across 3 layer(s)
sample [42/100] orig=30 cf=35 -- 925/1568 neurons fixed across 3 layer(s)
sample [43/100] orig=18 cf=23 -- 1226/1568 neurons fixed across 3 layer(s)
sample [44/100] orig=12 cf=18 -- 924/1568 neurons fixed across 3 layer(s)
sample [45/100] orig=24 cf=20 -- 1220/1568 neurons fixed across 3 layer(s)
sample [46/100] orig=25 cf=2 -- 1259/1568 neurons fixed across 3 layer(s)
sample [47/100] orig=3 cf=31 -- 1106/1568 neurons fixed across 3 layer(s)
sample [48/100] orig=10 cf=5 -- 1053/1568 neurons fixed across 3 layer(s)
sample [49/100] orig=30 cf=17 -- 1101/1568 neurons fixed across 3 layer(s)
sample [50/100] orig=2 cf=16 -- 993/1568 neurons fixed across 3 layer(s)
sample [51/100] orig=4 cf=11 -- 987/1568 neurons fixed across 3 layer(s)
sample [52/100] orig=13 cf=14 -- 1260/1568 neurons fixed across 3 layer(s)
sample [53/100] orig=15 cf=8 -- 1119/1568 neurons fixed across 3 layer(s)
sample [54/100] orig=9 cf=8 -- 1189/1568 neurons fixed across 3 layer(s)
sample [55/100] orig=13 cf=38 -- 1013/1568 neurons fixed across 3 layer(s)
sample [56/100] orig=35 cf=14 -- 1324/1568 neurons fixed across 3 layer(s)
sample [57/100] orig=5 cf=8 -- 974/1568 neurons fixed across 3 layer(s)
sample [58/100] orig=26 cf=18 -- 1222/1568 neurons fixed across 3 layer(s)
sample [59/100] orig=9 cf=10 -- 1148/1568 neurons fixed across 3 layer(s)
sample [60/100] orig=16 cf=8 -- 1068/1568 neurons fixed across 3 layer(s)
sample [61/100] orig=38 cf=35 -- 1099/1568 neurons fixed across 3 layer(s)
sample [62/100] orig=10 cf=18 -- 919/1568 neurons fixed across 3 layer(s)
sample [63/100] orig=4 cf=3 -- 1087/1568 neurons fixed across 3 layer(s)
sample [64/100] orig=9 cf=8 -- 919/1568 neurons fixed across 3 layer(s)
sample [65/100] orig=15 cf=8 -- 1070/1568 neurons fixed across 3 layer(s)
sample [66/100] orig=9 cf=10 -- 1226/1568 neurons fixed across 3 layer(s)
sample [67/100] orig=26 cf=27 -- 1116/1568 neurons fixed across 3 layer(s)
sample [68/100] orig=2 cf=30 -- 983/1568 neurons fixed across 3 layer(s)
sample [69/100] orig=8 cf=3 -- 1224/1568 neurons fixed across 3 layer(s)
sample [70/100] orig=29 cf=18 -- 1250/1568 neurons fixed across 3 layer(s)
sample [71/100] orig=11 cf=25 -- 1294/1568 neurons fixed across 3 layer(s)
sample [72/100] orig=25 cf=9 -- 956/1568 neurons fixed across 3 layer(s)
sample [73/100] orig=11 cf=31 -- 980/1568 neurons fixed across 3 layer(s)
sample [74/100] orig=34 cf=37 -- 1267/1568 neurons fixed across 3 layer(s)
sample [75/100] orig=5 cf=26 -- 1041/1568 neurons fixed across 3 layer(s)
sample [76/100] orig=12 cf=27 -- 1150/1568 neurons fixed across 3 layer(s)
sample [77/100] orig=1 cf=8 -- 1057/1568 neurons fixed across 3 layer(s)
sample [78/100] orig=10 cf=3 -- 1234/1568 neurons fixed across 3 layer(s)
sample [79/100] orig=25 cf=2 -- 1267/1568 neurons fixed across 3 layer(s)
sample [80/100] orig=25 cf=2 -- 1190/1568 neurons fixed across 3 layer(s)
sample [81/100] orig=21 cf=28 -- 1126/1568 neurons fixed across 3 layer(s)
sample [82/100] orig=33 cf=35 -- 1225/1568 neurons fixed across 3 layer(s)
sample [83/100] orig=25 cf=16 -- 951/1568 neurons fixed across 3 layer(s)
sample [84/100] orig=3 cf=37 -- 1246/1568 neurons fixed across 3 layer(s)
sample [85/100] orig=10 cf=32 -- 946/1568 neurons fixed across 3 layer(s)
sample [86/100] orig=35 cf=8 -- 1127/1568 neurons fixed across 3 layer(s)
sample [87/100] orig=3 cf=5 -- 1075/1568 neurons fixed across 3 layer(s)
sample [88/100] orig=7 cf=31 -- 1233/1568 neurons fixed across 3 layer(s)
sample [89/100] orig=22 cf=25 -- 966/1568 neurons fixed across 3 layer(s)
sample [90/100] orig=13 cf=3 -- 1040/1568 neurons fixed across 3 layer(s)
sample [91/100] orig=3 cf=2 -- 989/1568 neurons fixed across 3 layer(s)
sample [92/100] orig=1 cf=5 -- 1208/1568 neurons fixed across 3 layer(s)
sample [93/100] orig=9 cf=2 -- 1368/1568 neurons fixed across 3 layer(s)
sample [94/100] orig=14 cf=3 -- 1291/1568 neurons fixed across 3 layer(s)
sample [95/100] orig=12 cf=8 -- 971/1568 neurons fixed across 3 layer(s)
sample [96/100] orig=32 cf=11 -- 1160/1568 neurons fixed across 3 layer(s)
sample [97/100] orig=3 cf=38 -- 1162/1568 neurons fixed across 3 layer(s)
sample [98/100] orig=38 cf=25 -- 999/1568 neurons fixed across 3 layer(s)
sample [99/100] orig=10 cf=36 -- 1107/1568 neurons fixed across 3 layer(s)
sample [100/100] orig=33 cf=39 -- 1272/1568 neurons fixed across 3 layer(s)

100/100 samples written to /Users/labbaf/Documents/NN_Explainability/spexplain/neuron-activation/spexplain/data/neuron_activations/gtsrb/cnn-bench/NAB2.txt (0 failed to produce a counterfactual)
