Model: /Users/labbaf/Documents/NN_Explainability/spexplain/neuron-activation/spexplain/data/models/gtsrb/cnn-bench/NAB3.onnx
  input shape [1, 3, 32, 32], 3072 features, 4 ReLU layer(s), 43-class
Dataset: /Users/labbaf/Documents/NN_Explainability/spexplain/neuron-activation/spexplain/data/datasets/gtsrb/gtsrb_s100_scaled.csv (100/100 samples)
PGD: epsilon-frac=0.1 step-frac=0.1 num-steps=50
Output: /Users/labbaf/Documents/NN_Explainability/spexplain/neuron-activation/spexplain/data/neuron_activations/gtsrb/cnn-bench/NAB3.txt

sample [1/100] orig=16 cf=10 -- 1749/2080 neurons fixed across 4 layer(s)
sample [2/100] orig=5 cf=0 -- 1666/2080 neurons fixed across 4 layer(s)
sample [3/100] orig=38 cf=35 -- 1569/2080 neurons fixed across 4 layer(s)
sample [4/100] orig=33 cf=34 -- 1721/2080 neurons fixed across 4 layer(s)
sample [5/100] orig=11 cf=36 -- 1275/2080 neurons fixed across 4 layer(s)
sample [6/100] orig=38 cf=35 -- 1504/2080 neurons fixed across 4 layer(s)
sample [7/100] orig=18 cf=28 -- 1707/2080 neurons fixed across 4 layer(s)
sample [8/100] orig=12 cf=8 -- 1403/2080 neurons fixed across 4 layer(s)
sample [9/100] orig=25 cf=9 -- 1642/2080 neurons fixed across 4 layer(s)
sample [10/100] orig=35 cf=39 -- 1536/2080 neurons fixed across 4 layer(s)
sample [11/100] orig=12 cf=2 -- 1525/2080 neurons fixed across 4 layer(s)
sample [12/100] orig=7 cf=4 -- 1428/2080 neurons fixed across 4 layer(s)
sample [13/100] orig=19 cf=8 -- 1401/2080 neurons fixed across 4 layer(s)
sample [14/100] orig=3 cf=2 -- 1653/2080 neurons fixed across 4 layer(s)
sample [15/100] orig=4 cf=3 -- 1679/2080 neurons fixed across 4 layer(s)
sample [16/100] orig=5 cf=15 -- 1353/2080 neurons fixed across 4 layer(s)
sample [17/100] orig=31 cf=32 -- 1474/2080 neurons fixed across 4 layer(s)
sample [18/100] orig=20 cf=10 -- 1405/2080 neurons fixed across 4 layer(s)
sample [19/100] orig=27 cf=10 -- 1474/2080 neurons fixed across 4 layer(s)
sample [20/100] orig=38 cf=12 -- 1560/2080 neurons fixed across 4 layer(s)
sample [21/100] orig=4 cf=3 -- 1317/2080 neurons fixed across 4 layer(s)
sample [22/100] orig=33 cf=37 -- 1706/2080 neurons fixed across 4 layer(s)
sample [23/100] orig=9 cf=12 -- 1252/2080 neurons fixed across 4 layer(s)
sample [24/100] orig=34 cf=2 -- 1416/2080 neurons fixed across 4 layer(s)
sample [25/100] orig=4 cf=3 -- 1660/2080 neurons fixed across 4 layer(s)
sample [26/100] orig=11 cf=25 -- 1693/2080 neurons fixed across 4 layer(s)
sample [27/100] orig=13 cf=7 -- 1544/2080 neurons fixed across 4 layer(s)
sample [28/100] orig=10 cf=13 -- 1343/2080 neurons fixed across 4 layer(s)
sample [29/100] orig=9 cf=25 -- 1461/2080 neurons fixed across 4 layer(s)
sample [30/100] orig=11 cf=2 -- 1576/2080 neurons fixed across 4 layer(s)
sample [31/100] orig=3 cf=2 -- 1515/2080 neurons fixed across 4 layer(s)
sample [32/100] orig=17 cf=2 -- 1498/2080 neurons fixed across 4 layer(s)
sample [33/100] orig=34 cf=35 -- 1768/2080 neurons fixed across 4 layer(s)
sample [34/100] orig=27 cf=3 -- 1410/2080 neurons fixed across 4 layer(s)
sample [35/100] orig=2 cf=0 -- 1671/2080 neurons fixed across 4 layer(s)
sample [36/100] orig=17 cf=14 -- 1605/2080 neurons fixed across 4 layer(s)
sample [37/100] orig=3 cf=4 -- 1513/2080 neurons fixed across 4 layer(s)
sample [38/100] orig=12 cf=2 -- 1468/2080 neurons fixed across 4 layer(s)
sample [39/100] orig=16 cf=2 -- 1709/2080 neurons fixed across 4 layer(s)
sample [40/100] orig=8 cf=10 -- 1275/2080 neurons fixed across 4 layer(s)
sample [41/100] orig=5 cf=4 -- 1462/2080 neurons fixed across 4 layer(s)
sample [42/100] orig=21 cf=3 -- 1251/2080 neurons fixed across 4 layer(s)
sample [43/100] orig=18 cf=26 -- 1537/2080 neurons fixed across 4 layer(s)
sample [44/100] orig=12 cf=33 -- 1349/2080 neurons fixed across 4 layer(s)
sample [45/100] orig=24 cf=11 -- 1602/2080 neurons fixed across 4 layer(s)
sample [46/100] orig=17 cf=25 -- 1545/2080 neurons fixed across 4 layer(s)
sample [47/100] orig=3 cf=2 -- 1451/2080 neurons fixed across 4 layer(s)
sample [48/100] orig=10 cf=16 -- 1349/2080 neurons fixed across 4 layer(s)
sample [49/100] orig=30 cf=25 -- 1485/2080 neurons fixed across 4 layer(s)
sample [50/100] orig=8 cf=25 -- 1296/2080 neurons fixed across 4 layer(s)
sample [51/100] orig=18 cf=8 -- 1321/2080 neurons fixed across 4 layer(s)
sample [52/100] orig=13 cf=31 -- 1621/2080 neurons fixed across 4 layer(s)
sample [53/100] orig=15 cf=4 -- 1567/2080 neurons fixed across 4 layer(s)
sample [54/100] orig=9 cf=10 -- 1570/2080 neurons fixed across 4 layer(s)
sample [55/100] orig=13 cf=28 -- 1349/2080 neurons fixed across 4 layer(s)
sample [56/100] orig=35 cf=17 -- 1752/2080 neurons fixed across 4 layer(s)
sample [57/100] orig=5 cf=4 -- 1316/2080 neurons fixed across 4 layer(s)
sample [58/100] orig=26 cf=22 -- 1645/2080 neurons fixed across 4 layer(s)
sample [59/100] orig=9 cf=31 -- 1540/2080 neurons fixed across 4 layer(s)
sample [60/100] orig=16 cf=2 -- 1481/2080 neurons fixed across 4 layer(s)
sample [61/100] orig=38 cf=10 -- 1519/2080 neurons fixed across 4 layer(s)
sample [62/100] orig=10 cf=27 -- 1279/2080 neurons fixed across 4 layer(s)
sample [63/100] orig=4 cf=11 -- 1369/2080 neurons fixed across 4 layer(s)
sample [64/100] orig=9 cf=25 -- 1376/2080 neurons fixed across 4 layer(s)
sample [65/100] orig=4 cf=29 -- 1429/2080 neurons fixed across 4 layer(s)
sample [66/100] orig=9 cf=7 -- 1603/2080 neurons fixed across 4 layer(s)
sample [67/100] orig=26 cf=23 -- 1417/2080 neurons fixed across 4 layer(s)
sample [68/100] orig=5 cf=4 -- 1350/2080 neurons fixed across 4 layer(s)
sample [69/100] orig=5 cf=13 -- 1566/2080 neurons fixed across 4 layer(s)
sample [70/100] orig=11 cf=25 -- 1538/2080 neurons fixed across 4 layer(s)
sample [71/100] orig=11 cf=29 -- 1683/2080 neurons fixed across 4 layer(s)
sample [72/100] orig=25 cf=16 -- 1362/2080 neurons fixed across 4 layer(s)
sample [73/100] orig=25 cf=7 -- 1394/2080 neurons fixed across 4 layer(s)
sample [74/100] orig=34 cf=37 -- 1631/2080 neurons fixed across 4 layer(s)
sample [75/100] orig=2 cf=3 -- 1450/2080 neurons fixed across 4 layer(s)
sample [76/100] orig=12 cf=2 -- 1550/2080 neurons fixed across 4 layer(s)
sample [77/100] orig=1 cf=10 -- 1461/2080 neurons fixed across 4 layer(s)
sample [78/100] orig=10 cf=13 -- 1565/2080 neurons fixed across 4 layer(s)
sample [79/100] orig=25 cf=4 -- 1502/2080 neurons fixed across 4 layer(s)
sample [80/100] orig=22 cf=25 -- 1526/2080 neurons fixed across 4 layer(s)
sample [81/100] orig=21 cf=31 -- 1471/2080 neurons fixed across 4 layer(s)
sample [82/100] orig=33 cf=3 -- 1583/2080 neurons fixed across 4 layer(s)
sample [83/100] orig=25 cf=9 -- 1250/2080 neurons fixed across 4 layer(s)
sample [84/100] orig=3 cf=8 -- 1658/2080 neurons fixed across 4 layer(s)
sample [85/100] orig=10 cf=28 -- 1414/2080 neurons fixed across 4 layer(s)
sample [86/100] orig=35 cf=39 -- 1573/2080 neurons fixed across 4 layer(s)
sample [87/100] orig=3 cf=2 -- 1414/2080 neurons fixed across 4 layer(s)
sample [88/100] orig=8 cf=10 -- 1569/2080 neurons fixed across 4 layer(s)
sample [89/100] orig=22 cf=31 -- 1349/2080 neurons fixed across 4 layer(s)
sample [90/100] orig=13 cf=27 -- 1320/2080 neurons fixed across 4 layer(s)
sample [91/100] orig=5 cf=12 -- 1366/2080 neurons fixed across 4 layer(s)
sample [92/100] orig=2 cf=8 -- 1595/2080 neurons fixed across 4 layer(s)
sample [93/100] orig=2 cf=8 -- 1786/2080 neurons fixed across 4 layer(s)
sample [94/100] orig=14 cf=5 -- 1607/2080 neurons fixed across 4 layer(s)
sample [95/100] orig=12 cf=2 -- 1343/2080 neurons fixed across 4 layer(s)
sample [96/100] orig=32 cf=10 -- 1442/2080 neurons fixed across 4 layer(s)
sample [97/100] orig=3 cf=10 -- 1534/2080 neurons fixed across 4 layer(s)
sample [98/100] orig=38 cf=10 -- 1361/2080 neurons fixed across 4 layer(s)
sample [99/100] orig=9 cf=31 -- 1518/2080 neurons fixed across 4 layer(s)
sample [100/100] orig=33 cf=3 -- 1621/2080 neurons fixed across 4 layer(s)

100/100 samples written to /Users/labbaf/Documents/NN_Explainability/spexplain/neuron-activation/spexplain/data/neuron_activations/gtsrb/cnn-bench/NAB3.txt (0 failed to produce a counterfactual)
