Model: /Users/labbaf/Documents/NN_Explainability/spexplain/neuron-activation/spexplain/data/models/gtsrb/cnn-bench/NAB4.onnx
  input shape [1, 3, 32, 32], 3072 features, 5 ReLU layer(s), 43-class
Dataset: /Users/labbaf/Documents/NN_Explainability/spexplain/neuron-activation/spexplain/data/datasets/gtsrb/gtsrb_s100_scaled.csv (100/100 samples)
PGD: epsilon-frac=0.1 step-frac=0.1 num-steps=50
Output: /Users/labbaf/Documents/NN_Explainability/spexplain/neuron-activation/spexplain/data/neuron_activations/gtsrb/cnn-bench/NAB4.txt

sample [1/100] orig=16 cf=10 -- 2099/2592 neurons fixed across 5 layer(s)
sample [2/100] orig=1 cf=16 -- 2103/2592 neurons fixed across 5 layer(s)
sample [3/100] orig=38 cf=12 -- 1978/2592 neurons fixed across 5 layer(s)
sample [4/100] orig=33 cf=37 -- 2121/2592 neurons fixed across 5 layer(s)
sample [5/100] orig=11 cf=9 -- 1862/2592 neurons fixed across 5 layer(s)
sample [6/100] orig=38 cf=35 -- 1940/2592 neurons fixed across 5 layer(s)
sample [7/100] orig=18 cf=1 -- 2153/2592 neurons fixed across 5 layer(s)
sample [8/100] orig=12 cf=7 -- 1831/2592 neurons fixed across 5 layer(s)
sample [9/100] orig=25 cf=11 -- 2136/2592 neurons fixed across 5 layer(s)
sample [10/100] orig=35 cf=38 -- 1980/2592 neurons fixed across 5 layer(s)
sample [11/100] orig=12 cf=11 -- 1900/2592 neurons fixed across 5 layer(s)
sample [12/100] orig=7 cf=2 -- 1767/2592 neurons fixed across 5 layer(s)
sample [13/100] orig=26 cf=7 -- 1778/2592 neurons fixed across 5 layer(s)
sample [14/100] orig=3 cf=7 -- 2094/2592 neurons fixed across 5 layer(s)
sample [15/100] orig=5 cf=4 -- 2213/2592 neurons fixed across 5 layer(s)
sample [16/100] orig=9 cf=15 -- 1819/2592 neurons fixed across 5 layer(s)
sample [17/100] orig=21 cf=11 -- 2052/2592 neurons fixed across 5 layer(s)
sample [18/100] orig=20 cf=21 -- 1833/2592 neurons fixed across 5 layer(s)
sample [19/100] orig=27 cf=10 -- 1876/2592 neurons fixed across 5 layer(s)
sample [20/100] orig=38 cf=34 -- 2087/2592 neurons fixed across 5 layer(s)
sample [21/100] orig=4 cf=3 -- 1708/2592 neurons fixed across 5 layer(s)
sample [22/100] orig=33 cf=37 -- 2177/2592 neurons fixed across 5 layer(s)
sample [23/100] orig=9 cf=5 -- 1657/2592 neurons fixed across 5 layer(s)
sample [24/100] orig=3 cf=10 -- 1921/2592 neurons fixed across 5 layer(s)
sample [25/100] orig=1 cf=10 -- 2142/2592 neurons fixed across 5 layer(s)
sample [26/100] orig=20 cf=16 -- 2201/2592 neurons fixed across 5 layer(s)
sample [27/100] orig=13 cf=2 -- 2085/2592 neurons fixed across 5 layer(s)
sample [28/100] orig=10 cf=11 -- 1734/2592 neurons fixed across 5 layer(s)
sample [29/100] orig=9 cf=10 -- 1981/2592 neurons fixed across 5 layer(s)
sample [30/100] orig=11 cf=10 -- 2036/2592 neurons fixed across 5 layer(s)
sample [31/100] orig=5 cf=23 -- 1891/2592 neurons fixed across 5 layer(s)
sample [32/100] orig=17 cf=1 -- 1860/2592 neurons fixed across 5 layer(s)
sample [33/100] orig=34 cf=12 -- 2229/2592 neurons fixed across 5 layer(s)
sample [34/100] orig=26 cf=31 -- 1778/2592 neurons fixed across 5 layer(s)
sample [35/100] orig=2 cf=16 -- 2182/2592 neurons fixed across 5 layer(s)
sample [36/100] orig=17 cf=4 -- 2011/2592 neurons fixed across 5 layer(s)
sample [37/100] orig=3 cf=4 -- 1864/2592 neurons fixed across 5 layer(s)
sample [38/100] orig=12 cf=7 -- 1909/2592 neurons fixed across 5 layer(s)
sample [39/100] orig=16 cf=2 -- 2063/2592 neurons fixed across 5 layer(s)
sample [40/100] orig=5 cf=1 -- 1795/2592 neurons fixed across 5 layer(s)
sample [41/100] orig=7 cf=13 -- 1903/2592 neurons fixed across 5 layer(s)
sample [42/100] orig=30 cf=8 -- 1734/2592 neurons fixed across 5 layer(s)
sample [43/100] orig=18 cf=22 -- 2002/2592 neurons fixed across 5 layer(s)
sample [44/100] orig=12 cf=31 -- 1757/2592 neurons fixed across 5 layer(s)
sample [45/100] orig=31 cf=18 -- 2108/2592 neurons fixed across 5 layer(s)
sample [46/100] orig=25 cf=0 -- 2000/2592 neurons fixed across 5 layer(s)
sample [47/100] orig=5 cf=9 -- 1834/2592 neurons fixed across 5 layer(s)
sample [48/100] orig=10 cf=16 -- 1849/2592 neurons fixed across 5 layer(s)
sample [49/100] orig=25 cf=16 -- 1808/2592 neurons fixed across 5 layer(s)
sample [50/100] orig=7 cf=25 -- 1732/2592 neurons fixed across 5 layer(s)
sample [51/100] orig=26 cf=10 -- 1808/2592 neurons fixed across 5 layer(s)
sample [52/100] orig=13 cf=16 -- 2146/2592 neurons fixed across 5 layer(s)
sample [53/100] orig=15 cf=5 -- 1877/2592 neurons fixed across 5 layer(s)
sample [54/100] orig=9 cf=10 -- 1944/2592 neurons fixed across 5 layer(s)
sample [55/100] orig=13 cf=16 -- 1717/2592 neurons fixed across 5 layer(s)
sample [56/100] orig=35 cf=16 -- 2122/2592 neurons fixed across 5 layer(s)
sample [57/100] orig=5 cf=1 -- 1721/2592 neurons fixed across 5 layer(s)
sample [58/100] orig=26 cf=31 -- 2098/2592 neurons fixed across 5 layer(s)
sample [59/100] orig=9 cf=5 -- 1923/2592 neurons fixed across 5 layer(s)
sample [60/100] orig=16 cf=2 -- 1829/2592 neurons fixed across 5 layer(s)
sample [61/100] orig=38 cf=9 -- 1917/2592 neurons fixed across 5 layer(s)
sample [62/100] orig=10 cf=4 -- 1747/2592 neurons fixed across 5 layer(s)
sample [63/100] orig=4 cf=3 -- 1774/2592 neurons fixed across 5 layer(s)
sample [64/100] orig=9 cf=25 -- 1666/2592 neurons fixed across 5 layer(s)
sample [65/100] orig=15 cf=1 -- 1879/2592 neurons fixed across 5 layer(s)
sample [66/100] orig=9 cf=18 -- 1949/2592 neurons fixed across 5 layer(s)
sample [67/100] orig=26 cf=18 -- 1875/2592 neurons fixed across 5 layer(s)
sample [68/100] orig=2 cf=16 -- 1906/2592 neurons fixed across 5 layer(s)
sample [69/100] orig=2 cf=3 -- 2020/2592 neurons fixed across 5 layer(s)
sample [70/100] orig=31 cf=28 -- 2024/2592 neurons fixed across 5 layer(s)
sample [71/100] orig=11 cf=29 -- 2110/2592 neurons fixed across 5 layer(s)
sample [72/100] orig=25 cf=1 -- 1697/2592 neurons fixed across 5 layer(s)
sample [73/100] orig=31 cf=36 -- 1780/2592 neurons fixed across 5 layer(s)
sample [74/100] orig=34 cf=38 -- 2062/2592 neurons fixed across 5 layer(s)
sample [75/100] orig=5 cf=1 -- 1818/2592 neurons fixed across 5 layer(s)
sample [76/100] orig=12 cf=7 -- 2031/2592 neurons fixed across 5 layer(s)
sample [77/100] orig=1 cf=9 -- 1877/2592 neurons fixed across 5 layer(s)
sample [78/100] orig=10 cf=28 -- 2053/2592 neurons fixed across 5 layer(s)
sample [79/100] orig=25 cf=4 -- 2000/2592 neurons fixed across 5 layer(s)
sample [80/100] orig=25 cf=4 -- 2011/2592 neurons fixed across 5 layer(s)
sample [81/100] orig=21 cf=20 -- 1940/2592 neurons fixed across 5 layer(s)
sample [82/100] orig=33 cf=37 -- 2055/2592 neurons fixed across 5 layer(s)
sample [83/100] orig=25 cf=7 -- 1708/2592 neurons fixed across 5 layer(s)
sample [84/100] orig=3 cf=7 -- 2044/2592 neurons fixed across 5 layer(s)
sample [85/100] orig=10 cf=1 -- 1640/2592 neurons fixed across 5 layer(s)
sample [86/100] orig=35 cf=40 -- 1979/2592 neurons fixed across 5 layer(s)
sample [87/100] orig=3 cf=4 -- 1819/2592 neurons fixed across 5 layer(s)
sample [88/100] orig=8 cf=5 -- 2063/2592 neurons fixed across 5 layer(s)
sample [89/100] orig=22 cf=18 -- 1699/2592 neurons fixed across 5 layer(s)
sample [90/100] orig=13 cf=15 -- 1829/2592 neurons fixed across 5 layer(s)
sample [91/100] orig=3 cf=25 -- 1793/2592 neurons fixed across 5 layer(s)
sample [92/100] orig=1 cf=16 -- 2032/2592 neurons fixed across 5 layer(s)
sample [93/100] orig=21 cf=5 -- 2231/2592 neurons fixed across 5 layer(s)
sample [94/100] orig=14 cf=1 -- 2107/2592 neurons fixed across 5 layer(s)
sample [95/100] orig=12 cf=31 -- 1748/2592 neurons fixed across 5 layer(s)
sample [96/100] orig=32 cf=12 -- 2039/2592 neurons fixed across 5 layer(s)
sample [97/100] orig=3 cf=4 -- 1959/2592 neurons fixed across 5 layer(s)
sample [98/100] orig=38 cf=28 -- 1786/2592 neurons fixed across 5 layer(s)
sample [99/100] orig=9 cf=10 -- 1970/2592 neurons fixed across 5 layer(s)
sample [100/100] orig=33 cf=37 -- 2066/2592 neurons fixed across 5 layer(s)

100/100 samples written to /Users/labbaf/Documents/NN_Explainability/spexplain/neuron-activation/spexplain/data/neuron_activations/gtsrb/cnn-bench/NAB4.txt (0 failed to produce a counterfactual)
