Model: /Users/labbaf/Documents/NN_Explainability/spexplain/neuron-activation/spexplain/data/models/gtsrb/cnn-bench/NAB5.onnx
  input shape [1, 3, 32, 32], 3072 features, 6 ReLU layer(s), 43-class
Dataset: /Users/labbaf/Documents/NN_Explainability/spexplain/neuron-activation/spexplain/data/datasets/gtsrb/gtsrb_s100_scaled.csv (100/100 samples)
PGD: epsilon-frac=0.1 step-frac=0.1 num-steps=50
Output: /Users/labbaf/Documents/NN_Explainability/spexplain/neuron-activation/spexplain/data/neuron_activations/gtsrb/cnn-bench/NAB5.txt

sample [1/100] orig=16 cf=5 -- 2450/3104 neurons fixed across 6 layer(s)
sample [2/100] orig=1 cf=5 -- 2511/3104 neurons fixed across 6 layer(s)
sample [3/100] orig=38 cf=36 -- 2337/3104 neurons fixed across 6 layer(s)
sample [4/100] orig=33 cf=35 -- 2532/3104 neurons fixed across 6 layer(s)
sample [5/100] orig=11 cf=31 -- 2170/3104 neurons fixed across 6 layer(s)
sample [6/100] orig=38 cf=36 -- 2346/3104 neurons fixed across 6 layer(s)
sample [7/100] orig=18 cf=22 -- 2452/3104 neurons fixed across 6 layer(s)
sample [8/100] orig=12 cf=8 -- 2230/3104 neurons fixed across 6 layer(s)
sample [9/100] orig=25 cf=9 -- 2463/3104 neurons fixed across 6 layer(s)
sample [10/100] orig=35 cf=39 -- 2348/3104 neurons fixed across 6 layer(s)
sample [11/100] orig=12 cf=22 -- 2271/3104 neurons fixed across 6 layer(s)
sample [12/100] orig=7 cf=3 -- 2251/3104 neurons fixed across 6 layer(s)
sample [13/100] orig=19 cf=20 -- 2161/3104 neurons fixed across 6 layer(s)
sample [14/100] orig=3 cf=4 -- 2544/3104 neurons fixed across 6 layer(s)
sample [15/100] orig=5 cf=4 -- 2468/3104 neurons fixed across 6 layer(s)
sample [16/100] orig=9 cf=4 -- 2295/3104 neurons fixed across 6 layer(s)
sample [17/100] orig=31 cf=4 -- 2339/3104 neurons fixed across 6 layer(s)
sample [18/100] orig=20 cf=14 -- 2199/3104 neurons fixed across 6 layer(s)
sample [19/100] orig=18 cf=21 -- 2276/3104 neurons fixed across 6 layer(s)
sample [20/100] orig=38 cf=25 -- 2279/3104 neurons fixed across 6 layer(s)
sample [21/100] orig=4 cf=3 -- 2158/3104 neurons fixed across 6 layer(s)
sample [22/100] orig=33 cf=37 -- 2436/3104 neurons fixed across 6 layer(s)
sample [23/100] orig=9 cf=4 -- 2153/3104 neurons fixed across 6 layer(s)
sample [24/100] orig=3 cf=31 -- 2202/3104 neurons fixed across 6 layer(s)
sample [25/100] orig=1 cf=10 -- 2462/3104 neurons fixed across 6 layer(s)
sample [26/100] orig=11 cf=13 -- 2497/3104 neurons fixed across 6 layer(s)
sample [27/100] orig=13 cf=25 -- 2359/3104 neurons fixed across 6 layer(s)
sample [28/100] orig=10 cf=18 -- 2078/3104 neurons fixed across 6 layer(s)
sample [29/100] orig=9 cf=2 -- 2377/3104 neurons fixed across 6 layer(s)
sample [30/100] orig=11 cf=18 -- 2372/3104 neurons fixed across 6 layer(s)
sample [31/100] orig=5 cf=9 -- 2200/3104 neurons fixed across 6 layer(s)
sample [32/100] orig=17 cf=14 -- 2324/3104 neurons fixed across 6 layer(s)
sample [33/100] orig=34 cf=40 -- 2554/3104 neurons fixed across 6 layer(s)
sample [34/100] orig=19 cf=26 -- 2197/3104 neurons fixed across 6 layer(s)
sample [35/100] orig=2 cf=16 -- 2429/3104 neurons fixed across 6 layer(s)
sample [36/100] orig=17 cf=10 -- 2439/3104 neurons fixed across 6 layer(s)
sample [37/100] orig=3 cf=6 -- 2330/3104 neurons fixed across 6 layer(s)
sample [38/100] orig=12 cf=0 -- 2259/3104 neurons fixed across 6 layer(s)
sample [39/100] orig=16 cf=2 -- 2389/3104 neurons fixed across 6 layer(s)
sample [40/100] orig=5 cf=32 -- 2062/3104 neurons fixed across 6 layer(s)
sample [41/100] orig=7 cf=3 -- 2326/3104 neurons fixed across 6 layer(s)
sample [42/100] orig=30 cf=25 -- 2107/3104 neurons fixed across 6 layer(s)
sample [43/100] orig=18 cf=26 -- 2457/3104 neurons fixed across 6 layer(s)
sample [44/100] orig=12 cf=20 -- 2173/3104 neurons fixed across 6 layer(s)
sample [45/100] orig=23 cf=18 -- 2389/3104 neurons fixed across 6 layer(s)
sample [46/100] orig=25 cf=0 -- 2398/3104 neurons fixed across 6 layer(s)
sample [47/100] orig=5 cf=32 -- 2181/3104 neurons fixed across 6 layer(s)
sample [48/100] orig=10 cf=28 -- 2123/3104 neurons fixed across 6 layer(s)
sample [49/100] orig=5 cf=12 -- 2176/3104 neurons fixed across 6 layer(s)
sample [50/100] orig=8 cf=1 -- 2166/3104 neurons fixed across 6 layer(s)
sample [51/100] orig=4 cf=39 -- 2062/3104 neurons fixed across 6 layer(s)
sample [52/100] orig=13 cf=39 -- 2465/3104 neurons fixed across 6 layer(s)
sample [53/100] orig=15 cf=10 -- 2273/3104 neurons fixed across 6 layer(s)
sample [54/100] orig=9 cf=5 -- 2331/3104 neurons fixed across 6 layer(s)
sample [55/100] orig=13 cf=3 -- 2154/3104 neurons fixed across 6 layer(s)
sample [56/100] orig=35 cf=13 -- 2499/3104 neurons fixed across 6 layer(s)
sample [57/100] orig=5 cf=7 -- 2223/3104 neurons fixed across 6 layer(s)
sample [58/100] orig=26 cf=28 -- 2383/3104 neurons fixed across 6 layer(s)
sample [59/100] orig=9 cf=11 -- 2225/3104 neurons fixed across 6 layer(s)
sample [60/100] orig=16 cf=2 -- 2169/3104 neurons fixed across 6 layer(s)
sample [61/100] orig=38 cf=33 -- 2309/3104 neurons fixed across 6 layer(s)
sample [62/100] orig=10 cf=8 -- 2163/3104 neurons fixed across 6 layer(s)
sample [63/100] orig=4 cf=3 -- 2240/3104 neurons fixed across 6 layer(s)
sample [64/100] orig=9 cf=18 -- 2033/3104 neurons fixed across 6 layer(s)
sample [65/100] orig=15 cf=4 -- 2280/3104 neurons fixed across 6 layer(s)
sample [66/100] orig=9 cf=25 -- 2380/3104 neurons fixed across 6 layer(s)
sample [67/100] orig=26 cf=18 -- 2317/3104 neurons fixed across 6 layer(s)
sample [68/100] orig=2 cf=9 -- 2141/3104 neurons fixed across 6 layer(s)
sample [69/100] orig=5 cf=9 -- 2323/3104 neurons fixed across 6 layer(s)
sample [70/100] orig=20 cf=22 -- 2436/3104 neurons fixed across 6 layer(s)
sample [71/100] orig=11 cf=28 -- 2549/3104 neurons fixed across 6 layer(s)
sample [72/100] orig=25 cf=16 -- 2026/3104 neurons fixed across 6 layer(s)
sample [73/100] orig=31 cf=36 -- 2196/3104 neurons fixed across 6 layer(s)
sample [74/100] orig=34 cf=36 -- 2373/3104 neurons fixed across 6 layer(s)
sample [75/100] orig=5 cf=4 -- 2237/3104 neurons fixed across 6 layer(s)
sample [76/100] orig=12 cf=9 -- 2339/3104 neurons fixed across 6 layer(s)
sample [77/100] orig=1 cf=5 -- 2314/3104 neurons fixed across 6 layer(s)
sample [78/100] orig=10 cf=0 -- 2417/3104 neurons fixed across 6 layer(s)
sample [79/100] orig=25 cf=8 -- 2349/3104 neurons fixed across 6 layer(s)
sample [80/100] orig=25 cf=26 -- 2348/3104 neurons fixed across 6 layer(s)
sample [81/100] orig=21 cf=23 -- 2280/3104 neurons fixed across 6 layer(s)
sample [82/100] orig=33 cf=38 -- 2266/3104 neurons fixed across 6 layer(s)
sample [83/100] orig=25 cf=8 -- 2138/3104 neurons fixed across 6 layer(s)
sample [84/100] orig=3 cf=10 -- 2535/3104 neurons fixed across 6 layer(s)
sample [85/100] orig=10 cf=26 -- 2117/3104 neurons fixed across 6 layer(s)
sample [86/100] orig=35 cf=12 -- 2306/3104 neurons fixed across 6 layer(s)
sample [87/100] orig=3 cf=2 -- 2133/3104 neurons fixed across 6 layer(s)
sample [88/100] orig=7 cf=10 -- 2397/3104 neurons fixed across 6 layer(s)
sample [89/100] orig=22 cf=12 -- 2130/3104 neurons fixed across 6 layer(s)
sample [90/100] orig=13 cf=9 -- 2184/3104 neurons fixed across 6 layer(s)
sample [91/100] orig=3 cf=25 -- 2201/3104 neurons fixed across 6 layer(s)
sample [92/100] orig=1 cf=5 -- 2380/3104 neurons fixed across 6 layer(s)
sample [93/100] orig=2 cf=10 -- 2621/3104 neurons fixed across 6 layer(s)
sample [94/100] orig=14 cf=13 -- 2352/3104 neurons fixed across 6 layer(s)
sample [95/100] orig=12 cf=3 -- 2164/3104 neurons fixed across 6 layer(s)
sample [96/100] orig=32 cf=40 -- 2365/3104 neurons fixed across 6 layer(s)
sample [97/100] orig=3 cf=18 -- 2393/3104 neurons fixed across 6 layer(s)
sample [98/100] orig=38 cf=26 -- 2041/3104 neurons fixed across 6 layer(s)
sample [99/100] orig=9 cf=5 -- 2421/3104 neurons fixed across 6 layer(s)
sample [100/100] orig=33 cf=38 -- 2354/3104 neurons fixed across 6 layer(s)

100/100 samples written to /Users/labbaf/Documents/NN_Explainability/spexplain/neuron-activation/spexplain/data/neuron_activations/gtsrb/cnn-bench/NAB5.txt (0 failed to produce a counterfactual)
