Model: /Users/labbaf/Documents/NN_Explainability/spexplain/neuron-activation/spexplain/data/models/gtsrb/cnn-bench/NAB6.onnx
  input shape [1, 3, 32, 32], 3072 features, 7 ReLU layer(s), 43-class
Dataset: /Users/labbaf/Documents/NN_Explainability/spexplain/neuron-activation/spexplain/data/datasets/gtsrb/gtsrb_s100_scaled.csv (100/100 samples)
PGD: epsilon-frac=0.1 step-frac=0.1 num-steps=50
Output: /Users/labbaf/Documents/NN_Explainability/spexplain/neuron-activation/spexplain/data/neuron_activations/gtsrb/cnn-bench/NAB6.txt

sample [1/100] orig=16 cf=2 -- 2889/3616 neurons fixed across 7 layer(s)
sample [2/100] orig=1 cf=3 -- 2823/3616 neurons fixed across 7 layer(s)
sample [3/100] orig=38 cf=33 -- 2641/3616 neurons fixed across 7 layer(s)
sample [4/100] orig=33 cf=1 -- 2986/3616 neurons fixed across 7 layer(s)
sample [5/100] orig=11 cf=23 -- 2601/3616 neurons fixed across 7 layer(s)
sample [6/100] orig=38 cf=36 -- 2538/3616 neurons fixed across 7 layer(s)
sample [7/100] orig=18 cf=11 -- 2883/3616 neurons fixed across 7 layer(s)
sample [8/100] orig=12 cf=5 -- 2416/3616 neurons fixed across 7 layer(s)
sample [9/100] orig=25 cf=5 -- 2909/3616 neurons fixed across 7 layer(s)
sample [10/100] orig=35 cf=39 -- 2597/3616 neurons fixed across 7 layer(s)
sample [11/100] orig=12 cf=36 -- 2618/3616 neurons fixed across 7 layer(s)
sample [12/100] orig=7 cf=5 -- 2536/3616 neurons fixed across 7 layer(s)
sample [13/100] orig=28 cf=26 -- 2420/3616 neurons fixed across 7 layer(s)
sample [14/100] orig=5 cf=36 -- 2757/3616 neurons fixed across 7 layer(s)
sample [15/100] orig=4 cf=16 -- 2967/3616 neurons fixed across 7 layer(s)
sample [16/100] orig=9 cf=18 -- 2501/3616 neurons fixed across 7 layer(s)
sample [17/100] orig=25 cf=2 -- 2773/3616 neurons fixed across 7 layer(s)
sample [18/100] orig=20 cf=18 -- 2435/3616 neurons fixed across 7 layer(s)
sample [19/100] orig=27 cf=21 -- 2634/3616 neurons fixed across 7 layer(s)
sample [20/100] orig=38 cf=33 -- 2703/3616 neurons fixed across 7 layer(s)
sample [21/100] orig=4 cf=3 -- 2315/3616 neurons fixed across 7 layer(s)
sample [22/100] orig=33 cf=38 -- 2934/3616 neurons fixed across 7 layer(s)
sample [23/100] orig=9 cf=5 -- 2423/3616 neurons fixed across 7 layer(s)
sample [24/100] orig=3 cf=41 -- 2520/3616 neurons fixed across 7 layer(s)
sample [25/100] orig=1 cf=2 -- 3013/3616 neurons fixed across 7 layer(s)
sample [26/100] orig=11 cf=18 -- 2981/3616 neurons fixed across 7 layer(s)
sample [27/100] orig=13 cf=36 -- 2756/3616 neurons fixed across 7 layer(s)
sample [28/100] orig=10 cf=11 -- 2403/3616 neurons fixed across 7 layer(s)
sample [29/100] orig=9 cf=11 -- 2519/3616 neurons fixed across 7 layer(s)
sample [30/100] orig=11 cf=18 -- 2833/3616 neurons fixed across 7 layer(s)
sample [31/100] orig=2 cf=10 -- 2700/3616 neurons fixed across 7 layer(s)
sample [32/100] orig=17 cf=8 -- 2557/3616 neurons fixed across 7 layer(s)
sample [33/100] orig=34 cf=35 -- 3076/3616 neurons fixed across 7 layer(s)
sample [34/100] orig=31 cf=11 -- 2392/3616 neurons fixed across 7 layer(s)
sample [35/100] orig=2 cf=16 -- 2884/3616 neurons fixed across 7 layer(s)
sample [36/100] orig=17 cf=13 -- 2811/3616 neurons fixed across 7 layer(s)
sample [37/100] orig=3 cf=4 -- 2672/3616 neurons fixed across 7 layer(s)
sample [38/100] orig=12 cf=3 -- 2783/3616 neurons fixed across 7 layer(s)
sample [39/100] orig=16 cf=2 -- 2865/3616 neurons fixed across 7 layer(s)
sample [40/100] orig=4 cf=7 -- 2294/3616 neurons fixed across 7 layer(s)
sample [41/100] orig=7 cf=25 -- 2412/3616 neurons fixed across 7 layer(s)
sample [42/100] orig=30 cf=32 -- 2341/3616 neurons fixed across 7 layer(s)
sample [43/100] orig=18 cf=26 -- 2885/3616 neurons fixed across 7 layer(s)
sample [44/100] orig=12 cf=5 -- 2424/3616 neurons fixed across 7 layer(s)
sample [45/100] orig=25 cf=42 -- 2709/3616 neurons fixed across 7 layer(s)
sample [46/100] orig=25 cf=9 -- 2864/3616 neurons fixed across 7 layer(s)
sample [47/100] orig=3 cf=1 -- 2632/3616 neurons fixed across 7 layer(s)
sample [48/100] orig=10 cf=25 -- 2464/3616 neurons fixed across 7 layer(s)
sample [49/100] orig=18 cf=25 -- 2525/3616 neurons fixed across 7 layer(s)
sample [50/100] orig=2 cf=4 -- 2497/3616 neurons fixed across 7 layer(s)
sample [51/100] orig=18 cf=13 -- 2321/3616 neurons fixed across 7 layer(s)
sample [52/100] orig=13 cf=12 -- 2878/3616 neurons fixed across 7 layer(s)
sample [53/100] orig=15 cf=3 -- 2530/3616 neurons fixed across 7 layer(s)
sample [54/100] orig=9 cf=5 -- 2715/3616 neurons fixed across 7 layer(s)
sample [55/100] orig=13 cf=36 -- 2362/3616 neurons fixed across 7 layer(s)
sample [56/100] orig=35 cf=1 -- 2950/3616 neurons fixed across 7 layer(s)
sample [57/100] orig=5 cf=8 -- 2503/3616 neurons fixed across 7 layer(s)
sample [58/100] orig=26 cf=30 -- 2853/3616 neurons fixed across 7 layer(s)
sample [59/100] orig=9 cf=10 -- 2707/3616 neurons fixed across 7 layer(s)
sample [60/100] orig=16 cf=5 -- 2670/3616 neurons fixed across 7 layer(s)
sample [61/100] orig=38 cf=16 -- 2575/3616 neurons fixed across 7 layer(s)
sample [62/100] orig=10 cf=1 -- 2323/3616 neurons fixed across 7 layer(s)
sample [63/100] orig=4 cf=7 -- 2537/3616 neurons fixed across 7 layer(s)
sample [64/100] orig=9 cf=25 -- 2250/3616 neurons fixed across 7 layer(s)
sample [65/100] orig=15 cf=3 -- 2466/3616 neurons fixed across 7 layer(s)
sample [66/100] orig=9 cf=16 -- 2773/3616 neurons fixed across 7 layer(s)
sample [67/100] orig=26 cf=25 -- 2485/3616 neurons fixed across 7 layer(s)
sample [68/100] orig=2 cf=5 -- 2469/3616 neurons fixed across 7 layer(s)
sample [69/100] orig=2 cf=16 -- 2819/3616 neurons fixed across 7 layer(s)
sample [70/100] orig=28 cf=25 -- 2813/3616 neurons fixed across 7 layer(s)
sample [71/100] orig=11 cf=28 -- 2848/3616 neurons fixed across 7 layer(s)
sample [72/100] orig=25 cf=31 -- 2460/3616 neurons fixed across 7 layer(s)
sample [73/100] orig=20 cf=1 -- 2437/3616 neurons fixed across 7 layer(s)
sample [74/100] orig=34 cf=38 -- 2655/3616 neurons fixed across 7 layer(s)
sample [75/100] orig=5 cf=22 -- 2480/3616 neurons fixed across 7 layer(s)
sample [76/100] orig=12 cf=38 -- 2661/3616 neurons fixed across 7 layer(s)
sample [77/100] orig=1 cf=8 -- 2533/3616 neurons fixed across 7 layer(s)
sample [78/100] orig=10 cf=5 -- 2784/3616 neurons fixed across 7 layer(s)
sample [79/100] orig=25 cf=19 -- 2801/3616 neurons fixed across 7 layer(s)
sample [80/100] orig=25 cf=18 -- 2674/3616 neurons fixed across 7 layer(s)
sample [81/100] orig=23 cf=6 -- 2573/3616 neurons fixed across 7 layer(s)
sample [82/100] orig=33 cf=38 -- 2668/3616 neurons fixed across 7 layer(s)
sample [83/100] orig=25 cf=18 -- 2491/3616 neurons fixed across 7 layer(s)
sample [84/100] orig=5 cf=9 -- 2700/3616 neurons fixed across 7 layer(s)
sample [85/100] orig=10 cf=1 -- 2533/3616 neurons fixed across 7 layer(s)
sample [86/100] orig=35 cf=39 -- 2613/3616 neurons fixed across 7 layer(s)
sample [87/100] orig=3 cf=4 -- 2599/3616 neurons fixed across 7 layer(s)
sample [88/100] orig=7 cf=25 -- 2651/3616 neurons fixed across 7 layer(s)
sample [89/100] orig=22 cf=11 -- 2327/3616 neurons fixed across 7 layer(s)
sample [90/100] orig=13 cf=3 -- 2417/3616 neurons fixed across 7 layer(s)
sample [91/100] orig=3 cf=13 -- 2432/3616 neurons fixed across 7 layer(s)
sample [92/100] orig=1 cf=3 -- 2708/3616 neurons fixed across 7 layer(s)
sample [93/100] orig=0 cf=2 -- 3065/3616 neurons fixed across 7 layer(s)
sample [94/100] orig=14 cf=4 -- 2887/3616 neurons fixed across 7 layer(s)
sample [95/100] orig=12 cf=9 -- 2494/3616 neurons fixed across 7 layer(s)
sample [96/100] orig=32 cf=1 -- 2771/3616 neurons fixed across 7 layer(s)
sample [97/100] orig=3 cf=15 -- 2749/3616 neurons fixed across 7 layer(s)
sample [98/100] orig=38 cf=12 -- 2468/3616 neurons fixed across 7 layer(s)
sample [99/100] orig=9 cf=10 -- 2677/3616 neurons fixed across 7 layer(s)
sample [100/100] orig=33 cf=1 -- 2686/3616 neurons fixed across 7 layer(s)

100/100 samples written to /Users/labbaf/Documents/NN_Explainability/spexplain/neuron-activation/spexplain/data/neuron_activations/gtsrb/cnn-bench/NAB6.txt (0 failed to produce a counterfactual)
