Model: /Users/labbaf/Documents/NN_Explainability/spexplain/neuron-activation/spexplain/data/models/gtsrb/cnn-bench/NS1.onnx
  input shape [1, 3, 32, 32], 3072 features, 2 ReLU layer(s), 43-class
Dataset: /Users/labbaf/Documents/NN_Explainability/spexplain/neuron-activation/spexplain/data/datasets/gtsrb/gtsrb_s100_scaled.csv (100/100 samples)
PGD: epsilon-frac=0.1 step-frac=0.1 num-steps=50
Output: /Users/labbaf/Documents/NN_Explainability/spexplain/neuron-activation/spexplain/data/neuron_activations/gtsrb/cnn-bench/NS1.txt

sample [1/100] orig=16 cf=9 -- 908/1056 neurons fixed across 2 layer(s)
sample [2/100] orig=1 cf=5 -- 920/1056 neurons fixed across 2 layer(s)
sample [3/100] orig=38 cf=36 -- 861/1056 neurons fixed across 2 layer(s)
sample [4/100] orig=33 cf=39 -- 956/1056 neurons fixed across 2 layer(s)
sample [5/100] orig=11 cf=2 -- 777/1056 neurons fixed across 2 layer(s)
sample [6/100] orig=38 cf=38 -- FAILED to find a counterfactual, skipping
sample [7/100] orig=18 cf=26 -- 910/1056 neurons fixed across 2 layer(s)
sample [8/100] orig=12 cf=8 -- 786/1056 neurons fixed across 2 layer(s)
sample [9/100] orig=25 cf=8 -- 926/1056 neurons fixed across 2 layer(s)
sample [10/100] orig=35 cf=40 -- 855/1056 neurons fixed across 2 layer(s)
sample [11/100] orig=12 cf=3 -- 800/1056 neurons fixed across 2 layer(s)
sample [12/100] orig=7 cf=4 -- 804/1056 neurons fixed across 2 layer(s)
sample [13/100] orig=19 cf=28 -- 784/1056 neurons fixed across 2 layer(s)
sample [14/100] orig=5 cf=11 -- 861/1056 neurons fixed across 2 layer(s)
sample [15/100] orig=4 cf=12 -- 920/1056 neurons fixed across 2 layer(s)
sample [16/100] orig=9 cf=10 -- 769/1056 neurons fixed across 2 layer(s)
sample [17/100] orig=31 cf=2 -- 886/1056 neurons fixed across 2 layer(s)
sample [18/100] orig=20 cf=29 -- 798/1056 neurons fixed across 2 layer(s)
sample [19/100] orig=27 cf=11 -- 855/1056 neurons fixed across 2 layer(s)
sample [20/100] orig=38 cf=26 -- 858/1056 neurons fixed across 2 layer(s)
sample [21/100] orig=4 cf=28 -- 718/1056 neurons fixed across 2 layer(s)
sample [22/100] orig=33 cf=36 -- 924/1056 neurons fixed across 2 layer(s)
sample [23/100] orig=9 cf=5 -- 710/1056 neurons fixed across 2 layer(s)
sample [24/100] orig=5 cf=34 -- 797/1056 neurons fixed across 2 layer(s)
sample [25/100] orig=2 cf=1 -- 937/1056 neurons fixed across 2 layer(s)
sample [26/100] orig=11 cf=25 -- 918/1056 neurons fixed across 2 layer(s)
sample [27/100] orig=13 cf=25 -- 877/1056 neurons fixed across 2 layer(s)
sample [28/100] orig=10 cf=25 -- 778/1056 neurons fixed across 2 layer(s)
sample [29/100] orig=9 cf=10 -- 853/1056 neurons fixed across 2 layer(s)
sample [30/100] orig=11 cf=13 -- 872/1056 neurons fixed across 2 layer(s)
sample [31/100] orig=3 cf=7 -- 873/1056 neurons fixed across 2 layer(s)
sample [32/100] orig=17 cf=22 -- 836/1056 neurons fixed across 2 layer(s)
sample [33/100] orig=34 cf=36 -- 934/1056 neurons fixed across 2 layer(s)
sample [34/100] orig=19 cf=29 -- 753/1056 neurons fixed across 2 layer(s)
sample [35/100] orig=2 cf=6 -- 912/1056 neurons fixed across 2 layer(s)
sample [36/100] orig=17 cf=13 -- 861/1056 neurons fixed across 2 layer(s)
sample [37/100] orig=3 cf=8 -- 843/1056 neurons fixed across 2 layer(s)
sample [38/100] orig=12 cf=29 -- 805/1056 neurons fixed across 2 layer(s)
sample [39/100] orig=16 cf=7 -- 899/1056 neurons fixed across 2 layer(s)
sample [40/100] orig=8 cf=41 -- 766/1056 neurons fixed across 2 layer(s)
sample [41/100] orig=7 cf=22 -- 786/1056 neurons fixed across 2 layer(s)
sample [42/100] orig=30 cf=9 -- 713/1056 neurons fixed across 2 layer(s)
sample [43/100] orig=18 cf=12 -- 854/1056 neurons fixed across 2 layer(s)
sample [44/100] orig=12 cf=29 -- 754/1056 neurons fixed across 2 layer(s)
sample [45/100] orig=24 cf=11 -- 874/1056 neurons fixed across 2 layer(s)
sample [46/100] orig=25 cf=2 -- 915/1056 neurons fixed across 2 layer(s)
sample [47/100] orig=3 cf=7 -- 841/1056 neurons fixed across 2 layer(s)
sample [48/100] orig=10 cf=28 -- 752/1056 neurons fixed across 2 layer(s)
sample [49/100] orig=25 cf=5 -- 787/1056 neurons fixed across 2 layer(s)
sample [50/100] orig=1 cf=8 -- 730/1056 neurons fixed across 2 layer(s)
sample [51/100] orig=4 cf=25 -- 765/1056 neurons fixed across 2 layer(s)
sample [52/100] orig=13 cf=3 -- 943/1056 neurons fixed across 2 layer(s)
sample [53/100] orig=15 cf=8 -- 817/1056 neurons fixed across 2 layer(s)
sample [54/100] orig=9 cf=10 -- 846/1056 neurons fixed across 2 layer(s)
sample [55/100] orig=13 cf=8 -- 734/1056 neurons fixed across 2 layer(s)
sample [56/100] orig=35 cf=18 -- 953/1056 neurons fixed across 2 layer(s)
sample [57/100] orig=5 cf=41 -- 728/1056 neurons fixed across 2 layer(s)
sample [58/100] orig=26 cf=1 -- 856/1056 neurons fixed across 2 layer(s)
sample [59/100] orig=9 cf=2 -- 841/1056 neurons fixed across 2 layer(s)
sample [60/100] orig=16 cf=2 -- 793/1056 neurons fixed across 2 layer(s)
sample [61/100] orig=38 cf=10 -- 809/1056 neurons fixed across 2 layer(s)
sample [62/100] orig=10 cf=28 -- 715/1056 neurons fixed across 2 layer(s)
sample [63/100] orig=4 cf=11 -- 803/1056 neurons fixed across 2 layer(s)
sample [64/100] orig=9 cf=5 -- 757/1056 neurons fixed across 2 layer(s)
sample [65/100] orig=15 cf=1 -- 756/1056 neurons fixed across 2 layer(s)
sample [66/100] orig=9 cf=3 -- 892/1056 neurons fixed across 2 layer(s)
sample [67/100] orig=26 cf=30 -- 810/1056 neurons fixed across 2 layer(s)
sample [68/100] orig=2 cf=7 -- 757/1056 neurons fixed across 2 layer(s)
sample [69/100] orig=8 cf=3 -- 903/1056 neurons fixed across 2 layer(s)
sample [70/100] orig=29 cf=12 -- 828/1056 neurons fixed across 2 layer(s)
sample [71/100] orig=11 cf=29 -- 919/1056 neurons fixed across 2 layer(s)
sample [72/100] orig=25 cf=18 -- 751/1056 neurons fixed across 2 layer(s)
sample [73/100] orig=30 cf=36 -- 756/1056 neurons fixed across 2 layer(s)
sample [74/100] orig=34 cf=19 -- 846/1056 neurons fixed across 2 layer(s)
sample [75/100] orig=2 cf=3 -- 799/1056 neurons fixed across 2 layer(s)
sample [76/100] orig=12 cf=3 -- 803/1056 neurons fixed across 2 layer(s)
sample [77/100] orig=1 cf=5 -- 820/1056 neurons fixed across 2 layer(s)
sample [78/100] orig=10 cf=3 -- 838/1056 neurons fixed across 2 layer(s)
sample [79/100] orig=25 cf=2 -- 894/1056 neurons fixed across 2 layer(s)
sample [80/100] orig=25 cf=8 -- 828/1056 neurons fixed across 2 layer(s)
sample [81/100] orig=21 cf=31 -- 843/1056 neurons fixed across 2 layer(s)
sample [82/100] orig=33 cf=13 -- 849/1056 neurons fixed across 2 layer(s)
sample [83/100] orig=25 cf=27 -- 740/1056 neurons fixed across 2 layer(s)
sample [84/100] orig=3 cf=7 -- 878/1056 neurons fixed across 2 layer(s)
sample [85/100] orig=10 cf=28 -- 723/1056 neurons fixed across 2 layer(s)
sample [86/100] orig=35 cf=5 -- 756/1056 neurons fixed across 2 layer(s)
sample [87/100] orig=3 cf=39 -- 772/1056 neurons fixed across 2 layer(s)
sample [88/100] orig=7 cf=26 -- 822/1056 neurons fixed across 2 layer(s)
sample [89/100] orig=22 cf=25 -- 729/1056 neurons fixed across 2 layer(s)
sample [90/100] orig=13 cf=8 -- 742/1056 neurons fixed across 2 layer(s)
sample [91/100] orig=5 cf=28 -- 778/1056 neurons fixed across 2 layer(s)
sample [92/100] orig=1 cf=10 -- 851/1056 neurons fixed across 2 layer(s)
sample [93/100] orig=2 cf=26 -- 948/1056 neurons fixed across 2 layer(s)
sample [94/100] orig=14 cf=15 -- 893/1056 neurons fixed across 2 layer(s)
sample [95/100] orig=12 cf=38 -- 889/1056 neurons fixed across 2 layer(s)
sample [96/100] orig=32 cf=1 -- 809/1056 neurons fixed across 2 layer(s)
sample [97/100] orig=3 cf=8 -- 837/1056 neurons fixed across 2 layer(s)
sample [98/100] orig=38 cf=29 -- 741/1056 neurons fixed across 2 layer(s)
sample [99/100] orig=9 cf=5 -- 805/1056 neurons fixed across 2 layer(s)
sample [100/100] orig=33 cf=17 -- 855/1056 neurons fixed across 2 layer(s)

99/100 samples written to /Users/labbaf/Documents/NN_Explainability/spexplain/neuron-activation/spexplain/data/neuron_activations/gtsrb/cnn-bench/NS1.txt (1 failed to produce a counterfactual)
