Model: /Users/labbaf/Documents/NN_Explainability/spexplain/neuron-activation/spexplain/data/models/gtsrb/cnn-bench/NS2.onnx
  input shape [1, 3, 32, 32], 3072 features, 3 ReLU layer(s), 43-class
Dataset: /Users/labbaf/Documents/NN_Explainability/spexplain/neuron-activation/spexplain/data/datasets/gtsrb/gtsrb_s100_scaled.csv (100/100 samples)
PGD: epsilon-frac=0.1 step-frac=0.1 num-steps=50
Output: /Users/labbaf/Documents/NN_Explainability/spexplain/neuron-activation/spexplain/data/neuron_activations/gtsrb/cnn-bench/NS2.txt

sample [1/100] orig=16 cf=40 -- 1352/1568 neurons fixed across 3 layer(s)
sample [2/100] orig=1 cf=28 -- 1296/1568 neurons fixed across 3 layer(s)
sample [3/100] orig=38 cf=22 -- 1263/1568 neurons fixed across 3 layer(s)
sample [4/100] orig=33 cf=2 -- 1359/1568 neurons fixed across 3 layer(s)
sample [5/100] orig=11 cf=31 -- 1092/1568 neurons fixed across 3 layer(s)
sample [6/100] orig=38 cf=39 -- 1190/1568 neurons fixed across 3 layer(s)
sample [7/100] orig=18 cf=26 -- 1360/1568 neurons fixed across 3 layer(s)
sample [8/100] orig=12 cf=13 -- 1139/1568 neurons fixed across 3 layer(s)
sample [9/100] orig=25 cf=2 -- 1368/1568 neurons fixed across 3 layer(s)
sample [10/100] orig=35 cf=13 -- 1259/1568 neurons fixed across 3 layer(s)
sample [11/100] orig=12 cf=33 -- 1217/1568 neurons fixed across 3 layer(s)
sample [12/100] orig=7 cf=13 -- 1143/1568 neurons fixed across 3 layer(s)
sample [13/100] orig=31 cf=13 -- 1190/1568 neurons fixed across 3 layer(s)
sample [14/100] orig=5 cf=41 -- 1311/1568 neurons fixed across 3 layer(s)
sample [15/100] orig=4 cf=42 -- 1332/1568 neurons fixed across 3 layer(s)
sample [16/100] orig=9 cf=4 -- 1141/1568 neurons fixed across 3 layer(s)
sample [17/100] orig=21 cf=13 -- 1257/1568 neurons fixed across 3 layer(s)
sample [18/100] orig=20 cf=1 -- 1089/1568 neurons fixed across 3 layer(s)
sample [19/100] orig=27 cf=12 -- 1240/1568 neurons fixed across 3 layer(s)
sample [20/100] orig=38 cf=30 -- 1298/1568 neurons fixed across 3 layer(s)
sample [21/100] orig=4 cf=16 -- 1120/1568 neurons fixed across 3 layer(s)
sample [22/100] orig=33 cf=24 -- 1413/1568 neurons fixed across 3 layer(s)
sample [23/100] orig=9 cf=26 -- 1116/1568 neurons fixed across 3 layer(s)
sample [24/100] orig=5 cf=28 -- 1190/1568 neurons fixed across 3 layer(s)
sample [25/100] orig=1 cf=4 -- 1349/1568 neurons fixed across 3 layer(s)
sample [26/100] orig=11 cf=30 -- 1381/1568 neurons fixed across 3 layer(s)
sample [27/100] orig=13 cf=8 -- 1242/1568 neurons fixed across 3 layer(s)
sample [28/100] orig=10 cf=27 -- 1107/1568 neurons fixed across 3 layer(s)
sample [29/100] orig=5 cf=28 -- 1239/1568 neurons fixed across 3 layer(s)
sample [30/100] orig=11 cf=30 -- 1276/1568 neurons fixed across 3 layer(s)
sample [31/100] orig=5 cf=28 -- 1194/1568 neurons fixed across 3 layer(s)
sample [32/100] orig=17 cf=14 -- 1173/1568 neurons fixed across 3 layer(s)
sample [33/100] orig=34 cf=36 -- 1444/1568 neurons fixed across 3 layer(s)
sample [34/100] orig=31 cf=13 -- 1201/1568 neurons fixed across 3 layer(s)
sample [35/100] orig=2 cf=1 -- 1336/1568 neurons fixed across 3 layer(s)
sample [36/100] orig=17 cf=14 -- 1288/1568 neurons fixed across 3 layer(s)
sample [37/100] orig=3 cf=8 -- 1185/1568 neurons fixed across 3 layer(s)
sample [38/100] orig=12 cf=3 -- 1243/1568 neurons fixed across 3 layer(s)
sample [39/100] orig=16 cf=4 -- 1314/1568 neurons fixed across 3 layer(s)
sample [40/100] orig=3 cf=22 -- 1162/1568 neurons fixed across 3 layer(s)
sample [41/100] orig=7 cf=15 -- 1162/1568 neurons fixed across 3 layer(s)
sample [42/100] orig=11 cf=8 -- 1148/1568 neurons fixed across 3 layer(s)
sample [43/100] orig=18 cf=36 -- 1323/1568 neurons fixed across 3 layer(s)
sample [44/100] orig=12 cf=4 -- 1141/1568 neurons fixed across 3 layer(s)
sample [45/100] orig=24 cf=18 -- 1290/1568 neurons fixed across 3 layer(s)
sample [46/100] orig=25 cf=10 -- 1305/1568 neurons fixed across 3 layer(s)
sample [47/100] orig=3 cf=2 -- 1218/1568 neurons fixed across 3 layer(s)
sample [48/100] orig=10 cf=0 -- 1117/1568 neurons fixed across 3 layer(s)
sample [49/100] orig=10 cf=18 -- 1124/1568 neurons fixed across 3 layer(s)
sample [50/100] orig=1 cf=20 -- 1076/1568 neurons fixed across 3 layer(s)
sample [51/100] orig=4 cf=31 -- 1077/1568 neurons fixed across 3 layer(s)
sample [52/100] orig=13 cf=25 -- 1350/1568 neurons fixed across 3 layer(s)
sample [53/100] orig=15 cf=4 -- 1226/1568 neurons fixed across 3 layer(s)
sample [54/100] orig=9 cf=3 -- 1204/1568 neurons fixed across 3 layer(s)
sample [55/100] orig=13 cf=4 -- 1147/1568 neurons fixed across 3 layer(s)
sample [56/100] orig=35 cf=2 -- 1317/1568 neurons fixed across 3 layer(s)
sample [57/100] orig=5 cf=13 -- 1108/1568 neurons fixed across 3 layer(s)
sample [58/100] orig=18 cf=30 -- 1261/1568 neurons fixed across 3 layer(s)
sample [59/100] orig=9 cf=11 -- 1166/1568 neurons fixed across 3 layer(s)
sample [60/100] orig=16 cf=13 -- 1164/1568 neurons fixed across 3 layer(s)
sample [61/100] orig=38 cf=28 -- 1181/1568 neurons fixed across 3 layer(s)
sample [62/100] orig=10 cf=27 -- 1112/1568 neurons fixed across 3 layer(s)
sample [63/100] orig=4 cf=11 -- 1161/1568 neurons fixed across 3 layer(s)
sample [64/100] orig=9 cf=11 -- 1158/1568 neurons fixed across 3 layer(s)
sample [65/100] orig=15 cf=4 -- 1150/1568 neurons fixed across 3 layer(s)
sample [66/100] orig=9 cf=8 -- 1255/1568 neurons fixed across 3 layer(s)
sample [67/100] orig=26 cf=20 -- 1173/1568 neurons fixed across 3 layer(s)
sample [68/100] orig=2 cf=32 -- 1115/1568 neurons fixed across 3 layer(s)
sample [69/100] orig=5 cf=4 -- 1287/1568 neurons fixed across 3 layer(s)
sample [70/100] orig=28 cf=11 -- 1253/1568 neurons fixed across 3 layer(s)
sample [71/100] orig=11 cf=20 -- 1327/1568 neurons fixed across 3 layer(s)
sample [72/100] orig=25 cf=23 -- 1141/1568 neurons fixed across 3 layer(s)
sample [73/100] orig=30 cf=4 -- 1124/1568 neurons fixed across 3 layer(s)
sample [74/100] orig=34 cf=38 -- 1352/1568 neurons fixed across 3 layer(s)
sample [75/100] orig=5 cf=41 -- 1128/1568 neurons fixed across 3 layer(s)
sample [76/100] orig=12 cf=13 -- 1216/1568 neurons fixed across 3 layer(s)
sample [77/100] orig=1 cf=9 -- 1177/1568 neurons fixed across 3 layer(s)
sample [78/100] orig=10 cf=1 -- 1294/1568 neurons fixed across 3 layer(s)
sample [79/100] orig=25 cf=1 -- 1268/1568 neurons fixed across 3 layer(s)
sample [80/100] orig=25 cf=20 -- 1224/1568 neurons fixed across 3 layer(s)
sample [81/100] orig=21 cf=31 -- 1263/1568 neurons fixed across 3 layer(s)
sample [82/100] orig=33 cf=1 -- 1267/1568 neurons fixed across 3 layer(s)
sample [83/100] orig=25 cf=40 -- 1140/1568 neurons fixed across 3 layer(s)
sample [84/100] orig=5 cf=11 -- 1295/1568 neurons fixed across 3 layer(s)
sample [85/100] orig=10 cf=13 -- 1100/1568 neurons fixed across 3 layer(s)
sample [86/100] orig=35 cf=6 -- 1254/1568 neurons fixed across 3 layer(s)
sample [87/100] orig=3 cf=2 -- 1113/1568 neurons fixed across 3 layer(s)
sample [88/100] orig=7 cf=13 -- 1273/1568 neurons fixed across 3 layer(s)
sample [89/100] orig=22 cf=3 -- 1111/1568 neurons fixed across 3 layer(s)
sample [90/100] orig=13 cf=15 -- 1059/1568 neurons fixed across 3 layer(s)
sample [91/100] orig=3 cf=10 -- 1187/1568 neurons fixed across 3 layer(s)
sample [92/100] orig=1 cf=2 -- 1291/1568 neurons fixed across 3 layer(s)
sample [93/100] orig=1 cf=2 -- 1447/1568 neurons fixed across 3 layer(s)
sample [94/100] orig=14 cf=28 -- 1268/1568 neurons fixed across 3 layer(s)
sample [95/100] orig=12 cf=13 -- 1034/1568 neurons fixed across 3 layer(s)
sample [96/100] orig=32 cf=11 -- 1192/1568 neurons fixed across 3 layer(s)
sample [97/100] orig=3 cf=16 -- 1254/1568 neurons fixed across 3 layer(s)
sample [98/100] orig=38 cf=17 -- 1085/1568 neurons fixed across 3 layer(s)
sample [99/100] orig=10 cf=8 -- 1200/1568 neurons fixed across 3 layer(s)
sample [100/100] orig=33 cf=12 -- 1271/1568 neurons fixed across 3 layer(s)

100/100 samples written to /Users/labbaf/Documents/NN_Explainability/spexplain/neuron-activation/spexplain/data/neuron_activations/gtsrb/cnn-bench/NS2.txt (0 failed to produce a counterfactual)
