Model: /Users/labbaf/Documents/NN_Explainability/spexplain/neuron-activation/spexplain/data/models/gtsrb/cnn-bench/NS3.onnx
  input shape [1, 3, 32, 32], 3072 features, 4 ReLU layer(s), 43-class
Dataset: /Users/labbaf/Documents/NN_Explainability/spexplain/neuron-activation/spexplain/data/datasets/gtsrb/gtsrb_s100_scaled.csv (100/100 samples)
PGD: epsilon-frac=0.1 step-frac=0.1 num-steps=50
Output: /Users/labbaf/Documents/NN_Explainability/spexplain/neuron-activation/spexplain/data/neuron_activations/gtsrb/cnn-bench/NS3.txt

sample [1/100] orig=16 cf=4 -- 1708/2080 neurons fixed across 4 layer(s)
sample [2/100] orig=1 cf=10 -- 1711/2080 neurons fixed across 4 layer(s)
sample [3/100] orig=38 cf=39 -- 1593/2080 neurons fixed across 4 layer(s)
sample [4/100] orig=33 cf=12 -- 1765/2080 neurons fixed across 4 layer(s)
sample [5/100] orig=11 cf=29 -- 1503/2080 neurons fixed across 4 layer(s)
sample [6/100] orig=38 cf=39 -- 1530/2080 neurons fixed across 4 layer(s)
sample [7/100] orig=18 cf=26 -- 1682/2080 neurons fixed across 4 layer(s)
sample [8/100] orig=12 cf=8 -- 1410/2080 neurons fixed across 4 layer(s)
sample [9/100] orig=25 cf=31 -- 1750/2080 neurons fixed across 4 layer(s)
sample [10/100] orig=35 cf=39 -- 1521/2080 neurons fixed across 4 layer(s)
sample [11/100] orig=12 cf=7 -- 1527/2080 neurons fixed across 4 layer(s)
sample [12/100] orig=7 cf=2 -- 1455/2080 neurons fixed across 4 layer(s)
sample [13/100] orig=19 cf=7 -- 1376/2080 neurons fixed across 4 layer(s)
sample [14/100] orig=5 cf=0 -- 1595/2080 neurons fixed across 4 layer(s)
sample [15/100] orig=2 cf=4 -- 1768/2080 neurons fixed across 4 layer(s)
sample [16/100] orig=9 cf=10 -- 1439/2080 neurons fixed across 4 layer(s)
sample [17/100] orig=21 cf=2 -- 1602/2080 neurons fixed across 4 layer(s)
sample [18/100] orig=23 cf=28 -- 1428/2080 neurons fixed across 4 layer(s)
sample [19/100] orig=27 cf=11 -- 1598/2080 neurons fixed across 4 layer(s)
sample [20/100] orig=38 cf=26 -- 1561/2080 neurons fixed across 4 layer(s)
sample [21/100] orig=4 cf=7 -- 1384/2080 neurons fixed across 4 layer(s)
sample [22/100] orig=33 cf=39 -- 1762/2080 neurons fixed across 4 layer(s)
sample [23/100] orig=9 cf=10 -- 1380/2080 neurons fixed across 4 layer(s)
sample [24/100] orig=3 cf=1 -- 1424/2080 neurons fixed across 4 layer(s)
sample [25/100] orig=1 cf=4 -- 1733/2080 neurons fixed across 4 layer(s)
sample [26/100] orig=11 cf=6 -- 1768/2080 neurons fixed across 4 layer(s)
sample [27/100] orig=13 cf=34 -- 1654/2080 neurons fixed across 4 layer(s)
sample [28/100] orig=10 cf=1 -- 1378/2080 neurons fixed across 4 layer(s)
sample [29/100] orig=9 cf=10 -- 1510/2080 neurons fixed across 4 layer(s)
sample [30/100] orig=11 cf=30 -- 1638/2080 neurons fixed across 4 layer(s)
sample [31/100] orig=5 cf=2 -- 1548/2080 neurons fixed across 4 layer(s)
sample [32/100] orig=17 cf=22 -- 1553/2080 neurons fixed across 4 layer(s)
sample [33/100] orig=34 cf=35 -- 1752/2080 neurons fixed across 4 layer(s)
sample [34/100] orig=27 cf=10 -- 1345/2080 neurons fixed across 4 layer(s)
sample [35/100] orig=5 cf=2 -- 1669/2080 neurons fixed across 4 layer(s)
sample [36/100] orig=17 cf=10 -- 1683/2080 neurons fixed across 4 layer(s)
sample [37/100] orig=3 cf=4 -- 1499/2080 neurons fixed across 4 layer(s)
sample [38/100] orig=12 cf=13 -- 1506/2080 neurons fixed across 4 layer(s)
sample [39/100] orig=16 cf=7 -- 1693/2080 neurons fixed across 4 layer(s)
sample [40/100] orig=8 cf=25 -- 1247/2080 neurons fixed across 4 layer(s)
sample [41/100] orig=7 cf=3 -- 1447/2080 neurons fixed across 4 layer(s)
sample [42/100] orig=11 cf=29 -- 1309/2080 neurons fixed across 4 layer(s)
sample [43/100] orig=18 cf=26 -- 1670/2080 neurons fixed across 4 layer(s)
sample [44/100] orig=12 cf=3 -- 1292/2080 neurons fixed across 4 layer(s)
sample [45/100] orig=24 cf=10 -- 1647/2080 neurons fixed across 4 layer(s)
sample [46/100] orig=1 cf=25 -- 1666/2080 neurons fixed across 4 layer(s)
sample [47/100] orig=3 cf=4 -- 1431/2080 neurons fixed across 4 layer(s)
sample [48/100] orig=10 cf=1 -- 1457/2080 neurons fixed across 4 layer(s)
sample [49/100] orig=30 cf=4 -- 1391/2080 neurons fixed across 4 layer(s)
sample [50/100] orig=8 cf=2 -- 1406/2080 neurons fixed across 4 layer(s)
sample [51/100] orig=4 cf=12 -- 1237/2080 neurons fixed across 4 layer(s)
sample [52/100] orig=13 cf=8 -- 1754/2080 neurons fixed across 4 layer(s)
sample [53/100] orig=15 cf=2 -- 1462/2080 neurons fixed across 4 layer(s)
sample [54/100] orig=9 cf=10 -- 1538/2080 neurons fixed across 4 layer(s)
sample [55/100] orig=13 cf=16 -- 1349/2080 neurons fixed across 4 layer(s)
sample [56/100] orig=35 cf=7 -- 1775/2080 neurons fixed across 4 layer(s)
sample [57/100] orig=5 cf=3 -- 1358/2080 neurons fixed across 4 layer(s)
sample [58/100] orig=26 cf=29 -- 1611/2080 neurons fixed across 4 layer(s)
sample [59/100] orig=9 cf=10 -- 1565/2080 neurons fixed across 4 layer(s)
sample [60/100] orig=16 cf=28 -- 1487/2080 neurons fixed across 4 layer(s)
sample [61/100] orig=38 cf=28 -- 1418/2080 neurons fixed across 4 layer(s)
sample [62/100] orig=10 cf=8 -- 1326/2080 neurons fixed across 4 layer(s)
sample [63/100] orig=4 cf=3 -- 1523/2080 neurons fixed across 4 layer(s)
sample [64/100] orig=9 cf=10 -- 1349/2080 neurons fixed across 4 layer(s)
sample [65/100] orig=4 cf=3 -- 1455/2080 neurons fixed across 4 layer(s)
sample [66/100] orig=9 cf=10 -- 1624/2080 neurons fixed across 4 layer(s)
sample [67/100] orig=26 cf=3 -- 1492/2080 neurons fixed across 4 layer(s)
sample [68/100] orig=2 cf=8 -- 1383/2080 neurons fixed across 4 layer(s)
sample [69/100] orig=7 cf=3 -- 1681/2080 neurons fixed across 4 layer(s)
sample [70/100] orig=28 cf=12 -- 1579/2080 neurons fixed across 4 layer(s)
sample [71/100] orig=11 cf=28 -- 1735/2080 neurons fixed across 4 layer(s)
sample [72/100] orig=25 cf=11 -- 1373/2080 neurons fixed across 4 layer(s)
sample [73/100] orig=30 cf=18 -- 1397/2080 neurons fixed across 4 layer(s)
sample [74/100] orig=34 cf=7 -- 1598/2080 neurons fixed across 4 layer(s)
sample [75/100] orig=5 cf=4 -- 1437/2080 neurons fixed across 4 layer(s)
sample [76/100] orig=12 cf=35 -- 1557/2080 neurons fixed across 4 layer(s)
sample [77/100] orig=1 cf=10 -- 1526/2080 neurons fixed across 4 layer(s)
sample [78/100] orig=10 cf=16 -- 1643/2080 neurons fixed across 4 layer(s)
sample [79/100] orig=15 cf=1 -- 1643/2080 neurons fixed across 4 layer(s)
sample [80/100] orig=15 cf=4 -- 1586/2080 neurons fixed across 4 layer(s)
sample [81/100] orig=21 cf=28 -- 1545/2080 neurons fixed across 4 layer(s)
sample [82/100] orig=33 cf=12 -- 1500/2080 neurons fixed across 4 layer(s)
sample [83/100] orig=25 cf=21 -- 1324/2080 neurons fixed across 4 layer(s)
sample [84/100] orig=5 cf=4 -- 1578/2080 neurons fixed across 4 layer(s)
sample [85/100] orig=10 cf=28 -- 1360/2080 neurons fixed across 4 layer(s)
sample [86/100] orig=35 cf=38 -- 1464/2080 neurons fixed across 4 layer(s)
sample [87/100] orig=3 cf=4 -- 1471/2080 neurons fixed across 4 layer(s)
sample [88/100] orig=7 cf=3 -- 1526/2080 neurons fixed across 4 layer(s)
sample [89/100] orig=22 cf=12 -- 1322/2080 neurons fixed across 4 layer(s)
sample [90/100] orig=13 cf=15 -- 1446/2080 neurons fixed across 4 layer(s)
sample [91/100] orig=3 cf=4 -- 1307/2080 neurons fixed across 4 layer(s)
sample [92/100] orig=1 cf=5 -- 1609/2080 neurons fixed across 4 layer(s)
sample [93/100] orig=2 cf=0 -- 1830/2080 neurons fixed across 4 layer(s)
sample [94/100] orig=14 cf=4 -- 1689/2080 neurons fixed across 4 layer(s)
sample [95/100] orig=12 cf=3 -- 1319/2080 neurons fixed across 4 layer(s)
sample [96/100] orig=1 cf=41 -- 1606/2080 neurons fixed across 4 layer(s)
sample [97/100] orig=3 cf=4 -- 1534/2080 neurons fixed across 4 layer(s)
sample [98/100] orig=38 cf=12 -- 1413/2080 neurons fixed across 4 layer(s)
sample [99/100] orig=9 cf=10 -- 1492/2080 neurons fixed across 4 layer(s)
sample [100/100] orig=33 cf=23 -- 1519/2080 neurons fixed across 4 layer(s)

100/100 samples written to /Users/labbaf/Documents/NN_Explainability/spexplain/neuron-activation/spexplain/data/neuron_activations/gtsrb/cnn-bench/NS3.txt (0 failed to produce a counterfactual)
