Model: /Users/labbaf/Documents/NN_Explainability/spexplain/neuron-activation/spexplain/data/models/gtsrb/cnn-bench/NS4.onnx
  input shape [1, 3, 32, 32], 3072 features, 5 ReLU layer(s), 43-class
Dataset: /Users/labbaf/Documents/NN_Explainability/spexplain/neuron-activation/spexplain/data/datasets/gtsrb/gtsrb_s100_scaled.csv (100/100 samples)
PGD: epsilon-frac=0.1 step-frac=0.1 num-steps=50
Output: /Users/labbaf/Documents/NN_Explainability/spexplain/neuron-activation/spexplain/data/neuron_activations/gtsrb/cnn-bench/NS4.txt

sample [1/100] orig=16 cf=9 -- 2134/2592 neurons fixed across 5 layer(s)
sample [2/100] orig=1 cf=7 -- 2079/2592 neurons fixed across 5 layer(s)
sample [3/100] orig=38 cf=26 -- 2028/2592 neurons fixed across 5 layer(s)
sample [4/100] orig=33 cf=39 -- 2231/2592 neurons fixed across 5 layer(s)
sample [5/100] orig=11 cf=8 -- 1825/2592 neurons fixed across 5 layer(s)
sample [6/100] orig=38 cf=34 -- 1962/2592 neurons fixed across 5 layer(s)
sample [7/100] orig=18 cf=32 -- 2072/2592 neurons fixed across 5 layer(s)
sample [8/100] orig=12 cf=8 -- 1846/2592 neurons fixed across 5 layer(s)
sample [9/100] orig=25 cf=16 -- 2070/2592 neurons fixed across 5 layer(s)
sample [10/100] orig=35 cf=39 -- 1929/2592 neurons fixed across 5 layer(s)
sample [11/100] orig=12 cf=2 -- 1921/2592 neurons fixed across 5 layer(s)
sample [12/100] orig=7 cf=2 -- 1952/2592 neurons fixed across 5 layer(s)
sample [13/100] orig=31 cf=32 -- 1910/2592 neurons fixed across 5 layer(s)
sample [14/100] orig=3 cf=7 -- 2142/2592 neurons fixed across 5 layer(s)
sample [15/100] orig=7 cf=4 -- 2174/2592 neurons fixed across 5 layer(s)
sample [16/100] orig=9 cf=10 -- 1926/2592 neurons fixed across 5 layer(s)
sample [17/100] orig=21 cf=25 -- 1939/2592 neurons fixed across 5 layer(s)
sample [18/100] orig=28 cf=21 -- 1891/2592 neurons fixed across 5 layer(s)
sample [19/100] orig=27 cf=11 -- 1890/2592 neurons fixed across 5 layer(s)
sample [20/100] orig=38 cf=26 -- 1979/2592 neurons fixed across 5 layer(s)
sample [21/100] orig=4 cf=28 -- 1824/2592 neurons fixed across 5 layer(s)
sample [22/100] orig=33 cf=34 -- 2236/2592 neurons fixed across 5 layer(s)
sample [23/100] orig=9 cf=25 -- 1760/2592 neurons fixed across 5 layer(s)
sample [24/100] orig=3 cf=21 -- 1902/2592 neurons fixed across 5 layer(s)
sample [25/100] orig=1 cf=2 -- 2191/2592 neurons fixed across 5 layer(s)
sample [26/100] orig=11 cf=3 -- 2226/2592 neurons fixed across 5 layer(s)
sample [27/100] orig=13 cf=9 -- 2075/2592 neurons fixed across 5 layer(s)
sample [28/100] orig=10 cf=28 -- 1819/2592 neurons fixed across 5 layer(s)
sample [29/100] orig=9 cf=10 -- 1937/2592 neurons fixed across 5 layer(s)
sample [30/100] orig=11 cf=23 -- 2021/2592 neurons fixed across 5 layer(s)
sample [31/100] orig=3 cf=2 -- 1976/2592 neurons fixed across 5 layer(s)
sample [32/100] orig=17 cf=2 -- 1891/2592 neurons fixed across 5 layer(s)
sample [33/100] orig=34 cf=35 -- 2252/2592 neurons fixed across 5 layer(s)
sample [34/100] orig=31 cf=8 -- 1873/2592 neurons fixed across 5 layer(s)
sample [35/100] orig=2 cf=0 -- 2110/2592 neurons fixed across 5 layer(s)
sample [36/100] orig=17 cf=2 -- 2080/2592 neurons fixed across 5 layer(s)
sample [37/100] orig=3 cf=25 -- 1885/2592 neurons fixed across 5 layer(s)
sample [38/100] orig=12 cf=7 -- 1869/2592 neurons fixed across 5 layer(s)
sample [39/100] orig=16 cf=10 -- 2147/2592 neurons fixed across 5 layer(s)
sample [40/100] orig=3 cf=4 -- 1810/2592 neurons fixed across 5 layer(s)
sample [41/100] orig=7 cf=18 -- 1817/2592 neurons fixed across 5 layer(s)
sample [42/100] orig=11 cf=22 -- 1810/2592 neurons fixed across 5 layer(s)
sample [43/100] orig=18 cf=32 -- 2060/2592 neurons fixed across 5 layer(s)
sample [44/100] orig=12 cf=2 -- 1776/2592 neurons fixed across 5 layer(s)
sample [45/100] orig=24 cf=11 -- 2085/2592 neurons fixed across 5 layer(s)
sample [46/100] orig=25 cf=9 -- 1979/2592 neurons fixed across 5 layer(s)
sample [47/100] orig=3 cf=2 -- 1888/2592 neurons fixed across 5 layer(s)
sample [48/100] orig=10 cf=8 -- 1739/2592 neurons fixed across 5 layer(s)
sample [49/100] orig=18 cf=11 -- 1848/2592 neurons fixed across 5 layer(s)
sample [50/100] orig=7 cf=25 -- 1824/2592 neurons fixed across 5 layer(s)
sample [51/100] orig=4 cf=28 -- 1747/2592 neurons fixed across 5 layer(s)
sample [52/100] orig=13 cf=31 -- 2133/2592 neurons fixed across 5 layer(s)
sample [53/100] orig=15 cf=13 -- 1883/2592 neurons fixed across 5 layer(s)
sample [54/100] orig=9 cf=12 -- 1887/2592 neurons fixed across 5 layer(s)
sample [55/100] orig=13 cf=9 -- 1819/2592 neurons fixed across 5 layer(s)
sample [56/100] orig=35 cf=1 -- 2166/2592 neurons fixed across 5 layer(s)
sample [57/100] orig=5 cf=1 -- 1804/2592 neurons fixed across 5 layer(s)
sample [58/100] orig=26 cf=25 -- 2029/2592 neurons fixed across 5 layer(s)
sample [59/100] orig=9 cf=25 -- 1900/2592 neurons fixed across 5 layer(s)
sample [60/100] orig=16 cf=2 -- 1865/2592 neurons fixed across 5 layer(s)
sample [61/100] orig=38 cf=3 -- 1850/2592 neurons fixed across 5 layer(s)
sample [62/100] orig=10 cf=27 -- 1823/2592 neurons fixed across 5 layer(s)
sample [63/100] orig=4 cf=23 -- 1868/2592 neurons fixed across 5 layer(s)
sample [64/100] orig=9 cf=25 -- 1839/2592 neurons fixed across 5 layer(s)
sample [65/100] orig=15 cf=4 -- 1922/2592 neurons fixed across 5 layer(s)
sample [66/100] orig=9 cf=10 -- 2018/2592 neurons fixed across 5 layer(s)
sample [67/100] orig=26 cf=11 -- 1881/2592 neurons fixed across 5 layer(s)
sample [68/100] orig=2 cf=0 -- 1895/2592 neurons fixed across 5 layer(s)
sample [69/100] orig=5 cf=8 -- 2063/2592 neurons fixed across 5 layer(s)
sample [70/100] orig=30 cf=18 -- 2078/2592 neurons fixed across 5 layer(s)
sample [71/100] orig=11 cf=28 -- 2196/2592 neurons fixed across 5 layer(s)
sample [72/100] orig=25 cf=3 -- 1758/2592 neurons fixed across 5 layer(s)
sample [73/100] orig=30 cf=4 -- 1769/2592 neurons fixed across 5 layer(s)
sample [74/100] orig=34 cf=21 -- 2062/2592 neurons fixed across 5 layer(s)
sample [75/100] orig=5 cf=1 -- 1862/2592 neurons fixed across 5 layer(s)
sample [76/100] orig=12 cf=13 -- 1879/2592 neurons fixed across 5 layer(s)
sample [77/100] orig=1 cf=7 -- 1869/2592 neurons fixed across 5 layer(s)
sample [78/100] orig=10 cf=3 -- 2069/2592 neurons fixed across 5 layer(s)
sample [79/100] orig=25 cf=9 -- 1979/2592 neurons fixed across 5 layer(s)
sample [80/100] orig=25 cf=9 -- 1980/2592 neurons fixed across 5 layer(s)
sample [81/100] orig=21 cf=23 -- 1956/2592 neurons fixed across 5 layer(s)
sample [82/100] orig=33 cf=34 -- 1980/2592 neurons fixed across 5 layer(s)
sample [83/100] orig=25 cf=13 -- 1731/2592 neurons fixed across 5 layer(s)
sample [84/100] orig=3 cf=4 -- 2152/2592 neurons fixed across 5 layer(s)
sample [85/100] orig=10 cf=28 -- 1763/2592 neurons fixed across 5 layer(s)
sample [86/100] orig=35 cf=39 -- 1883/2592 neurons fixed across 5 layer(s)
sample [87/100] orig=3 cf=21 -- 1829/2592 neurons fixed across 5 layer(s)
sample [88/100] orig=7 cf=8 -- 2152/2592 neurons fixed across 5 layer(s)
sample [89/100] orig=22 cf=26 -- 1770/2592 neurons fixed across 5 layer(s)
sample [90/100] orig=13 cf=9 -- 1825/2592 neurons fixed across 5 layer(s)
sample [91/100] orig=3 cf=4 -- 1879/2592 neurons fixed across 5 layer(s)
sample [92/100] orig=1 cf=2 -- 2042/2592 neurons fixed across 5 layer(s)
sample [93/100] orig=2 cf=0 -- 2256/2592 neurons fixed across 5 layer(s)
sample [94/100] orig=14 cf=9 -- 2165/2592 neurons fixed across 5 layer(s)
sample [95/100] orig=12 cf=2 -- 1739/2592 neurons fixed across 5 layer(s)
sample [96/100] orig=1 cf=20 -- 2017/2592 neurons fixed across 5 layer(s)
sample [97/100] orig=3 cf=4 -- 2038/2592 neurons fixed across 5 layer(s)
sample [98/100] orig=38 cf=22 -- 1791/2592 neurons fixed across 5 layer(s)
sample [99/100] orig=9 cf=25 -- 1941/2592 neurons fixed across 5 layer(s)
sample [100/100] orig=33 cf=37 -- 1972/2592 neurons fixed across 5 layer(s)

100/100 samples written to /Users/labbaf/Documents/NN_Explainability/spexplain/neuron-activation/spexplain/data/neuron_activations/gtsrb/cnn-bench/NS4.txt (0 failed to produce a counterfactual)
