Model: /Users/labbaf/Documents/NN_Explainability/spexplain/neuron-activation/spexplain/data/models/gtsrb/cnn-bench/NS5.onnx
  input shape [1, 3, 32, 32], 3072 features, 6 ReLU layer(s), 43-class
Dataset: /Users/labbaf/Documents/NN_Explainability/spexplain/neuron-activation/spexplain/data/datasets/gtsrb/gtsrb_s100_scaled.csv (100/100 samples)
PGD: epsilon-frac=0.1 step-frac=0.1 num-steps=50
Output: /Users/labbaf/Documents/NN_Explainability/spexplain/neuron-activation/spexplain/data/neuron_activations/gtsrb/cnn-bench/NS5.txt

sample [1/100] orig=16 cf=9 -- 2552/3104 neurons fixed across 6 layer(s)
sample [2/100] orig=1 cf=5 -- 2552/3104 neurons fixed across 6 layer(s)
sample [3/100] orig=38 cf=35 -- 2343/3104 neurons fixed across 6 layer(s)
sample [4/100] orig=33 cf=39 -- 2630/3104 neurons fixed across 6 layer(s)
sample [5/100] orig=11 cf=24 -- 2195/3104 neurons fixed across 6 layer(s)
sample [6/100] orig=38 cf=41 -- 2310/3104 neurons fixed across 6 layer(s)
sample [7/100] orig=18 cf=26 -- 2534/3104 neurons fixed across 6 layer(s)
sample [8/100] orig=12 cf=8 -- 2289/3104 neurons fixed across 6 layer(s)
sample [9/100] orig=25 cf=2 -- 2560/3104 neurons fixed across 6 layer(s)
sample [10/100] orig=35 cf=33 -- 2219/3104 neurons fixed across 6 layer(s)
sample [11/100] orig=12 cf=7 -- 2330/3104 neurons fixed across 6 layer(s)
sample [12/100] orig=7 cf=5 -- 2286/3104 neurons fixed across 6 layer(s)
sample [13/100] orig=31 cf=27 -- 2234/3104 neurons fixed across 6 layer(s)
sample [14/100] orig=5 cf=9 -- 2522/3104 neurons fixed across 6 layer(s)
sample [15/100] orig=4 cf=3 -- 2502/3104 neurons fixed across 6 layer(s)
sample [16/100] orig=9 cf=25 -- 2104/3104 neurons fixed across 6 layer(s)
sample [17/100] orig=21 cf=11 -- 2357/3104 neurons fixed across 6 layer(s)
sample [18/100] orig=20 cf=25 -- 2143/3104 neurons fixed across 6 layer(s)
sample [19/100] orig=27 cf=31 -- 2384/3104 neurons fixed across 6 layer(s)
sample [20/100] orig=38 cf=31 -- 2319/3104 neurons fixed across 6 layer(s)
sample [21/100] orig=4 cf=28 -- 2158/3104 neurons fixed across 6 layer(s)
sample [22/100] orig=33 cf=4 -- 2514/3104 neurons fixed across 6 layer(s)
sample [23/100] orig=9 cf=11 -- 2126/3104 neurons fixed across 6 layer(s)
sample [24/100] orig=3 cf=13 -- 2286/3104 neurons fixed across 6 layer(s)
sample [25/100] orig=1 cf=4 -- 2560/3104 neurons fixed across 6 layer(s)
sample [26/100] orig=11 cf=3 -- 2558/3104 neurons fixed across 6 layer(s)
sample [27/100] orig=13 cf=8 -- 2417/3104 neurons fixed across 6 layer(s)
sample [28/100] orig=10 cf=2 -- 2174/3104 neurons fixed across 6 layer(s)
sample [29/100] orig=9 cf=10 -- 2346/3104 neurons fixed across 6 layer(s)
sample [30/100] orig=11 cf=2 -- 2292/3104 neurons fixed across 6 layer(s)
sample [31/100] orig=3 cf=2 -- 2365/3104 neurons fixed across 6 layer(s)
sample [32/100] orig=17 cf=14 -- 2314/3104 neurons fixed across 6 layer(s)
sample [33/100] orig=34 cf=38 -- 2560/3104 neurons fixed across 6 layer(s)
sample [34/100] orig=31 cf=27 -- 2193/3104 neurons fixed across 6 layer(s)
sample [35/100] orig=2 cf=0 -- 2480/3104 neurons fixed across 6 layer(s)
sample [36/100] orig=17 cf=12 -- 2491/3104 neurons fixed across 6 layer(s)
sample [37/100] orig=3 cf=10 -- 2243/3104 neurons fixed across 6 layer(s)
sample [38/100] orig=12 cf=38 -- 2295/3104 neurons fixed across 6 layer(s)
sample [39/100] orig=16 cf=10 -- 2413/3104 neurons fixed across 6 layer(s)
sample [40/100] orig=8 cf=18 -- 2177/3104 neurons fixed across 6 layer(s)
sample [41/100] orig=7 cf=15 -- 2215/3104 neurons fixed across 6 layer(s)
sample [42/100] orig=30 cf=10 -- 2165/3104 neurons fixed across 6 layer(s)
sample [43/100] orig=18 cf=26 -- 2427/3104 neurons fixed across 6 layer(s)
sample [44/100] orig=12 cf=6 -- 2226/3104 neurons fixed across 6 layer(s)
sample [45/100] orig=27 cf=25 -- 2504/3104 neurons fixed across 6 layer(s)
sample [46/100] orig=25 cf=1 -- 2418/3104 neurons fixed across 6 layer(s)
sample [47/100] orig=5 cf=3 -- 2263/3104 neurons fixed across 6 layer(s)
sample [48/100] orig=10 cf=28 -- 2210/3104 neurons fixed across 6 layer(s)
sample [49/100] orig=10 cf=28 -- 2125/3104 neurons fixed across 6 layer(s)
sample [50/100] orig=8 cf=2 -- 2142/3104 neurons fixed across 6 layer(s)
sample [51/100] orig=4 cf=18 -- 2119/3104 neurons fixed across 6 layer(s)
sample [52/100] orig=13 cf=30 -- 2490/3104 neurons fixed across 6 layer(s)
sample [53/100] orig=15 cf=2 -- 2241/3104 neurons fixed across 6 layer(s)
sample [54/100] orig=9 cf=10 -- 2331/3104 neurons fixed across 6 layer(s)
sample [55/100] orig=13 cf=24 -- 2093/3104 neurons fixed across 6 layer(s)
sample [56/100] orig=35 cf=23 -- 2550/3104 neurons fixed across 6 layer(s)
sample [57/100] orig=5 cf=28 -- 2127/3104 neurons fixed across 6 layer(s)
sample [58/100] orig=26 cf=25 -- 2410/3104 neurons fixed across 6 layer(s)
sample [59/100] orig=9 cf=10 -- 2325/3104 neurons fixed across 6 layer(s)
sample [60/100] orig=16 cf=5 -- 2299/3104 neurons fixed across 6 layer(s)
sample [61/100] orig=38 cf=29 -- 2410/3104 neurons fixed across 6 layer(s)
sample [62/100] orig=10 cf=7 -- 2185/3104 neurons fixed across 6 layer(s)
sample [63/100] orig=4 cf=2 -- 2302/3104 neurons fixed across 6 layer(s)
sample [64/100] orig=9 cf=6 -- 2211/3104 neurons fixed across 6 layer(s)
sample [65/100] orig=15 cf=2 -- 2277/3104 neurons fixed across 6 layer(s)
sample [66/100] orig=9 cf=20 -- 2373/3104 neurons fixed across 6 layer(s)
sample [67/100] orig=26 cf=23 -- 2265/3104 neurons fixed across 6 layer(s)
sample [68/100] orig=2 cf=8 -- 2204/3104 neurons fixed across 6 layer(s)
sample [69/100] orig=5 cf=1 -- 2443/3104 neurons fixed across 6 layer(s)
sample [70/100] orig=28 cf=10 -- 2365/3104 neurons fixed across 6 layer(s)
sample [71/100] orig=11 cf=29 -- 2525/3104 neurons fixed across 6 layer(s)
sample [72/100] orig=25 cf=18 -- 2176/3104 neurons fixed across 6 layer(s)
sample [73/100] orig=11 cf=22 -- 2136/3104 neurons fixed across 6 layer(s)
sample [74/100] orig=34 cf=38 -- 2328/3104 neurons fixed across 6 layer(s)
sample [75/100] orig=5 cf=8 -- 2230/3104 neurons fixed across 6 layer(s)
sample [76/100] orig=12 cf=5 -- 2334/3104 neurons fixed across 6 layer(s)
sample [77/100] orig=1 cf=2 -- 2258/3104 neurons fixed across 6 layer(s)
sample [78/100] orig=10 cf=28 -- 2441/3104 neurons fixed across 6 layer(s)
sample [79/100] orig=25 cf=17 -- 2359/3104 neurons fixed across 6 layer(s)
sample [80/100] orig=25 cf=11 -- 2193/3104 neurons fixed across 6 layer(s)
sample [81/100] orig=21 cf=31 -- 2390/3104 neurons fixed across 6 layer(s)
sample [82/100] orig=33 cf=37 -- 2372/3104 neurons fixed across 6 layer(s)
sample [83/100] orig=25 cf=7 -- 2172/3104 neurons fixed across 6 layer(s)
sample [84/100] orig=5 cf=8 -- 2520/3104 neurons fixed across 6 layer(s)
sample [85/100] orig=10 cf=3 -- 2161/3104 neurons fixed across 6 layer(s)
sample [86/100] orig=35 cf=39 -- 2351/3104 neurons fixed across 6 layer(s)
sample [87/100] orig=3 cf=2 -- 2229/3104 neurons fixed across 6 layer(s)
sample [88/100] orig=8 cf=2 -- 2446/3104 neurons fixed across 6 layer(s)
sample [89/100] orig=22 cf=11 -- 2095/3104 neurons fixed across 6 layer(s)
sample [90/100] orig=13 cf=28 -- 2166/3104 neurons fixed across 6 layer(s)
sample [91/100] orig=3 cf=4 -- 2222/3104 neurons fixed across 6 layer(s)
sample [92/100] orig=1 cf=22 -- 2411/3104 neurons fixed across 6 layer(s)
sample [93/100] orig=1 cf=2 -- 2685/3104 neurons fixed across 6 layer(s)
sample [94/100] orig=14 cf=3 -- 2505/3104 neurons fixed across 6 layer(s)
sample [95/100] orig=12 cf=5 -- 2098/3104 neurons fixed across 6 layer(s)
sample [96/100] orig=32 cf=7 -- 2368/3104 neurons fixed across 6 layer(s)
sample [97/100] orig=3 cf=37 -- 2422/3104 neurons fixed across 6 layer(s)
sample [98/100] orig=38 cf=10 -- 2127/3104 neurons fixed across 6 layer(s)
sample [99/100] orig=9 cf=10 -- 2317/3104 neurons fixed across 6 layer(s)
sample [100/100] orig=33 cf=12 -- 2372/3104 neurons fixed across 6 layer(s)

100/100 samples written to /Users/labbaf/Documents/NN_Explainability/spexplain/neuron-activation/spexplain/data/neuron_activations/gtsrb/cnn-bench/NS5.txt (0 failed to produce a counterfactual)
