Model: /Users/labbaf/Documents/NN_Explainability/spexplain/neuron-activation/spexplain/data/models/gtsrb/cnn-bench/NS6.onnx
  input shape [1, 3, 32, 32], 3072 features, 7 ReLU layer(s), 43-class
Dataset: /Users/labbaf/Documents/NN_Explainability/spexplain/neuron-activation/spexplain/data/datasets/gtsrb/gtsrb_s100_scaled.csv (100/100 samples)
PGD: epsilon-frac=0.1 step-frac=0.1 num-steps=50
Output: /Users/labbaf/Documents/NN_Explainability/spexplain/neuron-activation/spexplain/data/neuron_activations/gtsrb/cnn-bench/NS6.txt

sample [1/100] orig=16 cf=9 -- 3032/3616 neurons fixed across 7 layer(s)
sample [2/100] orig=1 cf=4 -- 2907/3616 neurons fixed across 7 layer(s)
sample [3/100] orig=38 cf=34 -- 2733/3616 neurons fixed across 7 layer(s)
sample [4/100] orig=33 cf=35 -- 2992/3616 neurons fixed across 7 layer(s)
sample [5/100] orig=11 cf=31 -- 2654/3616 neurons fixed across 7 layer(s)
sample [6/100] orig=38 cf=35 -- 2714/3616 neurons fixed across 7 layer(s)
sample [7/100] orig=18 cf=28 -- 2969/3616 neurons fixed across 7 layer(s)
sample [8/100] orig=12 cf=1 -- 2601/3616 neurons fixed across 7 layer(s)
sample [9/100] orig=25 cf=11 -- 2987/3616 neurons fixed across 7 layer(s)
sample [10/100] orig=35 cf=38 -- 2756/3616 neurons fixed across 7 layer(s)
sample [11/100] orig=12 cf=13 -- 2819/3616 neurons fixed across 7 layer(s)
sample [12/100] orig=7 cf=4 -- 2558/3616 neurons fixed across 7 layer(s)
sample [13/100] orig=23 cf=26 -- 2543/3616 neurons fixed across 7 layer(s)
sample [14/100] orig=7 cf=3 -- 2952/3616 neurons fixed across 7 layer(s)
sample [15/100] orig=5 cf=4 -- 3109/3616 neurons fixed across 7 layer(s)
sample [16/100] orig=9 cf=4 -- 2522/3616 neurons fixed across 7 layer(s)
sample [17/100] orig=21 cf=25 -- 2830/3616 neurons fixed across 7 layer(s)
sample [18/100] orig=20 cf=25 -- 2593/3616 neurons fixed across 7 layer(s)
sample [19/100] orig=27 cf=18 -- 2767/3616 neurons fixed across 7 layer(s)
sample [20/100] orig=38 cf=10 -- 2696/3616 neurons fixed across 7 layer(s)
sample [21/100] orig=4 cf=16 -- 2468/3616 neurons fixed across 7 layer(s)
sample [22/100] orig=33 cf=35 -- 3035/3616 neurons fixed across 7 layer(s)
sample [23/100] orig=9 cf=10 -- 2542/3616 neurons fixed across 7 layer(s)
sample [24/100] orig=3 cf=5 -- 2708/3616 neurons fixed across 7 layer(s)
sample [25/100] orig=1 cf=2 -- 2980/3616 neurons fixed across 7 layer(s)
sample [26/100] orig=11 cf=29 -- 3022/3616 neurons fixed across 7 layer(s)
sample [27/100] orig=13 cf=1 -- 2915/3616 neurons fixed across 7 layer(s)
sample [28/100] orig=10 cf=29 -- 2613/3616 neurons fixed across 7 layer(s)
sample [29/100] orig=9 cf=10 -- 2767/3616 neurons fixed across 7 layer(s)
sample [30/100] orig=11 cf=18 -- 2785/3616 neurons fixed across 7 layer(s)
sample [31/100] orig=5 cf=2 -- 2702/3616 neurons fixed across 7 layer(s)
sample [32/100] orig=17 cf=14 -- 2595/3616 neurons fixed across 7 layer(s)
sample [33/100] orig=34 cf=35 -- 3155/3616 neurons fixed across 7 layer(s)
sample [34/100] orig=21 cf=3 -- 2575/3616 neurons fixed across 7 layer(s)
sample [35/100] orig=2 cf=1 -- 2980/3616 neurons fixed across 7 layer(s)
sample [36/100] orig=17 cf=8 -- 2837/3616 neurons fixed across 7 layer(s)
sample [37/100] orig=3 cf=2 -- 2713/3616 neurons fixed across 7 layer(s)
sample [38/100] orig=12 cf=38 -- 2836/3616 neurons fixed across 7 layer(s)
sample [39/100] orig=16 cf=9 -- 2885/3616 neurons fixed across 7 layer(s)
sample [40/100] orig=3 cf=8 -- 2486/3616 neurons fixed across 7 layer(s)
sample [41/100] orig=7 cf=3 -- 2664/3616 neurons fixed across 7 layer(s)
sample [42/100] orig=30 cf=10 -- 2405/3616 neurons fixed across 7 layer(s)
sample [43/100] orig=18 cf=12 -- 2801/3616 neurons fixed across 7 layer(s)
sample [44/100] orig=12 cf=25 -- 2523/3616 neurons fixed across 7 layer(s)
sample [45/100] orig=24 cf=21 -- 2926/3616 neurons fixed across 7 layer(s)
sample [46/100] orig=25 cf=23 -- 2821/3616 neurons fixed across 7 layer(s)
sample [47/100] orig=3 cf=2 -- 2642/3616 neurons fixed across 7 layer(s)
sample [48/100] orig=10 cf=9 -- 2612/3616 neurons fixed across 7 layer(s)
sample [49/100] orig=18 cf=25 -- 2599/3616 neurons fixed across 7 layer(s)
sample [50/100] orig=8 cf=42 -- 2543/3616 neurons fixed across 7 layer(s)
sample [51/100] orig=18 cf=2 -- 2477/3616 neurons fixed across 7 layer(s)
sample [52/100] orig=13 cf=2 -- 2955/3616 neurons fixed across 7 layer(s)
sample [53/100] orig=15 cf=5 -- 2713/3616 neurons fixed across 7 layer(s)
sample [54/100] orig=9 cf=5 -- 2761/3616 neurons fixed across 7 layer(s)
sample [55/100] orig=13 cf=1 -- 2573/3616 neurons fixed across 7 layer(s)
sample [56/100] orig=35 cf=36 -- 3042/3616 neurons fixed across 7 layer(s)
sample [57/100] orig=5 cf=3 -- 2548/3616 neurons fixed across 7 layer(s)
sample [58/100] orig=26 cf=18 -- 2916/3616 neurons fixed across 7 layer(s)
sample [59/100] orig=9 cf=10 -- 2817/3616 neurons fixed across 7 layer(s)
sample [60/100] orig=16 cf=5 -- 2661/3616 neurons fixed across 7 layer(s)
sample [61/100] orig=38 cf=35 -- 2616/3616 neurons fixed across 7 layer(s)
sample [62/100] orig=10 cf=31 -- 2484/3616 neurons fixed across 7 layer(s)
sample [63/100] orig=4 cf=1 -- 2660/3616 neurons fixed across 7 layer(s)
sample [64/100] orig=9 cf=4 -- 2485/3616 neurons fixed across 7 layer(s)
sample [65/100] orig=15 cf=1 -- 2552/3616 neurons fixed across 7 layer(s)
sample [66/100] orig=9 cf=16 -- 2921/3616 neurons fixed across 7 layer(s)
sample [67/100] orig=26 cf=18 -- 2699/3616 neurons fixed across 7 layer(s)
sample [68/100] orig=2 cf=7 -- 2485/3616 neurons fixed across 7 layer(s)
sample [69/100] orig=5 cf=2 -- 2899/3616 neurons fixed across 7 layer(s)
sample [70/100] orig=28 cf=26 -- 2872/3616 neurons fixed across 7 layer(s)
sample [71/100] orig=11 cf=29 -- 2932/3616 neurons fixed across 7 layer(s)
sample [72/100] orig=25 cf=22 -- 2577/3616 neurons fixed across 7 layer(s)
sample [73/100] orig=26 cf=2 -- 2629/3616 neurons fixed across 7 layer(s)
sample [74/100] orig=34 cf=38 -- 2897/3616 neurons fixed across 7 layer(s)
sample [75/100] orig=5 cf=35 -- 2607/3616 neurons fixed across 7 layer(s)
sample [76/100] orig=12 cf=33 -- 2770/3616 neurons fixed across 7 layer(s)
sample [77/100] orig=1 cf=4 -- 2542/3616 neurons fixed across 7 layer(s)
sample [78/100] orig=10 cf=16 -- 2866/3616 neurons fixed across 7 layer(s)
sample [79/100] orig=25 cf=11 -- 2888/3616 neurons fixed across 7 layer(s)
sample [80/100] orig=25 cf=28 -- 2713/3616 neurons fixed across 7 layer(s)
sample [81/100] orig=21 cf=22 -- 2719/3616 neurons fixed across 7 layer(s)
sample [82/100] orig=33 cf=36 -- 2773/3616 neurons fixed across 7 layer(s)
sample [83/100] orig=25 cf=22 -- 2519/3616 neurons fixed across 7 layer(s)
sample [84/100] orig=7 cf=3 -- 2852/3616 neurons fixed across 7 layer(s)
sample [85/100] orig=10 cf=29 -- 2643/3616 neurons fixed across 7 layer(s)
sample [86/100] orig=35 cf=40 -- 2720/3616 neurons fixed across 7 layer(s)
sample [87/100] orig=3 cf=2 -- 2722/3616 neurons fixed across 7 layer(s)
sample [88/100] orig=5 cf=8 -- 2897/3616 neurons fixed across 7 layer(s)
sample [89/100] orig=22 cf=3 -- 2479/3616 neurons fixed across 7 layer(s)
sample [90/100] orig=13 cf=1 -- 2471/3616 neurons fixed across 7 layer(s)
sample [91/100] orig=3 cf=25 -- 2552/3616 neurons fixed across 7 layer(s)
sample [92/100] orig=1 cf=4 -- 2870/3616 neurons fixed across 7 layer(s)
sample [93/100] orig=2 cf=1 -- 3056/3616 neurons fixed across 7 layer(s)
sample [94/100] orig=14 cf=2 -- 2933/3616 neurons fixed across 7 layer(s)
sample [95/100] orig=12 cf=10 -- 2558/3616 neurons fixed across 7 layer(s)
sample [96/100] orig=32 cf=19 -- 2749/3616 neurons fixed across 7 layer(s)
sample [97/100] orig=3 cf=4 -- 2827/3616 neurons fixed across 7 layer(s)
sample [98/100] orig=38 cf=14 -- 2471/3616 neurons fixed across 7 layer(s)
sample [99/100] orig=9 cf=10 -- 2713/3616 neurons fixed across 7 layer(s)
sample [100/100] orig=33 cf=36 -- 2781/3616 neurons fixed across 7 layer(s)

100/100 samples written to /Users/labbaf/Documents/NN_Explainability/spexplain/neuron-activation/spexplain/data/neuron_activations/gtsrb/cnn-bench/NS6.txt (0 failed to produce a counterfactual)
