Model: /Users/labbaf/Documents/NN_Explainability/spexplain/neuron-activation/spexplain/data/models/gtsrb/cnn-bench/P1.onnx
  input shape [1, 3, 32, 32], 3072 features, 2 ReLU layer(s), 43-class
Dataset: /Users/labbaf/Documents/NN_Explainability/spexplain/neuron-activation/spexplain/data/datasets/gtsrb/gtsrb_s100_scaled.csv (100/100 samples)
PGD: epsilon-frac=0.1 step-frac=0.1 num-steps=50
Output: /Users/labbaf/Documents/NN_Explainability/spexplain/neuron-activation/spexplain/data/neuron_activations/gtsrb/cnn-bench/P1.txt

sample [1/100] orig=16 cf=5 -- 446/544 neurons fixed across 2 layer(s)
sample [2/100] orig=1 cf=31 -- 456/544 neurons fixed across 2 layer(s)
sample [3/100] orig=38 cf=25 -- 449/544 neurons fixed across 2 layer(s)
sample [4/100] orig=33 cf=39 -- 487/544 neurons fixed across 2 layer(s)
sample [5/100] orig=11 cf=31 -- 406/544 neurons fixed across 2 layer(s)
sample [6/100] orig=38 cf=10 -- 491/544 neurons fixed across 2 layer(s)
sample [7/100] orig=18 cf=19 -- 465/544 neurons fixed across 2 layer(s)
sample [8/100] orig=12 cf=33 -- 441/544 neurons fixed across 2 layer(s)
sample [9/100] orig=25 cf=18 -- 489/544 neurons fixed across 2 layer(s)
sample [10/100] orig=35 cf=39 -- 464/544 neurons fixed across 2 layer(s)
sample [11/100] orig=12 cf=28 -- 432/544 neurons fixed across 2 layer(s)
sample [12/100] orig=7 cf=8 -- 465/544 neurons fixed across 2 layer(s)
sample [13/100] orig=31 cf=26 -- 474/544 neurons fixed across 2 layer(s)
sample [14/100] orig=3 cf=7 -- 442/544 neurons fixed across 2 layer(s)
sample [15/100] orig=4 cf=2 -- 471/544 neurons fixed across 2 layer(s)
sample [16/100] orig=9 cf=10 -- 444/544 neurons fixed across 2 layer(s)
sample [17/100] orig=21 cf=23 -- 446/544 neurons fixed across 2 layer(s)
sample [18/100] orig=28 cf=6 -- 456/544 neurons fixed across 2 layer(s)
sample [19/100] orig=11 cf=31 -- 457/544 neurons fixed across 2 layer(s)
sample [20/100] orig=38 cf=13 -- 479/544 neurons fixed across 2 layer(s)
sample [21/100] orig=4 cf=23 -- 448/544 neurons fixed across 2 layer(s)
sample [22/100] orig=33 cf=37 -- 482/544 neurons fixed across 2 layer(s)
sample [23/100] orig=9 cf=8 -- 447/544 neurons fixed across 2 layer(s)
sample [24/100] orig=3 cf=31 -- 475/544 neurons fixed across 2 layer(s)
sample [25/100] orig=2 cf=28 -- 481/544 neurons fixed across 2 layer(s)
sample [26/100] orig=11 cf=25 -- 457/544 neurons fixed across 2 layer(s)
sample [27/100] orig=13 cf=9 -- 429/544 neurons fixed across 2 layer(s)
sample [28/100] orig=10 cf=28 -- 450/544 neurons fixed across 2 layer(s)
sample [29/100] orig=9 cf=10 -- 454/544 neurons fixed across 2 layer(s)
sample [30/100] orig=11 cf=18 -- 454/544 neurons fixed across 2 layer(s)
sample [31/100] orig=5 cf=2 -- 465/544 neurons fixed across 2 layer(s)
sample [32/100] orig=17 cf=4 -- 431/544 neurons fixed across 2 layer(s)
sample [33/100] orig=34 cf=35 -- 485/544 neurons fixed across 2 layer(s)
sample [34/100] orig=31 cf=4 -- 465/544 neurons fixed across 2 layer(s)
sample [35/100] orig=2 cf=1 -- 465/544 neurons fixed across 2 layer(s)
sample [36/100] orig=17 cf=8 -- 470/544 neurons fixed across 2 layer(s)
sample [37/100] orig=3 cf=5 -- 452/544 neurons fixed across 2 layer(s)
sample [38/100] orig=12 cf=4 -- 450/544 neurons fixed across 2 layer(s)
sample [39/100] orig=16 cf=10 -- 442/544 neurons fixed across 2 layer(s)
sample [40/100] orig=3 cf=17 -- 461/544 neurons fixed across 2 layer(s)
sample [41/100] orig=7 cf=10 -- 453/544 neurons fixed across 2 layer(s)
sample [42/100] orig=30 cf=18 -- 460/544 neurons fixed across 2 layer(s)
sample [43/100] orig=18 cf=26 -- 461/544 neurons fixed across 2 layer(s)
sample [44/100] orig=12 cf=7 -- 441/544 neurons fixed across 2 layer(s)
sample [45/100] orig=18 cf=23 -- 458/544 neurons fixed across 2 layer(s)
sample [46/100] orig=29 cf=25 -- 461/544 neurons fixed across 2 layer(s)
sample [47/100] orig=3 cf=5 -- 445/544 neurons fixed across 2 layer(s)
sample [48/100] orig=10 cf=8 -- 399/544 neurons fixed across 2 layer(s)
sample [49/100] orig=30 cf=4 -- 427/544 neurons fixed across 2 layer(s)
sample [50/100] orig=5 cf=18 -- 442/544 neurons fixed across 2 layer(s)
sample [51/100] orig=4 cf=23 -- 450/544 neurons fixed across 2 layer(s)
sample [52/100] orig=13 cf=10 -- 492/544 neurons fixed across 2 layer(s)
sample [53/100] orig=15 cf=13 -- 433/544 neurons fixed across 2 layer(s)
sample [54/100] orig=9 cf=26 -- 441/544 neurons fixed across 2 layer(s)
sample [55/100] orig=13 cf=3 -- 443/544 neurons fixed across 2 layer(s)
sample [56/100] orig=35 cf=40 -- 479/544 neurons fixed across 2 layer(s)
sample [57/100] orig=5 cf=12 -- 444/544 neurons fixed across 2 layer(s)
sample [58/100] orig=26 cf=3 -- 469/544 neurons fixed across 2 layer(s)
sample [59/100] orig=9 cf=2 -- 449/544 neurons fixed across 2 layer(s)
sample [60/100] orig=16 cf=5 -- 452/544 neurons fixed across 2 layer(s)
sample [61/100] orig=38 cf=30 -- 435/544 neurons fixed across 2 layer(s)
sample [62/100] orig=10 cf=18 -- 443/544 neurons fixed across 2 layer(s)
sample [63/100] orig=4 cf=23 -- 452/544 neurons fixed across 2 layer(s)
sample [64/100] orig=10 cf=28 -- 476/544 neurons fixed across 2 layer(s)
sample [65/100] orig=15 cf=11 -- 431/544 neurons fixed across 2 layer(s)
sample [66/100] orig=9 cf=11 -- 435/544 neurons fixed across 2 layer(s)
sample [67/100] orig=26 cf=5 -- 439/544 neurons fixed across 2 layer(s)
sample [68/100] orig=2 cf=7 -- 455/544 neurons fixed across 2 layer(s)
sample [69/100] orig=5 cf=3 -- 454/544 neurons fixed across 2 layer(s)
sample [70/100] orig=25 cf=23 -- 463/544 neurons fixed across 2 layer(s)
sample [71/100] orig=11 cf=28 -- 478/544 neurons fixed across 2 layer(s)
sample [72/100] orig=25 cf=31 -- 466/544 neurons fixed across 2 layer(s)
sample [73/100] orig=21 cf=12 -- 459/544 neurons fixed across 2 layer(s)
sample [74/100] orig=34 cf=36 -- 441/544 neurons fixed across 2 layer(s)
sample [75/100] orig=5 cf=2 -- 452/544 neurons fixed across 2 layer(s)
sample [76/100] orig=12 cf=7 -- 453/544 neurons fixed across 2 layer(s)
sample [77/100] orig=1 cf=8 -- 423/544 neurons fixed across 2 layer(s)
sample [78/100] orig=10 cf=8 -- 405/544 neurons fixed across 2 layer(s)
sample [79/100] orig=25 cf=31 -- 456/544 neurons fixed across 2 layer(s)
sample [80/100] orig=25 cf=18 -- 443/544 neurons fixed across 2 layer(s)
sample [81/100] orig=21 cf=3 -- 487/544 neurons fixed across 2 layer(s)
sample [82/100] orig=33 cf=36 -- 441/544 neurons fixed across 2 layer(s)
sample [83/100] orig=25 cf=8 -- 465/544 neurons fixed across 2 layer(s)
sample [84/100] orig=5 cf=20 -- 442/544 neurons fixed across 2 layer(s)
sample [85/100] orig=10 cf=9 -- 452/544 neurons fixed across 2 layer(s)
sample [86/100] orig=35 cf=38 -- 453/544 neurons fixed across 2 layer(s)
sample [87/100] orig=3 cf=2 -- 444/544 neurons fixed across 2 layer(s)
sample [88/100] orig=7 cf=3 -- 409/544 neurons fixed across 2 layer(s)
sample [89/100] orig=22 cf=26 -- 441/544 neurons fixed across 2 layer(s)
sample [90/100] orig=13 cf=4 -- 415/544 neurons fixed across 2 layer(s)
sample [91/100] orig=5 cf=26 -- 462/544 neurons fixed across 2 layer(s)
sample [92/100] orig=1 cf=3 -- 463/544 neurons fixed across 2 layer(s)
sample [93/100] orig=2 cf=7 -- 456/544 neurons fixed across 2 layer(s)
sample [94/100] orig=14 cf=8 -- 445/544 neurons fixed across 2 layer(s)
sample [95/100] orig=12 cf=4 -- 425/544 neurons fixed across 2 layer(s)
sample [96/100] orig=32 cf=35 -- 437/544 neurons fixed across 2 layer(s)
sample [97/100] orig=3 cf=5 -- 456/544 neurons fixed across 2 layer(s)
sample [98/100] orig=38 cf=3 -- 436/544 neurons fixed across 2 layer(s)
sample [99/100] orig=9 cf=5 -- 434/544 neurons fixed across 2 layer(s)
sample [100/100] orig=33 cf=38 -- 426/544 neurons fixed across 2 layer(s)

100/100 samples written to /Users/labbaf/Documents/NN_Explainability/spexplain/neuron-activation/spexplain/data/neuron_activations/gtsrb/cnn-bench/P1.txt (0 failed to produce a counterfactual)
