Model: /Users/labbaf/Documents/NN_Explainability/spexplain/neuron-activation/spexplain/data/models/gtsrb/cnn-bench/P2.onnx
  input shape [1, 3, 32, 32], 3072 features, 3 ReLU layer(s), 43-class
Dataset: /Users/labbaf/Documents/NN_Explainability/spexplain/neuron-activation/spexplain/data/datasets/gtsrb/gtsrb_s100_scaled.csv (100/100 samples)
PGD: epsilon-frac=0.1 step-frac=0.1 num-steps=50
Output: /Users/labbaf/Documents/NN_Explainability/spexplain/neuron-activation/spexplain/data/neuron_activations/gtsrb/cnn-bench/P2.txt

sample [1/100] orig=16 cf=10 -- 659/800 neurons fixed across 3 layer(s)
sample [2/100] orig=1 cf=2 -- 668/800 neurons fixed across 3 layer(s)
sample [3/100] orig=38 cf=4 -- 650/800 neurons fixed across 3 layer(s)
sample [4/100] orig=33 cf=12 -- 671/800 neurons fixed across 3 layer(s)
sample [5/100] orig=11 cf=31 -- 630/800 neurons fixed across 3 layer(s)
sample [6/100] orig=38 cf=40 -- 643/800 neurons fixed across 3 layer(s)
sample [7/100] orig=18 cf=25 -- 685/800 neurons fixed across 3 layer(s)
sample [8/100] orig=12 cf=15 -- 651/800 neurons fixed across 3 layer(s)
sample [9/100] orig=25 cf=4 -- 682/800 neurons fixed across 3 layer(s)
sample [10/100] orig=35 cf=33 -- 674/800 neurons fixed across 3 layer(s)
sample [11/100] orig=12 cf=8 -- 636/800 neurons fixed across 3 layer(s)
sample [12/100] orig=7 cf=4 -- 653/800 neurons fixed across 3 layer(s)
sample [13/100] orig=31 cf=4 -- 680/800 neurons fixed across 3 layer(s)
sample [14/100] orig=7 cf=3 -- 673/800 neurons fixed across 3 layer(s)
sample [15/100] orig=2 cf=4 -- 680/800 neurons fixed across 3 layer(s)
sample [16/100] orig=9 cf=10 -- 647/800 neurons fixed across 3 layer(s)
sample [17/100] orig=21 cf=25 -- 656/800 neurons fixed across 3 layer(s)
sample [18/100] orig=20 cf=24 -- 655/800 neurons fixed across 3 layer(s)
sample [19/100] orig=21 cf=20 -- 652/800 neurons fixed across 3 layer(s)
sample [20/100] orig=38 cf=4 -- 658/800 neurons fixed across 3 layer(s)
sample [21/100] orig=4 cf=1 -- 645/800 neurons fixed across 3 layer(s)
sample [22/100] orig=33 cf=11 -- 666/800 neurons fixed across 3 layer(s)
sample [23/100] orig=9 cf=12 -- 672/800 neurons fixed across 3 layer(s)
sample [24/100] orig=3 cf=38 -- 688/800 neurons fixed across 3 layer(s)
sample [25/100] orig=1 cf=2 -- 686/800 neurons fixed across 3 layer(s)
sample [26/100] orig=11 cf=7 -- 674/800 neurons fixed across 3 layer(s)
sample [27/100] orig=13 cf=15 -- 652/800 neurons fixed across 3 layer(s)
sample [28/100] orig=10 cf=28 -- 640/800 neurons fixed across 3 layer(s)
sample [29/100] orig=9 cf=5 -- 634/800 neurons fixed across 3 layer(s)
sample [30/100] orig=11 cf=13 -- 648/800 neurons fixed across 3 layer(s)
sample [31/100] orig=5 cf=3 -- 679/800 neurons fixed across 3 layer(s)
sample [32/100] orig=17 cf=2 -- 630/800 neurons fixed across 3 layer(s)
sample [33/100] orig=35 cf=38 -- 674/800 neurons fixed across 3 layer(s)
sample [34/100] orig=31 cf=4 -- 675/800 neurons fixed across 3 layer(s)
sample [35/100] orig=2 cf=0 -- 675/800 neurons fixed across 3 layer(s)
sample [36/100] orig=17 cf=14 -- 695/800 neurons fixed across 3 layer(s)
sample [37/100] orig=3 cf=19 -- 629/800 neurons fixed across 3 layer(s)
sample [38/100] orig=12 cf=38 -- 663/800 neurons fixed across 3 layer(s)
sample [39/100] orig=16 cf=2 -- 656/800 neurons fixed across 3 layer(s)
sample [40/100] orig=4 cf=30 -- 656/800 neurons fixed across 3 layer(s)
sample [41/100] orig=8 cf=10 -- 663/800 neurons fixed across 3 layer(s)
sample [42/100] orig=30 cf=6 -- 638/800 neurons fixed across 3 layer(s)
sample [43/100] orig=18 cf=31 -- 653/800 neurons fixed across 3 layer(s)
sample [44/100] orig=12 cf=20 -- 675/800 neurons fixed across 3 layer(s)
sample [45/100] orig=24 cf=18 -- 663/800 neurons fixed across 3 layer(s)
sample [46/100] orig=25 cf=18 -- 651/800 neurons fixed across 3 layer(s)
sample [47/100] orig=3 cf=19 -- 647/800 neurons fixed across 3 layer(s)
sample [48/100] orig=10 cf=36 -- 608/800 neurons fixed across 3 layer(s)
sample [49/100] orig=30 cf=31 -- 629/800 neurons fixed across 3 layer(s)
sample [50/100] orig=5 cf=4 -- 646/800 neurons fixed across 3 layer(s)
sample [51/100] orig=4 cf=38 -- 663/800 neurons fixed across 3 layer(s)
sample [52/100] orig=13 cf=15 -- 680/800 neurons fixed across 3 layer(s)
sample [53/100] orig=15 cf=13 -- 658/800 neurons fixed across 3 layer(s)
sample [54/100] orig=9 cf=10 -- 674/800 neurons fixed across 3 layer(s)
sample [55/100] orig=13 cf=15 -- 659/800 neurons fixed across 3 layer(s)
sample [56/100] orig=35 cf=1 -- 743/800 neurons fixed across 3 layer(s)
sample [57/100] orig=5 cf=11 -- 658/800 neurons fixed across 3 layer(s)
sample [58/100] orig=26 cf=28 -- 671/800 neurons fixed across 3 layer(s)
sample [59/100] orig=9 cf=10 -- 657/800 neurons fixed across 3 layer(s)
sample [60/100] orig=16 cf=2 -- 651/800 neurons fixed across 3 layer(s)
sample [61/100] orig=38 cf=12 -- 670/800 neurons fixed across 3 layer(s)
sample [62/100] orig=10 cf=4 -- 668/800 neurons fixed across 3 layer(s)
sample [63/100] orig=4 cf=1 -- 656/800 neurons fixed across 3 layer(s)
sample [64/100] orig=9 cf=10 -- 675/800 neurons fixed across 3 layer(s)
sample [65/100] orig=15 cf=19 -- 628/800 neurons fixed across 3 layer(s)
sample [66/100] orig=9 cf=1 -- 650/800 neurons fixed across 3 layer(s)
sample [67/100] orig=26 cf=11 -- 642/800 neurons fixed across 3 layer(s)
sample [68/100] orig=2 cf=3 -- 667/800 neurons fixed across 3 layer(s)
sample [69/100] orig=5 cf=2 -- 665/800 neurons fixed across 3 layer(s)
sample [70/100] orig=12 cf=28 -- 671/800 neurons fixed across 3 layer(s)
sample [71/100] orig=11 cf=31 -- 661/800 neurons fixed across 3 layer(s)
sample [72/100] orig=25 cf=18 -- 666/800 neurons fixed across 3 layer(s)
sample [73/100] orig=30 cf=1 -- 679/800 neurons fixed across 3 layer(s)
sample [74/100] orig=34 cf=33 -- 657/800 neurons fixed across 3 layer(s)
sample [75/100] orig=5 cf=3 -- 650/800 neurons fixed across 3 layer(s)
sample [76/100] orig=12 cf=38 -- 668/800 neurons fixed across 3 layer(s)
sample [77/100] orig=1 cf=5 -- 637/800 neurons fixed across 3 layer(s)
sample [78/100] orig=10 cf=1 -- 644/800 neurons fixed across 3 layer(s)
sample [79/100] orig=25 cf=27 -- 658/800 neurons fixed across 3 layer(s)
sample [80/100] orig=25 cf=20 -- 669/800 neurons fixed across 3 layer(s)
sample [81/100] orig=21 cf=20 -- 686/800 neurons fixed across 3 layer(s)
sample [82/100] orig=33 cf=10 -- 630/800 neurons fixed across 3 layer(s)
sample [83/100] orig=25 cf=18 -- 672/800 neurons fixed across 3 layer(s)
sample [84/100] orig=9 cf=3 -- 672/800 neurons fixed across 3 layer(s)
sample [85/100] orig=10 cf=1 -- 632/800 neurons fixed across 3 layer(s)
sample [86/100] orig=35 cf=38 -- 661/800 neurons fixed across 3 layer(s)
sample [87/100] orig=3 cf=19 -- 625/800 neurons fixed across 3 layer(s)
sample [88/100] orig=7 cf=20 -- 639/800 neurons fixed across 3 layer(s)
sample [89/100] orig=22 cf=18 -- 645/800 neurons fixed across 3 layer(s)
sample [90/100] orig=13 cf=2 -- 593/800 neurons fixed across 3 layer(s)
sample [91/100] orig=3 cf=19 -- 677/800 neurons fixed across 3 layer(s)
sample [92/100] orig=1 cf=3 -- 657/800 neurons fixed across 3 layer(s)
sample [93/100] orig=2 cf=0 -- 690/800 neurons fixed across 3 layer(s)
sample [94/100] orig=14 cf=8 -- 637/800 neurons fixed across 3 layer(s)
sample [95/100] orig=12 cf=25 -- 629/800 neurons fixed across 3 layer(s)
sample [96/100] orig=32 cf=1 -- 639/800 neurons fixed across 3 layer(s)
sample [97/100] orig=3 cf=9 -- 683/800 neurons fixed across 3 layer(s)
sample [98/100] orig=38 cf=10 -- 632/800 neurons fixed across 3 layer(s)
sample [99/100] orig=9 cf=10 -- 650/800 neurons fixed across 3 layer(s)
sample [100/100] orig=33 cf=34 -- 628/800 neurons fixed across 3 layer(s)

100/100 samples written to /Users/labbaf/Documents/NN_Explainability/spexplain/neuron-activation/spexplain/data/neuron_activations/gtsrb/cnn-bench/P2.txt (0 failed to produce a counterfactual)
