Model: /Users/labbaf/Documents/NN_Explainability/spexplain/neuron-activation/spexplain/data/models/gtsrb/cnn-bench/P3.onnx
  input shape [1, 3, 32, 32], 3072 features, 4 ReLU layer(s), 43-class
Dataset: /Users/labbaf/Documents/NN_Explainability/spexplain/neuron-activation/spexplain/data/datasets/gtsrb/gtsrb_s100_scaled.csv (100/100 samples)
PGD: epsilon-frac=0.1 step-frac=0.1 num-steps=50
Output: /Users/labbaf/Documents/NN_Explainability/spexplain/neuron-activation/spexplain/data/neuron_activations/gtsrb/cnn-bench/P3.txt

sample [1/100] orig=16 cf=8 -- 1478/1824 neurons fixed across 4 layer(s)
sample [2/100] orig=1 cf=5 -- 1508/1824 neurons fixed across 4 layer(s)
sample [3/100] orig=38 cf=34 -- 1441/1824 neurons fixed across 4 layer(s)
sample [4/100] orig=33 cf=36 -- 1591/1824 neurons fixed across 4 layer(s)
sample [5/100] orig=11 cf=31 -- 1334/1824 neurons fixed across 4 layer(s)
sample [6/100] orig=38 cf=40 -- 1403/1824 neurons fixed across 4 layer(s)
sample [7/100] orig=18 cf=12 -- 1498/1824 neurons fixed across 4 layer(s)
sample [8/100] orig=12 cf=4 -- 1366/1824 neurons fixed across 4 layer(s)
sample [9/100] orig=25 cf=22 -- 1579/1824 neurons fixed across 4 layer(s)
sample [10/100] orig=35 cf=39 -- 1350/1824 neurons fixed across 4 layer(s)
sample [11/100] orig=12 cf=33 -- 1447/1824 neurons fixed across 4 layer(s)
sample [12/100] orig=7 cf=3 -- 1360/1824 neurons fixed across 4 layer(s)
sample [13/100] orig=19 cf=28 -- 1263/1824 neurons fixed across 4 layer(s)
sample [14/100] orig=5 cf=17 -- 1433/1824 neurons fixed across 4 layer(s)
sample [15/100] orig=4 cf=2 -- 1578/1824 neurons fixed across 4 layer(s)
sample [16/100] orig=9 cf=10 -- 1333/1824 neurons fixed across 4 layer(s)
sample [17/100] orig=21 cf=23 -- 1519/1824 neurons fixed across 4 layer(s)
sample [18/100] orig=20 cf=28 -- 1362/1824 neurons fixed across 4 layer(s)
sample [19/100] orig=27 cf=31 -- 1399/1824 neurons fixed across 4 layer(s)
sample [20/100] orig=38 cf=34 -- 1474/1824 neurons fixed across 4 layer(s)
sample [21/100] orig=4 cf=3 -- 1212/1824 neurons fixed across 4 layer(s)
sample [22/100] orig=33 cf=35 -- 1490/1824 neurons fixed across 4 layer(s)
sample [23/100] orig=9 cf=5 -- 1320/1824 neurons fixed across 4 layer(s)
sample [24/100] orig=3 cf=10 -- 1337/1824 neurons fixed across 4 layer(s)
sample [25/100] orig=1 cf=8 -- 1559/1824 neurons fixed across 4 layer(s)
sample [26/100] orig=11 cf=31 -- 1550/1824 neurons fixed across 4 layer(s)
sample [27/100] orig=13 cf=4 -- 1533/1824 neurons fixed across 4 layer(s)
sample [28/100] orig=10 cf=23 -- 1311/1824 neurons fixed across 4 layer(s)
sample [29/100] orig=9 cf=7 -- 1402/1824 neurons fixed across 4 layer(s)
sample [30/100] orig=11 cf=2 -- 1450/1824 neurons fixed across 4 layer(s)
sample [31/100] orig=8 cf=2 -- 1422/1824 neurons fixed across 4 layer(s)
sample [32/100] orig=17 cf=8 -- 1428/1824 neurons fixed across 4 layer(s)
sample [33/100] orig=34 cf=38 -- 1561/1824 neurons fixed across 4 layer(s)
sample [34/100] orig=31 cf=4 -- 1248/1824 neurons fixed across 4 layer(s)
sample [35/100] orig=2 cf=0 -- 1582/1824 neurons fixed across 4 layer(s)
sample [36/100] orig=17 cf=8 -- 1531/1824 neurons fixed across 4 layer(s)
sample [37/100] orig=3 cf=8 -- 1349/1824 neurons fixed across 4 layer(s)
sample [38/100] orig=12 cf=27 -- 1462/1824 neurons fixed across 4 layer(s)
sample [39/100] orig=16 cf=5 -- 1454/1824 neurons fixed across 4 layer(s)
sample [40/100] orig=3 cf=4 -- 1232/1824 neurons fixed across 4 layer(s)
sample [41/100] orig=7 cf=3 -- 1284/1824 neurons fixed across 4 layer(s)
sample [42/100] orig=30 cf=32 -- 1207/1824 neurons fixed across 4 layer(s)
sample [43/100] orig=18 cf=25 -- 1480/1824 neurons fixed across 4 layer(s)
sample [44/100] orig=12 cf=10 -- 1267/1824 neurons fixed across 4 layer(s)
sample [45/100] orig=28 cf=27 -- 1548/1824 neurons fixed across 4 layer(s)
sample [46/100] orig=25 cf=28 -- 1538/1824 neurons fixed across 4 layer(s)
sample [47/100] orig=3 cf=2 -- 1422/1824 neurons fixed across 4 layer(s)
sample [48/100] orig=10 cf=32 -- 1352/1824 neurons fixed across 4 layer(s)
sample [49/100] orig=31 cf=30 -- 1296/1824 neurons fixed across 4 layer(s)
sample [50/100] orig=8 cf=3 -- 1356/1824 neurons fixed across 4 layer(s)
sample [51/100] orig=4 cf=23 -- 1144/1824 neurons fixed across 4 layer(s)
sample [52/100] orig=13 cf=1 -- 1556/1824 neurons fixed across 4 layer(s)
sample [53/100] orig=15 cf=8 -- 1395/1824 neurons fixed across 4 layer(s)
sample [54/100] orig=9 cf=3 -- 1418/1824 neurons fixed across 4 layer(s)
sample [55/100] orig=13 cf=9 -- 1269/1824 neurons fixed across 4 layer(s)
sample [56/100] orig=35 cf=2 -- 1594/1824 neurons fixed across 4 layer(s)
sample [57/100] orig=5 cf=4 -- 1263/1824 neurons fixed across 4 layer(s)
sample [58/100] orig=26 cf=19 -- 1504/1824 neurons fixed across 4 layer(s)
sample [59/100] orig=9 cf=10 -- 1446/1824 neurons fixed across 4 layer(s)
sample [60/100] orig=16 cf=7 -- 1375/1824 neurons fixed across 4 layer(s)
sample [61/100] orig=38 cf=9 -- 1316/1824 neurons fixed across 4 layer(s)
sample [62/100] orig=10 cf=4 -- 1221/1824 neurons fixed across 4 layer(s)
sample [63/100] orig=4 cf=7 -- 1366/1824 neurons fixed across 4 layer(s)
sample [64/100] orig=9 cf=10 -- 1248/1824 neurons fixed across 4 layer(s)
sample [65/100] orig=15 cf=7 -- 1338/1824 neurons fixed across 4 layer(s)
sample [66/100] orig=9 cf=32 -- 1460/1824 neurons fixed across 4 layer(s)
sample [67/100] orig=26 cf=11 -- 1371/1824 neurons fixed across 4 layer(s)
sample [68/100] orig=2 cf=16 -- 1333/1824 neurons fixed across 4 layer(s)
sample [69/100] orig=5 cf=8 -- 1470/1824 neurons fixed across 4 layer(s)
sample [70/100] orig=28 cf=25 -- 1489/1824 neurons fixed across 4 layer(s)
sample [71/100] orig=11 cf=20 -- 1542/1824 neurons fixed across 4 layer(s)
sample [72/100] orig=25 cf=23 -- 1279/1824 neurons fixed across 4 layer(s)
sample [73/100] orig=11 cf=17 -- 1259/1824 neurons fixed across 4 layer(s)
sample [74/100] orig=34 cf=38 -- 1404/1824 neurons fixed across 4 layer(s)
sample [75/100] orig=5 cf=4 -- 1361/1824 neurons fixed across 4 layer(s)
sample [76/100] orig=12 cf=3 -- 1393/1824 neurons fixed across 4 layer(s)
sample [77/100] orig=2 cf=8 -- 1340/1824 neurons fixed across 4 layer(s)
sample [78/100] orig=10 cf=3 -- 1458/1824 neurons fixed across 4 layer(s)
sample [79/100] orig=25 cf=28 -- 1516/1824 neurons fixed across 4 layer(s)
sample [80/100] orig=25 cf=8 -- 1463/1824 neurons fixed across 4 layer(s)
sample [81/100] orig=21 cf=25 -- 1448/1824 neurons fixed across 4 layer(s)
sample [82/100] orig=33 cf=37 -- 1352/1824 neurons fixed across 4 layer(s)
sample [83/100] orig=25 cf=28 -- 1286/1824 neurons fixed across 4 layer(s)
sample [84/100] orig=9 cf=5 -- 1484/1824 neurons fixed across 4 layer(s)
sample [85/100] orig=10 cf=8 -- 1364/1824 neurons fixed across 4 layer(s)
sample [86/100] orig=35 cf=38 -- 1340/1824 neurons fixed across 4 layer(s)
sample [87/100] orig=3 cf=7 -- 1370/1824 neurons fixed across 4 layer(s)
sample [88/100] orig=7 cf=4 -- 1452/1824 neurons fixed across 4 layer(s)
sample [89/100] orig=22 cf=28 -- 1322/1824 neurons fixed across 4 layer(s)
sample [90/100] orig=13 cf=3 -- 1234/1824 neurons fixed across 4 layer(s)
sample [91/100] orig=3 cf=7 -- 1325/1824 neurons fixed across 4 layer(s)
sample [92/100] orig=1 cf=2 -- 1478/1824 neurons fixed across 4 layer(s)
sample [93/100] orig=2 cf=0 -- 1577/1824 neurons fixed across 4 layer(s)
sample [94/100] orig=14 cf=15 -- 1529/1824 neurons fixed across 4 layer(s)
sample [95/100] orig=12 cf=1 -- 1293/1824 neurons fixed across 4 layer(s)
sample [96/100] orig=32 cf=2 -- 1438/1824 neurons fixed across 4 layer(s)
sample [97/100] orig=3 cf=7 -- 1427/1824 neurons fixed across 4 layer(s)
sample [98/100] orig=38 cf=10 -- 1280/1824 neurons fixed across 4 layer(s)
sample [99/100] orig=9 cf=10 -- 1404/1824 neurons fixed across 4 layer(s)
sample [100/100] orig=33 cf=12 -- 1421/1824 neurons fixed across 4 layer(s)

100/100 samples written to /Users/labbaf/Documents/NN_Explainability/spexplain/neuron-activation/spexplain/data/neuron_activations/gtsrb/cnn-bench/P3.txt (0 failed to produce a counterfactual)
