Model: /Users/labbaf/Documents/NN_Explainability/spexplain/neuron-activation/spexplain/data/models/gtsrb/cnn-bench/P4.onnx
  input shape [1, 3, 32, 32], 3072 features, 5 ReLU layer(s), 43-class
Dataset: /Users/labbaf/Documents/NN_Explainability/spexplain/neuron-activation/spexplain/data/datasets/gtsrb/gtsrb_s100_scaled.csv (100/100 samples)
PGD: epsilon-frac=0.1 step-frac=0.1 num-steps=50
Output: /Users/labbaf/Documents/NN_Explainability/spexplain/neuron-activation/spexplain/data/neuron_activations/gtsrb/cnn-bench/P4.txt

sample [1/100] orig=16 cf=9 -- 3290/3872 neurons fixed across 5 layer(s)
sample [2/100] orig=1 cf=38 -- 3198/3872 neurons fixed across 5 layer(s)
sample [3/100] orig=38 cf=35 -- 3062/3872 neurons fixed across 5 layer(s)
sample [4/100] orig=33 cf=34 -- 3376/3872 neurons fixed across 5 layer(s)
sample [5/100] orig=11 cf=29 -- 2844/3872 neurons fixed across 5 layer(s)
sample [6/100] orig=38 cf=15 -- 2999/3872 neurons fixed across 5 layer(s)
sample [7/100] orig=18 cf=21 -- 3273/3872 neurons fixed across 5 layer(s)
sample [8/100] orig=12 cf=8 -- 2896/3872 neurons fixed across 5 layer(s)
sample [9/100] orig=25 cf=27 -- 3358/3872 neurons fixed across 5 layer(s)
sample [10/100] orig=35 cf=38 -- 3049/3872 neurons fixed across 5 layer(s)
sample [11/100] orig=42 cf=12 -- 3017/3872 neurons fixed across 5 layer(s)
sample [12/100] orig=7 cf=2 -- 2899/3872 neurons fixed across 5 layer(s)
sample [13/100] orig=30 cf=25 -- 2880/3872 neurons fixed across 5 layer(s)
sample [14/100] orig=5 cf=3 -- 3269/3872 neurons fixed across 5 layer(s)
sample [15/100] orig=4 cf=16 -- 3326/3872 neurons fixed across 5 layer(s)
sample [16/100] orig=9 cf=10 -- 2848/3872 neurons fixed across 5 layer(s)
sample [17/100] orig=21 cf=23 -- 3158/3872 neurons fixed across 5 layer(s)
sample [18/100] orig=20 cf=25 -- 2881/3872 neurons fixed across 5 layer(s)
sample [19/100] orig=27 cf=31 -- 3039/3872 neurons fixed across 5 layer(s)
sample [20/100] orig=38 cf=39 -- 3111/3872 neurons fixed across 5 layer(s)
sample [21/100] orig=4 cf=3 -- 2703/3872 neurons fixed across 5 layer(s)
sample [22/100] orig=33 cf=39 -- 3347/3872 neurons fixed across 5 layer(s)
sample [23/100] orig=9 cf=8 -- 2884/3872 neurons fixed across 5 layer(s)
sample [24/100] orig=3 cf=5 -- 3008/3872 neurons fixed across 5 layer(s)
sample [25/100] orig=1 cf=0 -- 3329/3872 neurons fixed across 5 layer(s)
sample [26/100] orig=11 cf=23 -- 3333/3872 neurons fixed across 5 layer(s)
sample [27/100] orig=13 cf=5 -- 3237/3872 neurons fixed across 5 layer(s)
sample [28/100] orig=10 cf=3 -- 2841/3872 neurons fixed across 5 layer(s)
sample [29/100] orig=9 cf=10 -- 3037/3872 neurons fixed across 5 layer(s)
sample [30/100] orig=11 cf=23 -- 3181/3872 neurons fixed across 5 layer(s)
sample [31/100] orig=5 cf=1 -- 3058/3872 neurons fixed across 5 layer(s)
sample [32/100] orig=17 cf=25 -- 2804/3872 neurons fixed across 5 layer(s)
sample [33/100] orig=34 cf=39 -- 3401/3872 neurons fixed across 5 layer(s)
sample [34/100] orig=23 cf=26 -- 2857/3872 neurons fixed across 5 layer(s)
sample [35/100] orig=2 cf=1 -- 3321/3872 neurons fixed across 5 layer(s)
sample [36/100] orig=17 cf=3 -- 3138/3872 neurons fixed across 5 layer(s)
sample [37/100] orig=3 cf=5 -- 3021/3872 neurons fixed across 5 layer(s)
sample [38/100] orig=12 cf=10 -- 3104/3872 neurons fixed across 5 layer(s)
sample [39/100] orig=16 cf=5 -- 3211/3872 neurons fixed across 5 layer(s)
sample [40/100] orig=4 cf=23 -- 2713/3872 neurons fixed across 5 layer(s)
sample [41/100] orig=7 cf=9 -- 2940/3872 neurons fixed across 5 layer(s)
sample [42/100] orig=30 cf=25 -- 2722/3872 neurons fixed across 5 layer(s)
sample [43/100] orig=18 cf=26 -- 3211/3872 neurons fixed across 5 layer(s)
sample [44/100] orig=12 cf=23 -- 2756/3872 neurons fixed across 5 layer(s)
sample [45/100] orig=24 cf=11 -- 3217/3872 neurons fixed across 5 layer(s)
sample [46/100] orig=25 cf=8 -- 3160/3872 neurons fixed across 5 layer(s)
sample [47/100] orig=3 cf=5 -- 2940/3872 neurons fixed across 5 layer(s)
sample [48/100] orig=10 cf=28 -- 2795/3872 neurons fixed across 5 layer(s)
sample [49/100] orig=31 cf=20 -- 2888/3872 neurons fixed across 5 layer(s)
sample [50/100] orig=8 cf=19 -- 2782/3872 neurons fixed across 5 layer(s)
sample [51/100] orig=4 cf=22 -- 2733/3872 neurons fixed across 5 layer(s)
sample [52/100] orig=13 cf=18 -- 3357/3872 neurons fixed across 5 layer(s)
sample [53/100] orig=15 cf=8 -- 2954/3872 neurons fixed across 5 layer(s)
sample [54/100] orig=9 cf=18 -- 3050/3872 neurons fixed across 5 layer(s)
sample [55/100] orig=13 cf=2 -- 2770/3872 neurons fixed across 5 layer(s)
sample [56/100] orig=35 cf=16 -- 3386/3872 neurons fixed across 5 layer(s)
sample [57/100] orig=5 cf=3 -- 2731/3872 neurons fixed across 5 layer(s)
sample [58/100] orig=26 cf=12 -- 3124/3872 neurons fixed across 5 layer(s)
sample [59/100] orig=9 cf=2 -- 3087/3872 neurons fixed across 5 layer(s)
sample [60/100] orig=16 cf=19 -- 2848/3872 neurons fixed across 5 layer(s)
sample [61/100] orig=38 cf=22 -- 2892/3872 neurons fixed across 5 layer(s)
sample [62/100] orig=10 cf=2 -- 2791/3872 neurons fixed across 5 layer(s)
sample [63/100] orig=4 cf=1 -- 2944/3872 neurons fixed across 5 layer(s)
sample [64/100] orig=9 cf=10 -- 2833/3872 neurons fixed across 5 layer(s)
sample [65/100] orig=15 cf=7 -- 2874/3872 neurons fixed across 5 layer(s)
sample [66/100] orig=9 cf=8 -- 3163/3872 neurons fixed across 5 layer(s)
sample [67/100] orig=26 cf=18 -- 2888/3872 neurons fixed across 5 layer(s)
sample [68/100] orig=2 cf=8 -- 2837/3872 neurons fixed across 5 layer(s)
sample [69/100] orig=3 cf=2 -- 3175/3872 neurons fixed across 5 layer(s)
sample [70/100] orig=28 cf=11 -- 3194/3872 neurons fixed across 5 layer(s)
sample [71/100] orig=11 cf=22 -- 3281/3872 neurons fixed across 5 layer(s)
sample [72/100] orig=25 cf=7 -- 2789/3872 neurons fixed across 5 layer(s)
sample [73/100] orig=11 cf=22 -- 2773/3872 neurons fixed across 5 layer(s)
sample [74/100] orig=34 cf=35 -- 3136/3872 neurons fixed across 5 layer(s)
sample [75/100] orig=5 cf=2 -- 3010/3872 neurons fixed across 5 layer(s)
sample [76/100] orig=12 cf=3 -- 3093/3872 neurons fixed across 5 layer(s)
sample [77/100] orig=1 cf=20 -- 2813/3872 neurons fixed across 5 layer(s)
sample [78/100] orig=10 cf=3 -- 3089/3872 neurons fixed across 5 layer(s)
sample [79/100] orig=25 cf=17 -- 3172/3872 neurons fixed across 5 layer(s)
sample [80/100] orig=25 cf=30 -- 3047/3872 neurons fixed across 5 layer(s)
sample [81/100] orig=21 cf=31 -- 3070/3872 neurons fixed across 5 layer(s)
sample [82/100] orig=33 cf=35 -- 3047/3872 neurons fixed across 5 layer(s)
sample [83/100] orig=25 cf=23 -- 2827/3872 neurons fixed across 5 layer(s)
sample [84/100] orig=5 cf=3 -- 3207/3872 neurons fixed across 5 layer(s)
sample [85/100] orig=10 cf=23 -- 2862/3872 neurons fixed across 5 layer(s)
sample [86/100] orig=35 cf=39 -- 3043/3872 neurons fixed across 5 layer(s)
sample [87/100] orig=3 cf=4 -- 2893/3872 neurons fixed across 5 layer(s)
sample [88/100] orig=8 cf=7 -- 3178/3872 neurons fixed across 5 layer(s)
sample [89/100] orig=22 cf=23 -- 2766/3872 neurons fixed across 5 layer(s)
sample [90/100] orig=13 cf=3 -- 2813/3872 neurons fixed across 5 layer(s)
sample [91/100] orig=3 cf=13 -- 2835/3872 neurons fixed across 5 layer(s)
sample [92/100] orig=1 cf=10 -- 3080/3872 neurons fixed across 5 layer(s)
sample [93/100] orig=2 cf=8 -- 3459/3872 neurons fixed across 5 layer(s)
sample [94/100] orig=14 cf=2 -- 3357/3872 neurons fixed across 5 layer(s)
sample [95/100] orig=12 cf=9 -- 2781/3872 neurons fixed across 5 layer(s)
sample [96/100] orig=32 cf=0 -- 2978/3872 neurons fixed across 5 layer(s)
sample [97/100] orig=3 cf=10 -- 3091/3872 neurons fixed across 5 layer(s)
sample [98/100] orig=38 cf=12 -- 2676/3872 neurons fixed across 5 layer(s)
sample [99/100] orig=9 cf=10 -- 3005/3872 neurons fixed across 5 layer(s)
sample [100/100] orig=33 cf=39 -- 3203/3872 neurons fixed across 5 layer(s)

100/100 samples written to /Users/labbaf/Documents/NN_Explainability/spexplain/neuron-activation/spexplain/data/neuron_activations/gtsrb/cnn-bench/P4.txt (0 failed to produce a counterfactual)
