Model: /Users/labbaf/Documents/NN_Explainability/spexplain/neuron-activation/spexplain/data/models/gtsrb/cnn-bench/P6.onnx
  input shape [1, 3, 32, 32], 3072 features, 7 ReLU layer(s), 43-class
Dataset: /Users/labbaf/Documents/NN_Explainability/spexplain/neuron-activation/spexplain/data/datasets/gtsrb/gtsrb_s100_scaled.csv (100/100 samples)
PGD: epsilon-frac=0.1 step-frac=0.1 num-steps=50
Output: /Users/labbaf/Documents/NN_Explainability/spexplain/neuron-activation/spexplain/data/neuron_activations/gtsrb/cnn-bench/P6.txt

sample [1/100] orig=16 cf=10 -- 3743/4512 neurons fixed across 7 layer(s)
sample [2/100] orig=1 cf=5 -- 3861/4512 neurons fixed across 7 layer(s)
sample [3/100] orig=38 cf=8 -- 3583/4512 neurons fixed across 7 layer(s)
sample [4/100] orig=33 cf=3 -- 3945/4512 neurons fixed across 7 layer(s)
sample [5/100] orig=11 cf=30 -- 3385/4512 neurons fixed across 7 layer(s)
sample [6/100] orig=38 cf=30 -- 3509/4512 neurons fixed across 7 layer(s)
sample [7/100] orig=18 cf=26 -- 3862/4512 neurons fixed across 7 layer(s)
sample [8/100] orig=12 cf=15 -- 3411/4512 neurons fixed across 7 layer(s)
sample [9/100] orig=25 cf=3 -- 3953/4512 neurons fixed across 7 layer(s)
sample [10/100] orig=35 cf=39 -- 3652/4512 neurons fixed across 7 layer(s)
sample [11/100] orig=12 cf=41 -- 3624/4512 neurons fixed across 7 layer(s)
sample [12/100] orig=7 cf=8 -- 3543/4512 neurons fixed across 7 layer(s)
sample [13/100] orig=30 cf=19 -- 3493/4512 neurons fixed across 7 layer(s)
sample [14/100] orig=7 cf=3 -- 3750/4512 neurons fixed across 7 layer(s)
sample [15/100] orig=4 cf=1 -- 3908/4512 neurons fixed across 7 layer(s)
sample [16/100] orig=9 cf=10 -- 3345/4512 neurons fixed across 7 layer(s)
sample [17/100] orig=19 cf=27 -- 3688/4512 neurons fixed across 7 layer(s)
sample [18/100] orig=20 cf=19 -- 3399/4512 neurons fixed across 7 layer(s)
sample [19/100] orig=27 cf=18 -- 3523/4512 neurons fixed across 7 layer(s)
sample [20/100] orig=38 cf=36 -- 3559/4512 neurons fixed across 7 layer(s)
sample [21/100] orig=4 cf=1 -- 3316/4512 neurons fixed across 7 layer(s)
sample [22/100] orig=33 cf=37 -- 3870/4512 neurons fixed across 7 layer(s)
sample [23/100] orig=9 cf=10 -- 3375/4512 neurons fixed across 7 layer(s)
sample [24/100] orig=3 cf=40 -- 3469/4512 neurons fixed across 7 layer(s)
sample [25/100] orig=1 cf=5 -- 3952/4512 neurons fixed across 7 layer(s)
sample [26/100] orig=11 cf=7 -- 3853/4512 neurons fixed across 7 layer(s)
sample [27/100] orig=13 cf=2 -- 3769/4512 neurons fixed across 7 layer(s)
sample [28/100] orig=10 cf=5 -- 3408/4512 neurons fixed across 7 layer(s)
sample [29/100] orig=9 cf=7 -- 3573/4512 neurons fixed across 7 layer(s)
sample [30/100] orig=11 cf=3 -- 3696/4512 neurons fixed across 7 layer(s)
sample [31/100] orig=3 cf=5 -- 3658/4512 neurons fixed across 7 layer(s)
sample [32/100] orig=17 cf=9 -- 3397/4512 neurons fixed across 7 layer(s)
sample [33/100] orig=34 cf=35 -- 4007/4512 neurons fixed across 7 layer(s)
sample [34/100] orig=19 cf=5 -- 3354/4512 neurons fixed across 7 layer(s)
sample [35/100] orig=2 cf=0 -- 3858/4512 neurons fixed across 7 layer(s)
sample [36/100] orig=17 cf=8 -- 3698/4512 neurons fixed across 7 layer(s)
sample [37/100] orig=3 cf=5 -- 3585/4512 neurons fixed across 7 layer(s)
sample [38/100] orig=12 cf=34 -- 3548/4512 neurons fixed across 7 layer(s)
sample [39/100] orig=16 cf=10 -- 3763/4512 neurons fixed across 7 layer(s)
sample [40/100] orig=8 cf=25 -- 3211/4512 neurons fixed across 7 layer(s)
sample [41/100] orig=7 cf=22 -- 3365/4512 neurons fixed across 7 layer(s)
sample [42/100] orig=30 cf=23 -- 3278/4512 neurons fixed across 7 layer(s)
sample [43/100] orig=18 cf=26 -- 3798/4512 neurons fixed across 7 layer(s)
sample [44/100] orig=12 cf=16 -- 3327/4512 neurons fixed across 7 layer(s)
sample [45/100] orig=24 cf=11 -- 3770/4512 neurons fixed across 7 layer(s)
sample [46/100] orig=25 cf=17 -- 3731/4512 neurons fixed across 7 layer(s)
sample [47/100] orig=3 cf=7 -- 3495/4512 neurons fixed across 7 layer(s)
sample [48/100] orig=10 cf=16 -- 3415/4512 neurons fixed across 7 layer(s)
sample [49/100] orig=30 cf=25 -- 3403/4512 neurons fixed across 7 layer(s)
sample [50/100] orig=8 cf=3 -- 3296/4512 neurons fixed across 7 layer(s)
sample [51/100] orig=26 cf=13 -- 3223/4512 neurons fixed across 7 layer(s)
sample [52/100] orig=13 cf=5 -- 3907/4512 neurons fixed across 7 layer(s)
sample [53/100] orig=15 cf=4 -- 3528/4512 neurons fixed across 7 layer(s)
sample [54/100] orig=9 cf=10 -- 3639/4512 neurons fixed across 7 layer(s)
sample [55/100] orig=13 cf=40 -- 3380/4512 neurons fixed across 7 layer(s)
sample [56/100] orig=35 cf=39 -- 3852/4512 neurons fixed across 7 layer(s)
sample [57/100] orig=5 cf=1 -- 3274/4512 neurons fixed across 7 layer(s)
sample [58/100] orig=26 cf=18 -- 3721/4512 neurons fixed across 7 layer(s)
sample [59/100] orig=9 cf=10 -- 3547/4512 neurons fixed across 7 layer(s)
sample [60/100] orig=16 cf=3 -- 3397/4512 neurons fixed across 7 layer(s)
sample [61/100] orig=38 cf=8 -- 3432/4512 neurons fixed across 7 layer(s)
sample [62/100] orig=10 cf=28 -- 3223/4512 neurons fixed across 7 layer(s)
sample [63/100] orig=4 cf=1 -- 3505/4512 neurons fixed across 7 layer(s)
sample [64/100] orig=9 cf=6 -- 3281/4512 neurons fixed across 7 layer(s)
sample [65/100] orig=15 cf=2 -- 3406/4512 neurons fixed across 7 layer(s)
sample [66/100] orig=9 cf=10 -- 3745/4512 neurons fixed across 7 layer(s)
sample [67/100] orig=26 cf=18 -- 3424/4512 neurons fixed across 7 layer(s)
sample [68/100] orig=2 cf=0 -- 3270/4512 neurons fixed across 7 layer(s)
sample [69/100] orig=5 cf=4 -- 3704/4512 neurons fixed across 7 layer(s)
sample [70/100] orig=25 cf=27 -- 3655/4512 neurons fixed across 7 layer(s)
sample [71/100] orig=11 cf=30 -- 3873/4512 neurons fixed across 7 layer(s)
sample [72/100] orig=25 cf=31 -- 3237/4512 neurons fixed across 7 layer(s)
sample [73/100] orig=11 cf=26 -- 3348/4512 neurons fixed across 7 layer(s)
sample [74/100] orig=34 cf=35 -- 3709/4512 neurons fixed across 7 layer(s)
sample [75/100] orig=5 cf=1 -- 3421/4512 neurons fixed across 7 layer(s)
sample [76/100] orig=12 cf=3 -- 3647/4512 neurons fixed across 7 layer(s)
sample [77/100] orig=1 cf=8 -- 3538/4512 neurons fixed across 7 layer(s)
sample [78/100] orig=10 cf=3 -- 3686/4512 neurons fixed across 7 layer(s)
sample [79/100] orig=25 cf=9 -- 3783/4512 neurons fixed across 7 layer(s)
sample [80/100] orig=25 cf=8 -- 3597/4512 neurons fixed across 7 layer(s)
sample [81/100] orig=21 cf=11 -- 3531/4512 neurons fixed across 7 layer(s)
sample [82/100] orig=33 cf=37 -- 3649/4512 neurons fixed across 7 layer(s)
sample [83/100] orig=25 cf=22 -- 3292/4512 neurons fixed across 7 layer(s)
sample [84/100] orig=7 cf=34 -- 3681/4512 neurons fixed across 7 layer(s)
sample [85/100] orig=10 cf=9 -- 3407/4512 neurons fixed across 7 layer(s)
sample [86/100] orig=35 cf=39 -- 3582/4512 neurons fixed across 7 layer(s)
sample [87/100] orig=3 cf=5 -- 3458/4512 neurons fixed across 7 layer(s)
sample [88/100] orig=7 cf=8 -- 3657/4512 neurons fixed across 7 layer(s)
sample [89/100] orig=22 cf=25 -- 3265/4512 neurons fixed across 7 layer(s)
sample [90/100] orig=13 cf=14 -- 3356/4512 neurons fixed across 7 layer(s)
sample [91/100] orig=3 cf=23 -- 3331/4512 neurons fixed across 7 layer(s)
sample [92/100] orig=1 cf=5 -- 3718/4512 neurons fixed across 7 layer(s)
sample [93/100] orig=2 cf=1 -- 3996/4512 neurons fixed across 7 layer(s)
sample [94/100] orig=14 cf=8 -- 3900/4512 neurons fixed across 7 layer(s)
sample [95/100] orig=12 cf=3 -- 3280/4512 neurons fixed across 7 layer(s)
sample [96/100] orig=32 cf=36 -- 3606/4512 neurons fixed across 7 layer(s)
sample [97/100] orig=3 cf=5 -- 3636/4512 neurons fixed across 7 layer(s)
sample [98/100] orig=38 cf=13 -- 3329/4512 neurons fixed across 7 layer(s)
sample [99/100] orig=9 cf=10 -- 3542/4512 neurons fixed across 7 layer(s)
sample [100/100] orig=33 cf=37 -- 3696/4512 neurons fixed across 7 layer(s)

100/100 samples written to /Users/labbaf/Documents/NN_Explainability/spexplain/neuron-activation/spexplain/data/neuron_activations/gtsrb/cnn-bench/P6.txt (0 failed to produce a counterfactual)
