Model: /Users/labbaf/Documents/NN_Explainability/spexplain/neuron-activation/spexplain/data/models/gtsrb/cnn-bench/P8.onnx
  input shape [1, 3, 32, 32], 3072 features, 9 ReLU layer(s), 43-class
Dataset: /Users/labbaf/Documents/NN_Explainability/spexplain/neuron-activation/spexplain/data/datasets/gtsrb/gtsrb_s100_scaled.csv (100/100 samples)
PGD: epsilon-frac=0.1 step-frac=0.1 num-steps=50
Output: /Users/labbaf/Documents/NN_Explainability/spexplain/neuron-activation/spexplain/data/neuron_activations/gtsrb/cnn-bench/P8.txt

sample [1/100] orig=16 cf=9 -- 8438/10272 neurons fixed across 9 layer(s)
sample [2/100] orig=1 cf=14 -- 8229/10272 neurons fixed across 9 layer(s)
sample [3/100] orig=38 cf=13 -- 8344/10272 neurons fixed across 9 layer(s)
sample [4/100] orig=33 cf=0 -- 8556/10272 neurons fixed across 9 layer(s)
sample [5/100] orig=11 cf=21 -- 7625/10272 neurons fixed across 9 layer(s)
sample [6/100] orig=38 cf=34 -- 7798/10272 neurons fixed across 9 layer(s)
sample [7/100] orig=18 cf=21 -- 8701/10272 neurons fixed across 9 layer(s)
sample [8/100] orig=12 cf=25 -- 7350/10272 neurons fixed across 9 layer(s)
sample [9/100] orig=25 cf=27 -- 8559/10272 neurons fixed across 9 layer(s)
sample [10/100] orig=35 cf=13 -- 7824/10272 neurons fixed across 9 layer(s)
sample [11/100] orig=12 cf=24 -- 8028/10272 neurons fixed across 9 layer(s)
sample [12/100] orig=7 cf=3 -- 7685/10272 neurons fixed across 9 layer(s)
sample [13/100] orig=19 cf=33 -- 6855/10272 neurons fixed across 9 layer(s)
sample [14/100] orig=7 cf=3 -- 8098/10272 neurons fixed across 9 layer(s)
sample [15/100] orig=4 cf=5 -- 8843/10272 neurons fixed across 9 layer(s)
sample [16/100] orig=9 cf=10 -- 7503/10272 neurons fixed across 9 layer(s)
sample [17/100] orig=21 cf=20 -- 8060/10272 neurons fixed across 9 layer(s)
sample [18/100] orig=20 cf=27 -- 7594/10272 neurons fixed across 9 layer(s)
sample [19/100] orig=27 cf=18 -- 7770/10272 neurons fixed across 9 layer(s)
sample [20/100] orig=38 cf=23 -- 8081/10272 neurons fixed across 9 layer(s)
sample [21/100] orig=4 cf=8 -- 7090/10272 neurons fixed across 9 layer(s)
sample [22/100] orig=33 cf=35 -- 8510/10272 neurons fixed across 9 layer(s)
sample [23/100] orig=9 cf=5 -- 7539/10272 neurons fixed across 9 layer(s)
sample [24/100] orig=3 cf=34 -- 7156/10272 neurons fixed across 9 layer(s)
sample [25/100] orig=1 cf=4 -- 8561/10272 neurons fixed across 9 layer(s)
sample [26/100] orig=11 cf=19 -- 8755/10272 neurons fixed across 9 layer(s)
sample [27/100] orig=13 cf=15 -- 8311/10272 neurons fixed across 9 layer(s)
sample [28/100] orig=10 cf=9 -- 7212/10272 neurons fixed across 9 layer(s)
sample [29/100] orig=9 cf=16 -- 7736/10272 neurons fixed across 9 layer(s)
sample [30/100] orig=11 cf=5 -- 7958/10272 neurons fixed across 9 layer(s)
sample [31/100] orig=5 cf=3 -- 7888/10272 neurons fixed across 9 layer(s)
sample [32/100] orig=17 cf=14 -- 7619/10272 neurons fixed across 9 layer(s)
sample [33/100] orig=34 cf=38 -- 8704/10272 neurons fixed across 9 layer(s)
sample [34/100] orig=19 cf=23 -- 7178/10272 neurons fixed across 9 layer(s)
sample [35/100] orig=2 cf=5 -- 8681/10272 neurons fixed across 9 layer(s)
sample [36/100] orig=17 cf=15 -- 8122/10272 neurons fixed across 9 layer(s)
sample [37/100] orig=3 cf=1 -- 7715/10272 neurons fixed across 9 layer(s)
sample [38/100] orig=12 cf=9 -- 7819/10272 neurons fixed across 9 layer(s)
sample [39/100] orig=16 cf=9 -- 8281/10272 neurons fixed across 9 layer(s)
sample [40/100] orig=5 cf=4 -- 6884/10272 neurons fixed across 9 layer(s)
sample [41/100] orig=7 cf=0 -- 7090/10272 neurons fixed across 9 layer(s)
sample [42/100] orig=30 cf=23 -- 7268/10272 neurons fixed across 9 layer(s)
sample [43/100] orig=18 cf=26 -- 8282/10272 neurons fixed across 9 layer(s)
sample [44/100] orig=12 cf=11 -- 7110/10272 neurons fixed across 9 layer(s)
sample [45/100] orig=24 cf=29 -- 8383/10272 neurons fixed across 9 layer(s)
sample [46/100] orig=1 cf=25 -- 8447/10272 neurons fixed across 9 layer(s)
sample [47/100] orig=3 cf=25 -- 7610/10272 neurons fixed across 9 layer(s)
sample [48/100] orig=10 cf=5 -- 7505/10272 neurons fixed across 9 layer(s)
sample [49/100] orig=18 cf=25 -- 7437/10272 neurons fixed across 9 layer(s)
sample [50/100] orig=8 cf=4 -- 7494/10272 neurons fixed across 9 layer(s)
sample [51/100] orig=26 cf=4 -- 6696/10272 neurons fixed across 9 layer(s)
sample [52/100] orig=13 cf=3 -- 8511/10272 neurons fixed across 9 layer(s)
sample [53/100] orig=15 cf=7 -- 7722/10272 neurons fixed across 9 layer(s)
sample [54/100] orig=9 cf=16 -- 7972/10272 neurons fixed across 9 layer(s)
sample [55/100] orig=13 cf=40 -- 7159/10272 neurons fixed across 9 layer(s)
sample [56/100] orig=35 cf=2 -- 8536/10272 neurons fixed across 9 layer(s)
sample [57/100] orig=5 cf=6 -- 7039/10272 neurons fixed across 9 layer(s)
sample [58/100] orig=26 cf=18 -- 8168/10272 neurons fixed across 9 layer(s)
sample [59/100] orig=9 cf=16 -- 7902/10272 neurons fixed across 9 layer(s)
sample [60/100] orig=16 cf=5 -- 7761/10272 neurons fixed across 9 layer(s)
sample [61/100] orig=38 cf=35 -- 7478/10272 neurons fixed across 9 layer(s)
sample [62/100] orig=10 cf=9 -- 7198/10272 neurons fixed across 9 layer(s)
sample [63/100] orig=4 cf=1 -- 7617/10272 neurons fixed across 9 layer(s)
sample [64/100] orig=9 cf=5 -- 7245/10272 neurons fixed across 9 layer(s)
sample [65/100] orig=15 cf=4 -- 7677/10272 neurons fixed across 9 layer(s)
sample [66/100] orig=9 cf=16 -- 8204/10272 neurons fixed across 9 layer(s)
sample [67/100] orig=26 cf=18 -- 7617/10272 neurons fixed across 9 layer(s)
sample [68/100] orig=2 cf=3 -- 7298/10272 neurons fixed across 9 layer(s)
sample [69/100] orig=5 cf=3 -- 8263/10272 neurons fixed across 9 layer(s)
sample [70/100] orig=28 cf=30 -- 8229/10272 neurons fixed across 9 layer(s)
sample [71/100] orig=11 cf=31 -- 8605/10272 neurons fixed across 9 layer(s)
sample [72/100] orig=25 cf=22 -- 7316/10272 neurons fixed across 9 layer(s)
sample [73/100] orig=30 cf=26 -- 6986/10272 neurons fixed across 9 layer(s)
sample [74/100] orig=34 cf=35 -- 8236/10272 neurons fixed across 9 layer(s)
sample [75/100] orig=5 cf=2 -- 7538/10272 neurons fixed across 9 layer(s)
sample [76/100] orig=12 cf=3 -- 7771/10272 neurons fixed across 9 layer(s)
sample [77/100] orig=1 cf=8 -- 7660/10272 neurons fixed across 9 layer(s)
sample [78/100] orig=10 cf=9 -- 8366/10272 neurons fixed across 9 layer(s)
sample [79/100] orig=25 cf=1 -- 8441/10272 neurons fixed across 9 layer(s)
sample [80/100] orig=25 cf=1 -- 8011/10272 neurons fixed across 9 layer(s)
sample [81/100] orig=21 cf=30 -- 7996/10272 neurons fixed across 9 layer(s)
sample [82/100] orig=33 cf=35 -- 8111/10272 neurons fixed across 9 layer(s)
sample [83/100] orig=25 cf=42 -- 7030/10272 neurons fixed across 9 layer(s)
sample [84/100] orig=7 cf=3 -- 8184/10272 neurons fixed across 9 layer(s)
sample [85/100] orig=10 cf=3 -- 7674/10272 neurons fixed across 9 layer(s)
sample [86/100] orig=35 cf=34 -- 7720/10272 neurons fixed across 9 layer(s)
sample [87/100] orig=3 cf=5 -- 7741/10272 neurons fixed across 9 layer(s)
sample [88/100] orig=7 cf=2 -- 8250/10272 neurons fixed across 9 layer(s)
sample [89/100] orig=22 cf=25 -- 7197/10272 neurons fixed across 9 layer(s)
sample [90/100] orig=13 cf=9 -- 7401/10272 neurons fixed across 9 layer(s)
sample [91/100] orig=3 cf=25 -- 7302/10272 neurons fixed across 9 layer(s)
sample [92/100] orig=1 cf=4 -- 8093/10272 neurons fixed across 9 layer(s)
sample [93/100] orig=2 cf=1 -- 8758/10272 neurons fixed across 9 layer(s)
sample [94/100] orig=14 cf=1 -- 8526/10272 neurons fixed across 9 layer(s)
sample [95/100] orig=12 cf=32 -- 7338/10272 neurons fixed across 9 layer(s)
sample [96/100] orig=32 cf=10 -- 7841/10272 neurons fixed across 9 layer(s)
sample [97/100] orig=3 cf=5 -- 7850/10272 neurons fixed across 9 layer(s)
sample [98/100] orig=38 cf=13 -- 7311/10272 neurons fixed across 9 layer(s)
sample [99/100] orig=9 cf=16 -- 7851/10272 neurons fixed across 9 layer(s)
sample [100/100] orig=33 cf=39 -- 8107/10272 neurons fixed across 9 layer(s)

100/100 samples written to /Users/labbaf/Documents/NN_Explainability/spexplain/neuron-activation/spexplain/data/neuron_activations/gtsrb/cnn-bench/P8.txt (0 failed to produce a counterfactual)
