Model: /Users/labbaf/Documents/NN_Explainability/spexplain/neuron-activation/spexplain/data/models/gtsrb/cnn-bench/S1.onnx
  input shape [1, 3, 32, 32], 3072 features, 2 ReLU layer(s), 43-class
Dataset: /Users/labbaf/Documents/NN_Explainability/spexplain/neuron-activation/spexplain/data/datasets/gtsrb/gtsrb_s100_scaled.csv (100/100 samples)
PGD: epsilon-frac=0.1 step-frac=0.1 num-steps=50
Output: /Users/labbaf/Documents/NN_Explainability/spexplain/neuron-activation/spexplain/data/neuron_activations/gtsrb/cnn-bench/S1.txt

sample [1/100] orig=16 cf=8 -- 1767/2080 neurons fixed across 2 layer(s)
sample [2/100] orig=1 cf=8 -- 1762/2080 neurons fixed across 2 layer(s)
sample [3/100] orig=38 cf=25 -- 1682/2080 neurons fixed across 2 layer(s)
sample [4/100] orig=33 cf=39 -- 1878/2080 neurons fixed across 2 layer(s)
sample [5/100] orig=11 cf=8 -- 1494/2080 neurons fixed across 2 layer(s)
sample [6/100] orig=38 cf=1 -- 1832/2080 neurons fixed across 2 layer(s)
sample [7/100] orig=18 cf=24 -- 1830/2080 neurons fixed across 2 layer(s)
sample [8/100] orig=12 cf=1 -- 1783/2080 neurons fixed across 2 layer(s)
sample [9/100] orig=25 cf=1 -- 1825/2080 neurons fixed across 2 layer(s)
sample [10/100] orig=35 cf=1 -- 1847/2080 neurons fixed across 2 layer(s)
sample [11/100] orig=12 cf=38 -- 1588/2080 neurons fixed across 2 layer(s)
sample [12/100] orig=7 cf=4 -- 1454/2080 neurons fixed across 2 layer(s)
sample [13/100] orig=31 cf=3 -- 1270/2080 neurons fixed across 2 layer(s)
sample [14/100] orig=3 cf=10 -- 1683/2080 neurons fixed across 2 layer(s)
sample [15/100] orig=4 cf=2 -- 1869/2080 neurons fixed across 2 layer(s)
sample [16/100] orig=9 cf=26 -- 1350/2080 neurons fixed across 2 layer(s)
sample [17/100] orig=21 cf=2 -- 1742/2080 neurons fixed across 2 layer(s)
sample [18/100] orig=20 cf=28 -- 1554/2080 neurons fixed across 2 layer(s)
sample [19/100] orig=27 cf=19 -- 1570/2080 neurons fixed across 2 layer(s)
sample [20/100] orig=38 cf=11 -- 1700/2080 neurons fixed across 2 layer(s)
sample [21/100] orig=4 cf=23 -- 1293/2080 neurons fixed across 2 layer(s)
sample [22/100] orig=33 cf=18 -- 1808/2080 neurons fixed across 2 layer(s)
sample [23/100] orig=9 cf=8 -- 1342/2080 neurons fixed across 2 layer(s)
sample [24/100] orig=3 cf=13 -- 1435/2080 neurons fixed across 2 layer(s)
sample [25/100] orig=1 cf=2 -- 1822/2080 neurons fixed across 2 layer(s)
sample [26/100] orig=11 cf=25 -- 1801/2080 neurons fixed across 2 layer(s)
sample [27/100] orig=13 cf=28 -- 1742/2080 neurons fixed across 2 layer(s)
sample [28/100] orig=10 cf=8 -- 1295/2080 neurons fixed across 2 layer(s)
sample [29/100] orig=9 cf=10 -- 1553/2080 neurons fixed across 2 layer(s)
sample [30/100] orig=11 cf=18 -- 1709/2080 neurons fixed across 2 layer(s)
sample [31/100] orig=5 cf=13 -- 1555/2080 neurons fixed across 2 layer(s)
sample [32/100] orig=17 cf=1 -- 1873/2080 neurons fixed across 2 layer(s)
sample [33/100] orig=34 cf=1 -- 1923/2080 neurons fixed across 2 layer(s)
sample [34/100] orig=31 cf=28 -- 1279/2080 neurons fixed across 2 layer(s)
sample [35/100] orig=2 cf=35 -- 1821/2080 neurons fixed across 2 layer(s)
sample [36/100] orig=17 cf=1 -- 1814/2080 neurons fixed across 2 layer(s)
sample [37/100] orig=3 cf=7 -- 1597/2080 neurons fixed across 2 layer(s)
sample [38/100] orig=12 cf=13 -- 1571/2080 neurons fixed across 2 layer(s)
sample [39/100] orig=16 cf=8 -- 1753/2080 neurons fixed across 2 layer(s)
sample [40/100] orig=3 cf=10 -- 1292/2080 neurons fixed across 2 layer(s)
sample [41/100] orig=7 cf=22 -- 1404/2080 neurons fixed across 2 layer(s)
sample [42/100] orig=28 cf=31 -- 1291/2080 neurons fixed across 2 layer(s)
sample [43/100] orig=18 cf=26 -- 1710/2080 neurons fixed across 2 layer(s)
sample [44/100] orig=12 cf=18 -- 1292/2080 neurons fixed across 2 layer(s)
sample [45/100] orig=24 cf=30 -- 1688/2080 neurons fixed across 2 layer(s)
sample [46/100] orig=25 cf=1 -- 1977/2080 neurons fixed across 2 layer(s)
sample [47/100] orig=3 cf=7 -- 1468/2080 neurons fixed across 2 layer(s)
sample [48/100] orig=10 cf=3 -- 1427/2080 neurons fixed across 2 layer(s)
sample [49/100] orig=25 cf=7 -- 1442/2080 neurons fixed across 2 layer(s)
sample [50/100] orig=1 cf=30 -- 1397/2080 neurons fixed across 2 layer(s)
sample [51/100] orig=33 cf=1 -- 1307/2080 neurons fixed across 2 layer(s)
sample [52/100] orig=13 cf=28 -- 1767/2080 neurons fixed across 2 layer(s)
sample [53/100] orig=15 cf=13 -- 1533/2080 neurons fixed across 2 layer(s)
sample [54/100] orig=9 cf=10 -- 1562/2080 neurons fixed across 2 layer(s)
sample [55/100] orig=13 cf=28 -- 1388/2080 neurons fixed across 2 layer(s)
sample [56/100] orig=35 cf=2 -- 1834/2080 neurons fixed across 2 layer(s)
sample [57/100] orig=5 cf=2 -- 1387/2080 neurons fixed across 2 layer(s)
sample [58/100] orig=26 cf=31 -- 1698/2080 neurons fixed across 2 layer(s)
sample [59/100] orig=9 cf=10 -- 1595/2080 neurons fixed across 2 layer(s)
sample [60/100] orig=16 cf=7 -- 1503/2080 neurons fixed across 2 layer(s)
sample [61/100] orig=38 cf=30 -- 1483/2080 neurons fixed across 2 layer(s)
sample [62/100] orig=10 cf=8 -- 1225/2080 neurons fixed across 2 layer(s)
sample [63/100] orig=4 cf=1 -- 1553/2080 neurons fixed across 2 layer(s)
sample [64/100] orig=9 cf=30 -- 1241/2080 neurons fixed across 2 layer(s)
sample [65/100] orig=15 cf=7 -- 1451/2080 neurons fixed across 2 layer(s)
sample [66/100] orig=9 cf=11 -- 1663/2080 neurons fixed across 2 layer(s)
sample [67/100] orig=26 cf=14 -- 1460/2080 neurons fixed across 2 layer(s)
sample [68/100] orig=2 cf=7 -- 1356/2080 neurons fixed across 2 layer(s)
sample [69/100] orig=5 cf=13 -- 1676/2080 neurons fixed across 2 layer(s)
sample [70/100] orig=25 cf=28 -- 1714/2080 neurons fixed across 2 layer(s)
sample [71/100] orig=11 cf=28 -- 1785/2080 neurons fixed across 2 layer(s)
sample [72/100] orig=25 cf=0 -- 1301/2080 neurons fixed across 2 layer(s)
sample [73/100] orig=25 cf=7 -- 1304/2080 neurons fixed across 2 layer(s)
sample [74/100] orig=34 cf=35 -- 1653/2080 neurons fixed across 2 layer(s)
sample [75/100] orig=5 cf=2 -- 1513/2080 neurons fixed across 2 layer(s)
sample [76/100] orig=12 cf=13 -- 1597/2080 neurons fixed across 2 layer(s)
sample [77/100] orig=1 cf=7 -- 1516/2080 neurons fixed across 2 layer(s)
sample [78/100] orig=10 cf=3 -- 1657/2080 neurons fixed across 2 layer(s)
sample [79/100] orig=25 cf=28 -- 1746/2080 neurons fixed across 2 layer(s)
sample [80/100] orig=25 cf=21 -- 1653/2080 neurons fixed across 2 layer(s)
sample [81/100] orig=21 cf=19 -- 1516/2080 neurons fixed across 2 layer(s)
sample [82/100] orig=33 cf=13 -- 1640/2080 neurons fixed across 2 layer(s)
sample [83/100] orig=25 cf=28 -- 1331/2080 neurons fixed across 2 layer(s)
sample [84/100] orig=3 cf=13 -- 1651/2080 neurons fixed across 2 layer(s)
sample [85/100] orig=10 cf=3 -- 1378/2080 neurons fixed across 2 layer(s)
sample [86/100] orig=35 cf=2 -- 1552/2080 neurons fixed across 2 layer(s)
sample [87/100] orig=3 cf=10 -- 1450/2080 neurons fixed across 2 layer(s)
sample [88/100] orig=7 cf=3 -- 1698/2080 neurons fixed across 2 layer(s)
sample [89/100] orig=22 cf=11 -- 1324/2080 neurons fixed across 2 layer(s)
sample [90/100] orig=13 cf=8 -- 1467/2080 neurons fixed across 2 layer(s)
sample [91/100] orig=3 cf=10 -- 1383/2080 neurons fixed across 2 layer(s)
sample [92/100] orig=1 cf=23 -- 1661/2080 neurons fixed across 2 layer(s)
sample [93/100] orig=2 cf=0 -- 1917/2080 neurons fixed across 2 layer(s)
sample [94/100] orig=14 cf=8 -- 1801/2080 neurons fixed across 2 layer(s)
sample [95/100] orig=12 cf=1 -- 1779/2080 neurons fixed across 2 layer(s)
sample [96/100] orig=32 cf=4 -- 1560/2080 neurons fixed across 2 layer(s)
sample [97/100] orig=3 cf=8 -- 1584/2080 neurons fixed across 2 layer(s)
sample [98/100] orig=38 cf=15 -- 1419/2080 neurons fixed across 2 layer(s)
sample [99/100] orig=9 cf=26 -- 1452/2080 neurons fixed across 2 layer(s)
sample [100/100] orig=33 cf=34 -- 1718/2080 neurons fixed across 2 layer(s)

100/100 samples written to /Users/labbaf/Documents/NN_Explainability/spexplain/neuron-activation/spexplain/data/neuron_activations/gtsrb/cnn-bench/S1.txt (0 failed to produce a counterfactual)
