Model: /Users/labbaf/Documents/NN_Explainability/spexplain/neuron-activation/spexplain/data/models/gtsrb/cnn-bench/S2.onnx
  input shape [1, 3, 32, 32], 3072 features, 3 ReLU layer(s), 43-class
Dataset: /Users/labbaf/Documents/NN_Explainability/spexplain/neuron-activation/spexplain/data/datasets/gtsrb/gtsrb_s100_scaled.csv (100/100 samples)
PGD: epsilon-frac=0.1 step-frac=0.1 num-steps=50
Output: /Users/labbaf/Documents/NN_Explainability/spexplain/neuron-activation/spexplain/data/neuron_activations/gtsrb/cnn-bench/S2.txt

sample [1/100] orig=16 cf=26 -- 2698/3104 neurons fixed across 3 layer(s)
sample [2/100] orig=1 cf=16 -- 2570/3104 neurons fixed across 3 layer(s)
sample [3/100] orig=38 cf=12 -- 2839/3104 neurons fixed across 3 layer(s)
sample [4/100] orig=33 cf=11 -- 2705/3104 neurons fixed across 3 layer(s)
sample [5/100] orig=11 cf=31 -- 2210/3104 neurons fixed across 3 layer(s)
sample [6/100] orig=38 cf=12 -- 2710/3104 neurons fixed across 3 layer(s)
sample [7/100] orig=18 cf=27 -- 2644/3104 neurons fixed across 3 layer(s)
sample [8/100] orig=12 cf=8 -- 2269/3104 neurons fixed across 3 layer(s)
sample [9/100] orig=25 cf=31 -- 2725/3104 neurons fixed across 3 layer(s)
sample [10/100] orig=35 cf=25 -- 2416/3104 neurons fixed across 3 layer(s)
sample [11/100] orig=12 cf=23 -- 2386/3104 neurons fixed across 3 layer(s)
sample [12/100] orig=7 cf=32 -- 2217/3104 neurons fixed across 3 layer(s)
sample [13/100] orig=19 cf=30 -- 2107/3104 neurons fixed across 3 layer(s)
sample [14/100] orig=5 cf=0 -- 2514/3104 neurons fixed across 3 layer(s)
sample [15/100] orig=4 cf=3 -- 2687/3104 neurons fixed across 3 layer(s)
sample [16/100] orig=9 cf=8 -- 2128/3104 neurons fixed across 3 layer(s)
sample [17/100] orig=21 cf=2 -- 2593/3104 neurons fixed across 3 layer(s)
sample [18/100] orig=20 cf=2 -- 2175/3104 neurons fixed across 3 layer(s)
sample [19/100] orig=27 cf=12 -- 2310/3104 neurons fixed across 3 layer(s)
sample [20/100] orig=38 cf=0 -- 2466/3104 neurons fixed across 3 layer(s)
sample [21/100] orig=4 cf=3 -- 2026/3104 neurons fixed across 3 layer(s)
sample [22/100] orig=33 cf=35 -- 2763/3104 neurons fixed across 3 layer(s)
sample [23/100] orig=9 cf=31 -- 2039/3104 neurons fixed across 3 layer(s)
sample [24/100] orig=3 cf=7 -- 2243/3104 neurons fixed across 3 layer(s)
sample [25/100] orig=1 cf=4 -- 2714/3104 neurons fixed across 3 layer(s)
sample [26/100] orig=11 cf=22 -- 2720/3104 neurons fixed across 3 layer(s)
sample [27/100] orig=13 cf=36 -- 2604/3104 neurons fixed across 3 layer(s)
sample [28/100] orig=10 cf=5 -- 2121/3104 neurons fixed across 3 layer(s)
sample [29/100] orig=9 cf=10 -- 2388/3104 neurons fixed across 3 layer(s)
sample [30/100] orig=11 cf=12 -- 2501/3104 neurons fixed across 3 layer(s)
sample [31/100] orig=5 cf=9 -- 2412/3104 neurons fixed across 3 layer(s)
sample [32/100] orig=17 cf=14 -- 2395/3104 neurons fixed across 3 layer(s)
sample [33/100] orig=34 cf=12 -- 2911/3104 neurons fixed across 3 layer(s)
sample [34/100] orig=31 cf=8 -- 2003/3104 neurons fixed across 3 layer(s)
sample [35/100] orig=2 cf=4 -- 2729/3104 neurons fixed across 3 layer(s)
sample [36/100] orig=17 cf=9 -- 2560/3104 neurons fixed across 3 layer(s)
sample [37/100] orig=3 cf=7 -- 2341/3104 neurons fixed across 3 layer(s)
sample [38/100] orig=12 cf=35 -- 2486/3104 neurons fixed across 3 layer(s)
sample [39/100] orig=16 cf=4 -- 2675/3104 neurons fixed across 3 layer(s)
sample [40/100] orig=8 cf=25 -- 2017/3104 neurons fixed across 3 layer(s)
sample [41/100] orig=7 cf=25 -- 2207/3104 neurons fixed across 3 layer(s)
sample [42/100] orig=30 cf=19 -- 2052/3104 neurons fixed across 3 layer(s)
sample [43/100] orig=18 cf=26 -- 2513/3104 neurons fixed across 3 layer(s)
sample [44/100] orig=12 cf=8 -- 2088/3104 neurons fixed across 3 layer(s)
sample [45/100] orig=25 cf=27 -- 2505/3104 neurons fixed across 3 layer(s)
sample [46/100] orig=25 cf=18 -- 2546/3104 neurons fixed across 3 layer(s)
sample [47/100] orig=3 cf=2 -- 2307/3104 neurons fixed across 3 layer(s)
sample [48/100] orig=10 cf=0 -- 2141/3104 neurons fixed across 3 layer(s)
sample [49/100] orig=18 cf=10 -- 2190/3104 neurons fixed across 3 layer(s)
sample [50/100] orig=8 cf=1 -- 2182/3104 neurons fixed across 3 layer(s)
sample [51/100] orig=4 cf=25 -- 2036/3104 neurons fixed across 3 layer(s)
sample [52/100] orig=13 cf=25 -- 2657/3104 neurons fixed across 3 layer(s)
sample [53/100] orig=15 cf=3 -- 2368/3104 neurons fixed across 3 layer(s)
sample [54/100] orig=9 cf=10 -- 2433/3104 neurons fixed across 3 layer(s)
sample [55/100] orig=13 cf=9 -- 2188/3104 neurons fixed across 3 layer(s)
sample [56/100] orig=35 cf=8 -- 2723/3104 neurons fixed across 3 layer(s)
sample [57/100] orig=5 cf=0 -- 2100/3104 neurons fixed across 3 layer(s)
sample [58/100] orig=26 cf=6 -- 2493/3104 neurons fixed across 3 layer(s)
sample [59/100] orig=9 cf=7 -- 2350/3104 neurons fixed across 3 layer(s)
sample [60/100] orig=16 cf=3 -- 2326/3104 neurons fixed across 3 layer(s)
sample [61/100] orig=38 cf=28 -- 2315/3104 neurons fixed across 3 layer(s)
sample [62/100] orig=10 cf=24 -- 2035/3104 neurons fixed across 3 layer(s)
sample [63/100] orig=4 cf=1 -- 2268/3104 neurons fixed across 3 layer(s)
sample [64/100] orig=9 cf=5 -- 2041/3104 neurons fixed across 3 layer(s)
sample [65/100] orig=15 cf=6 -- 2149/3104 neurons fixed across 3 layer(s)
sample [66/100] orig=9 cf=12 -- 2509/3104 neurons fixed across 3 layer(s)
sample [67/100] orig=26 cf=18 -- 2174/3104 neurons fixed across 3 layer(s)
sample [68/100] orig=2 cf=20 -- 2131/3104 neurons fixed across 3 layer(s)
sample [69/100] orig=7 cf=3 -- 2515/3104 neurons fixed across 3 layer(s)
sample [70/100] orig=23 cf=28 -- 2489/3104 neurons fixed across 3 layer(s)
sample [71/100] orig=11 cf=28 -- 2592/3104 neurons fixed across 3 layer(s)
sample [72/100] orig=25 cf=16 -- 1967/3104 neurons fixed across 3 layer(s)
sample [73/100] orig=11 cf=25 -- 2138/3104 neurons fixed across 3 layer(s)
sample [74/100] orig=34 cf=25 -- 2510/3104 neurons fixed across 3 layer(s)
sample [75/100] orig=5 cf=1 -- 2292/3104 neurons fixed across 3 layer(s)
sample [76/100] orig=12 cf=5 -- 2388/3104 neurons fixed across 3 layer(s)
sample [77/100] orig=1 cf=20 -- 2204/3104 neurons fixed across 3 layer(s)
sample [78/100] orig=10 cf=7 -- 2623/3104 neurons fixed across 3 layer(s)
sample [79/100] orig=25 cf=0 -- 2554/3104 neurons fixed across 3 layer(s)
sample [80/100] orig=25 cf=10 -- 2406/3104 neurons fixed across 3 layer(s)
sample [81/100] orig=21 cf=31 -- 2348/3104 neurons fixed across 3 layer(s)
sample [82/100] orig=33 cf=9 -- 2497/3104 neurons fixed across 3 layer(s)
sample [83/100] orig=25 cf=3 -- 1967/3104 neurons fixed across 3 layer(s)
sample [84/100] orig=7 cf=3 -- 2511/3104 neurons fixed across 3 layer(s)
sample [85/100] orig=10 cf=28 -- 2103/3104 neurons fixed across 3 layer(s)
sample [86/100] orig=35 cf=3 -- 2377/3104 neurons fixed across 3 layer(s)
sample [87/100] orig=3 cf=2 -- 2198/3104 neurons fixed across 3 layer(s)
sample [88/100] orig=8 cf=1 -- 2493/3104 neurons fixed across 3 layer(s)
sample [89/100] orig=22 cf=4 -- 2017/3104 neurons fixed across 3 layer(s)
sample [90/100] orig=13 cf=7 -- 2163/3104 neurons fixed across 3 layer(s)
sample [91/100] orig=5 cf=3 -- 2175/3104 neurons fixed across 3 layer(s)
sample [92/100] orig=1 cf=0 -- 2530/3104 neurons fixed across 3 layer(s)
sample [93/100] orig=2 cf=0 -- 2825/3104 neurons fixed across 3 layer(s)
sample [94/100] orig=14 cf=15 -- 2563/3104 neurons fixed across 3 layer(s)
sample [95/100] orig=12 cf=29 -- 2086/3104 neurons fixed across 3 layer(s)
sample [96/100] orig=32 cf=27 -- 2451/3104 neurons fixed across 3 layer(s)
sample [97/100] orig=3 cf=2 -- 2403/3104 neurons fixed across 3 layer(s)
sample [98/100] orig=38 cf=12 -- 2139/3104 neurons fixed across 3 layer(s)
sample [99/100] orig=9 cf=10 -- 2289/3104 neurons fixed across 3 layer(s)
sample [100/100] orig=33 cf=9 -- 2520/3104 neurons fixed across 3 layer(s)

100/100 samples written to /Users/labbaf/Documents/NN_Explainability/spexplain/neuron-activation/spexplain/data/neuron_activations/gtsrb/cnn-bench/S2.txt (0 failed to produce a counterfactual)
