Model: /Users/labbaf/Documents/NN_Explainability/spexplain/neuron-activation/spexplain/data/models/gtsrb/cnn-bench/S3.onnx
  input shape [1, 3, 32, 32], 3072 features, 4 ReLU layer(s), 43-class
Dataset: /Users/labbaf/Documents/NN_Explainability/spexplain/neuron-activation/spexplain/data/datasets/gtsrb/gtsrb_s100_scaled.csv (100/100 samples)
PGD: epsilon-frac=0.1 step-frac=0.1 num-steps=50
Output: /Users/labbaf/Documents/NN_Explainability/spexplain/neuron-activation/spexplain/data/neuron_activations/gtsrb/cnn-bench/S3.txt

sample [1/100] orig=16 cf=29 -- 3450/4128 neurons fixed across 4 layer(s)
sample [2/100] orig=1 cf=5 -- 3381/4128 neurons fixed across 4 layer(s)
sample [3/100] orig=38 cf=10 -- 3300/4128 neurons fixed across 4 layer(s)
sample [4/100] orig=33 cf=34 -- 3597/4128 neurons fixed across 4 layer(s)
sample [5/100] orig=11 cf=31 -- 2854/4128 neurons fixed across 4 layer(s)
sample [6/100] orig=38 cf=1 -- 3053/4128 neurons fixed across 4 layer(s)
sample [7/100] orig=18 cf=11 -- 3377/4128 neurons fixed across 4 layer(s)
sample [8/100] orig=12 cf=7 -- 2901/4128 neurons fixed across 4 layer(s)
sample [9/100] orig=25 cf=27 -- 3561/4128 neurons fixed across 4 layer(s)
sample [10/100] orig=35 cf=38 -- 3094/4128 neurons fixed across 4 layer(s)
sample [11/100] orig=12 cf=7 -- 3182/4128 neurons fixed across 4 layer(s)
sample [12/100] orig=7 cf=3 -- 2868/4128 neurons fixed across 4 layer(s)
sample [13/100] orig=23 cf=4 -- 2677/4128 neurons fixed across 4 layer(s)
sample [14/100] orig=5 cf=9 -- 3276/4128 neurons fixed across 4 layer(s)
sample [15/100] orig=4 cf=32 -- 3489/4128 neurons fixed across 4 layer(s)
sample [16/100] orig=9 cf=10 -- 2866/4128 neurons fixed across 4 layer(s)
sample [17/100] orig=21 cf=28 -- 3284/4128 neurons fixed across 4 layer(s)
sample [18/100] orig=20 cf=11 -- 2902/4128 neurons fixed across 4 layer(s)
sample [19/100] orig=27 cf=11 -- 3141/4128 neurons fixed across 4 layer(s)
sample [20/100] orig=38 cf=34 -- 3271/4128 neurons fixed across 4 layer(s)
sample [21/100] orig=4 cf=3 -- 2669/4128 neurons fixed across 4 layer(s)
sample [22/100] orig=33 cf=12 -- 3554/4128 neurons fixed across 4 layer(s)
sample [23/100] orig=9 cf=10 -- 2740/4128 neurons fixed across 4 layer(s)
sample [24/100] orig=3 cf=40 -- 2890/4128 neurons fixed across 4 layer(s)
sample [25/100] orig=1 cf=3 -- 3480/4128 neurons fixed across 4 layer(s)
sample [26/100] orig=11 cf=23 -- 3524/4128 neurons fixed across 4 layer(s)
sample [27/100] orig=13 cf=23 -- 3337/4128 neurons fixed across 4 layer(s)
sample [28/100] orig=10 cf=2 -- 2890/4128 neurons fixed across 4 layer(s)
sample [29/100] orig=9 cf=10 -- 3113/4128 neurons fixed across 4 layer(s)
sample [30/100] orig=11 cf=18 -- 3207/4128 neurons fixed across 4 layer(s)
sample [31/100] orig=5 cf=1 -- 3065/4128 neurons fixed across 4 layer(s)
sample [32/100] orig=17 cf=14 -- 3067/4128 neurons fixed across 4 layer(s)
sample [33/100] orig=34 cf=35 -- 3612/4128 neurons fixed across 4 layer(s)
sample [34/100] orig=31 cf=13 -- 2665/4128 neurons fixed across 4 layer(s)
sample [35/100] orig=2 cf=0 -- 3549/4128 neurons fixed across 4 layer(s)
sample [36/100] orig=17 cf=38 -- 3228/4128 neurons fixed across 4 layer(s)
sample [37/100] orig=3 cf=13 -- 3058/4128 neurons fixed across 4 layer(s)
sample [38/100] orig=12 cf=10 -- 3103/4128 neurons fixed across 4 layer(s)
sample [39/100] orig=16 cf=7 -- 3400/4128 neurons fixed across 4 layer(s)
sample [40/100] orig=5 cf=9 -- 2613/4128 neurons fixed across 4 layer(s)
sample [41/100] orig=7 cf=15 -- 2874/4128 neurons fixed across 4 layer(s)
sample [42/100] orig=11 cf=31 -- 2587/4128 neurons fixed across 4 layer(s)
sample [43/100] orig=18 cf=24 -- 3256/4128 neurons fixed across 4 layer(s)
sample [44/100] orig=12 cf=7 -- 2730/4128 neurons fixed across 4 layer(s)
sample [45/100] orig=24 cf=20 -- 3295/4128 neurons fixed across 4 layer(s)
sample [46/100] orig=25 cf=27 -- 3282/4128 neurons fixed across 4 layer(s)
sample [47/100] orig=3 cf=7 -- 2980/4128 neurons fixed across 4 layer(s)
sample [48/100] orig=10 cf=9 -- 2849/4128 neurons fixed across 4 layer(s)
sample [49/100] orig=31 cf=10 -- 2955/4128 neurons fixed across 4 layer(s)
sample [50/100] orig=8 cf=25 -- 2790/4128 neurons fixed across 4 layer(s)
sample [51/100] orig=26 cf=1 -- 2624/4128 neurons fixed across 4 layer(s)
sample [52/100] orig=13 cf=10 -- 3496/4128 neurons fixed across 4 layer(s)
sample [53/100] orig=15 cf=1 -- 3050/4128 neurons fixed across 4 layer(s)
sample [54/100] orig=9 cf=42 -- 3167/4128 neurons fixed across 4 layer(s)
sample [55/100] orig=13 cf=3 -- 2741/4128 neurons fixed across 4 layer(s)
sample [56/100] orig=35 cf=2 -- 3567/4128 neurons fixed across 4 layer(s)
sample [57/100] orig=5 cf=1 -- 2607/4128 neurons fixed across 4 layer(s)
sample [58/100] orig=26 cf=18 -- 3217/4128 neurons fixed across 4 layer(s)
sample [59/100] orig=9 cf=10 -- 3118/4128 neurons fixed across 4 layer(s)
sample [60/100] orig=16 cf=8 -- 2950/4128 neurons fixed across 4 layer(s)
sample [61/100] orig=38 cf=35 -- 2994/4128 neurons fixed across 4 layer(s)
sample [62/100] orig=10 cf=27 -- 2599/4128 neurons fixed across 4 layer(s)
sample [63/100] orig=4 cf=1 -- 2957/4128 neurons fixed across 4 layer(s)
sample [64/100] orig=9 cf=11 -- 2527/4128 neurons fixed across 4 layer(s)
sample [65/100] orig=15 cf=2 -- 2912/4128 neurons fixed across 4 layer(s)
sample [66/100] orig=9 cf=7 -- 3308/4128 neurons fixed across 4 layer(s)
sample [67/100] orig=26 cf=29 -- 2950/4128 neurons fixed across 4 layer(s)
sample [68/100] orig=2 cf=3 -- 2790/4128 neurons fixed across 4 layer(s)
sample [69/100] orig=8 cf=5 -- 3314/4128 neurons fixed across 4 layer(s)
sample [70/100] orig=28 cf=21 -- 3252/4128 neurons fixed across 4 layer(s)
sample [71/100] orig=11 cf=29 -- 3390/4128 neurons fixed across 4 layer(s)
sample [72/100] orig=25 cf=8 -- 2695/4128 neurons fixed across 4 layer(s)
sample [73/100] orig=11 cf=1 -- 2709/4128 neurons fixed across 4 layer(s)
sample [74/100] orig=34 cf=38 -- 3340/4128 neurons fixed across 4 layer(s)
sample [75/100] orig=5 cf=2 -- 2917/4128 neurons fixed across 4 layer(s)
sample [76/100] orig=12 cf=28 -- 3004/4128 neurons fixed across 4 layer(s)
sample [77/100] orig=1 cf=5 -- 3059/4128 neurons fixed across 4 layer(s)
sample [78/100] orig=10 cf=3 -- 3215/4128 neurons fixed across 4 layer(s)
sample [79/100] orig=25 cf=27 -- 3354/4128 neurons fixed across 4 layer(s)
sample [80/100] orig=25 cf=8 -- 3202/4128 neurons fixed across 4 layer(s)
sample [81/100] orig=21 cf=22 -- 2954/4128 neurons fixed across 4 layer(s)
sample [82/100] orig=33 cf=37 -- 3220/4128 neurons fixed across 4 layer(s)
sample [83/100] orig=25 cf=3 -- 2542/4128 neurons fixed across 4 layer(s)
sample [84/100] orig=7 cf=3 -- 3358/4128 neurons fixed across 4 layer(s)
sample [85/100] orig=10 cf=3 -- 2839/4128 neurons fixed across 4 layer(s)
sample [86/100] orig=35 cf=34 -- 3172/4128 neurons fixed across 4 layer(s)
sample [87/100] orig=3 cf=2 -- 2905/4128 neurons fixed across 4 layer(s)
sample [88/100] orig=7 cf=15 -- 3240/4128 neurons fixed across 4 layer(s)
sample [89/100] orig=22 cf=31 -- 2680/4128 neurons fixed across 4 layer(s)
sample [90/100] orig=13 cf=2 -- 2934/4128 neurons fixed across 4 layer(s)
sample [91/100] orig=3 cf=40 -- 2698/4128 neurons fixed across 4 layer(s)
sample [92/100] orig=1 cf=5 -- 3307/4128 neurons fixed across 4 layer(s)
sample [93/100] orig=2 cf=0 -- 3672/4128 neurons fixed across 4 layer(s)
sample [94/100] orig=14 cf=2 -- 3393/4128 neurons fixed across 4 layer(s)
sample [95/100] orig=12 cf=2 -- 2724/4128 neurons fixed across 4 layer(s)
sample [96/100] orig=32 cf=1 -- 3085/4128 neurons fixed across 4 layer(s)
sample [97/100] orig=3 cf=4 -- 3149/4128 neurons fixed across 4 layer(s)
sample [98/100] orig=38 cf=10 -- 2821/4128 neurons fixed across 4 layer(s)
sample [99/100] orig=9 cf=10 -- 3001/4128 neurons fixed across 4 layer(s)
sample [100/100] orig=33 cf=39 -- 3332/4128 neurons fixed across 4 layer(s)

100/100 samples written to /Users/labbaf/Documents/NN_Explainability/spexplain/neuron-activation/spexplain/data/neuron_activations/gtsrb/cnn-bench/S3.txt (0 failed to produce a counterfactual)
