Model: /Users/labbaf/Documents/NN_Explainability/spexplain/neuron-activation/spexplain/data/models/gtsrb/cnn-bench/S4.onnx
  input shape [1, 3, 32, 32], 3072 features, 5 ReLU layer(s), 43-class
Dataset: /Users/labbaf/Documents/NN_Explainability/spexplain/neuron-activation/spexplain/data/datasets/gtsrb/gtsrb_s100_scaled.csv (100/100 samples)
PGD: epsilon-frac=0.1 step-frac=0.1 num-steps=50
Output: /Users/labbaf/Documents/NN_Explainability/spexplain/neuron-activation/spexplain/data/neuron_activations/gtsrb/cnn-bench/S4.txt

sample [1/100] orig=16 cf=2 -- 4276/5152 neurons fixed across 5 layer(s)
sample [2/100] orig=1 cf=5 -- 4246/5152 neurons fixed across 5 layer(s)
sample [3/100] orig=38 cf=40 -- 4075/5152 neurons fixed across 5 layer(s)
sample [4/100] orig=33 cf=16 -- 4481/5152 neurons fixed across 5 layer(s)
sample [5/100] orig=11 cf=28 -- 3690/5152 neurons fixed across 5 layer(s)
sample [6/100] orig=38 cf=33 -- 3934/5152 neurons fixed across 5 layer(s)
sample [7/100] orig=18 cf=8 -- 4253/5152 neurons fixed across 5 layer(s)
sample [8/100] orig=12 cf=15 -- 3767/5152 neurons fixed across 5 layer(s)
sample [9/100] orig=25 cf=5 -- 4429/5152 neurons fixed across 5 layer(s)
sample [10/100] orig=35 cf=39 -- 3883/5152 neurons fixed across 5 layer(s)
sample [11/100] orig=12 cf=23 -- 3928/5152 neurons fixed across 5 layer(s)
sample [12/100] orig=7 cf=4 -- 3705/5152 neurons fixed across 5 layer(s)
sample [13/100] orig=19 cf=28 -- 3438/5152 neurons fixed across 5 layer(s)
sample [14/100] orig=7 cf=3 -- 4186/5152 neurons fixed across 5 layer(s)
sample [15/100] orig=1 cf=4 -- 4415/5152 neurons fixed across 5 layer(s)
sample [16/100] orig=9 cf=20 -- 3506/5152 neurons fixed across 5 layer(s)
sample [17/100] orig=21 cf=41 -- 4023/5152 neurons fixed across 5 layer(s)
sample [18/100] orig=20 cf=29 -- 3636/5152 neurons fixed across 5 layer(s)
sample [19/100] orig=27 cf=11 -- 3939/5152 neurons fixed across 5 layer(s)
sample [20/100] orig=38 cf=12 -- 3985/5152 neurons fixed across 5 layer(s)
sample [21/100] orig=4 cf=28 -- 3282/5152 neurons fixed across 5 layer(s)
sample [22/100] orig=33 cf=37 -- 4374/5152 neurons fixed across 5 layer(s)
sample [23/100] orig=9 cf=10 -- 3454/5152 neurons fixed across 5 layer(s)
sample [24/100] orig=3 cf=1 -- 3665/5152 neurons fixed across 5 layer(s)
sample [25/100] orig=1 cf=8 -- 4342/5152 neurons fixed across 5 layer(s)
sample [26/100] orig=11 cf=10 -- 4335/5152 neurons fixed across 5 layer(s)
sample [27/100] orig=13 cf=2 -- 4177/5152 neurons fixed across 5 layer(s)
sample [28/100] orig=10 cf=16 -- 3569/5152 neurons fixed across 5 layer(s)
sample [29/100] orig=9 cf=10 -- 3806/5152 neurons fixed across 5 layer(s)
sample [30/100] orig=11 cf=10 -- 4014/5152 neurons fixed across 5 layer(s)
sample [31/100] orig=5 cf=3 -- 3960/5152 neurons fixed across 5 layer(s)
sample [32/100] orig=17 cf=7 -- 3858/5152 neurons fixed across 5 layer(s)
sample [33/100] orig=34 cf=36 -- 4446/5152 neurons fixed across 5 layer(s)
sample [34/100] orig=23 cf=4 -- 3316/5152 neurons fixed across 5 layer(s)
sample [35/100] orig=2 cf=6 -- 4269/5152 neurons fixed across 5 layer(s)
sample [36/100] orig=17 cf=9 -- 4120/5152 neurons fixed across 5 layer(s)
sample [37/100] orig=3 cf=25 -- 3822/5152 neurons fixed across 5 layer(s)
sample [38/100] orig=12 cf=38 -- 3885/5152 neurons fixed across 5 layer(s)
sample [39/100] orig=16 cf=9 -- 4246/5152 neurons fixed across 5 layer(s)
sample [40/100] orig=8 cf=25 -- 3236/5152 neurons fixed across 5 layer(s)
sample [41/100] orig=7 cf=17 -- 3658/5152 neurons fixed across 5 layer(s)
sample [42/100] orig=30 cf=11 -- 3303/5152 neurons fixed across 5 layer(s)
sample [43/100] orig=18 cf=26 -- 4168/5152 neurons fixed across 5 layer(s)
sample [44/100] orig=12 cf=28 -- 3347/5152 neurons fixed across 5 layer(s)
sample [45/100] orig=24 cf=20 -- 4150/5152 neurons fixed across 5 layer(s)
sample [46/100] orig=26 cf=25 -- 4193/5152 neurons fixed across 5 layer(s)
sample [47/100] orig=3 cf=5 -- 3901/5152 neurons fixed across 5 layer(s)
sample [48/100] orig=10 cf=5 -- 3706/5152 neurons fixed across 5 layer(s)
sample [49/100] orig=10 cf=18 -- 3586/5152 neurons fixed across 5 layer(s)
sample [50/100] orig=8 cf=25 -- 3474/5152 neurons fixed across 5 layer(s)
sample [51/100] orig=4 cf=28 -- 3349/5152 neurons fixed across 5 layer(s)
sample [52/100] orig=13 cf=5 -- 4364/5152 neurons fixed across 5 layer(s)
sample [53/100] orig=15 cf=2 -- 3840/5152 neurons fixed across 5 layer(s)
sample [54/100] orig=9 cf=10 -- 4008/5152 neurons fixed across 5 layer(s)
sample [55/100] orig=13 cf=3 -- 3429/5152 neurons fixed across 5 layer(s)
sample [56/100] orig=35 cf=8 -- 4378/5152 neurons fixed across 5 layer(s)
sample [57/100] orig=5 cf=4 -- 3487/5152 neurons fixed across 5 layer(s)
sample [58/100] orig=26 cf=18 -- 4215/5152 neurons fixed across 5 layer(s)
sample [59/100] orig=9 cf=10 -- 3886/5152 neurons fixed across 5 layer(s)
sample [60/100] orig=16 cf=28 -- 3744/5152 neurons fixed across 5 layer(s)
sample [61/100] orig=38 cf=33 -- 3773/5152 neurons fixed across 5 layer(s)
sample [62/100] orig=10 cf=26 -- 3402/5152 neurons fixed across 5 layer(s)
sample [63/100] orig=4 cf=1 -- 3659/5152 neurons fixed across 5 layer(s)
sample [64/100] orig=9 cf=10 -- 3426/5152 neurons fixed across 5 layer(s)
sample [65/100] orig=15 cf=7 -- 3628/5152 neurons fixed across 5 layer(s)
sample [66/100] orig=9 cf=10 -- 4086/5152 neurons fixed across 5 layer(s)
sample [67/100] orig=26 cf=18 -- 3838/5152 neurons fixed across 5 layer(s)
sample [68/100] orig=2 cf=5 -- 3566/5152 neurons fixed across 5 layer(s)
sample [69/100] orig=5 cf=8 -- 4053/5152 neurons fixed across 5 layer(s)
sample [70/100] orig=28 cf=21 -- 4098/5152 neurons fixed across 5 layer(s)
sample [71/100] orig=11 cf=29 -- 4356/5152 neurons fixed across 5 layer(s)
sample [72/100] orig=25 cf=11 -- 3194/5152 neurons fixed across 5 layer(s)
sample [73/100] orig=11 cf=29 -- 3556/5152 neurons fixed across 5 layer(s)
sample [74/100] orig=34 cf=35 -- 4184/5152 neurons fixed across 5 layer(s)
sample [75/100] orig=5 cf=1 -- 3898/5152 neurons fixed across 5 layer(s)
sample [76/100] orig=12 cf=3 -- 3881/5152 neurons fixed across 5 layer(s)
sample [77/100] orig=1 cf=8 -- 3772/5152 neurons fixed across 5 layer(s)
sample [78/100] orig=10 cf=9 -- 4110/5152 neurons fixed across 5 layer(s)
sample [79/100] orig=25 cf=11 -- 4094/5152 neurons fixed across 5 layer(s)
sample [80/100] orig=26 cf=7 -- 3920/5152 neurons fixed across 5 layer(s)
sample [81/100] orig=21 cf=31 -- 3864/5152 neurons fixed across 5 layer(s)
sample [82/100] orig=33 cf=20 -- 3895/5152 neurons fixed across 5 layer(s)
sample [83/100] orig=25 cf=2 -- 3402/5152 neurons fixed across 5 layer(s)
sample [84/100] orig=7 cf=3 -- 4144/5152 neurons fixed across 5 layer(s)
sample [85/100] orig=10 cf=7 -- 3497/5152 neurons fixed across 5 layer(s)
sample [86/100] orig=35 cf=34 -- 3863/5152 neurons fixed across 5 layer(s)
sample [87/100] orig=3 cf=4 -- 3450/5152 neurons fixed across 5 layer(s)
sample [88/100] orig=7 cf=8 -- 4025/5152 neurons fixed across 5 layer(s)
sample [89/100] orig=22 cf=31 -- 3380/5152 neurons fixed across 5 layer(s)
sample [90/100] orig=13 cf=3 -- 3590/5152 neurons fixed across 5 layer(s)
sample [91/100] orig=3 cf=4 -- 3573/5152 neurons fixed across 5 layer(s)
sample [92/100] orig=1 cf=8 -- 3972/5152 neurons fixed across 5 layer(s)
sample [93/100] orig=2 cf=0 -- 4513/5152 neurons fixed across 5 layer(s)
sample [94/100] orig=14 cf=9 -- 4264/5152 neurons fixed across 5 layer(s)
sample [95/100] orig=12 cf=2 -- 3417/5152 neurons fixed across 5 layer(s)
sample [96/100] orig=32 cf=2 -- 3814/5152 neurons fixed across 5 layer(s)
sample [97/100] orig=3 cf=4 -- 3919/5152 neurons fixed across 5 layer(s)
sample [98/100] orig=38 cf=15 -- 3532/5152 neurons fixed across 5 layer(s)
sample [99/100] orig=9 cf=10 -- 3843/5152 neurons fixed across 5 layer(s)
sample [100/100] orig=33 cf=38 -- 4030/5152 neurons fixed across 5 layer(s)

100/100 samples written to /Users/labbaf/Documents/NN_Explainability/spexplain/neuron-activation/spexplain/data/neuron_activations/gtsrb/cnn-bench/S4.txt (0 failed to produce a counterfactual)
