Model: /Users/labbaf/Documents/NN_Explainability/spexplain/neuron-activation/spexplain/data/models/gtsrb/cnn-bench/S5.onnx
  input shape [1, 3, 32, 32], 3072 features, 6 ReLU layer(s), 43-class
Dataset: /Users/labbaf/Documents/NN_Explainability/spexplain/neuron-activation/spexplain/data/datasets/gtsrb/gtsrb_s100_scaled.csv (100/100 samples)
PGD: epsilon-frac=0.1 step-frac=0.1 num-steps=50
Output: /Users/labbaf/Documents/NN_Explainability/spexplain/neuron-activation/spexplain/data/neuron_activations/gtsrb/cnn-bench/S5.txt

sample [1/100] orig=16 cf=10 -- 5057/6176 neurons fixed across 6 layer(s)
sample [2/100] orig=1 cf=5 -- 5116/6176 neurons fixed across 6 layer(s)
sample [3/100] orig=38 cf=2 -- 4748/6176 neurons fixed across 6 layer(s)
sample [4/100] orig=33 cf=10 -- 5139/6176 neurons fixed across 6 layer(s)
sample [5/100] orig=11 cf=7 -- 4512/6176 neurons fixed across 6 layer(s)
sample [6/100] orig=38 cf=35 -- 4578/6176 neurons fixed across 6 layer(s)
sample [7/100] orig=18 cf=26 -- 5056/6176 neurons fixed across 6 layer(s)
sample [8/100] orig=12 cf=27 -- 4249/6176 neurons fixed across 6 layer(s)
sample [9/100] orig=25 cf=19 -- 5117/6176 neurons fixed across 6 layer(s)
sample [10/100] orig=35 cf=39 -- 4675/6176 neurons fixed across 6 layer(s)
sample [11/100] orig=12 cf=16 -- 4639/6176 neurons fixed across 6 layer(s)
sample [12/100] orig=7 cf=4 -- 4391/6176 neurons fixed across 6 layer(s)
sample [13/100] orig=23 cf=4 -- 4077/6176 neurons fixed across 6 layer(s)
sample [14/100] orig=7 cf=3 -- 4935/6176 neurons fixed across 6 layer(s)
sample [15/100] orig=4 cf=5 -- 5171/6176 neurons fixed across 6 layer(s)
sample [16/100] orig=9 cf=10 -- 4392/6176 neurons fixed across 6 layer(s)
sample [17/100] orig=21 cf=31 -- 4820/6176 neurons fixed across 6 layer(s)
sample [18/100] orig=20 cf=30 -- 4288/6176 neurons fixed across 6 layer(s)
sample [19/100] orig=27 cf=11 -- 4631/6176 neurons fixed across 6 layer(s)
sample [20/100] orig=38 cf=33 -- 4707/6176 neurons fixed across 6 layer(s)
sample [21/100] orig=4 cf=7 -- 4055/6176 neurons fixed across 6 layer(s)
sample [22/100] orig=33 cf=35 -- 5260/6176 neurons fixed across 6 layer(s)
sample [23/100] orig=9 cf=10 -- 4193/6176 neurons fixed across 6 layer(s)
sample [24/100] orig=3 cf=5 -- 4534/6176 neurons fixed across 6 layer(s)
sample [25/100] orig=1 cf=8 -- 5180/6176 neurons fixed across 6 layer(s)
sample [26/100] orig=11 cf=29 -- 5199/6176 neurons fixed across 6 layer(s)
sample [27/100] orig=13 cf=8 -- 4982/6176 neurons fixed across 6 layer(s)
sample [28/100] orig=10 cf=21 -- 4298/6176 neurons fixed across 6 layer(s)
sample [29/100] orig=9 cf=10 -- 4712/6176 neurons fixed across 6 layer(s)
sample [30/100] orig=11 cf=2 -- 4828/6176 neurons fixed across 6 layer(s)
sample [31/100] orig=5 cf=23 -- 4647/6176 neurons fixed across 6 layer(s)
sample [32/100] orig=17 cf=25 -- 4480/6176 neurons fixed across 6 layer(s)
sample [33/100] orig=34 cf=38 -- 5206/6176 neurons fixed across 6 layer(s)
sample [34/100] orig=23 cf=1 -- 4041/6176 neurons fixed across 6 layer(s)
sample [35/100] orig=2 cf=5 -- 5175/6176 neurons fixed across 6 layer(s)
sample [36/100] orig=17 cf=9 -- 4928/6176 neurons fixed across 6 layer(s)
sample [37/100] orig=3 cf=29 -- 4619/6176 neurons fixed across 6 layer(s)
sample [38/100] orig=12 cf=28 -- 4552/6176 neurons fixed across 6 layer(s)
sample [39/100] orig=16 cf=1 -- 4999/6176 neurons fixed across 6 layer(s)
sample [40/100] orig=8 cf=29 -- 3989/6176 neurons fixed across 6 layer(s)
sample [41/100] orig=7 cf=15 -- 4276/6176 neurons fixed across 6 layer(s)
sample [42/100] orig=30 cf=9 -- 3929/6176 neurons fixed across 6 layer(s)
sample [43/100] orig=18 cf=26 -- 5005/6176 neurons fixed across 6 layer(s)
sample [44/100] orig=12 cf=23 -- 4071/6176 neurons fixed across 6 layer(s)
sample [45/100] orig=24 cf=5 -- 4726/6176 neurons fixed across 6 layer(s)
sample [46/100] orig=25 cf=27 -- 4872/6176 neurons fixed across 6 layer(s)
sample [47/100] orig=3 cf=4 -- 4450/6176 neurons fixed across 6 layer(s)
sample [48/100] orig=10 cf=9 -- 4544/6176 neurons fixed across 6 layer(s)
sample [49/100] orig=30 cf=16 -- 4292/6176 neurons fixed across 6 layer(s)
sample [50/100] orig=8 cf=2 -- 4345/6176 neurons fixed across 6 layer(s)
sample [51/100] orig=18 cf=2 -- 4065/6176 neurons fixed across 6 layer(s)
sample [52/100] orig=13 cf=10 -- 5055/6176 neurons fixed across 6 layer(s)
sample [53/100] orig=15 cf=8 -- 4544/6176 neurons fixed across 6 layer(s)
sample [54/100] orig=9 cf=10 -- 4685/6176 neurons fixed across 6 layer(s)
sample [55/100] orig=13 cf=31 -- 4046/6176 neurons fixed across 6 layer(s)
sample [56/100] orig=35 cf=2 -- 5214/6176 neurons fixed across 6 layer(s)
sample [57/100] orig=5 cf=0 -- 4104/6176 neurons fixed across 6 layer(s)
sample [58/100] orig=26 cf=1 -- 4867/6176 neurons fixed across 6 layer(s)
sample [59/100] orig=9 cf=5 -- 4586/6176 neurons fixed across 6 layer(s)
sample [60/100] orig=16 cf=29 -- 4494/6176 neurons fixed across 6 layer(s)
sample [61/100] orig=38 cf=23 -- 4444/6176 neurons fixed across 6 layer(s)
sample [62/100] orig=10 cf=19 -- 4031/6176 neurons fixed across 6 layer(s)
sample [63/100] orig=4 cf=1 -- 4619/6176 neurons fixed across 6 layer(s)
sample [64/100] orig=9 cf=10 -- 3974/6176 neurons fixed across 6 layer(s)
sample [65/100] orig=15 cf=1 -- 4517/6176 neurons fixed across 6 layer(s)
sample [66/100] orig=9 cf=10 -- 4926/6176 neurons fixed across 6 layer(s)
sample [67/100] orig=26 cf=18 -- 4451/6176 neurons fixed across 6 layer(s)
sample [68/100] orig=2 cf=1 -- 4340/6176 neurons fixed across 6 layer(s)
sample [69/100] orig=5 cf=0 -- 4919/6176 neurons fixed across 6 layer(s)
sample [70/100] orig=28 cf=24 -- 4952/6176 neurons fixed across 6 layer(s)
sample [71/100] orig=11 cf=5 -- 4986/6176 neurons fixed across 6 layer(s)
sample [72/100] orig=25 cf=31 -- 4181/6176 neurons fixed across 6 layer(s)
sample [73/100] orig=30 cf=23 -- 4230/6176 neurons fixed across 6 layer(s)
sample [74/100] orig=34 cf=38 -- 4808/6176 neurons fixed across 6 layer(s)
sample [75/100] orig=5 cf=2 -- 4555/6176 neurons fixed across 6 layer(s)
sample [76/100] orig=12 cf=35 -- 4659/6176 neurons fixed across 6 layer(s)
sample [77/100] orig=1 cf=8 -- 4521/6176 neurons fixed across 6 layer(s)
sample [78/100] orig=10 cf=7 -- 4683/6176 neurons fixed across 6 layer(s)
sample [79/100] orig=25 cf=24 -- 4985/6176 neurons fixed across 6 layer(s)
sample [80/100] orig=25 cf=28 -- 4850/6176 neurons fixed across 6 layer(s)
sample [81/100] orig=21 cf=3 -- 4608/6176 neurons fixed across 6 layer(s)
sample [82/100] orig=33 cf=39 -- 4707/6176 neurons fixed across 6 layer(s)
sample [83/100] orig=25 cf=18 -- 3982/6176 neurons fixed across 6 layer(s)
sample [84/100] orig=7 cf=15 -- 4802/6176 neurons fixed across 6 layer(s)
sample [85/100] orig=10 cf=7 -- 4282/6176 neurons fixed across 6 layer(s)
sample [86/100] orig=35 cf=34 -- 4774/6176 neurons fixed across 6 layer(s)
sample [87/100] orig=3 cf=4 -- 4422/6176 neurons fixed across 6 layer(s)
sample [88/100] orig=7 cf=15 -- 4786/6176 neurons fixed across 6 layer(s)
sample [89/100] orig=22 cf=30 -- 4183/6176 neurons fixed across 6 layer(s)
sample [90/100] orig=13 cf=15 -- 4241/6176 neurons fixed across 6 layer(s)
sample [91/100] orig=3 cf=4 -- 4258/6176 neurons fixed across 6 layer(s)
sample [92/100] orig=1 cf=0 -- 4911/6176 neurons fixed across 6 layer(s)
sample [93/100] orig=2 cf=1 -- 5401/6176 neurons fixed across 6 layer(s)
sample [94/100] orig=14 cf=15 -- 4961/6176 neurons fixed across 6 layer(s)
sample [95/100] orig=12 cf=2 -- 4039/6176 neurons fixed across 6 layer(s)
sample [96/100] orig=32 cf=1 -- 4541/6176 neurons fixed across 6 layer(s)
sample [97/100] orig=3 cf=4 -- 4732/6176 neurons fixed across 6 layer(s)
sample [98/100] orig=38 cf=17 -- 4208/6176 neurons fixed across 6 layer(s)
sample [99/100] orig=9 cf=10 -- 4569/6176 neurons fixed across 6 layer(s)
sample [100/100] orig=33 cf=39 -- 4822/6176 neurons fixed across 6 layer(s)

100/100 samples written to /Users/labbaf/Documents/NN_Explainability/spexplain/neuron-activation/spexplain/data/neuron_activations/gtsrb/cnn-bench/S5.txt (0 failed to produce a counterfactual)
