Model: /Users/labbaf/Documents/NN_Explainability/spexplain/neuron-activation/spexplain/data/models/gtsrb/cnn-bench/S6.onnx
  input shape [1, 3, 32, 32], 3072 features, 7 ReLU layer(s), 43-class
Dataset: /Users/labbaf/Documents/NN_Explainability/spexplain/neuron-activation/spexplain/data/datasets/gtsrb/gtsrb_s100_scaled.csv (100/100 samples)
PGD: epsilon-frac=0.1 step-frac=0.1 num-steps=50
Output: /Users/labbaf/Documents/NN_Explainability/spexplain/neuron-activation/spexplain/data/neuron_activations/gtsrb/cnn-bench/S6.txt

sample [1/100] orig=16 cf=3 -- 6066/7200 neurons fixed across 7 layer(s)
sample [2/100] orig=1 cf=5 -- 5935/7200 neurons fixed across 7 layer(s)
sample [3/100] orig=38 cf=34 -- 5898/7200 neurons fixed across 7 layer(s)
sample [4/100] orig=33 cf=26 -- 6077/7200 neurons fixed across 7 layer(s)
sample [5/100] orig=11 cf=3 -- 5082/7200 neurons fixed across 7 layer(s)
sample [6/100] orig=38 cf=34 -- 5577/7200 neurons fixed across 7 layer(s)
sample [7/100] orig=18 cf=24 -- 5986/7200 neurons fixed across 7 layer(s)
sample [8/100] orig=12 cf=7 -- 5139/7200 neurons fixed across 7 layer(s)
sample [9/100] orig=25 cf=1 -- 6069/7200 neurons fixed across 7 layer(s)
sample [10/100] orig=35 cf=33 -- 5602/7200 neurons fixed across 7 layer(s)
sample [11/100] orig=12 cf=20 -- 5476/7200 neurons fixed across 7 layer(s)
sample [12/100] orig=7 cf=2 -- 5129/7200 neurons fixed across 7 layer(s)
sample [13/100] orig=23 cf=1 -- 4737/7200 neurons fixed across 7 layer(s)
sample [14/100] orig=7 cf=3 -- 5752/7200 neurons fixed across 7 layer(s)
sample [15/100] orig=4 cf=5 -- 6125/7200 neurons fixed across 7 layer(s)
sample [16/100] orig=9 cf=10 -- 5092/7200 neurons fixed across 7 layer(s)
sample [17/100] orig=21 cf=11 -- 5762/7200 neurons fixed across 7 layer(s)
sample [18/100] orig=28 cf=20 -- 5239/7200 neurons fixed across 7 layer(s)
sample [19/100] orig=27 cf=11 -- 5518/7200 neurons fixed across 7 layer(s)
sample [20/100] orig=38 cf=34 -- 5580/7200 neurons fixed across 7 layer(s)
sample [21/100] orig=4 cf=0 -- 4895/7200 neurons fixed across 7 layer(s)
sample [22/100] orig=33 cf=13 -- 6154/7200 neurons fixed across 7 layer(s)
sample [23/100] orig=9 cf=12 -- 4767/7200 neurons fixed across 7 layer(s)
sample [24/100] orig=3 cf=40 -- 5288/7200 neurons fixed across 7 layer(s)
sample [25/100] orig=1 cf=8 -- 6108/7200 neurons fixed across 7 layer(s)
sample [26/100] orig=11 cf=0 -- 6111/7200 neurons fixed across 7 layer(s)
sample [27/100] orig=13 cf=15 -- 5880/7200 neurons fixed across 7 layer(s)
sample [28/100] orig=10 cf=16 -- 4957/7200 neurons fixed across 7 layer(s)
sample [29/100] orig=9 cf=10 -- 5537/7200 neurons fixed across 7 layer(s)
sample [30/100] orig=11 cf=29 -- 5755/7200 neurons fixed across 7 layer(s)
sample [31/100] orig=5 cf=3 -- 5326/7200 neurons fixed across 7 layer(s)
sample [32/100] orig=17 cf=14 -- 5367/7200 neurons fixed across 7 layer(s)
sample [33/100] orig=34 cf=38 -- 6228/7200 neurons fixed across 7 layer(s)
sample [34/100] orig=23 cf=26 -- 4770/7200 neurons fixed across 7 layer(s)
sample [35/100] orig=2 cf=5 -- 6068/7200 neurons fixed across 7 layer(s)
sample [36/100] orig=17 cf=8 -- 5832/7200 neurons fixed across 7 layer(s)
sample [37/100] orig=3 cf=1 -- 5340/7200 neurons fixed across 7 layer(s)
sample [38/100] orig=12 cf=39 -- 5550/7200 neurons fixed across 7 layer(s)
sample [39/100] orig=16 cf=10 -- 5909/7200 neurons fixed across 7 layer(s)
sample [40/100] orig=8 cf=3 -- 4649/7200 neurons fixed across 7 layer(s)
sample [41/100] orig=7 cf=15 -- 5002/7200 neurons fixed across 7 layer(s)
sample [42/100] orig=30 cf=27 -- 4729/7200 neurons fixed across 7 layer(s)
sample [43/100] orig=18 cf=26 -- 5778/7200 neurons fixed across 7 layer(s)
sample [44/100] orig=12 cf=29 -- 4779/7200 neurons fixed across 7 layer(s)
sample [45/100] orig=24 cf=11 -- 5855/7200 neurons fixed across 7 layer(s)
sample [46/100] orig=25 cf=24 -- 5801/7200 neurons fixed across 7 layer(s)
sample [47/100] orig=3 cf=2 -- 5233/7200 neurons fixed across 7 layer(s)
sample [48/100] orig=10 cf=9 -- 5179/7200 neurons fixed across 7 layer(s)
sample [49/100] orig=31 cf=20 -- 5115/7200 neurons fixed across 7 layer(s)
sample [50/100] orig=8 cf=2 -- 5044/7200 neurons fixed across 7 layer(s)
sample [51/100] orig=4 cf=20 -- 4895/7200 neurons fixed across 7 layer(s)
sample [52/100] orig=13 cf=12 -- 5944/7200 neurons fixed across 7 layer(s)
sample [53/100] orig=15 cf=25 -- 5299/7200 neurons fixed across 7 layer(s)
sample [54/100] orig=9 cf=10 -- 5640/7200 neurons fixed across 7 layer(s)
sample [55/100] orig=13 cf=8 -- 5001/7200 neurons fixed across 7 layer(s)
sample [56/100] orig=35 cf=2 -- 6079/7200 neurons fixed across 7 layer(s)
sample [57/100] orig=5 cf=2 -- 4893/7200 neurons fixed across 7 layer(s)
sample [58/100] orig=26 cf=18 -- 5733/7200 neurons fixed across 7 layer(s)
sample [59/100] orig=9 cf=10 -- 5453/7200 neurons fixed across 7 layer(s)
sample [60/100] orig=16 cf=1 -- 5077/7200 neurons fixed across 7 layer(s)
sample [61/100] orig=38 cf=34 -- 5387/7200 neurons fixed across 7 layer(s)
sample [62/100] orig=10 cf=2 -- 4854/7200 neurons fixed across 7 layer(s)
sample [63/100] orig=4 cf=1 -- 5167/7200 neurons fixed across 7 layer(s)
sample [64/100] orig=9 cf=5 -- 4771/7200 neurons fixed across 7 layer(s)
sample [65/100] orig=15 cf=1 -- 5303/7200 neurons fixed across 7 layer(s)
sample [66/100] orig=9 cf=15 -- 5880/7200 neurons fixed across 7 layer(s)
sample [67/100] orig=26 cf=20 -- 5339/7200 neurons fixed across 7 layer(s)
sample [68/100] orig=2 cf=5 -- 4848/7200 neurons fixed across 7 layer(s)
sample [69/100] orig=7 cf=5 -- 5797/7200 neurons fixed across 7 layer(s)
sample [70/100] orig=28 cf=29 -- 5783/7200 neurons fixed across 7 layer(s)
sample [71/100] orig=11 cf=20 -- 6041/7200 neurons fixed across 7 layer(s)
sample [72/100] orig=25 cf=34 -- 4749/7200 neurons fixed across 7 layer(s)
sample [73/100] orig=11 cf=29 -- 4788/7200 neurons fixed across 7 layer(s)
sample [74/100] orig=34 cf=38 -- 5662/7200 neurons fixed across 7 layer(s)
sample [75/100] orig=5 cf=2 -- 5372/7200 neurons fixed across 7 layer(s)
sample [76/100] orig=12 cf=9 -- 5494/7200 neurons fixed across 7 layer(s)
sample [77/100] orig=1 cf=2 -- 5196/7200 neurons fixed across 7 layer(s)
sample [78/100] orig=10 cf=32 -- 5681/7200 neurons fixed across 7 layer(s)
sample [79/100] orig=25 cf=20 -- 5940/7200 neurons fixed across 7 layer(s)
sample [80/100] orig=25 cf=24 -- 5587/7200 neurons fixed across 7 layer(s)
sample [81/100] orig=21 cf=31 -- 5491/7200 neurons fixed across 7 layer(s)
sample [82/100] orig=33 cf=39 -- 5586/7200 neurons fixed across 7 layer(s)
sample [83/100] orig=25 cf=10 -- 4803/7200 neurons fixed across 7 layer(s)
sample [84/100] orig=7 cf=8 -- 5799/7200 neurons fixed across 7 layer(s)
sample [85/100] orig=10 cf=2 -- 5114/7200 neurons fixed across 7 layer(s)
sample [86/100] orig=35 cf=40 -- 5587/7200 neurons fixed across 7 layer(s)
sample [87/100] orig=3 cf=1 -- 4986/7200 neurons fixed across 7 layer(s)
sample [88/100] orig=7 cf=8 -- 5655/7200 neurons fixed across 7 layer(s)
sample [89/100] orig=22 cf=29 -- 5044/7200 neurons fixed across 7 layer(s)
sample [90/100] orig=13 cf=15 -- 5162/7200 neurons fixed across 7 layer(s)
sample [91/100] orig=3 cf=2 -- 4957/7200 neurons fixed across 7 layer(s)
sample [92/100] orig=1 cf=5 -- 5667/7200 neurons fixed across 7 layer(s)
sample [93/100] orig=2 cf=7 -- 6261/7200 neurons fixed across 7 layer(s)
sample [94/100] orig=14 cf=15 -- 5845/7200 neurons fixed across 7 layer(s)
sample [95/100] orig=12 cf=7 -- 4875/7200 neurons fixed across 7 layer(s)
sample [96/100] orig=32 cf=2 -- 5618/7200 neurons fixed across 7 layer(s)
sample [97/100] orig=3 cf=1 -- 5457/7200 neurons fixed across 7 layer(s)
sample [98/100] orig=38 cf=31 -- 5039/7200 neurons fixed across 7 layer(s)
sample [99/100] orig=9 cf=10 -- 5411/7200 neurons fixed across 7 layer(s)
sample [100/100] orig=33 cf=35 -- 5693/7200 neurons fixed across 7 layer(s)

100/100 samples written to /Users/labbaf/Documents/NN_Explainability/spexplain/neuron-activation/spexplain/data/neuron_activations/gtsrb/cnn-bench/S6.txt (0 failed to produce a counterfactual)
