Model: /Users/labbaf/Documents/NN_Explainability/spexplain/neuron-activation/spexplain/data/models/gtsrb/cnn-bench/S8.onnx
  input shape [1, 3, 32, 32], 3072 features, 9 ReLU layer(s), 43-class
Dataset: /Users/labbaf/Documents/NN_Explainability/spexplain/neuron-activation/spexplain/data/datasets/gtsrb/gtsrb_s100_scaled.csv (100/100 samples)
PGD: epsilon-frac=0.1 step-frac=0.1 num-steps=50
Output: /Users/labbaf/Documents/NN_Explainability/spexplain/neuron-activation/spexplain/data/neuron_activations/gtsrb/cnn-bench/S8.txt

sample [1/100] orig=16 cf=9 -- 8456/10272 neurons fixed across 9 layer(s)
sample [2/100] orig=1 cf=2 -- 8349/10272 neurons fixed across 9 layer(s)
sample [3/100] orig=38 cf=34 -- 8044/10272 neurons fixed across 9 layer(s)
sample [4/100] orig=33 cf=40 -- 8737/10272 neurons fixed across 9 layer(s)
sample [5/100] orig=11 cf=23 -- 7370/10272 neurons fixed across 9 layer(s)
sample [6/100] orig=38 cf=34 -- 7897/10272 neurons fixed across 9 layer(s)
sample [7/100] orig=18 cf=26 -- 8487/10272 neurons fixed across 9 layer(s)
sample [8/100] orig=12 cf=40 -- 7106/10272 neurons fixed across 9 layer(s)
sample [9/100] orig=25 cf=24 -- 8394/10272 neurons fixed across 9 layer(s)
sample [10/100] orig=35 cf=38 -- 8108/10272 neurons fixed across 9 layer(s)
sample [11/100] orig=12 cf=20 -- 7943/10272 neurons fixed across 9 layer(s)
sample [12/100] orig=7 cf=8 -- 7434/10272 neurons fixed across 9 layer(s)
sample [13/100] orig=23 cf=28 -- 7002/10272 neurons fixed across 9 layer(s)
sample [14/100] orig=7 cf=3 -- 8111/10272 neurons fixed across 9 layer(s)
sample [15/100] orig=4 cf=1 -- 8578/10272 neurons fixed across 9 layer(s)
sample [16/100] orig=9 cf=10 -- 7329/10272 neurons fixed across 9 layer(s)
sample [17/100] orig=11 cf=21 -- 8168/10272 neurons fixed across 9 layer(s)
sample [18/100] orig=20 cf=28 -- 6914/10272 neurons fixed across 9 layer(s)
sample [19/100] orig=27 cf=30 -- 7808/10272 neurons fixed across 9 layer(s)
sample [20/100] orig=38 cf=34 -- 8111/10272 neurons fixed across 9 layer(s)
sample [21/100] orig=4 cf=0 -- 6904/10272 neurons fixed across 9 layer(s)
sample [22/100] orig=33 cf=35 -- 8476/10272 neurons fixed across 9 layer(s)
sample [23/100] orig=9 cf=13 -- 6838/10272 neurons fixed across 9 layer(s)
sample [24/100] orig=3 cf=26 -- 7131/10272 neurons fixed across 9 layer(s)
sample [25/100] orig=1 cf=2 -- 8423/10272 neurons fixed across 9 layer(s)
sample [26/100] orig=11 cf=30 -- 8773/10272 neurons fixed across 9 layer(s)
sample [27/100] orig=13 cf=15 -- 8123/10272 neurons fixed across 9 layer(s)
sample [28/100] orig=10 cf=9 -- 7191/10272 neurons fixed across 9 layer(s)
sample [29/100] orig=9 cf=10 -- 7746/10272 neurons fixed across 9 layer(s)
sample [30/100] orig=11 cf=23 -- 7999/10272 neurons fixed across 9 layer(s)
sample [31/100] orig=5 cf=3 -- 7753/10272 neurons fixed across 9 layer(s)
sample [32/100] orig=17 cf=9 -- 7409/10272 neurons fixed across 9 layer(s)
sample [33/100] orig=34 cf=38 -- 8691/10272 neurons fixed across 9 layer(s)
sample [34/100] orig=23 cf=26 -- 6805/10272 neurons fixed across 9 layer(s)
sample [35/100] orig=2 cf=5 -- 8405/10272 neurons fixed across 9 layer(s)
sample [36/100] orig=17 cf=9 -- 8060/10272 neurons fixed across 9 layer(s)
sample [37/100] orig=3 cf=5 -- 7673/10272 neurons fixed across 9 layer(s)
sample [38/100] orig=12 cf=7 -- 7976/10272 neurons fixed across 9 layer(s)
sample [39/100] orig=16 cf=9 -- 8121/10272 neurons fixed across 9 layer(s)
sample [40/100] orig=8 cf=23 -- 6609/10272 neurons fixed across 9 layer(s)
sample [41/100] orig=7 cf=8 -- 7362/10272 neurons fixed across 9 layer(s)
sample [42/100] orig=30 cf=23 -- 6822/10272 neurons fixed across 9 layer(s)
sample [43/100] orig=18 cf=26 -- 8328/10272 neurons fixed across 9 layer(s)
sample [44/100] orig=12 cf=25 -- 6777/10272 neurons fixed across 9 layer(s)
sample [45/100] orig=24 cf=20 -- 8439/10272 neurons fixed across 9 layer(s)
sample [46/100] orig=25 cf=24 -- 8045/10272 neurons fixed across 9 layer(s)
sample [47/100] orig=3 cf=9 -- 7682/10272 neurons fixed across 9 layer(s)
sample [48/100] orig=10 cf=9 -- 7364/10272 neurons fixed across 9 layer(s)
sample [49/100] orig=20 cf=31 -- 7356/10272 neurons fixed across 9 layer(s)
sample [50/100] orig=8 cf=0 -- 7177/10272 neurons fixed across 9 layer(s)
sample [51/100] orig=18 cf=25 -- 6935/10272 neurons fixed across 9 layer(s)
sample [52/100] orig=13 cf=33 -- 8428/10272 neurons fixed across 9 layer(s)
sample [53/100] orig=15 cf=32 -- 7468/10272 neurons fixed across 9 layer(s)
sample [54/100] orig=9 cf=16 -- 7810/10272 neurons fixed across 9 layer(s)
sample [55/100] orig=13 cf=3 -- 7060/10272 neurons fixed across 9 layer(s)
sample [56/100] orig=35 cf=2 -- 8564/10272 neurons fixed across 9 layer(s)
sample [57/100] orig=5 cf=4 -- 6885/10272 neurons fixed across 9 layer(s)
sample [58/100] orig=26 cf=18 -- 8231/10272 neurons fixed across 9 layer(s)
sample [59/100] orig=9 cf=16 -- 7657/10272 neurons fixed across 9 layer(s)
sample [60/100] orig=16 cf=5 -- 7524/10272 neurons fixed across 9 layer(s)
sample [61/100] orig=38 cf=34 -- 7587/10272 neurons fixed across 9 layer(s)
sample [62/100] orig=10 cf=4 -- 7004/10272 neurons fixed across 9 layer(s)
sample [63/100] orig=4 cf=0 -- 7444/10272 neurons fixed across 9 layer(s)
sample [64/100] orig=9 cf=10 -- 6986/10272 neurons fixed across 9 layer(s)
sample [65/100] orig=15 cf=4 -- 7333/10272 neurons fixed across 9 layer(s)
sample [66/100] orig=9 cf=15 -- 7941/10272 neurons fixed across 9 layer(s)
sample [67/100] orig=26 cf=18 -- 7545/10272 neurons fixed across 9 layer(s)
sample [68/100] orig=2 cf=3 -- 7103/10272 neurons fixed across 9 layer(s)
sample [69/100] orig=5 cf=2 -- 8138/10272 neurons fixed across 9 layer(s)
sample [70/100] orig=28 cf=21 -- 8360/10272 neurons fixed across 9 layer(s)
sample [71/100] orig=11 cf=22 -- 8231/10272 neurons fixed across 9 layer(s)
sample [72/100] orig=25 cf=5 -- 6912/10272 neurons fixed across 9 layer(s)
sample [73/100] orig=30 cf=11 -- 7118/10272 neurons fixed across 9 layer(s)
sample [74/100] orig=34 cf=38 -- 8033/10272 neurons fixed across 9 layer(s)
sample [75/100] orig=5 cf=2 -- 7501/10272 neurons fixed across 9 layer(s)
sample [76/100] orig=12 cf=3 -- 7776/10272 neurons fixed across 9 layer(s)
sample [77/100] orig=1 cf=5 -- 7392/10272 neurons fixed across 9 layer(s)
sample [78/100] orig=10 cf=7 -- 8183/10272 neurons fixed across 9 layer(s)
sample [79/100] orig=25 cf=30 -- 8354/10272 neurons fixed across 9 layer(s)
sample [80/100] orig=25 cf=30 -- 8157/10272 neurons fixed across 9 layer(s)
sample [81/100] orig=21 cf=24 -- 7596/10272 neurons fixed across 9 layer(s)
sample [82/100] orig=33 cf=35 -- 8017/10272 neurons fixed across 9 layer(s)
sample [83/100] orig=25 cf=5 -- 6891/10272 neurons fixed across 9 layer(s)
sample [84/100] orig=7 cf=3 -- 8060/10272 neurons fixed across 9 layer(s)
sample [85/100] orig=10 cf=9 -- 7454/10272 neurons fixed across 9 layer(s)
sample [86/100] orig=35 cf=38 -- 7760/10272 neurons fixed across 9 layer(s)
sample [87/100] orig=3 cf=1 -- 7367/10272 neurons fixed across 9 layer(s)
sample [88/100] orig=7 cf=8 -- 8088/10272 neurons fixed across 9 layer(s)
sample [89/100] orig=22 cf=24 -- 6859/10272 neurons fixed across 9 layer(s)
sample [90/100] orig=13 cf=15 -- 7273/10272 neurons fixed across 9 layer(s)
sample [91/100] orig=3 cf=9 -- 7122/10272 neurons fixed across 9 layer(s)
sample [92/100] orig=1 cf=28 -- 7796/10272 neurons fixed across 9 layer(s)
sample [93/100] orig=2 cf=1 -- 8842/10272 neurons fixed across 9 layer(s)
sample [94/100] orig=14 cf=9 -- 8551/10272 neurons fixed across 9 layer(s)
sample [95/100] orig=12 cf=5 -- 7231/10272 neurons fixed across 9 layer(s)
sample [96/100] orig=32 cf=42 -- 7545/10272 neurons fixed across 9 layer(s)
sample [97/100] orig=3 cf=5 -- 8112/10272 neurons fixed across 9 layer(s)
sample [98/100] orig=38 cf=12 -- 7166/10272 neurons fixed across 9 layer(s)
sample [99/100] orig=9 cf=10 -- 7580/10272 neurons fixed across 9 layer(s)
sample [100/100] orig=33 cf=35 -- 8216/10272 neurons fixed across 9 layer(s)

100/100 samples written to /Users/labbaf/Documents/NN_Explainability/spexplain/neuron-activation/spexplain/data/neuron_activations/gtsrb/cnn-bench/S8.txt (0 failed to produce a counterfactual)
